---------------------------------------------
-- mixed FFT based solver, by WANG Mingchuan
---------------------------------------------
gmres restart length: 100
Ghat4 is formed (willot discretization)...
this increment is 0.1 (target 0.1) ------------------------
gmres iter 10 linear residual 3.932e-03
gmres iter 20 linear residual 1.946e-03
gmres iter 30 linear residual 1.573e-03
gmres iter 40 linear residual 1.406e-03
gmres iter 50 linear residual 1.269e-03
gmres iter 60 linear residual 1.242e-03
gmres iter 70 linear residual 1.184e-03
gmres iter 80 linear residual 1.158e-03
gmres iter 90 linear residual 1.116e-03
gmres iter 100 linear residual 1.082e-03
gmres iter 110 linear residual 1.082e-03
gmres iter 120 linear residual 1.079e-03
gmres iter 130 linear residual 1.077e-03
gmres iter 140 linear residual 1.075e-03
gmres iter 150 linear residual 1.072e-03
gmres iter 160 linear residual 1.064e-03
gmres iter 170 linear residual 1.051e-03
gmres iter 180 linear residual 1.048e-03
gmres iter 190 linear residual 1.043e-03
gmres iter 200 linear residual 1.032e-03
gmres iter 210 linear residual 1.032e-03
gmres iter 220 linear residual 1.030e-03
gmres iter 230 linear residual 1.029e-03
gmres iter 240 linear residual 1.029e-03
gmres iter 250 linear residual 1.029e-03
gmres iter 260 linear residual 1.028e-03
gmres iter 270 linear residual 1.027e-03
gmres iter 280 linear residual 1.026e-03
gmres iter 290 linear residual 1.025e-03
gmres iter 300 linear residual 1.022e-03
gmres iter 310 linear residual 1.022e-03
gmres iter 320 linear residual 1.021e-03
gmres iter 330 linear residual 1.021e-03
gmres iter 340 linear residual 1.020e-03
gmres iter 350 linear residual 1.020e-03
gmres iter 360 linear residual 1.020e-03
gmres iter 370 linear residual 1.019e-03
gmres iter 380 linear residual 1.019e-03
gmres iter 390 linear residual 1.015e-03
gmres iter 400 linear residual 1.014e-03
gmres iter 410 linear residual 1.014e-03
gmres iter 420 linear residual 1.014e-03
gmres iter 430 linear residual 1.014e-03
gmres iter 440 linear residual 1.014e-03
gmres iter 450 linear residual 1.014e-03
gmres iter 460 linear residual 1.013e-03
gmres iter 470 linear residual 1.013e-03
gmres iter 480 linear residual 1.013e-03
gmres iter 490 linear residual 1.012e-03
gmres iter 500 linear residual 1.011e-03
gmres iter 510 linear residual 1.011e-03
gmres iter 520 linear residual 1.011e-03
gmres iter 530 linear residual 1.011e-03
gmres iter 540 linear residual 1.011e-03
gmres iter 550 linear residual 1.011e-03
gmres iter 560 linear residual 1.010e-03
gmres iter 570 linear residual 1.010e-03
gmres iter 580 linear residual 1.010e-03
gmres iter 590 linear residual 1.008e-03
gmres iter 600 linear residual 1.007e-03
gmres iter 610 linear residual 1.007e-03
gmres iter 620 linear residual 1.007e-03
gmres iter 630 linear residual 1.007e-03
gmres iter 640 linear residual 1.007e-03
gmres iter 650 linear residual 1.006e-03
gmres iter 660 linear residual 1.006e-03
gmres iter 670 linear residual 1.006e-03
gmres iter 680 linear residual 1.006e-03
gmres iter 690 linear residual 1.006e-03
gmres iter 700 linear residual 1.005e-03
gmres iter 710 linear residual 1.005e-03
gmres iter 720 linear residual 1.005e-03
gmres iter 730 linear residual 1.005e-03
gmres iter 740 linear residual 1.005e-03
gmres iter 750 linear residual 1.005e-03
gmres iter 760 linear residual 1.005e-03
gmres iter 770 linear residual 1.005e-03
gmres iter 780 linear residual 1.005e-03
gmres iter 790 linear residual 1.004e-03
gmres iter 800 linear residual 1.003e-03
gmres iter 810 linear residual 1.003e-03
gmres iter 820 linear residual 1.003e-03
gmres iter 830 linear residual 1.003e-03
gmres iter 840 linear residual 1.003e-03
gmres iter 850 linear residual 1.003e-03
gmres iter 860 linear residual 1.003e-03
gmres iter 870 linear residual 1.003e-03
gmres iter 880 linear residual 1.002e-03
gmres iter 890 linear residual 1.002e-03
gmres iter 900 linear residual 1.002e-03
gmres iter 910 linear residual 1.002e-03
gmres iter 920 linear residual 1.002e-03
gmres iter 930 linear residual 1.002e-03
gmres iter 940 linear residual 1.001e-03
gmres iter 950 linear residual 1.001e-03
gmres iter 960 linear residual 1.001e-03
gmres iter 970 linear residual 1.001e-03
gmres iter 980 linear residual 1.001e-03
gmres iter 990 linear residual 1.001e-03
gmres iter 1000 linear residual 1.001e-03
linear solver hit the iteration cap (1000 iterations, flag 10)
increment failed (gmres_iteration_cap); cutting step to 0.05
this increment is 0.05 (target 0.1) ------------------------
gmres iter 10 linear residual 3.422e-03
gmres iter 20 linear residual 1.609e-03
gmres iter 30 linear residual 9.687e-04
gmres iter 40 linear residual 8.850e-04
gmres iter 50 linear residual 8.684e-04
gmres iter 60 linear residual 8.423e-04
gmres iter 70 linear residual 7.493e-04
gmres iter 80 linear residual 7.125e-04
gmres iter 90 linear residual 6.914e-04
gmres iter 100 linear residual 6.797e-04
gmres iter 110 linear residual 6.751e-04
gmres iter 120 linear residual 6.732e-04
gmres iter 130 linear residual 6.624e-04
gmres iter 140 linear residual 6.623e-04
gmres iter 150 linear residual 6.613e-04
gmres iter 160 linear residual 6.595e-04
gmres iter 170 linear residual 6.592e-04
gmres iter 180 linear residual 6.564e-04
gmres iter 190 linear residual 6.537e-04
gmres iter 200 linear residual 6.494e-04
gmres iter 210 linear residual 6.449e-04
gmres iter 220 linear residual 6.429e-04
gmres iter 230 linear residual 6.406e-04
res 2.833e-02 (F-block 4.371e-02 p-block 4.777e-02) alpha 1 eta 1.00e-02 iter times 232
gmres iter 10 linear residual 2.308e-02
gmres iter 20 linear residual 1.371e-02
gmres iter 30 linear residual 8.951e-03
gmres iter 40 linear residual 7.248e-03
gmres iter 50 linear residual 5.728e-03
gmres iter 60 linear residual 4.460e-03
gmres iter 70 linear residual 3.724e-03
gmres iter 80 linear residual 3.084e-03
gmres iter 90 linear residual 2.513e-03
gmres iter 100 linear residual 2.104e-03
gmres iter 110 linear residual 2.063e-03
gmres iter 120 linear residual 1.965e-03
gmres iter 130 linear residual 1.795e-03
gmres iter 140 linear residual 1.669e-03
gmres iter 150 linear residual 1.505e-03
gmres iter 160 linear residual 1.352e-03
gmres iter 170 linear residual 1.221e-03
gmres iter 180 linear residual 1.124e-03
gmres iter 190 linear residual 1.017e-03
gmres iter 200 linear residual 8.483e-04
gmres iter 210 linear residual 8.079e-04
gmres iter 220 linear residual 7.806e-04
gmres iter 230 linear residual 7.456e-04
gmres iter 240 linear residual 7.270e-04
gmres iter 250 linear residual 6.996e-04
gmres iter 260 linear residual 6.682e-04
gmres iter 270 linear residual 6.312e-04
gmres iter 280 linear residual 5.886e-04
gmres iter 290 linear residual 5.342e-04
gmres iter 300 linear residual 4.704e-04
gmres iter 310 linear residual 4.410e-04
gmres iter 320 linear residual 3.952e-04
gmres iter 330 linear residual 3.495e-04
gmres iter 340 linear residual 2.998e-04
gmres iter 350 linear residual 2.633e-04
gmres iter 360 linear residual 2.431e-04
gmres iter 370 linear residual 2.266e-04
gmres iter 380 linear residual 2.118e-04
gmres iter 390 linear residual 2.035e-04
gmres iter 400 linear residual 1.988e-04
gmres iter 410 linear residual 1.979e-04
gmres iter 420 linear residual 1.968e-04
gmres iter 430 linear residual 1.963e-04
gmres iter 440 linear residual 1.962e-04
gmres iter 450 linear residual 1.956e-04
gmres iter 460 linear residual 1.942e-04
gmres iter 470 linear residual 1.903e-04
gmres iter 480 linear residual 1.835e-04
gmres iter 490 linear residual 1.743e-04
gmres iter 500 linear residual 1.663e-04
gmres iter 510 linear residual 1.623e-04
gmres iter 520 linear residual 1.585e-04
gmres iter 530 linear residual 1.560e-04
gmres iter 540 linear residual 1.550e-04
gmres iter 550 linear residual 1.536e-04
gmres iter 560 linear residual 1.530e-04
gmres iter 570 linear residual 1.526e-04
gmres iter 580 linear residual 1.525e-04
gmres iter 590 linear residual 1.524e-04
gmres iter 600 linear residual 1.524e-04
gmres iter 610 linear residual 1.524e-04
gmres iter 620 linear residual 1.524e-04
gmres iter 630 linear residual 1.523e-04
gmres iter 640 linear residual 1.523e-04
gmres iter 650 linear residual 1.522e-04
gmres iter 660 linear residual 1.520e-04
gmres iter 670 linear residual 1.518e-04
gmres iter 680 linear residual 1.509e-04
gmres iter 690 linear residual 1.500e-04
gmres iter 700 linear residual 1.487e-04
gmres iter 710 linear residual 1.483e-04
gmres iter 720 linear residual 1.474e-04
gmres iter 730 linear residual 1.468e-04
gmres iter 740 linear residual 1.464e-04
gmres iter 750 linear residual 1.459e-04
gmres iter 760 linear residual 1.454e-04
gmres iter 770 linear residual 1.449e-04
gmres iter 780 linear residual 1.447e-04
gmres iter 790 linear residual 1.445e-04
gmres iter 800 linear residual 1.444e-04
gmres iter 810 linear residual 1.443e-04
gmres iter 820 linear residual 1.443e-04
gmres iter 830 linear residual 1.442e-04
gmres iter 840 linear residual 1.439e-04
gmres iter 850 linear residual 1.435e-04
gmres iter 860 linear residual 1.430e-04
gmres iter 870 linear residual 1.424e-04
gmres iter 880 linear residual 1.415e-04
gmres iter 890 linear residual 1.405e-04
gmres iter 900 linear residual 1.391e-04
gmres iter 910 linear residual 1.383e-04
gmres iter 920 linear residual 1.369e-04
gmres iter 930 linear residual 1.356e-04
gmres iter 940 linear residual 1.343e-04
gmres iter 950 linear residual 1.330e-04
gmres iter 960 linear residual 1.319e-04
gmres iter 970 linear residual 1.298e-04
gmres iter 980 linear residual 1.286e-04
gmres iter 990 linear residual 1.281e-04
gmres iter 1000 linear residual 1.280e-04
linear solver hit the iteration cap (1000 iterations, flag 10)
increment failed (gmres_iteration_cap); cutting step to 0.025
this increment is 0.025 (target 0.1) ------------------------
gmres iter 10 linear residual 3.186e-03
gmres iter 20 linear residual 1.498e-03
gmres iter 30 linear residual 9.012e-04
gmres iter 40 linear residual 7.865e-04
gmres iter 50 linear residual 5.873e-04
gmres iter 60 linear residual 4.035e-04
gmres iter 70 linear residual 3.791e-04
gmres iter 80 linear residual 3.616e-04
gmres iter 90 linear residual 3.562e-04
gmres iter 100 linear residual 3.251e-04
gmres iter 110 linear residual 3.065e-04
gmres iter 120 linear residual 3.014e-04
res 1.643e-02 (F-block 2.308e-02 p-block 2.269e-02) alpha 1 eta 1.00e-02 iter times 128
gmres iter 10 linear residual 2.288e-02
gmres iter 20 linear residual 1.387e-02
gmres iter 30 linear residual 9.973e-03
gmres iter 40 linear residual 8.451e-03
gmres iter 50 linear residual 7.073e-03
gmres iter 60 linear residual 5.685e-03
gmres iter 70 linear residual 4.741e-03
gmres iter 80 linear residual 4.004e-03
gmres iter 90 linear residual 3.241e-03
gmres iter 100 linear residual 2.714e-03
gmres iter 110 linear residual 2.653e-03
gmres iter 120 linear residual 2.565e-03
gmres iter 130 linear residual 2.398e-03
gmres iter 140 linear residual 2.283e-03
gmres iter 150 linear residual 2.132e-03
gmres iter 160 linear residual 1.956e-03
gmres iter 170 linear residual 1.806e-03
gmres iter 180 linear residual 1.641e-03
gmres iter 190 linear residual 1.449e-03
gmres iter 200 linear residual 1.212e-03
gmres iter 210 linear residual 1.132e-03
gmres iter 220 linear residual 1.079e-03
gmres iter 230 linear residual 9.963e-04
gmres iter 240 linear residual 9.395e-04
gmres iter 250 linear residual 8.740e-04
gmres iter 260 linear residual 7.986e-04
gmres iter 270 linear residual 7.218e-04
gmres iter 280 linear residual 6.245e-04
gmres iter 290 linear residual 5.214e-04
gmres iter 300 linear residual 4.102e-04
gmres iter 310 linear residual 3.792e-04
gmres iter 320 linear residual 3.371e-04
gmres iter 330 linear residual 2.897e-04
gmres iter 340 linear residual 2.446e-04
gmres iter 350 linear residual 2.067e-04
gmres iter 360 linear residual 1.728e-04
gmres iter 370 linear residual 1.462e-04
gmres iter 380 linear residual 1.215e-04
gmres iter 390 linear residual 1.018e-04
gmres iter 400 linear residual 8.634e-05
gmres iter 410 linear residual 7.717e-05
gmres iter 420 linear residual 6.595e-05
gmres iter 430 linear residual 5.692e-05
gmres iter 440 linear residual 5.084e-05
gmres iter 450 linear residual 4.506e-05
gmres iter 460 linear residual 4.014e-05
gmres iter 470 linear residual 3.610e-05
gmres iter 480 linear residual 3.381e-05
gmres iter 490 linear residual 3.137e-05
gmres iter 500 linear residual 2.895e-05
gmres iter 510 linear residual 2.660e-05
gmres iter 520 linear residual 2.482e-05
gmres iter 530 linear residual 2.291e-05
gmres iter 540 linear residual 2.080e-05
gmres iter 550 linear residual 1.875e-05
gmres iter 560 linear residual 1.719e-05
gmres iter 570 linear residual 1.592e-05
gmres iter 580 linear residual 1.544e-05
gmres iter 590 linear residual 1.392e-05
gmres iter 600 linear residual 1.292e-05
gmres iter 610 linear residual 1.181e-05
gmres iter 620 linear residual 1.091e-05
gmres iter 630 linear residual 1.032e-05
gmres iter 640 linear residual 9.777e-06
gmres iter 650 linear residual 9.163e-06
gmres iter 660 linear residual 8.628e-06
gmres iter 670 linear residual 7.580e-06
res 7.164e-03 (F-block 4.894e-03 p-block 4.323e-03) alpha 1 eta 1.00e-03 iter times 674
gmres iter 10 linear residual 5.812e-03
gmres iter 20 linear residual 3.800e-03
gmres iter 30 linear residual 2.796e-03
gmres iter 40 linear residual 2.253e-03
gmres iter 50 linear residual 1.983e-03
gmres iter 60 linear residual 1.750e-03
gmres iter 70 linear residual 1.534e-03
gmres iter 80 linear residual 1.367e-03
gmres iter 90 linear residual 1.198e-03
gmres iter 100 linear residual 1.071e-03
gmres iter 110 linear residual 9.977e-04
gmres iter 120 linear residual 9.149e-04
gmres iter 130 linear residual 8.123e-04
gmres iter 140 linear residual 7.093e-04
gmres iter 150 linear residual 5.914e-04
gmres iter 160 linear residual 5.079e-04
gmres iter 170 linear residual 4.363e-04
gmres iter 180 linear residual 3.721e-04
gmres iter 190 linear residual 3.266e-04
gmres iter 200 linear residual 2.814e-04
gmres iter 210 linear residual 2.418e-04
gmres iter 220 linear residual 2.083e-04
gmres iter 230 linear residual 1.783e-04
gmres iter 240 linear residual 1.581e-04
res 7.617e-04 (F-block 1.701e-04 p-block 1.121e-04) alpha 1 eta 1.00e-02 iter times 247
gmres iter 10 linear residual 8.047e-03
gmres iter 20 linear residual 5.337e-03
gmres iter 30 linear residual 4.307e-03
gmres iter 40 linear residual 3.732e-03
gmres iter 50 linear residual 3.479e-03
gmres iter 60 linear residual 3.230e-03
gmres iter 70 linear residual 3.031e-03
gmres iter 80 linear residual 2.879e-03
gmres iter 90 linear residual 2.692e-03
gmres iter 100 linear residual 2.515e-03
gmres iter 110 linear residual 2.415e-03
gmres iter 120 linear residual 2.319e-03
gmres iter 130 linear residual 2.159e-03
gmres iter 140 linear residual 2.014e-03
gmres iter 150 linear residual 1.816e-03
gmres iter 160 linear residual 1.575e-03
gmres iter 170 linear residual 1.318e-03
gmres iter 180 linear residual 1.164e-03
gmres iter 190 linear residual 1.071e-03
gmres iter 200 linear residual 9.670e-04
gmres iter 210 linear residual 9.198e-04
gmres iter 220 linear residual 8.558e-04
gmres iter 230 linear residual 7.740e-04
gmres iter 240 linear residual 6.928e-04
gmres iter 250 linear residual 6.186e-04
gmres iter 260 linear residual 5.471e-04
gmres iter 270 linear residual 4.924e-04
gmres iter 280 linear residual 4.363e-04
gmres iter 290 linear residual 3.795e-04
gmres iter 300 linear residual 3.487e-04
gmres iter 310 linear residual 3.364e-04
gmres iter 320 linear residual 3.134e-04
gmres iter 330 linear residual 2.872e-04
gmres iter 340 linear residual 2.667e-04
gmres iter 350 linear residual 2.521e-04
gmres iter 360 linear residual 2.367e-04
gmres iter 370 linear residual 2.202e-04
gmres iter 380 linear residual 1.951e-04
gmres iter 390 linear residual 1.798e-04
gmres iter 400 linear residual 1.665e-04
gmres iter 410 linear residual 1.593e-04
gmres iter 420 linear residual 1.476e-04
gmres iter 430 linear residual 1.348e-04
gmres iter 440 linear residual 1.245e-04
gmres iter 450 linear residual 1.184e-04
gmres iter 460 linear residual 1.099e-04
gmres iter 470 linear residual 9.882e-05
gmres iter 480 linear residual 8.720e-05
gmres iter 490 linear residual 7.990e-05
gmres iter 500 linear residual 7.229e-05
gmres iter 510 linear residual 6.738e-05
gmres iter 520 linear residual 6.127e-05
gmres iter 530 linear residual 5.593e-05
gmres iter 540 linear residual 5.215e-05
gmres iter 550 linear residual 4.799e-05
gmres iter 560 linear residual 4.399e-05
gmres iter 570 linear residual 4.169e-05
gmres iter 580 linear residual 3.910e-05
gmres iter 590 linear residual 3.539e-05
gmres iter 600 linear residual 3.172e-05
gmres iter 610 linear residual 3.010e-05
gmres iter 620 linear residual 2.847e-05
gmres iter 630 linear residual 2.656e-05
gmres iter 640 linear residual 2.495e-05
gmres iter 650 linear residual 2.319e-05
gmres iter 660 linear residual 2.172e-05
gmres iter 670 linear residual 1.974e-05
gmres iter 680 linear residual 1.733e-05
gmres iter 690 linear residual 1.639e-05
gmres iter 700 linear residual 1.495e-05
gmres iter 710 linear residual 1.437e-05
gmres iter 720 linear residual 1.335e-05
gmres iter 730 linear residual 1.214e-05
gmres iter 740 linear residual 1.124e-05
gmres iter 750 linear residual 1.029e-05
gmres iter 760 linear residual 1.004e-05
gmres iter 770 linear residual 9.489e-06
gmres iter 780 linear residual 9.086e-06
gmres iter 790 linear residual 8.498e-06
gmres iter 800 linear residual 7.778e-06
gmres iter 810 linear residual 7.162e-06
gmres iter 820 linear residual 6.456e-06
gmres iter 830 linear residual 5.877e-06
gmres iter 840 linear residual 5.455e-06
gmres iter 850 linear residual 4.673e-06
res 3.892e-04 (F-block 4.390e-05 p-block 2.937e-05) alpha 1 eta 1.00e-03 iter times 852
gmres iter 10 linear residual 6.354e-03
gmres iter 20 linear residual 4.464e-03
gmres iter 30 linear residual 3.809e-03
gmres iter 40 linear residual 3.143e-03
gmres iter 50 linear residual 2.784e-03
gmres iter 60 linear residual 2.417e-03
gmres iter 70 linear residual 2.015e-03
gmres iter 80 linear residual 1.622e-03
gmres iter 90 linear residual 1.248e-03
gmres iter 100 linear residual 1.028e-03
gmres iter 110 linear residual 9.367e-04
gmres iter 120 linear residual 7.976e-04
gmres iter 130 linear residual 6.806e-04
gmres iter 140 linear residual 5.504e-04
res 1.916e-06 (F-block 3.495e-07 p-block 8.205e-07) alpha 1 eta 1.00e-02 iter times 147
time this step...266.23057532310486
this increment is 0.025 (target 0.1) ------------------------
gmres iter 10 linear residual 3.195e-03
gmres iter 20 linear residual 1.487e-03
gmres iter 30 linear residual 8.923e-04
gmres iter 40 linear residual 7.781e-04
gmres iter 50 linear residual 5.804e-04
gmres iter 60 linear residual 3.965e-04
gmres iter 70 linear residual 3.736e-04
gmres iter 80 linear residual 3.581e-04
gmres iter 90 linear residual 3.534e-04
gmres iter 100 linear residual 3.204e-04
gmres iter 110 linear residual 3.020e-04
gmres iter 120 linear residual 2.973e-04
res 1.610e-02 (F-block 2.289e-02 p-block 2.274e-02) alpha 1 eta 1.00e-02 iter times 128
gmres iter 10 linear residual 2.311e-02
gmres iter 20 linear residual 1.394e-02
gmres iter 30 linear residual 9.978e-03
gmres iter 40 linear residual 8.468e-03
gmres iter 50 linear residual 7.095e-03
gmres iter 60 linear residual 5.713e-03
gmres iter 70 linear residual 4.756e-03
gmres iter 80 linear residual 3.999e-03
gmres iter 90 linear residual 3.236e-03
gmres iter 100 linear residual 2.716e-03
gmres iter 110 linear residual 2.652e-03
gmres iter 120 linear residual 2.565e-03
gmres iter 130 linear residual 2.396e-03
gmres iter 140 linear residual 2.277e-03
gmres iter 150 linear residual 2.124e-03
gmres iter 160 linear residual 1.943e-03
gmres iter 170 linear residual 1.789e-03
gmres iter 180 linear residual 1.625e-03
gmres iter 190 linear residual 1.438e-03
gmres iter 200 linear residual 1.203e-03
gmres iter 210 linear residual 1.120e-03
gmres iter 220 linear residual 1.065e-03
gmres iter 230 linear residual 9.823e-04
gmres iter 240 linear residual 9.238e-04
gmres iter 250 linear residual 8.564e-04
gmres iter 260 linear residual 7.809e-04
gmres iter 270 linear residual 7.031e-04
gmres iter 280 linear residual 6.044e-04
gmres iter 290 linear residual 5.045e-04
gmres iter 300 linear residual 3.968e-04
gmres iter 310 linear residual 3.664e-04
gmres iter 320 linear residual 3.260e-04
gmres iter 330 linear residual 2.819e-04
gmres iter 340 linear residual 2.375e-04
gmres iter 350 linear residual 2.010e-04
gmres iter 360 linear residual 1.685e-04
gmres iter 370 linear residual 1.434e-04
gmres iter 380 linear residual 1.199e-04
gmres iter 390 linear residual 1.017e-04
gmres iter 400 linear residual 8.720e-05
gmres iter 410 linear residual 7.921e-05
gmres iter 420 linear residual 6.937e-05
gmres iter 430 linear residual 6.116e-05
gmres iter 440 linear residual 5.543e-05
gmres iter 450 linear residual 5.000e-05
gmres iter 460 linear residual 4.556e-05
gmres iter 470 linear residual 4.192e-05
gmres iter 480 linear residual 3.873e-05
gmres iter 490 linear residual 3.621e-05
gmres iter 500 linear residual 3.366e-05
gmres iter 510 linear residual 3.207e-05
gmres iter 520 linear residual 3.038e-05
gmres iter 530 linear residual 2.872e-05
gmres iter 540 linear residual 2.664e-05
gmres iter 550 linear residual 2.496e-05
gmres iter 560 linear residual 2.366e-05
gmres iter 570 linear residual 2.261e-05
gmres iter 580 linear residual 2.104e-05
gmres iter 590 linear residual 1.923e-05
gmres iter 600 linear residual 1.739e-05
res 7.014e-03 (F-block 4.581e-03 p-block 4.093e-03) alpha 1 eta 1.00e-03 iter times 600
gmres iter 10 linear residual 5.868e-03
gmres iter 20 linear residual 3.885e-03
gmres iter 30 linear residual 2.911e-03
gmres iter 40 linear residual 2.367e-03
gmres iter 50 linear residual 2.080e-03
gmres iter 60 linear residual 1.839e-03
gmres iter 70 linear residual 1.625e-03
gmres iter 80 linear residual 1.455e-03
gmres iter 90 linear residual 1.270e-03
gmres iter 100 linear residual 1.134e-03
gmres iter 110 linear residual 1.063e-03
gmres iter 120 linear residual 9.792e-04
gmres iter 130 linear residual 8.763e-04
gmres iter 140 linear residual 7.768e-04
gmres iter 150 linear residual 6.604e-04
gmres iter 160 linear residual 5.530e-04
gmres iter 170 linear residual 4.888e-04
gmres iter 180 linear residual 4.216e-04
gmres iter 190 linear residual 3.761e-04
gmres iter 200 linear residual 3.322e-04
gmres iter 210 linear residual 2.942e-04
gmres iter 220 linear residual 2.577e-04
gmres iter 230 linear residual 2.252e-04
gmres iter 240 linear residual 1.978e-04
gmres iter 250 linear residual 1.785e-04
gmres iter 260 linear residual 1.592e-04
res 7.640e-04 (F-block 1.604e-04 p-block 1.071e-04) alpha 1 eta 1.00e-02 iter times 260
gmres iter 10 linear residual 8.188e-03
gmres iter 20 linear residual 5.795e-03
gmres iter 30 linear residual 4.815e-03
gmres iter 40 linear residual 4.245e-03
gmres iter 50 linear residual 3.944e-03
gmres iter 60 linear residual 3.664e-03
gmres iter 70 linear residual 3.469e-03
gmres iter 80 linear residual 3.275e-03
gmres iter 90 linear residual 3.098e-03
gmres iter 100 linear residual 2.893e-03
gmres iter 110 linear residual 2.777e-03
gmres iter 120 linear residual 2.667e-03
gmres iter 130 linear residual 2.517e-03
gmres iter 140 linear residual 2.377e-03
gmres iter 150 linear residual 2.170e-03
gmres iter 160 linear residual 1.918e-03
gmres iter 170 linear residual 1.611e-03
gmres iter 180 linear residual 1.411e-03
gmres iter 190 linear residual 1.307e-03
gmres iter 200 linear residual 1.171e-03
gmres iter 210 linear residual 1.099e-03
gmres iter 220 linear residual 1.014e-03
gmres iter 230 linear residual 9.150e-04
gmres iter 240 linear residual 8.216e-04
gmres iter 250 linear residual 7.263e-04
gmres iter 260 linear residual 6.497e-04
gmres iter 270 linear residual 5.932e-04
gmres iter 280 linear residual 5.340e-04
gmres iter 290 linear residual 4.764e-04
gmres iter 300 linear residual 4.377e-04
gmres iter 310 linear residual 4.216e-04
gmres iter 320 linear residual 3.967e-04
gmres iter 330 linear residual 3.694e-04
gmres iter 340 linear residual 3.482e-04
gmres iter 350 linear residual 3.253e-04
gmres iter 360 linear residual 3.118e-04
gmres iter 370 linear residual 2.877e-04
gmres iter 380 linear residual 2.606e-04
gmres iter 390 linear residual 2.409e-04
gmres iter 400 linear residual 2.187e-04
gmres iter 410 linear residual 2.115e-04
gmres iter 420 linear residual 1.970e-04
gmres iter 430 linear residual 1.799e-04
gmres iter 440 linear residual 1.666e-04
gmres iter 450 linear residual 1.552e-04
gmres iter 460 linear residual 1.480e-04
gmres iter 470 linear residual 1.388e-04
gmres iter 480 linear residual 1.302e-04
gmres iter 490 linear residual 1.207e-04
gmres iter 500 linear residual 1.111e-04
gmres iter 510 linear residual 1.067e-04
gmres iter 520 linear residual 9.949e-05
gmres iter 530 linear residual 9.371e-05
gmres iter 540 linear residual 8.962e-05
gmres iter 550 linear residual 8.524e-05
gmres iter 560 linear residual 8.054e-05
gmres iter 570 linear residual 7.693e-05
gmres iter 580 linear residual 7.300e-05
gmres iter 590 linear residual 6.535e-05
gmres iter 600 linear residual 5.911e-05
gmres iter 610 linear residual 5.670e-05
gmres iter 620 linear residual 5.440e-05
gmres iter 630 linear residual 5.095e-05
gmres iter 640 linear residual 4.797e-05
gmres iter 650 linear residual 4.472e-05
gmres iter 660 linear residual 4.251e-05
gmres iter 670 linear residual 4.059e-05
gmres iter 680 linear residual 3.819e-05
gmres iter 690 linear residual 3.688e-05
gmres iter 700 linear residual 3.569e-05
gmres iter 710 linear residual 3.499e-05
gmres iter 720 linear residual 3.401e-05
gmres iter 730 linear residual 3.189e-05
gmres iter 740 linear residual 3.025e-05
gmres iter 750 linear residual 2.914e-05
gmres iter 760 linear residual 2.831e-05
gmres iter 770 linear residual 2.764e-05
gmres iter 780 linear residual 2.621e-05
gmres iter 790 linear residual 2.365e-05
gmres iter 800 linear residual 2.010e-05
res 3.407e-04 (F-block 3.307e-05 p-block 2.251e-05) alpha 1 eta 1.00e-03 iter times 800
gmres iter 10 linear residual 6.864e-03
gmres iter 20 linear residual 4.843e-03
gmres iter 30 linear residual 4.006e-03
gmres iter 40 linear residual 3.347e-03
gmres iter 50 linear residual 2.975e-03
gmres iter 60 linear residual 2.574e-03
gmres iter 70 linear residual 2.211e-03
gmres iter 80 linear residual 1.833e-03
gmres iter 90 linear residual 1.492e-03
gmres iter 100 linear residual 1.256e-03
gmres iter 110 linear residual 1.124e-03
gmres iter 120 linear residual 9.810e-04
gmres iter 130 linear residual 8.460e-04
gmres iter 140 linear residual 7.015e-04
res 1.880e-06 (F-block 2.877e-07 p-block 6.763e-07) alpha 1 eta 1.00e-02 iter times 149
time this step...205.99744319915771
this increment is 0.025 (target 0.1) ------------------------
gmres iter 10 linear residual 3.209e-03
gmres iter 20 linear residual 1.480e-03
gmres iter 30 linear residual 8.868e-04
gmres iter 40 linear residual 7.732e-04
gmres iter 50 linear residual 5.758e-04
gmres iter 60 linear residual 3.906e-04
gmres iter 70 linear residual 3.688e-04
gmres iter 80 linear residual 3.549e-04
gmres iter 90 linear residual 3.507e-04
gmres iter 100 linear residual 3.170e-04
gmres iter 110 linear residual 2.988e-04
gmres iter 120 linear residual 2.946e-04
res 1.579e-02 (F-block 2.274e-02 p-block 2.276e-02) alpha 1 eta 1.00e-02 iter times 128
gmres iter 10 linear residual 2.335e-02
gmres iter 20 linear residual 1.403e-02
gmres iter 30 linear residual 1.003e-02
gmres iter 40 linear residual 8.512e-03
gmres iter 50 linear residual 7.116e-03
gmres iter 60 linear residual 5.736e-03
gmres iter 70 linear residual 4.783e-03
gmres iter 80 linear residual 4.009e-03
gmres iter 90 linear residual 3.242e-03
gmres iter 100 linear residual 2.726e-03
gmres iter 110 linear residual 2.661e-03
gmres iter 120 linear residual 2.573e-03
gmres iter 130 linear residual 2.399e-03
gmres iter 140 linear residual 2.279e-03
gmres iter 150 linear residual 2.122e-03
gmres iter 160 linear residual 1.937e-03
gmres iter 170 linear residual 1.777e-03
gmres iter 180 linear residual 1.610e-03
gmres iter 190 linear residual 1.424e-03
gmres iter 200 linear residual 1.200e-03
gmres iter 210 linear residual 1.121e-03
gmres iter 220 linear residual 1.062e-03
gmres iter 230 linear residual 9.778e-04
gmres iter 240 linear residual 9.187e-04
gmres iter 250 linear residual 8.490e-04
gmres iter 260 linear residual 7.748e-04
gmres iter 270 linear residual 6.983e-04
gmres iter 280 linear residual 5.963e-04
gmres iter 290 linear residual 4.956e-04
gmres iter 300 linear residual 3.923e-04
gmres iter 310 linear residual 3.633e-04
gmres iter 320 linear residual 3.238e-04
gmres iter 330 linear residual 2.804e-04
gmres iter 340 linear residual 2.370e-04
gmres iter 350 linear residual 2.004e-04
gmres iter 360 linear residual 1.676e-04
gmres iter 370 linear residual 1.437e-04
gmres iter 380 linear residual 1.228e-04
gmres iter 390 linear residual 1.059e-04
gmres iter 400 linear residual 9.267e-05
gmres iter 410 linear residual 8.548e-05
gmres iter 420 linear residual 7.715e-05
gmres iter 430 linear residual 6.976e-05
gmres iter 440 linear residual 6.471e-05
gmres iter 450 linear residual 6.023e-05
gmres iter 460 linear residual 5.668e-05
gmres iter 470 linear residual 5.385e-05
gmres iter 480 linear residual 5.142e-05
gmres iter 490 linear residual 4.946e-05
gmres iter 500 linear residual 4.760e-05
gmres iter 510 linear residual 4.659e-05
gmres iter 520 linear residual 4.543e-05
gmres iter 530 linear residual 4.457e-05
gmres iter 540 linear residual 4.337e-05
gmres iter 550 linear residual 4.253e-05
gmres iter 560 linear residual 4.190e-05
gmres iter 570 linear residual 4.139e-05
gmres iter 580 linear residual 4.081e-05
gmres iter 590 linear residual 4.023e-05
gmres iter 600 linear residual 3.978e-05
gmres iter 610 linear residual 3.964e-05
gmres iter 620 linear residual 3.945e-05
gmres iter 630 linear residual 3.928e-05
gmres iter 640 linear residual 3.917e-05
gmres iter 650 linear residual 3.914e-05
gmres iter 660 linear residual 3.911e-05
gmres iter 670 linear residual 3.911e-05
gmres iter 680 linear residual 3.909e-05
gmres iter 690 linear residual 3.908e-05
gmres iter 700 linear residual 3.906e-05
gmres iter 710 linear residual 3.906e-05
gmres iter 720 linear residual 3.906e-05
gmres iter 730 linear residual 3.906e-05
gmres iter 740 linear residual 3.906e-05
gmres iter 750 linear residual 3.905e-05
gmres iter 760 linear residual 3.904e-05
gmres iter 770 linear residual 3.900e-05
gmres iter 780 linear residual 3.890e-05
gmres iter 790 linear residual 3.879e-05
gmres iter 800 linear residual 3.869e-05
gmres iter 810 linear residual 3.867e-05
gmres iter 820 linear residual 3.865e-05
gmres iter 830 linear residual 3.863e-05
gmres iter 840 linear residual 3.860e-05
gmres iter 850 linear residual 3.856e-05
gmres iter 860 linear residual 3.852e-05
gmres iter 870 linear residual 3.850e-05
gmres iter 880 linear residual 3.849e-05
gmres iter 890 linear residual 3.849e-05
gmres iter 900 linear residual 3.847e-05
gmres iter 910 linear residual 3.847e-05
gmres iter 920 linear residual 3.846e-05
gmres iter 930 linear residual 3.846e-05
gmres iter 940 linear residual 3.846e-05
gmres iter 950 linear residual 3.846e-05
gmres iter 960 linear residual 3.845e-05
gmres iter 970 linear residual 3.843e-05
gmres iter 980 linear residual 3.840e-05
gmres iter 990 linear residual 3.836e-05
gmres iter 1000 linear residual 3.832e-05
linear solver hit the iteration cap (1000 iterations, flag 10)
increment failed (gmres_iteration_cap); cutting step to 0.0125
this increment is 0.0125 (target 0.1) ------------------------
gmres iter 10 linear residual 3.093e-03
gmres iter 20 linear residual 1.437e-03
gmres iter 30 linear residual 8.607e-04
gmres iter 40 linear residual 7.509e-04
gmres iter 50 linear residual 5.447e-04
gmres iter 60 linear residual 3.298e-04
gmres iter 70 linear residual 2.844e-04
gmres iter 80 linear residual 2.323e-04
res 8.003e-03 (F-block 1.090e-02 p-block 1.509e-02) alpha 1 eta 1.00e-02 iter times 83
gmres iter 10 linear residual 2.787e-02
gmres iter 20 linear residual 2.021e-02
gmres iter 30 linear residual 1.552e-02
gmres iter 40 linear residual 1.359e-02
gmres iter 50 linear residual 1.163e-02
gmres iter 60 linear residual 9.447e-03
gmres iter 70 linear residual 7.611e-03
gmres iter 80 linear residual 5.981e-03
gmres iter 90 linear residual 4.829e-03
gmres iter 100 linear residual 4.201e-03
gmres iter 110 linear residual 4.155e-03
gmres iter 120 linear residual 4.038e-03
gmres iter 130 linear residual 3.786e-03
gmres iter 140 linear residual 3.600e-03
gmres iter 150 linear residual 3.340e-03
gmres iter 160 linear residual 3.109e-03
gmres iter 170 linear residual 2.900e-03
gmres iter 180 linear residual 2.669e-03
gmres iter 190 linear residual 2.411e-03
gmres iter 200 linear residual 2.101e-03
gmres iter 210 linear residual 1.995e-03
gmres iter 220 linear residual 1.887e-03
gmres iter 230 linear residual 1.730e-03
gmres iter 240 linear residual 1.611e-03
gmres iter 250 linear residual 1.471e-03
gmres iter 260 linear residual 1.330e-03
gmres iter 270 linear residual 1.195e-03
gmres iter 280 linear residual 1.021e-03
gmres iter 290 linear residual 8.228e-04
gmres iter 300 linear residual 6.538e-04
gmres iter 310 linear residual 6.089e-04
gmres iter 320 linear residual 5.275e-04
gmres iter 330 linear residual 4.463e-04
gmres iter 340 linear residual 3.781e-04
gmres iter 350 linear residual 3.230e-04
gmres iter 360 linear residual 2.714e-04
gmres iter 370 linear residual 2.292e-04
gmres iter 380 linear residual 1.926e-04
gmres iter 390 linear residual 1.569e-04
gmres iter 400 linear residual 1.309e-04
gmres iter 410 linear residual 1.168e-04
gmres iter 420 linear residual 1.020e-04
gmres iter 430 linear residual 9.074e-05
gmres iter 440 linear residual 8.184e-05
gmres iter 450 linear residual 7.338e-05
gmres iter 460 linear residual 6.417e-05
gmres iter 470 linear residual 5.732e-05
gmres iter 480 linear residual 5.240e-05
gmres iter 490 linear residual 4.859e-05
gmres iter 500 linear residual 4.566e-05
gmres iter 510 linear residual 4.399e-05
gmres iter 520 linear residual 4.202e-05
gmres iter 530 linear residual 3.937e-05
gmres iter 540 linear residual 3.603e-05
gmres iter 550 linear residual 3.413e-05
gmres iter 560 linear residual 3.289e-05
gmres iter 570 linear residual 3.222e-05
gmres iter 580 linear residual 3.089e-05
gmres iter 590 linear residual 2.979e-05
gmres iter 600 linear residual 2.844e-05
gmres iter 610 linear residual 2.737e-05
gmres iter 620 linear residual 2.646e-05
gmres iter 630 linear residual 2.568e-05
gmres iter 640 linear residual 2.511e-05
gmres iter 650 linear residual 2.486e-05
gmres iter 660 linear residual 2.433e-05
gmres iter 670 linear residual 2.392e-05
gmres iter 680 linear residual 2.326e-05
gmres iter 690 linear residual 2.230e-05
gmres iter 700 linear residual 2.114e-05
gmres iter 710 linear residual 2.007e-05
gmres iter 720 linear residual 1.908e-05
gmres iter 730 linear residual 1.853e-05
gmres iter 740 linear residual 1.806e-05
res 2.823e-03 (F-block 9.166e-04 p-block 1.126e-03) alpha 1 eta 1.00e-03 iter times 743
gmres iter 10 linear residual 6.814e-03
gmres iter 20 linear residual 4.441e-03
gmres iter 30 linear residual 3.087e-03
gmres iter 40 linear residual 2.323e-03
gmres iter 50 linear residual 1.946e-03
gmres iter 60 linear residual 1.687e-03
gmres iter 70 linear residual 1.517e-03
gmres iter 80 linear residual 1.389e-03
gmres iter 90 linear residual 1.245e-03
gmres iter 100 linear residual 1.139e-03
gmres iter 110 linear residual 1.098e-03
gmres iter 120 linear residual 1.057e-03
gmres iter 130 linear residual 9.886e-04
gmres iter 140 linear residual 9.275e-04
gmres iter 150 linear residual 8.329e-04
gmres iter 160 linear residual 7.150e-04
gmres iter 170 linear residual 6.117e-04
gmres iter 180 linear residual 5.291e-04
gmres iter 190 linear residual 4.495e-04
gmres iter 200 linear residual 3.935e-04
gmres iter 210 linear residual 3.696e-04
gmres iter 220 linear residual 3.384e-04
gmres iter 230 linear residual 3.123e-04
gmres iter 240 linear residual 2.919e-04
gmres iter 250 linear residual 2.716e-04
gmres iter 260 linear residual 2.524e-04
gmres iter 270 linear residual 2.343e-04
gmres iter 280 linear residual 2.141e-04
gmres iter 290 linear residual 2.026e-04
gmres iter 300 linear residual 1.852e-04
gmres iter 310 linear residual 1.744e-04
gmres iter 320 linear residual 1.656e-04
gmres iter 330 linear residual 1.558e-04
gmres iter 340 linear residual 1.457e-04
gmres iter 350 linear residual 1.317e-04
gmres iter 360 linear residual 1.221e-04
gmres iter 370 linear residual 1.095e-04
gmres iter 380 linear residual 9.686e-05
res 1.087e-04 (F-block 7.196e-06 p-block 5.123e-06) alpha 1 eta 5.48e-03 iter times 385
time this step...103.4574601650238
this increment is 0.0125 (target 0.1) ------------------------
gmres iter 10 linear residual 3.100e-03
gmres iter 20 linear residual 1.433e-03
gmres iter 30 linear residual 8.589e-04
gmres iter 40 linear residual 7.488e-04
gmres iter 50 linear residual 5.441e-04
gmres iter 60 linear residual 3.271e-04
gmres iter 70 linear residual 2.828e-04
gmres iter 80 linear residual 2.310e-04
res 7.918e-03 (F-block 1.085e-02 p-block 1.520e-02) alpha 1 eta 1.00e-02 iter times 83
gmres iter 10 linear residual 2.804e-02
gmres iter 20 linear residual 2.027e-02
gmres iter 30 linear residual 1.557e-02
gmres iter 40 linear residual 1.365e-02
gmres iter 50 linear residual 1.165e-02
gmres iter 60 linear residual 9.453e-03
gmres iter 70 linear residual 7.614e-03
gmres iter 80 linear residual 5.994e-03
gmres iter 90 linear residual 4.847e-03
gmres iter 100 linear residual 4.222e-03
gmres iter 110 linear residual 4.176e-03
gmres iter 120 linear residual 4.056e-03
gmres iter 130 linear residual 3.801e-03
gmres iter 140 linear residual 3.610e-03
gmres iter 150 linear residual 3.347e-03
gmres iter 160 linear residual 3.112e-03
gmres iter 170 linear residual 2.905e-03
gmres iter 180 linear residual 2.671e-03
gmres iter 190 linear residual 2.413e-03
gmres iter 200 linear residual 2.102e-03
gmres iter 210 linear residual 1.996e-03
gmres iter 220 linear residual 1.884e-03
gmres iter 230 linear residual 1.728e-03
gmres iter 240 linear residual 1.609e-03
gmres iter 250 linear residual 1.470e-03
gmres iter 260 linear residual 1.332e-03
gmres iter 270 linear residual 1.193e-03
gmres iter 280 linear residual 1.020e-03
gmres iter 290 linear residual 8.250e-04
gmres iter 300 linear residual 6.523e-04
gmres iter 310 linear residual 6.076e-04
gmres iter 320 linear residual 5.324e-04
gmres iter 330 linear residual 4.484e-04
gmres iter 340 linear residual 3.838e-04
gmres iter 350 linear residual 3.278e-04
gmres iter 360 linear residual 2.735e-04
gmres iter 370 linear residual 2.342e-04
gmres iter 380 linear residual 1.995e-04
gmres iter 390 linear residual 1.655e-04
gmres iter 400 linear residual 1.392e-04
gmres iter 410 linear residual 1.253e-04
gmres iter 420 linear residual 1.114e-04
gmres iter 430 linear residual 1.006e-04
gmres iter 440 linear residual 9.280e-05
gmres iter 450 linear residual 8.456e-05
gmres iter 460 linear residual 7.644e-05
gmres iter 470 linear residual 7.026e-05
gmres iter 480 linear residual 6.562e-05
gmres iter 490 linear residual 6.223e-05
gmres iter 500 linear residual 5.954e-05
gmres iter 510 linear residual 5.816e-05
gmres iter 520 linear residual 5.633e-05
gmres iter 530 linear residual 5.389e-05
gmres iter 540 linear residual 5.069e-05
gmres iter 550 linear residual 4.886e-05
gmres iter 560 linear residual 4.780e-05
gmres iter 570 linear residual 4.704e-05
gmres iter 580 linear residual 4.574e-05
gmres iter 590 linear residual 4.462e-05
gmres iter 600 linear residual 4.318e-05
gmres iter 610 linear residual 4.223e-05
gmres iter 620 linear residual 4.109e-05
gmres iter 630 linear residual 4.015e-05
gmres iter 640 linear residual 3.957e-05
gmres iter 650 linear residual 3.898e-05
gmres iter 660 linear residual 3.845e-05
gmres iter 670 linear residual 3.769e-05
gmres iter 680 linear residual 3.661e-05
gmres iter 690 linear residual 3.501e-05
gmres iter 700 linear residual 3.313e-05
res 2.823e-03 (F-block 9.414e-04 p-block 1.130e-03) alpha 1 eta 1.00e-03 iter times 700
gmres iter 10 linear residual 7.331e-03
gmres iter 20 linear residual 4.977e-03
gmres iter 30 linear residual 3.548e-03
gmres iter 40 linear residual 2.652e-03
gmres iter 50 linear residual 2.152e-03
gmres iter 60 linear residual 1.803e-03
gmres iter 70 linear residual 1.579e-03
gmres iter 80 linear residual 1.417e-03
gmres iter 90 linear residual 1.260e-03
gmres iter 100 linear residual 1.151e-03
gmres iter 110 linear residual 1.119e-03
gmres iter 120 linear residual 1.088e-03
gmres iter 130 linear residual 1.037e-03
gmres iter 140 linear residual 9.939e-04
gmres iter 150 linear residual 9.202e-04
gmres iter 160 linear residual 8.128e-04
gmres iter 170 linear residual 7.039e-04
gmres iter 180 linear residual 6.165e-04
gmres iter 190 linear residual 5.182e-04
gmres iter 200 linear residual 4.564e-04
gmres iter 210 linear residual 4.316e-04
gmres iter 220 linear residual 4.052e-04
gmres iter 230 linear residual 3.819e-04
gmres iter 240 linear residual 3.668e-04
gmres iter 250 linear residual 3.461e-04
gmres iter 260 linear residual 3.241e-04
gmres iter 270 linear residual 3.027e-04
gmres iter 280 linear residual 2.817e-04
gmres iter 290 linear residual 2.550e-04
res 8.728e-05 (F-block 7.670e-06 p-block 8.102e-06) alpha 1 eta 5.58e-03 iter times 291
time this step...86.90336155891418
this increment is 0.018750000000000003 (target 0.1) ------------------------
gmres iter 10 linear residual 3.166e-03
gmres iter 20 linear residual 1.451e-03
gmres iter 30 linear residual 8.687e-04
gmres iter 40 linear residual 7.554e-04
gmres iter 50 linear residual 5.531e-04
gmres iter 60 linear residual 3.443e-04
gmres iter 70 linear residual 3.079e-04
gmres iter 80 linear residual 2.669e-04
gmres iter 90 linear residual 2.298e-04
gmres iter 100 linear residual 2.282e-04
gmres iter 110 linear residual 2.278e-04
gmres iter 120 linear residual 2.222e-04
res 1.185e-02 (F-block 1.661e-02 p-block 1.768e-02) alpha 1 eta 1.00e-02 iter times 122
gmres iter 10 linear residual 2.428e-02
gmres iter 20 linear residual 1.500e-02
gmres iter 30 linear residual 1.097e-02
gmres iter 40 linear residual 9.512e-03
gmres iter 50 linear residual 8.059e-03
gmres iter 60 linear residual 6.516e-03
gmres iter 70 linear residual 5.500e-03
gmres iter 80 linear residual 4.702e-03
gmres iter 90 linear residual 3.824e-03
gmres iter 100 linear residual 3.228e-03
gmres iter 110 linear residual 3.145e-03
gmres iter 120 linear residual 3.042e-03
gmres iter 130 linear residual 2.840e-03
gmres iter 140 linear residual 2.704e-03
gmres iter 150 linear residual 2.515e-03
gmres iter 160 linear residual 2.297e-03
gmres iter 170 linear residual 2.123e-03
gmres iter 180 linear residual 1.921e-03
gmres iter 190 linear residual 1.695e-03
gmres iter 200 linear residual 1.455e-03
gmres iter 210 linear residual 1.361e-03
gmres iter 220 linear residual 1.277e-03
gmres iter 230 linear residual 1.165e-03
gmres iter 240 linear residual 1.076e-03
gmres iter 250 linear residual 9.831e-04
gmres iter 260 linear residual 8.923e-04
gmres iter 270 linear residual 7.993e-04
gmres iter 280 linear residual 6.659e-04
gmres iter 290 linear residual 5.371e-04
gmres iter 300 linear residual 4.235e-04
gmres iter 310 linear residual 3.900e-04
gmres iter 320 linear residual 3.475e-04
gmres iter 330 linear residual 3.004e-04
gmres iter 340 linear residual 2.589e-04
gmres iter 350 linear residual 2.208e-04
gmres iter 360 linear residual 1.874e-04
gmres iter 370 linear residual 1.660e-04
gmres iter 380 linear residual 1.450e-04
gmres iter 390 linear residual 1.276e-04
gmres iter 400 linear residual 1.134e-04
gmres iter 410 linear residual 1.061e-04
gmres iter 420 linear residual 9.859e-05
gmres iter 430 linear residual 9.243e-05
gmres iter 440 linear residual 8.882e-05
gmres iter 450 linear residual 8.556e-05
gmres iter 460 linear residual 8.300e-05
gmres iter 470 linear residual 8.097e-05
gmres iter 480 linear residual 7.944e-05
gmres iter 490 linear residual 7.835e-05
gmres iter 500 linear residual 7.750e-05
gmres iter 510 linear residual 7.713e-05
gmres iter 520 linear residual 7.672e-05
gmres iter 530 linear residual 7.633e-05
gmres iter 540 linear residual 7.588e-05
gmres iter 550 linear residual 7.571e-05
gmres iter 560 linear residual 7.563e-05
gmres iter 570 linear residual 7.558e-05
gmres iter 580 linear residual 7.555e-05
gmres iter 590 linear residual 7.551e-05
gmres iter 600 linear residual 7.545e-05
gmres iter 610 linear residual 7.544e-05
gmres iter 620 linear residual 7.541e-05
gmres iter 630 linear residual 7.540e-05
gmres iter 640 linear residual 7.539e-05
gmres iter 650 linear residual 7.537e-05
gmres iter 660 linear residual 7.532e-05
gmres iter 670 linear residual 7.523e-05
gmres iter 680 linear residual 7.511e-05
gmres iter 690 linear residual 7.482e-05
gmres iter 700 linear residual 7.442e-05
gmres iter 710 linear residual 7.425e-05
gmres iter 720 linear residual 7.401e-05
gmres iter 730 linear residual 7.385e-05
gmres iter 740 linear residual 7.372e-05
gmres iter 750 linear residual 7.362e-05
gmres iter 760 linear residual 7.357e-05
gmres iter 770 linear residual 7.354e-05
gmres iter 780 linear residual 7.353e-05
gmres iter 790 linear residual 7.352e-05
gmres iter 800 linear residual 7.347e-05
gmres iter 810 linear residual 7.346e-05
gmres iter 820 linear residual 7.344e-05
gmres iter 830 linear residual 7.343e-05
gmres iter 840 linear residual 7.342e-05
gmres iter 850 linear residual 7.337e-05
gmres iter 860 linear residual 7.326e-05
gmres iter 870 linear residual 7.310e-05
gmres iter 880 linear residual 7.294e-05
gmres iter 890 linear residual 7.274e-05
gmres iter 900 linear residual 7.252e-05
gmres iter 910 linear residual 7.245e-05
gmres iter 920 linear residual 7.219e-05
gmres iter 930 linear residual 7.193e-05
gmres iter 940 linear residual 7.168e-05
gmres iter 950 linear residual 7.157e-05
gmres iter 960 linear residual 7.155e-05
gmres iter 970 linear residual 7.153e-05
gmres iter 980 linear residual 7.152e-05
gmres iter 990 linear residual 7.150e-05
gmres iter 1000 linear residual 7.143e-05
linear solver hit the iteration cap (1000 iterations, flag 10)
increment failed (gmres_iteration_cap); cutting step to 0.009375
this increment is 0.009375000000000001 (target 0.1) ------------------------
gmres iter 10 linear residual 3.079e-03
gmres iter 20 linear residual 1.421e-03
gmres iter 30 linear residual 8.535e-04
gmres iter 40 linear residual 7.442e-04
gmres iter 50 linear residual 5.414e-04
gmres iter 60 linear residual 3.193e-04
gmres iter 70 linear residual 2.744e-04
gmres iter 80 linear residual 2.212e-04
res 5.860e-03 (F-block 8.160e-03 p-block 1.491e-02) alpha 1 eta 1.00e-02 iter times 82
gmres iter 10 linear residual 3.297e-02
gmres iter 20 linear residual 2.546e-02
gmres iter 30 linear residual 2.002e-02
gmres iter 40 linear residual 1.787e-02
gmres iter 50 linear residual 1.504e-02
gmres iter 60 linear residual 1.196e-02
gmres iter 70 linear residual 9.383e-03
gmres iter 80 linear residual 7.062e-03
gmres iter 90 linear residual 5.823e-03
gmres iter 100 linear residual 5.212e-03
gmres iter 110 linear residual 5.180e-03
gmres iter 120 linear residual 5.063e-03
gmres iter 130 linear residual 4.782e-03
gmres iter 140 linear residual 4.534e-03
gmres iter 150 linear residual 4.199e-03
gmres iter 160 linear residual 3.923e-03
gmres iter 170 linear residual 3.669e-03
gmres iter 180 linear residual 3.400e-03
gmres iter 190 linear residual 3.106e-03
gmres iter 200 linear residual 2.724e-03
gmres iter 210 linear residual 2.629e-03
gmres iter 220 linear residual 2.500e-03
gmres iter 230 linear residual 2.298e-03
gmres iter 240 linear residual 2.162e-03
gmres iter 250 linear residual 1.987e-03
gmres iter 260 linear residual 1.811e-03
gmres iter 270 linear residual 1.639e-03
gmres iter 280 linear residual 1.414e-03
gmres iter 290 linear residual 1.180e-03
gmres iter 300 linear residual 9.263e-04
gmres iter 310 linear residual 8.681e-04
gmres iter 320 linear residual 7.654e-04
gmres iter 330 linear residual 6.422e-04
gmres iter 340 linear residual 5.442e-04
gmres iter 350 linear residual 4.655e-04
gmres iter 360 linear residual 3.906e-04
gmres iter 370 linear residual 3.323e-04
gmres iter 380 linear residual 2.758e-04
gmres iter 390 linear residual 2.288e-04
gmres iter 400 linear residual 1.964e-04
gmres iter 410 linear residual 1.756e-04
gmres iter 420 linear residual 1.570e-04
gmres iter 430 linear residual 1.425e-04
gmres iter 440 linear residual 1.307e-04
gmres iter 450 linear residual 1.192e-04
gmres iter 460 linear residual 1.081e-04
gmres iter 470 linear residual 1.001e-04
gmres iter 480 linear residual 9.408e-05
gmres iter 490 linear residual 9.047e-05
gmres iter 500 linear residual 8.684e-05
gmres iter 510 linear residual 8.527e-05
gmres iter 520 linear residual 8.234e-05
gmres iter 530 linear residual 7.904e-05
gmres iter 540 linear residual 7.566e-05
gmres iter 550 linear residual 7.274e-05
gmres iter 560 linear residual 7.169e-05
gmres iter 570 linear residual 7.066e-05
gmres iter 580 linear residual 6.875e-05
gmres iter 590 linear residual 6.695e-05
gmres iter 600 linear residual 6.442e-05
gmres iter 610 linear residual 6.300e-05
gmres iter 620 linear residual 6.118e-05
gmres iter 630 linear residual 6.002e-05
gmres iter 640 linear residual 5.932e-05
gmres iter 650 linear residual 5.864e-05
gmres iter 660 linear residual 5.769e-05
gmres iter 670 linear residual 5.624e-05
gmres iter 680 linear residual 5.460e-05
gmres iter 690 linear residual 5.263e-05
gmres iter 700 linear residual 5.119e-05
gmres iter 710 linear residual 5.053e-05
gmres iter 720 linear residual 4.982e-05
gmres iter 730 linear residual 4.863e-05
gmres iter 740 linear residual 4.741e-05
gmres iter 750 linear residual 4.602e-05
gmres iter 760 linear residual 4.505e-05
gmres iter 770 linear residual 4.446e-05
gmres iter 780 linear residual 4.365e-05
gmres iter 790 linear residual 4.315e-05
gmres iter 800 linear residual 4.223e-05
gmres iter 810 linear residual 4.177e-05
gmres iter 820 linear residual 4.131e-05
gmres iter 830 linear residual 4.060e-05
gmres iter 840 linear residual 4.012e-05
gmres iter 850 linear residual 3.959e-05
gmres iter 860 linear residual 3.914e-05
gmres iter 870 linear residual 3.853e-05
gmres iter 880 linear residual 3.754e-05
gmres iter 890 linear residual 3.685e-05
res 2.087e-03 (F-block 7.596e-04 p-block 8.629e-04) alpha 1 eta 1.00e-03 iter times 892
gmres iter 10 linear residual 8.007e-03
gmres iter 20 linear residual 5.576e-03
gmres iter 30 linear residual 4.087e-03
gmres iter 40 linear residual 3.102e-03
gmres iter 50 linear residual 2.445e-03
gmres iter 60 linear residual 1.960e-03
gmres iter 70 linear residual 1.656e-03
gmres iter 80 linear residual 1.441e-03
gmres iter 90 linear residual 1.281e-03
gmres iter 100 linear residual 1.159e-03
gmres iter 110 linear residual 1.131e-03
gmres iter 120 linear residual 1.110e-03
gmres iter 130 linear residual 1.066e-03
gmres iter 140 linear residual 1.026e-03
gmres iter 150 linear residual 9.621e-04
gmres iter 160 linear residual 8.691e-04
gmres iter 170 linear residual 7.763e-04
gmres iter 180 linear residual 6.804e-04
gmres iter 190 linear residual 5.761e-04
gmres iter 200 linear residual 5.109e-04
gmres iter 210 linear residual 4.907e-04
gmres iter 220 linear residual 4.794e-04
gmres iter 230 linear residual 4.642e-04
gmres iter 240 linear residual 4.566e-04
gmres iter 250 linear residual 4.484e-04
gmres iter 260 linear residual 4.377e-04
gmres iter 270 linear residual 4.200e-04
gmres iter 280 linear residual 4.057e-04
gmres iter 290 linear residual 3.752e-04
gmres iter 300 linear residual 3.343e-04
gmres iter 310 linear residual 3.211e-04
gmres iter 320 linear residual 3.083e-04
gmres iter 330 linear residual 2.937e-04
gmres iter 340 linear residual 2.817e-04
gmres iter 350 linear residual 2.691e-04
gmres iter 360 linear residual 2.524e-04
gmres iter 370 linear residual 2.329e-04
gmres iter 380 linear residual 2.138e-04
gmres iter 390 linear residual 1.942e-04
gmres iter 400 linear residual 1.793e-04
gmres iter 410 linear residual 1.710e-04
gmres iter 420 linear residual 1.635e-04
gmres iter 430 linear residual 1.571e-04
gmres iter 440 linear residual 1.512e-04
gmres iter 450 linear residual 1.451e-04
gmres iter 460 linear residual 1.397e-04
gmres iter 470 linear residual 1.331e-04
gmres iter 480 linear residual 1.254e-04
res 7.262e-05 (F-block 7.828e-06 p-block 5.295e-06) alpha 1 eta 4.12e-03 iter times 487
time this step...113.91744875907898
this increment is 0.009375000000000001 (target 0.1) ------------------------
gmres iter 10 linear residual 3.085e-03
gmres iter 20 linear residual 1.418e-03
gmres iter 30 linear residual 8.529e-04
gmres iter 40 linear residual 7.428e-04
gmres iter 50 linear residual 5.409e-04
gmres iter 60 linear residual 3.174e-04
gmres iter 70 linear residual 2.729e-04
gmres iter 80 linear residual 2.202e-04
res 5.814e-03 (F-block 8.158e-03 p-block 1.498e-02) alpha 1 eta 1.00e-02 iter times 82
gmres iter 10 linear residual 3.302e-02
gmres iter 20 linear residual 2.544e-02
gmres iter 30 linear residual 2.001e-02
gmres iter 40 linear residual 1.786e-02
gmres iter 50 linear residual 1.502e-02
gmres iter 60 linear residual 1.193e-02
gmres iter 70 linear residual 9.365e-03
gmres iter 80 linear residual 7.061e-03
gmres iter 90 linear residual 5.834e-03
gmres iter 100 linear residual 5.232e-03
gmres iter 110 linear residual 5.199e-03
gmres iter 120 linear residual 5.084e-03
gmres iter 130 linear residual 4.798e-03
gmres iter 140 linear residual 4.555e-03
gmres iter 150 linear residual 4.214e-03
gmres iter 160 linear residual 3.937e-03
gmres iter 170 linear residual 3.682e-03
gmres iter 180 linear residual 3.411e-03
gmres iter 190 linear residual 3.118e-03
gmres iter 200 linear residual 2.743e-03
gmres iter 210 linear residual 2.649e-03
gmres iter 220 linear residual 2.517e-03
gmres iter 230 linear residual 2.313e-03
gmres iter 240 linear residual 2.174e-03
gmres iter 250 linear residual 1.998e-03
gmres iter 260 linear residual 1.821e-03
gmres iter 270 linear residual 1.650e-03
gmres iter 280 linear residual 1.421e-03
gmres iter 290 linear residual 1.184e-03
gmres iter 300 linear residual 9.368e-04
gmres iter 310 linear residual 8.794e-04
gmres iter 320 linear residual 7.721e-04
gmres iter 330 linear residual 6.497e-04
gmres iter 340 linear residual 5.521e-04
gmres iter 350 linear residual 4.755e-04
gmres iter 360 linear residual 4.011e-04
gmres iter 370 linear residual 3.463e-04
gmres iter 380 linear residual 2.896e-04
gmres iter 390 linear residual 2.440e-04
gmres iter 400 linear residual 2.120e-04
gmres iter 410 linear residual 1.938e-04
gmres iter 420 linear residual 1.760e-04
gmres iter 430 linear residual 1.625e-04
gmres iter 440 linear residual 1.519e-04
gmres iter 450 linear residual 1.411e-04
gmres iter 460 linear residual 1.316e-04
gmres iter 470 linear residual 1.250e-04
gmres iter 480 linear residual 1.195e-04
gmres iter 490 linear residual 1.162e-04
gmres iter 500 linear residual 1.129e-04
gmres iter 510 linear residual 1.112e-04
gmres iter 520 linear residual 1.083e-04
gmres iter 530 linear residual 1.050e-04
gmres iter 540 linear residual 1.014e-04
gmres iter 550 linear residual 9.829e-05
gmres iter 560 linear residual 9.726e-05
gmres iter 570 linear residual 9.582e-05
gmres iter 580 linear residual 9.352e-05
gmres iter 590 linear residual 9.092e-05
gmres iter 600 linear residual 8.735e-05
gmres iter 610 linear residual 8.528e-05
gmres iter 620 linear residual 8.290e-05
gmres iter 630 linear residual 8.134e-05
gmres iter 640 linear residual 8.046e-05
gmres iter 650 linear residual 7.949e-05
gmres iter 660 linear residual 7.818e-05
gmres iter 670 linear residual 7.636e-05
gmres iter 680 linear residual 7.434e-05
gmres iter 690 linear residual 7.190e-05
gmres iter 700 linear residual 7.052e-05
gmres iter 710 linear residual 6.986e-05
gmres iter 720 linear residual 6.907e-05
gmres iter 730 linear residual 6.752e-05
gmres iter 740 linear residual 6.617e-05
gmres iter 750 linear residual 6.434e-05
gmres iter 760 linear residual 6.309e-05
gmres iter 770 linear residual 6.248e-05
gmres iter 780 linear residual 6.156e-05
gmres iter 790 linear residual 6.078e-05
gmres iter 800 linear residual 5.979e-05
gmres iter 810 linear residual 5.930e-05
gmres iter 820 linear residual 5.859e-05
gmres iter 830 linear residual 5.772e-05
gmres iter 840 linear residual 5.703e-05
gmres iter 850 linear residual 5.635e-05
gmres iter 860 linear residual 5.584e-05
gmres iter 870 linear residual 5.466e-05
gmres iter 880 linear residual 5.344e-05
gmres iter 890 linear residual 5.235e-05
gmres iter 900 linear residual 5.043e-05
gmres iter 910 linear residual 4.966e-05
gmres iter 920 linear residual 4.813e-05
gmres iter 930 linear residual 4.692e-05
gmres iter 940 linear residual 4.635e-05
gmres iter 950 linear residual 4.578e-05
gmres iter 960 linear residual 4.523e-05
gmres iter 970 linear residual 4.471e-05
gmres iter 980 linear residual 4.419e-05
linear solver hit the iteration cap (985 iterations, flag 10)
increment failed (gmres_iteration_cap); cutting step to 0.004688
SOLVER FAILED: no convergence at load 0.08438 even with the
minimum sub-step; results are only saved up to the last
converged increment boundary.
solver stats are saved to solver_stats.json
F and P are saved to output.csv
