---------------------------------------------
-- mixed FFT based solver, by WANG Mingchuan
---------------------------------------------
gmres restart length: 100
Ghat4 is formed (fourier discretization)...
this increment is 0.1 (target 0.1) ------------------------
gmres iter 10 linear residual 2.736e-05
gmres iter 20 linear residual 8.163e-08
res 4.214e-02 (F-block 6.615e-02 p-block 1.614e-02) alpha 1 eta 1.00e-06 iter times 22
gmres iter 10 linear residual 5.983e-05
gmres iter 20 linear residual 3.586e-07
res 2.207e-03 (F-block 2.430e-04 p-block 1.346e-04) alpha 1 eta 1.00e-06 iter times 25
gmres iter 10 linear residual 1.186e-04
gmres iter 20 linear residual 5.110e-07
res 1.927e-05 (F-block 7.948e-09 p-block 9.570e-09) alpha 1 eta 1.00e-06 iter times 27
time this step...20.868958234786987
now P is...
[[ 1.04054830e+00  1.46098179e-04 -7.71635547e-04]
 [ 1.45943556e-04 -2.61707686e-09  3.32614098e-03]
 [-7.69714282e-04  3.32648663e-03 -2.85000417e-09]]
now F is...
[[ 1.10000000e+00  5.29192271e-19  1.34161421e-19]
 [ 1.37888127e-19  9.56064826e-01 -5.43633257e-19]
 [-1.34161421e-19 -1.38819804e-19  9.56002235e-01]]
intermediate results saved (1 increments in output.csv)
this increment is 0.1 (target 0.2) ------------------------
gmres iter 10 linear residual 3.842e-05
gmres iter 20 linear residual 2.346e-07
res 3.802e-02 (F-block 7.035e-02 p-block 1.539e-02) alpha 1 eta 1.00e-06 iter times 24
gmres iter 10 linear residual 1.005e-04
gmres iter 20 linear residual 6.657e-07
res 2.529e-03 (F-block 2.970e-04 p-block 2.035e-04) alpha 1 eta 1.00e-06 iter times 27
gmres iter 10 linear residual 1.939e-04
gmres iter 20 linear residual 1.277e-06
gmres iter 30 linear residual 1.224e-08
res 2.388e-05 (F-block 1.694e-08 p-block 1.699e-08) alpha 1 eta 1.00e-06 iter times 30
time this step...24.23331332206726
now P is...
[[ 1.90796148e+00  1.65878957e-04 -1.44173051e-03]
 [ 1.65851328e-04 -5.07795370e-09  6.30746269e-03]
 [-1.43237217e-03  6.30883939e-03 -5.48397767e-09]]
now F is...
[[ 1.20000000e+00  6.40993455e-19  4.24844499e-19]
 [-2.01242131e-19  9.18525591e-01 -4.49068089e-19]
 [-1.26708009e-19  1.97515425e-19  9.18400426e-01]]
intermediate results saved (2 increments in output.csv)
this increment is 0.1 (target 0.30000000000000004) ------------------------
gmres iter 10 linear residual 5.755e-05
gmres iter 20 linear residual 4.547e-07
res 3.481e-02 (F-block 7.390e-02 p-block 1.465e-02) alpha 1 eta 1.00e-06 iter times 26
gmres iter 10 linear residual 1.424e-04
gmres iter 20 linear residual 1.389e-06
res 2.764e-03 (F-block 3.534e-04 p-block 2.746e-04) alpha 1 eta 1.00e-06 iter times 29
gmres iter 10 linear residual 2.637e-04
gmres iter 20 linear residual 2.606e-06
gmres iter 30 linear residual 3.039e-08
res 2.756e-05 (F-block 3.007e-08 p-block 2.559e-08) alpha 1 eta 1.00e-06 iter times 32
time this step...25.60908603668213
now P is...
[[ 2.65731659e+00  9.76760499e-05 -2.00603221e-03]
 [ 9.95280659e-05 -8.45548323e-09  9.14537022e-03]
 [-1.98313676e-03  9.14846674e-03 -9.06397801e-09]]
now F is...
[[ 1.30000000e+00 -4.77018385e-19  1.11055843e-18]
 [-8.94409472e-20  8.86116046e-01 -1.63975070e-19]
 [-6.26086631e-19  7.63974758e-19  8.85943269e-01]]
intermediate results saved (3 increments in output.csv)
finish!
solver stats are saved to solver_stats.json
F and P are saved to output.csv
