---------------------------------------------
-- mixed FFT based solver, by WANG Mingchuan
---------------------------------------------
gmres restart length: 100
Ghat4 is formed (fourier discretization)...
this increment is 0.1 (target 0.1) ------------------------
gmres iter 10 linear residual 1.137e-05
gmres iter 20 linear residual 8.834e-06
gmres iter 30 linear residual 3.637e-06
gmres iter 40 linear residual 1.362e-06
gmres iter 50 linear residual 6.725e-07
gmres iter 60 linear residual 3.975e-07
gmres iter 70 linear residual 2.330e-07
gmres iter 80 linear residual 1.408e-07
gmres iter 90 linear residual 8.859e-08
gmres iter 100 linear residual 5.384e-08
gmres iter 110 linear residual 3.002e-08
gmres iter 120 linear residual 1.458e-08
gmres iter 130 linear residual 7.292e-09
gmres iter 140 linear residual 4.745e-09
gmres iter 150 linear residual 2.687e-09
gmres iter 160 linear residual 1.490e-09
gmres iter 170 linear residual 7.163e-10
gmres iter 180 linear residual 4.138e-10
gmres iter 190 linear residual 2.673e-10
res 1.792e-01 (F-block 4.844e-01 p-block 7.725e-01) alpha 0.5 eta 1.00e-06 iter times 198
gmres iter 10 linear residual 3.351e-05
gmres iter 20 linear residual 1.089e-05
gmres iter 30 linear residual 5.917e-06
gmres iter 40 linear residual 3.692e-06
gmres iter 50 linear residual 2.279e-06
gmres iter 60 linear residual 1.417e-06
gmres iter 70 linear residual 8.416e-07
gmres iter 80 linear residual 5.293e-07
gmres iter 90 linear residual 3.237e-07
gmres iter 100 linear residual 2.036e-07
gmres iter 110 linear residual 1.497e-07
gmres iter 120 linear residual 9.650e-08
gmres iter 130 linear residual 5.812e-08
gmres iter 140 linear residual 3.342e-08
gmres iter 150 linear residual 1.956e-08
gmres iter 160 linear residual 1.129e-08
gmres iter 170 linear residual 7.376e-09
gmres iter 180 linear residual 4.783e-09
gmres iter 190 linear residual 2.678e-09
gmres iter 200 linear residual 1.414e-09
gmres iter 210 linear residual 1.012e-09
gmres iter 220 linear residual 6.322e-10
gmres iter 230 linear residual 4.072e-10
gmres iter 240 linear residual 2.913e-10
gmres iter 250 linear residual 2.022e-10
gmres iter 260 linear residual 1.249e-10
res 1.639e-02 (F-block 4.237e-01 p-block 6.786e-01) alpha 0.125 eta 1.00e-06 iter times 268
gmres iter 10 linear residual 1.146e-05
gmres iter 20 linear residual 6.391e-06
gmres iter 30 linear residual 4.294e-06
gmres iter 40 linear residual 2.469e-06
gmres iter 50 linear residual 1.551e-06
gmres iter 60 linear residual 9.973e-07
gmres iter 70 linear residual 6.342e-07
gmres iter 80 linear residual 3.812e-07
gmres iter 90 linear residual 2.234e-07
gmres iter 100 linear residual 1.364e-07
gmres iter 110 linear residual 1.008e-07
gmres iter 120 linear residual 6.572e-08
gmres iter 130 linear residual 4.194e-08
gmres iter 140 linear residual 2.658e-08
gmres iter 150 linear residual 1.525e-08
gmres iter 160 linear residual 8.862e-09
gmres iter 170 linear residual 5.178e-09
gmres iter 180 linear residual 3.425e-09
gmres iter 190 linear residual 2.330e-09
gmres iter 200 linear residual 1.267e-09
gmres iter 210 linear residual 9.075e-10
gmres iter 220 linear residual 5.773e-10
gmres iter 230 linear residual 3.738e-10
res 8.729e-02 (F-block 2.295e-02 p-block 1.993e-01) alpha 1 eta 1.00e-06 iter times 232
gmres iter 10 linear residual 1.801e-04
gmres iter 20 linear residual 1.094e-04
gmres iter 30 linear residual 7.928e-05
gmres iter 40 linear residual 5.224e-05
gmres iter 50 linear residual 3.296e-05
gmres iter 60 linear residual 2.145e-05
gmres iter 70 linear residual 1.386e-05
gmres iter 80 linear residual 8.319e-06
gmres iter 90 linear residual 5.326e-06
gmres iter 100 linear residual 3.064e-06
gmres iter 110 linear residual 2.434e-06
gmres iter 120 linear residual 1.710e-06
gmres iter 130 linear residual 1.127e-06
gmres iter 140 linear residual 7.107e-07
gmres iter 150 linear residual 4.408e-07
gmres iter 160 linear residual 2.514e-07
gmres iter 170 linear residual 1.370e-07
gmres iter 180 linear residual 8.438e-08
gmres iter 190 linear residual 5.175e-08
gmres iter 200 linear residual 3.398e-08
gmres iter 210 linear residual 2.724e-08
gmres iter 220 linear residual 1.967e-08
gmres iter 230 linear residual 1.263e-08
gmres iter 240 linear residual 7.278e-09
gmres iter 250 linear residual 4.020e-09
gmres iter 260 linear residual 2.352e-09
gmres iter 270 linear residual 1.451e-09
gmres iter 280 linear residual 9.113e-10
gmres iter 290 linear residual 5.709e-10
gmres iter 300 linear residual 4.039e-10
gmres iter 310 linear residual 3.361e-10
gmres iter 320 linear residual 2.700e-10
gmres iter 330 linear residual 1.626e-10
gmres iter 340 linear residual 1.049e-10
res 4.790e-02 (F-block 1.242e-02 p-block 1.347e-01) alpha 0.5 eta 1.00e-06 iter times 345
gmres iter 10 linear residual 1.806e-04
gmres iter 20 linear residual 1.024e-04
gmres iter 30 linear residual 7.145e-05
gmres iter 40 linear residual 4.453e-05
gmres iter 50 linear residual 2.748e-05
gmres iter 60 linear residual 1.525e-05
gmres iter 70 linear residual 1.023e-05
gmres iter 80 linear residual 5.985e-06
gmres iter 90 linear residual 3.534e-06
gmres iter 100 linear residual 2.277e-06
gmres iter 110 linear residual 1.687e-06
gmres iter 120 linear residual 1.080e-06
gmres iter 130 linear residual 6.569e-07
gmres iter 140 linear residual 4.320e-07
gmres iter 150 linear residual 2.247e-07
gmres iter 160 linear residual 1.278e-07
gmres iter 170 linear residual 7.326e-08
gmres iter 180 linear residual 4.612e-08
gmres iter 190 linear residual 2.968e-08
gmres iter 200 linear residual 1.850e-08
gmres iter 210 linear residual 1.342e-08
gmres iter 220 linear residual 9.090e-09
gmres iter 230 linear residual 5.923e-09
gmres iter 240 linear residual 3.281e-09
gmres iter 250 linear residual 1.925e-09
gmres iter 260 linear residual 1.066e-09
gmres iter 270 linear residual 6.967e-10
gmres iter 280 linear residual 4.090e-10
res 5.558e-02 (F-block 2.845e-03 p-block 1.346e-01) alpha 1 eta 1.00e-06 iter times 284
gmres iter 10 linear residual 2.039e-04
gmres iter 20 linear residual 1.095e-04
gmres iter 30 linear residual 5.509e-05
gmres iter 40 linear residual 3.679e-05
gmres iter 50 linear residual 1.880e-05
gmres iter 60 linear residual 1.092e-05
gmres iter 70 linear residual 7.174e-06
gmres iter 80 linear residual 3.562e-06
gmres iter 90 linear residual 2.008e-06
gmres iter 100 linear residual 1.471e-06
gmres iter 110 linear residual 9.439e-07
gmres iter 120 linear residual 5.093e-07
gmres iter 130 linear residual 3.114e-07
gmres iter 140 linear residual 1.899e-07
gmres iter 150 linear residual 1.115e-07
gmres iter 160 linear residual 6.145e-08
gmres iter 170 linear residual 3.756e-08
gmres iter 180 linear residual 2.275e-08
gmres iter 190 linear residual 1.187e-08
gmres iter 200 linear residual 8.239e-09
gmres iter 210 linear residual 5.268e-09
gmres iter 220 linear residual 3.520e-09
gmres iter 230 linear residual 2.098e-09
gmres iter 240 linear residual 1.182e-09
gmres iter 250 linear residual 7.028e-10
gmres iter 260 linear residual 4.144e-10
res 1.335e-02 (F-block 8.602e-04 p-block 2.797e-02) alpha 1 eta 1.00e-06 iter times 264
gmres iter 10 linear residual 2.245e-04
gmres iter 20 linear residual 1.216e-04
gmres iter 30 linear residual 4.316e-05
gmres iter 40 linear residual 2.650e-05
gmres iter 50 linear residual 1.839e-05
gmres iter 60 linear residual 8.946e-06
gmres iter 70 linear residual 4.282e-06
gmres iter 80 linear residual 2.473e-06
gmres iter 90 linear residual 1.677e-06
gmres iter 100 linear residual 1.015e-06
gmres iter 110 linear residual 7.200e-07
gmres iter 120 linear residual 4.779e-07
gmres iter 130 linear residual 2.933e-07
gmres iter 140 linear residual 1.597e-07
gmres iter 150 linear residual 8.292e-08
gmres iter 160 linear residual 5.086e-08
gmres iter 170 linear residual 3.327e-08
gmres iter 180 linear residual 1.747e-08
gmres iter 190 linear residual 9.245e-09
gmres iter 200 linear residual 4.615e-09
gmres iter 210 linear residual 3.386e-09
gmres iter 220 linear residual 2.282e-09
gmres iter 230 linear residual 1.372e-09
gmres iter 240 linear residual 7.871e-10
gmres iter 250 linear residual 4.264e-10
res 5.568e-03 (F-block 1.454e-04 p-block 1.164e-02) alpha 1 eta 1.00e-06 iter times 254
gmres iter 10 linear residual 2.396e-04
gmres iter 20 linear residual 1.464e-04
gmres iter 30 linear residual 4.012e-05
gmres iter 40 linear residual 1.585e-05
gmres iter 50 linear residual 1.095e-05
gmres iter 60 linear residual 7.571e-06
gmres iter 70 linear residual 4.092e-06
gmres iter 80 linear residual 1.921e-06
gmres iter 90 linear residual 9.055e-07
gmres iter 100 linear residual 4.778e-07
gmres iter 110 linear residual 3.357e-07
gmres iter 120 linear residual 2.224e-07
gmres iter 130 linear residual 1.395e-07
gmres iter 140 linear residual 8.240e-08
gmres iter 150 linear residual 4.708e-08
gmres iter 160 linear residual 2.401e-08
gmres iter 170 linear residual 1.191e-08
gmres iter 180 linear residual 7.628e-09
gmres iter 190 linear residual 4.724e-09
gmres iter 200 linear residual 2.820e-09
gmres iter 210 linear residual 2.047e-09
gmres iter 220 linear residual 1.335e-09
gmres iter 230 linear residual 8.124e-10
gmres iter 240 linear residual 4.561e-10
res 1.219e-03 (F-block 7.348e-06 p-block 5.855e-04) alpha 1 eta 1.00e-06 iter times 246
gmres iter 10 linear residual 2.586e-04
gmres iter 20 linear residual 1.503e-04
gmres iter 30 linear residual 3.476e-05
gmres iter 40 linear residual 1.343e-05
gmres iter 50 linear residual 9.371e-06
gmres iter 60 linear residual 6.530e-06
gmres iter 70 linear residual 3.573e-06
gmres iter 80 linear residual 1.627e-06
gmres iter 90 linear residual 7.427e-07
gmres iter 100 linear residual 3.799e-07
gmres iter 110 linear residual 2.688e-07
gmres iter 120 linear residual 1.780e-07
gmres iter 130 linear residual 1.103e-07
gmres iter 140 linear residual 6.452e-08
gmres iter 150 linear residual 3.468e-08
gmres iter 160 linear residual 1.790e-08
gmres iter 170 linear residual 9.096e-09
gmres iter 180 linear residual 5.879e-09
gmres iter 190 linear residual 3.709e-09
gmres iter 200 linear residual 2.293e-09
gmres iter 210 linear residual 1.649e-09
gmres iter 220 linear residual 1.071e-09
gmres iter 230 linear residual 6.780e-10
gmres iter 240 linear residual 3.808e-10
res 7.015e-05 (F-block 2.552e-08 p-block 2.384e-06) alpha 1 eta 1.00e-06 iter times 243
time this step...498.11037278175354
now P is...
[[ 1.10624668e+00  1.70746017e-04 -1.22920809e-03]
 [ 1.81794875e-04 -3.51054625e-08  8.71064392e-03]
 [-1.22191100e-03  8.72202674e-03 -4.99548051e-08]]
now F is...
[[ 1.10000000e+00 -6.78260517e-18 -2.11088089e-16]
 [ 1.69937800e-17  9.56480449e-01 -2.19596159e-17]
 [ 1.31910490e-16 -1.24065774e-16  9.56311681e-01]]
intermediate results saved (1 increments in output.csv)
this increment is 0.1 (target 0.2) ------------------------
gmres iter 10 linear residual 1.146e-05
gmres iter 20 linear residual 8.935e-06
gmres iter 30 linear residual 3.696e-06
gmres iter 40 linear residual 1.506e-06
gmres iter 50 linear residual 8.524e-07
gmres iter 60 linear residual 5.614e-07
gmres iter 70 linear residual 3.452e-07
gmres iter 80 linear residual 1.929e-07
gmres iter 90 linear residual 1.229e-07
gmres iter 100 linear residual 8.145e-08
gmres iter 110 linear residual 5.300e-08
gmres iter 120 linear residual 3.302e-08
gmres iter 130 linear residual 1.798e-08
gmres iter 140 linear residual 8.965e-09
gmres iter 150 linear residual 5.268e-09
gmres iter 160 linear residual 3.238e-09
gmres iter 170 linear residual 1.896e-09
gmres iter 180 linear residual 1.158e-09
gmres iter 190 linear residual 7.995e-10
gmres iter 200 linear residual 5.412e-10
res 9.330e-02 (F-block 7.460e-01 p-block 6.666e-01) alpha 0.25 eta 1.00e-06 iter times 209
gmres iter 10 linear residual 5.078e-06
gmres iter 20 linear residual 3.646e-06
gmres iter 30 linear residual 2.267e-06
gmres iter 40 linear residual 1.098e-06
gmres iter 50 linear residual 7.247e-07
gmres iter 60 linear residual 5.059e-07
gmres iter 70 linear residual 2.939e-07
gmres iter 80 linear residual 1.580e-07
gmres iter 90 linear residual 1.069e-07
gmres iter 100 linear residual 7.191e-08
gmres iter 110 linear residual 4.747e-08
gmres iter 120 linear residual 2.985e-08
gmres iter 130 linear residual 1.689e-08
gmres iter 140 linear residual 9.521e-09
gmres iter 150 linear residual 5.997e-09
gmres iter 160 linear residual 3.047e-09
gmres iter 170 linear residual 1.912e-09
gmres iter 180 linear residual 1.236e-09
gmres iter 190 linear residual 9.074e-10
gmres iter 200 linear residual 6.381e-10
gmres iter 210 linear residual 3.845e-10
res 1.092e-01 (F-block 5.121e-02 p-block 3.036e-01) alpha 1 eta 1.00e-06 iter times 212
gmres iter 10 linear residual 9.682e-05
gmres iter 20 linear residual 5.727e-05
gmres iter 30 linear residual 3.537e-05
gmres iter 40 linear residual 2.654e-05
gmres iter 50 linear residual 1.669e-05
gmres iter 60 linear residual 1.012e-05
gmres iter 70 linear residual 6.678e-06
gmres iter 80 linear residual 4.227e-06
gmres iter 90 linear residual 2.651e-06
gmres iter 100 linear residual 1.699e-06
gmres iter 110 linear residual 1.290e-06
gmres iter 120 linear residual 8.666e-07
gmres iter 130 linear residual 5.519e-07
gmres iter 140 linear residual 3.586e-07
gmres iter 150 linear residual 2.230e-07
gmres iter 160 linear residual 1.330e-07
gmres iter 170 linear residual 8.616e-08
gmres iter 180 linear residual 5.295e-08
gmres iter 190 linear residual 3.343e-08
gmres iter 200 linear residual 2.371e-08
gmres iter 210 linear residual 1.920e-08
gmres iter 220 linear residual 1.320e-08
gmres iter 230 linear residual 7.887e-09
gmres iter 240 linear residual 4.748e-09
gmres iter 250 linear residual 2.954e-09
gmres iter 260 linear residual 1.937e-09
gmres iter 270 linear residual 1.277e-09
gmres iter 280 linear residual 8.228e-10
gmres iter 290 linear residual 5.184e-10
gmres iter 300 linear residual 3.782e-10
gmres iter 310 linear residual 3.177e-10
gmres iter 320 linear residual 2.032e-10
gmres iter 330 linear residual 1.318e-10
gmres iter 340 linear residual 8.674e-11
res 7.899e-02 (F-block 2.625e-02 p-block 2.880e-01) alpha 0.5 eta 1.00e-06 iter times 341
gmres iter 10 linear residual 1.159e-04
gmres iter 20 linear residual 6.848e-05
gmres iter 30 linear residual 3.495e-05
gmres iter 40 linear residual 2.564e-05
gmres iter 50 linear residual 1.730e-05
gmres iter 60 linear residual 9.566e-06
gmres iter 70 linear residual 5.600e-06
gmres iter 80 linear residual 3.711e-06
gmres iter 90 linear residual 2.418e-06
gmres iter 100 linear residual 1.471e-06
gmres iter 110 linear residual 1.096e-06
gmres iter 120 linear residual 7.557e-07
gmres iter 130 linear residual 5.052e-07
gmres iter 140 linear residual 3.106e-07
gmres iter 150 linear residual 1.830e-07
gmres iter 160 linear residual 1.177e-07
gmres iter 170 linear residual 7.745e-08
gmres iter 180 linear residual 4.361e-08
gmres iter 190 linear residual 2.698e-08
gmres iter 200 linear residual 1.739e-08
gmres iter 210 linear residual 1.388e-08
gmres iter 220 linear residual 9.813e-09
gmres iter 230 linear residual 5.833e-09
gmres iter 240 linear residual 3.542e-09
gmres iter 250 linear residual 2.212e-09
gmres iter 260 linear residual 1.356e-09
gmres iter 270 linear residual 8.643e-10
gmres iter 280 linear residual 5.659e-10
gmres iter 290 linear residual 3.724e-10
res 5.150e-02 (F-block 1.341e-02 p-block 2.213e-01) alpha 0.5 eta 1.00e-06 iter times 294
gmres iter 10 linear residual 1.305e-04
gmres iter 20 linear residual 7.853e-05
gmres iter 30 linear residual 3.290e-05
gmres iter 40 linear residual 2.173e-05
gmres iter 50 linear residual 1.554e-05
gmres iter 60 linear residual 9.238e-06
gmres iter 70 linear residual 4.843e-06
gmres iter 80 linear residual 2.873e-06
gmres iter 90 linear residual 1.904e-06
gmres iter 100 linear residual 1.264e-06
gmres iter 110 linear residual 9.767e-07
gmres iter 120 linear residual 6.718e-07
gmres iter 130 linear residual 4.293e-07
gmres iter 140 linear residual 2.546e-07
gmres iter 150 linear residual 1.575e-07
gmres iter 160 linear residual 1.057e-07
gmres iter 170 linear residual 6.694e-08
gmres iter 180 linear residual 3.482e-08
gmres iter 190 linear residual 2.124e-08
gmres iter 200 linear residual 1.394e-08
gmres iter 210 linear residual 1.112e-08
gmres iter 220 linear residual 7.774e-09
gmres iter 230 linear residual 4.474e-09
gmres iter 240 linear residual 2.850e-09
gmres iter 250 linear residual 1.894e-09
gmres iter 260 linear residual 1.146e-09
gmres iter 270 linear residual 6.653e-10
gmres iter 280 linear residual 4.017e-10
res 6.164e-02 (F-block 9.628e-04 p-block 1.419e-01) alpha 1 eta 1.00e-06 iter times 285
gmres iter 10 linear residual 2.128e-04
gmres iter 20 linear residual 1.713e-04
gmres iter 30 linear residual 7.194e-05
gmres iter 40 linear residual 2.899e-05
gmres iter 50 linear residual 1.897e-05
gmres iter 60 linear residual 1.372e-05
gmres iter 70 linear residual 8.222e-06
gmres iter 80 linear residual 5.211e-06
gmres iter 90 linear residual 3.543e-06
gmres iter 100 linear residual 2.560e-06
gmres iter 110 linear residual 1.632e-06
gmres iter 120 linear residual 8.383e-07
gmres iter 130 linear residual 4.927e-07
gmres iter 140 linear residual 2.928e-07
gmres iter 150 linear residual 2.073e-07
gmres iter 160 linear residual 1.347e-07
gmres iter 170 linear residual 7.323e-08
gmres iter 180 linear residual 4.919e-08
gmres iter 190 linear residual 3.183e-08
gmres iter 200 linear residual 2.255e-08
gmres iter 210 linear residual 1.530e-08
gmres iter 220 linear residual 9.490e-09
gmres iter 230 linear residual 5.276e-09
gmres iter 240 linear residual 2.818e-09
gmres iter 250 linear residual 1.777e-09
gmres iter 260 linear residual 1.216e-09
gmres iter 270 linear residual 8.334e-10
gmres iter 280 linear residual 6.043e-10
gmres iter 290 linear residual 4.321e-10
res 8.197e-03 (F-block 2.316e-05 p-block 3.302e-03) alpha 1 eta 1.00e-06 iter times 297
gmres iter 10 linear residual 2.920e-04
gmres iter 20 linear residual 1.685e-04
gmres iter 30 linear residual 5.537e-05
gmres iter 40 linear residual 3.234e-05
gmres iter 50 linear residual 2.335e-05
gmres iter 60 linear residual 1.469e-05
gmres iter 70 linear residual 7.537e-06
gmres iter 80 linear residual 4.097e-06
gmres iter 90 linear residual 2.579e-06
gmres iter 100 linear residual 1.731e-06
gmres iter 110 linear residual 1.362e-06
gmres iter 120 linear residual 9.248e-07
gmres iter 130 linear residual 5.362e-07
gmres iter 140 linear residual 3.001e-07
gmres iter 150 linear residual 1.922e-07
gmres iter 160 linear residual 1.319e-07
gmres iter 170 linear residual 8.238e-08
gmres iter 180 linear residual 4.281e-08
gmres iter 190 linear residual 2.705e-08
gmres iter 200 linear residual 1.712e-08
gmres iter 210 linear residual 1.333e-08
gmres iter 220 linear residual 9.290e-09
gmres iter 230 linear residual 5.581e-09
gmres iter 240 linear residual 3.556e-09
gmres iter 250 linear residual 2.303e-09
gmres iter 260 linear residual 1.427e-09
gmres iter 270 linear residual 8.773e-10
gmres iter 280 linear residual 5.620e-10
gmres iter 290 linear residual 3.762e-10
res 2.566e-04 (F-block 4.889e-08 p-block 5.787e-06) alpha 1 eta 1.00e-06 iter times 293
time this step...247.57723093032837
now P is...
[[ 2.01872934e+00  2.05389159e-04 -1.94714478e-03]
 [ 2.57687260e-04 -6.04750846e-07  1.63105724e-02]
 [-1.92498325e-03  1.63496993e-02 -5.83095659e-07]]
now F is...
[[ 1.20000000e+00  5.20546313e-17 -7.80968538e-17]
 [-2.41281862e-16  9.20032848e-01  5.66310264e-17]
 [ 2.44844593e-16 -2.54384961e-16  9.19680809e-01]]
intermediate results saved (2 increments in output.csv)
this increment is 0.1 (target 0.30000000000000004) ------------------------
gmres iter 10 linear residual 1.155e-05
gmres iter 20 linear residual 9.022e-06
gmres iter 30 linear residual 3.818e-06
gmres iter 40 linear residual 1.791e-06
gmres iter 50 linear residual 1.176e-06
gmres iter 60 linear residual 8.073e-07
gmres iter 70 linear residual 4.771e-07
gmres iter 80 linear residual 2.652e-07
gmres iter 90 linear residual 1.580e-07
gmres iter 100 linear residual 1.184e-07
gmres iter 110 linear residual 8.094e-08
gmres iter 120 linear residual 4.987e-08
gmres iter 130 linear residual 3.088e-08
gmres iter 140 linear residual 1.978e-08
gmres iter 150 linear residual 1.196e-08
gmres iter 160 linear residual 6.668e-09
gmres iter 170 linear residual 4.186e-09
gmres iter 180 linear residual 2.235e-09
gmres iter 190 linear residual 1.453e-09
gmres iter 200 linear residual 1.113e-09
gmres iter 210 linear residual 7.451e-10
gmres iter 220 linear residual 4.704e-10
res 9.502e-02 (F-block 7.460e-01 p-block 6.650e-01) alpha 0.25 eta 1.00e-06 iter times 226
gmres iter 10 linear residual 5.067e-06
gmres iter 20 linear residual 3.711e-06
gmres iter 30 linear residual 2.297e-06
gmres iter 40 linear residual 1.160e-06
gmres iter 50 linear residual 7.908e-07
gmres iter 60 linear residual 5.469e-07
gmres iter 70 linear residual 3.152e-07
gmres iter 80 linear residual 1.771e-07
gmres iter 90 linear residual 1.169e-07
gmres iter 100 linear residual 8.477e-08
gmres iter 110 linear residual 5.479e-08
gmres iter 120 linear residual 3.474e-08
gmres iter 130 linear residual 2.240e-08
gmres iter 140 linear residual 1.331e-08
gmres iter 150 linear residual 7.629e-09
gmres iter 160 linear residual 4.739e-09
gmres iter 170 linear residual 2.650e-09
gmres iter 180 linear residual 1.818e-09
gmres iter 190 linear residual 1.299e-09
gmres iter 200 linear residual 9.733e-10
gmres iter 210 linear residual 6.595e-10
gmres iter 220 linear residual 4.108e-10
res 1.111e-01 (F-block 5.136e-02 p-block 3.575e-01) alpha 1 eta 1.00e-06 iter times 223
gmres iter 10 linear residual 9.664e-05
gmres iter 20 linear residual 5.794e-05
gmres iter 30 linear residual 3.662e-05
gmres iter 40 linear residual 2.751e-05
gmres iter 50 linear residual 1.747e-05
gmres iter 60 linear residual 1.091e-05
gmres iter 70 linear residual 7.290e-06
gmres iter 80 linear residual 4.662e-06
gmres iter 90 linear residual 2.998e-06
gmres iter 100 linear residual 1.942e-06
gmres iter 110 linear residual 1.482e-06
gmres iter 120 linear residual 1.018e-06
gmres iter 130 linear residual 6.580e-07
gmres iter 140 linear residual 4.336e-07
gmres iter 150 linear residual 2.775e-07
gmres iter 160 linear residual 1.676e-07
gmres iter 170 linear residual 1.092e-07
gmres iter 180 linear residual 6.862e-08
gmres iter 190 linear residual 4.386e-08
gmres iter 200 linear residual 3.176e-08
gmres iter 210 linear residual 2.604e-08
gmres iter 220 linear residual 1.824e-08
gmres iter 230 linear residual 1.107e-08
gmres iter 240 linear residual 6.932e-09
gmres iter 250 linear residual 4.321e-09
gmres iter 260 linear residual 2.885e-09
gmres iter 270 linear residual 1.946e-09
gmres iter 280 linear residual 1.291e-09
gmres iter 290 linear residual 8.536e-10
gmres iter 300 linear residual 6.394e-10
gmres iter 310 linear residual 5.135e-10
gmres iter 320 linear residual 3.569e-10
res 7.871e-02 (F-block 2.640e-02 p-block 3.314e-01) alpha 0.5 eta 1.00e-06 iter times 322
gmres iter 10 linear residual 1.164e-04
gmres iter 20 linear residual 6.969e-05
gmres iter 30 linear residual 3.737e-05
gmres iter 40 linear residual 2.781e-05
gmres iter 50 linear residual 1.847e-05
gmres iter 60 linear residual 1.047e-05
gmres iter 70 linear residual 6.521e-06
gmres iter 80 linear residual 4.391e-06
gmres iter 90 linear residual 2.839e-06
gmres iter 100 linear residual 1.776e-06
gmres iter 110 linear residual 1.355e-06
gmres iter 120 linear residual 9.379e-07
gmres iter 130 linear residual 6.297e-07
gmres iter 140 linear residual 4.043e-07
gmres iter 150 linear residual 2.477e-07
gmres iter 160 linear residual 1.591e-07
gmres iter 170 linear residual 1.051e-07
gmres iter 180 linear residual 6.191e-08
gmres iter 190 linear residual 4.031e-08
gmres iter 200 linear residual 2.674e-08
gmres iter 210 linear residual 2.150e-08
gmres iter 220 linear residual 1.577e-08
gmres iter 230 linear residual 9.686e-09
gmres iter 240 linear residual 5.966e-09
gmres iter 250 linear residual 3.782e-09
gmres iter 260 linear residual 2.377e-09
gmres iter 270 linear residual 1.574e-09
gmres iter 280 linear residual 1.061e-09
gmres iter 290 linear residual 7.124e-10
gmres iter 300 linear residual 5.183e-10
gmres iter 310 linear residual 4.093e-10
res 5.214e-02 (F-block 1.354e-02 p-block 2.557e-01) alpha 0.5 eta 1.00e-06 iter times 317
gmres iter 10 linear residual 1.317e-04
gmres iter 20 linear residual 8.011e-05
gmres iter 30 linear residual 3.632e-05
gmres iter 40 linear residual 2.535e-05
gmres iter 50 linear residual 1.779e-05
gmres iter 60 linear residual 1.027e-05
gmres iter 70 linear residual 5.789e-06
gmres iter 80 linear residual 3.803e-06
gmres iter 90 linear residual 2.602e-06
gmres iter 100 linear residual 1.679e-06
gmres iter 110 linear residual 1.282e-06
gmres iter 120 linear residual 9.126e-07
gmres iter 130 linear residual 6.246e-07
gmres iter 140 linear residual 3.845e-07
gmres iter 150 linear residual 2.302e-07
gmres iter 160 linear residual 1.531e-07
gmres iter 170 linear residual 1.031e-07
gmres iter 180 linear residual 5.878e-08
gmres iter 190 linear residual 3.685e-08
gmres iter 200 linear residual 2.416e-08
gmres iter 210 linear residual 1.966e-08
gmres iter 220 linear residual 1.410e-08
gmres iter 230 linear residual 8.446e-09
gmres iter 240 linear residual 5.326e-09
gmres iter 250 linear residual 3.487e-09
gmres iter 260 linear residual 2.182e-09
gmres iter 270 linear residual 1.375e-09
gmres iter 280 linear residual 8.808e-10
gmres iter 290 linear residual 5.948e-10
gmres iter 300 linear residual 4.378e-10
gmres iter 310 linear residual 3.498e-10
res 6.317e-02 (F-block 1.170e-03 p-block 1.704e-01) alpha 1 eta 1.00e-06 iter times 312
gmres iter 10 linear residual 1.888e-04
gmres iter 20 linear residual 1.518e-04
gmres iter 30 linear residual 6.476e-05
gmres iter 40 linear residual 3.119e-05
gmres iter 50 linear residual 2.229e-05
gmres iter 60 linear residual 1.546e-05
gmres iter 70 linear residual 8.683e-06
gmres iter 80 linear residual 5.427e-06
gmres iter 90 linear residual 3.887e-06
gmres iter 100 linear residual 2.814e-06
gmres iter 110 linear residual 1.922e-06
gmres iter 120 linear residual 1.136e-06
gmres iter 130 linear residual 6.697e-07
gmres iter 140 linear residual 4.464e-07
gmres iter 150 linear residual 2.902e-07
gmres iter 160 linear residual 1.910e-07
gmres iter 170 linear residual 1.181e-07
gmres iter 180 linear residual 8.306e-08
gmres iter 190 linear residual 6.126e-08
gmres iter 200 linear residual 4.170e-08
gmres iter 210 linear residual 2.820e-08
gmres iter 220 linear residual 1.829e-08
gmres iter 230 linear residual 1.184e-08
gmres iter 240 linear residual 7.177e-09
gmres iter 250 linear residual 4.465e-09
gmres iter 260 linear residual 2.954e-09
gmres iter 270 linear residual 1.983e-09
gmres iter 280 linear residual 1.502e-09
gmres iter 290 linear residual 1.123e-09
gmres iter 300 linear residual 7.773e-10
gmres iter 310 linear residual 5.017e-10
res 8.874e-03 (F-block 3.555e-05 p-block 4.917e-03) alpha 1 eta 1.00e-06 iter times 319
gmres iter 10 linear residual 3.039e-04
gmres iter 20 linear residual 1.705e-04
gmres iter 30 linear residual 6.809e-05
gmres iter 40 linear residual 4.654e-05
gmres iter 50 linear residual 3.242e-05
gmres iter 60 linear residual 1.828e-05
gmres iter 70 linear residual 9.870e-06
gmres iter 80 linear residual 6.399e-06
gmres iter 90 linear residual 4.389e-06
gmres iter 100 linear residual 2.767e-06
gmres iter 110 linear residual 2.056e-06
gmres iter 120 linear residual 1.465e-06
gmres iter 130 linear residual 9.974e-07
gmres iter 140 linear residual 6.081e-07
gmres iter 150 linear residual 3.493e-07
gmres iter 160 linear residual 2.290e-07
gmres iter 170 linear residual 1.569e-07
gmres iter 180 linear residual 9.269e-08
gmres iter 190 linear residual 6.029e-08
gmres iter 200 linear residual 3.846e-08
gmres iter 210 linear residual 3.059e-08
gmres iter 220 linear residual 2.191e-08
gmres iter 230 linear residual 1.357e-08
gmres iter 240 linear residual 8.937e-09
gmres iter 250 linear residual 6.025e-09
gmres iter 260 linear residual 3.834e-09
gmres iter 270 linear residual 2.487e-09
gmres iter 280 linear residual 1.532e-09
gmres iter 290 linear residual 1.025e-09
gmres iter 300 linear residual 7.152e-10
gmres iter 310 linear residual 5.495e-10
gmres iter 320 linear residual 3.872e-10
res 3.840e-04 (F-block 1.287e-07 p-block 1.649e-05) alpha 1 eta 1.00e-06 iter times 324
gmres iter 10 linear residual 2.195e-04
gmres iter 20 linear residual 1.496e-04
gmres iter 30 linear residual 5.631e-05
gmres iter 40 linear residual 3.310e-05
gmres iter 50 linear residual 2.374e-05
gmres iter 60 linear residual 1.507e-05
gmres iter 70 linear residual 8.219e-06
gmres iter 80 linear residual 4.624e-06
gmres iter 90 linear residual 3.031e-06
gmres iter 100 linear residual 2.111e-06
gmres iter 110 linear residual 1.668e-06
gmres iter 120 linear residual 1.154e-06
gmres iter 130 linear residual 7.005e-07
gmres iter 140 linear residual 4.216e-07
gmres iter 150 linear residual 2.756e-07
gmres iter 160 linear residual 1.903e-07
gmres iter 170 linear residual 1.188e-07
gmres iter 180 linear residual 6.298e-08
gmres iter 190 linear residual 4.242e-08
gmres iter 200 linear residual 2.823e-08
gmres iter 210 linear residual 2.190e-08
gmres iter 220 linear residual 1.537e-08
gmres iter 230 linear residual 9.381e-09
gmres iter 240 linear residual 6.222e-09
gmres iter 250 linear residual 4.299e-09
gmres iter 260 linear residual 2.782e-09
gmres iter 270 linear residual 1.684e-09
gmres iter 280 linear residual 1.010e-09
gmres iter 290 linear residual 6.972e-10
gmres iter 300 linear residual 4.937e-10
gmres iter 310 linear residual 3.766e-10
res 1.014e-06 (F-block 3.258e-12 p-block 3.088e-10) alpha 1 eta 1.00e-06 iter times 314
time this step...241.78128337860107
now P is...
[[ 2.80246390e+00  6.42581442e-05 -2.32529320e-03]
 [ 1.86347991e-04 -1.59542233e-11  2.35057369e-02]
 [-2.28726435e-03  2.35745797e-02 -1.18288405e-11]]
now F is...
[[ 1.30000000e+00  8.04372252e-17  8.23154851e-17]
 [-1.82936551e-16  8.89208698e-01  5.41598476e-16]
 [ 2.38076895e-16 -3.26153868e-16  8.88639987e-01]]
intermediate results saved (3 increments in output.csv)
finish!
solver stats are saved to solver_stats.json
F and P are saved to output.csv
