---------------------------------------------
-- mixed FFT based solver, by WANG Mingchuan
---------------------------------------------
gmres restart length: 100
Ghat4 is formed (fourier discretization)...
this increment is 0.1 (target 0.1) ------------------------
res 4.974e-02 (F-block 5.682e-02 p-block 3.034e-02) alpha 1 eta 1.00e-02 iter times 9
gmres iter 10 linear residual 7.620e-04
res 2.217e-03 (F-block 2.091e-04 p-block 8.746e-05) alpha 1 eta 1.87e-03 iter times 13
gmres iter 10 linear residual 8.705e-04
res 1.202e-05 (F-block 1.478e-07 p-block 6.805e-09) alpha 1 eta 1.00e-03 iter times 15
time this step...15.08175802230835
now P is...
[[ 1.11888213e+00  6.25304901e-04 -3.99613642e-03]
 [ 5.43466172e-04 -6.76344758e-09  3.78966173e-03]
 [-3.47136230e-03  3.78773349e-03  5.49109295e-09]]
now F is...
[[ 1.10000000e+00  1.04347772e-19  2.32919133e-20]
 [ 1.93788719e-19  9.56034039e-01 -5.26397242e-20]
 [-8.94409472e-20 -1.86335307e-20  9.55547608e-01]]
intermediate results saved (1 increments in output.csv)
this increment is 0.1 (target 0.2) ------------------------
res 4.513e-02 (F-block 5.805e-02 p-block 2.886e-02) alpha 1 eta 1.00e-02 iter times 9
gmres iter 10 linear residual 9.897e-04
res 2.108e-03 (F-block 1.903e-04 p-block 7.999e-05) alpha 1 eta 1.89e-03 iter times 14
gmres iter 10 linear residual 1.471e-03
gmres iter 20 linear residual 2.045e-05
res 1.185e-05 (F-block 7.056e-09 p-block 3.755e-09) alpha 1 eta 1.00e-03 iter times 23
time this step...18.535223484039307
now P is...
[[ 2.06420291e+00  8.21329341e-04 -9.20506655e-03]
 [ 6.28248213e-04 -9.57082064e-10  6.84739728e-03]
 [-7.03225910e-03  6.83879417e-03 -9.68360320e-10]]
now F is...
[[ 1.20000000e+00 -1.78881894e-19 -8.75775942e-20]
 [ 1.26708009e-19  9.17899577e-01 -9.17701386e-20]
 [ 5.96272982e-20  5.21738859e-20  9.16746324e-01]]
intermediate results saved (2 increments in output.csv)
this increment is 0.1 (target 0.30000000000000004) ------------------------
gmres iter 10 linear residual 8.694e-04
res 4.152e-02 (F-block 6.340e-02 p-block 2.591e-02) alpha 1 eta 1.00e-02 iter times 10
gmres iter 10 linear residual 1.182e-03
res 2.048e-03 (F-block 2.105e-04 p-block 7.839e-05) alpha 1 eta 2.11e-03 iter times 14
gmres iter 10 linear residual 2.634e-03
res 2.223e-05 (F-block 1.605e-07 p-block 1.972e-08) alpha 1 eta 1.00e-03 iter times 19
time this step...17.838787078857422
now P is...
[[ 2.88733350e+00  5.81461692e-04 -1.51842453e-02]
 [ 3.95597892e-04 -3.94731824e-09  9.26061811e-03]
 [-1.03080682e-02  9.24040927e-03  5.21646012e-10]]
now F is...
[[ 1.30000000e+00 -1.19254596e-19 -6.05589747e-20]
 [-2.68322842e-19  8.84455924e-01 -1.06211125e-19]
 [ 2.38509193e-19  4.47204736e-20  8.82525839e-01]]
intermediate results saved (3 increments in output.csv)
finish!
solver stats are saved to solver_stats.json
F and P are saved to output.csv
