---------------------------------------------
-- mixed FFT based solver, by WANG Mingchuan
---------------------------------------------
gmres restart length: 100
Ghat4 is formed (fourier discretization)...
this increment is 0.1 (target 0.1) ------------------------
gmres iter 10 linear residual 6.238e-04
gmres iter 20 linear residual 2.226e-06
res 5.017e-02 (F-block 6.196e-02 p-block 2.846e-02) alpha 1 eta 1.00e-06 iter times 27
gmres iter 10 linear residual 1.790e-03
gmres iter 20 linear residual 5.039e-06
res 2.473e-03 (F-block 2.220e-04 p-block 1.160e-04) alpha 1 eta 1.00e-06 iter times 27
gmres iter 10 linear residual 2.036e-03
gmres iter 20 linear residual 6.777e-06
res 1.125e-05 (F-block 6.463e-09 p-block 3.649e-09) alpha 1 eta 1.00e-06 iter times 28
time this step...25.62115502357483
now P is...
[[ 1.11888213e+00  6.25304795e-04 -3.99613621e-03]
 [ 5.43466061e-04 -1.21415094e-09  3.78966137e-03]
 [-3.47136217e-03  3.78773317e-03 -1.20769435e-09]]
now F is...
[[ 1.10000000e+00  9.09316297e-19  2.75776254e-19]
 [ 8.27328762e-19  9.56034040e-01  4.62344480e-20]
 [-6.26086631e-19  1.21117949e-19  9.55547607e-01]]
intermediate results saved (1 increments in output.csv)
this increment is 0.1 (target 0.2) ------------------------
gmres iter 10 linear residual 7.295e-04
gmres iter 20 linear residual 3.771e-06
res 4.553e-02 (F-block 6.271e-02 p-block 2.708e-02) alpha 1 eta 1.00e-06 iter times 28
gmres iter 10 linear residual 2.208e-03
gmres iter 20 linear residual 1.070e-05
gmres iter 30 linear residual 1.044e-07
res 2.228e-03 (F-block 1.933e-04 p-block 1.006e-04) alpha 1 eta 1.00e-06 iter times 30
gmres iter 10 linear residual 2.692e-03
gmres iter 20 linear residual 1.998e-05
gmres iter 30 linear residual 2.059e-07
res 8.728e-06 (F-block 4.102e-09 p-block 2.409e-09) alpha 1 eta 1.00e-06 iter times 31
time this step...29.202481985092163
now P is...
[[ 2.06420291e+00  8.21329312e-04 -9.20506651e-03]
 [ 6.28248189e-04 -7.27022042e-10  6.84739727e-03]
 [-7.03225907e-03  6.83879416e-03 -7.43443289e-10]]
now F is...
[[ 1.20000000e+00  5.32173636e-18 -2.55279370e-19]
 [-6.64844374e-18  9.17899577e-01  2.50620988e-19]
 [-2.98136491e-19  1.22235961e-18  9.16746324e-01]]
intermediate results saved (2 increments in output.csv)
this increment is 0.1 (target 0.30000000000000004) ------------------------
gmres iter 10 linear residual 1.059e-03
gmres iter 20 linear residual 1.010e-05
gmres iter 30 linear residual 2.172e-07
res 4.162e-02 (F-block 6.358e-02 p-block 2.591e-02) alpha 1 eta 1.00e-06 iter times 32
gmres iter 10 linear residual 2.765e-03
gmres iter 20 linear residual 2.395e-05
gmres iter 30 linear residual 4.803e-07
res 2.010e-03 (F-block 1.731e-04 p-block 8.458e-05) alpha 1 eta 1.00e-06 iter times 34
gmres iter 10 linear residual 3.864e-03
gmres iter 20 linear residual 6.631e-05
gmres iter 30 linear residual 1.069e-06
res 7.082e-06 (F-block 2.924e-09 p-block 1.483e-09) alpha 1 eta 1.00e-06 iter times 36
time this step...29.05586051940918
now P is...
[[ 2.88733350e+00  5.81462025e-04 -1.51842452e-02]
 [ 3.95598100e-04 -4.52465020e-10  9.26061790e-03]
 [-1.03080682e-02  9.24040910e-03 -4.59313722e-10]]
now F is...
[[ 1.30000000e+00  8.15403302e-18  6.88508958e-19]
 [-3.45838329e-18  8.84455924e-01  1.35885022e-18]
 [-1.13291866e-18 -7.75154876e-19  8.82525838e-01]]
intermediate results saved (3 increments in output.csv)
finish!
solver stats are saved to solver_stats.json
F and P are saved to output.csv
