---------------------------------------------
-- mixed FFT based solver, by WANG Mingchuan
---------------------------------------------
gmres restart length: 100
Ghat4 is formed (fourier discretization)...
this increment is 0.1 (target 0.1) ------------------------
gmres iter 10 linear residual 9.255e-03
gmres iter 20 linear residual 3.220e-03
gmres iter 30 linear residual 2.764e-03
gmres iter 40 linear residual 2.296e-03
gmres iter 50 linear residual 2.026e-03
gmres iter 60 linear residual 1.878e-03
gmres iter 70 linear residual 1.727e-03
gmres iter 80 linear residual 1.550e-03
gmres iter 90 linear residual 1.412e-03
gmres iter 100 linear residual 1.322e-03
gmres iter 110 linear residual 1.316e-03
gmres iter 120 linear residual 1.295e-03
gmres iter 130 linear residual 1.278e-03
gmres iter 140 linear residual 1.259e-03
gmres iter 150 linear residual 1.236e-03
gmres iter 160 linear residual 1.215e-03
gmres iter 170 linear residual 1.198e-03
gmres iter 180 linear residual 1.178e-03
gmres iter 190 linear residual 1.110e-03
gmres iter 200 linear residual 1.021e-03
gmres iter 210 linear residual 1.017e-03
gmres iter 220 linear residual 9.971e-04
gmres iter 230 linear residual 9.678e-04
gmres iter 240 linear residual 9.636e-04
gmres iter 250 linear residual 9.453e-04
gmres iter 260 linear residual 9.353e-04
gmres iter 270 linear residual 9.236e-04
gmres iter 280 linear residual 9.115e-04
gmres iter 290 linear residual 8.834e-04
gmres iter 300 linear residual 8.638e-04
gmres iter 310 linear residual 8.615e-04
gmres iter 320 linear residual 8.519e-04
gmres iter 330 linear residual 8.392e-04
gmres iter 340 linear residual 8.268e-04
gmres iter 350 linear residual 8.151e-04
gmres iter 360 linear residual 8.085e-04
gmres iter 370 linear residual 7.891e-04
gmres iter 380 linear residual 7.720e-04
gmres iter 390 linear residual 7.543e-04
gmres iter 400 linear residual 7.142e-04
gmres iter 410 linear residual 7.004e-04
gmres iter 420 linear residual 6.824e-04
gmres iter 430 linear residual 6.605e-04
gmres iter 440 linear residual 6.401e-04
gmres iter 450 linear residual 6.273e-04
gmres iter 460 linear residual 6.107e-04
gmres iter 470 linear residual 5.902e-04
gmres iter 480 linear residual 5.584e-04
gmres iter 490 linear residual 5.175e-04
gmres iter 500 linear residual 4.916e-04
gmres iter 510 linear residual 4.840e-04
gmres iter 520 linear residual 4.559e-04
gmres iter 530 linear residual 4.407e-04
gmres iter 540 linear residual 4.309e-04
gmres iter 550 linear residual 4.240e-04
gmres iter 560 linear residual 4.172e-04
gmres iter 570 linear residual 4.113e-04
gmres iter 580 linear residual 4.038e-04
gmres iter 590 linear residual 3.937e-04
gmres iter 600 linear residual 3.826e-04
gmres iter 610 linear residual 3.796e-04
gmres iter 620 linear residual 3.705e-04
gmres iter 630 linear residual 3.622e-04
gmres iter 640 linear residual 3.564e-04
gmres iter 650 linear residual 3.507e-04
gmres iter 660 linear residual 3.443e-04
gmres iter 670 linear residual 3.327e-04
gmres iter 680 linear residual 3.204e-04
gmres iter 690 linear residual 3.152e-04
gmres iter 700 linear residual 3.101e-04
gmres iter 710 linear residual 3.092e-04
gmres iter 720 linear residual 3.043e-04
gmres iter 730 linear residual 2.970e-04
gmres iter 740 linear residual 2.920e-04
gmres iter 750 linear residual 2.884e-04
gmres iter 760 linear residual 2.837e-04
gmres iter 770 linear residual 2.793e-04
gmres iter 780 linear residual 2.749e-04
gmres iter 790 linear residual 2.676e-04
gmres iter 800 linear residual 2.610e-04
gmres iter 810 linear residual 2.595e-04
gmres iter 820 linear residual 2.565e-04
gmres iter 830 linear residual 2.530e-04
gmres iter 840 linear residual 2.516e-04
gmres iter 850 linear residual 2.500e-04
gmres iter 860 linear residual 2.476e-04
gmres iter 870 linear residual 2.420e-04
gmres iter 880 linear residual 2.364e-04
gmres iter 890 linear residual 2.331e-04
gmres iter 900 linear residual 2.234e-04
gmres iter 910 linear residual 2.221e-04
gmres iter 920 linear residual 2.189e-04
gmres iter 930 linear residual 2.145e-04
gmres iter 940 linear residual 2.121e-04
gmres iter 950 linear residual 2.105e-04
gmres iter 960 linear residual 2.087e-04
gmres iter 970 linear residual 2.065e-04
gmres iter 980 linear residual 2.033e-04
gmres iter 990 linear residual 2.010e-04
gmres iter 1000 linear residual 1.994e-04
linear solver hit the iteration cap (1000 iterations, flag 10)
increment failed (gmres_iteration_cap); cutting step to 0.05
this increment is 0.05 (target 0.1) ------------------------
gmres iter 10 linear residual 8.486e-03
gmres iter 20 linear residual 2.677e-03
gmres iter 30 linear residual 1.281e-03
gmres iter 40 linear residual 9.083e-04
gmres iter 50 linear residual 8.665e-04
gmres iter 60 linear residual 6.897e-04
gmres iter 70 linear residual 6.282e-04
gmres iter 80 linear residual 5.760e-04
gmres iter 90 linear residual 5.231e-04
gmres iter 100 linear residual 4.986e-04
gmres iter 110 linear residual 4.964e-04
gmres iter 120 linear residual 4.954e-04
gmres iter 130 linear residual 4.799e-04
gmres iter 140 linear residual 4.703e-04
gmres iter 150 linear residual 4.627e-04
gmres iter 160 linear residual 4.413e-04
gmres iter 170 linear residual 4.315e-04
gmres iter 180 linear residual 3.975e-04
gmres iter 190 linear residual 3.888e-04
gmres iter 200 linear residual 3.538e-04
gmres iter 210 linear residual 3.512e-04
gmres iter 220 linear residual 3.467e-04
gmres iter 230 linear residual 3.380e-04
gmres iter 240 linear residual 3.336e-04
gmres iter 250 linear residual 3.214e-04
gmres iter 260 linear residual 3.183e-04
gmres iter 270 linear residual 3.031e-04
gmres iter 280 linear residual 2.997e-04
gmres iter 290 linear residual 2.778e-04
gmres iter 300 linear residual 2.715e-04
gmres iter 310 linear residual 2.708e-04
gmres iter 320 linear residual 2.562e-04
gmres iter 330 linear residual 2.510e-04
gmres iter 340 linear residual 2.359e-04
gmres iter 350 linear residual 2.335e-04
gmres iter 360 linear residual 2.225e-04
gmres iter 370 linear residual 2.195e-04
gmres iter 380 linear residual 2.114e-04
gmres iter 390 linear residual 2.083e-04
gmres iter 400 linear residual 1.964e-04
gmres iter 410 linear residual 1.918e-04
gmres iter 420 linear residual 1.892e-04
gmres iter 430 linear residual 1.830e-04
gmres iter 440 linear residual 1.819e-04
gmres iter 450 linear residual 1.763e-04
gmres iter 460 linear residual 1.755e-04
gmres iter 470 linear residual 1.712e-04
gmres iter 480 linear residual 1.696e-04
gmres iter 490 linear residual 1.674e-04
gmres iter 500 linear residual 1.656e-04
gmres iter 510 linear residual 1.653e-04
gmres iter 520 linear residual 1.640e-04
gmres iter 530 linear residual 1.632e-04
gmres iter 540 linear residual 1.611e-04
gmres iter 550 linear residual 1.598e-04
gmres iter 560 linear residual 1.564e-04
gmres iter 570 linear residual 1.557e-04
gmres iter 580 linear residual 1.537e-04
gmres iter 590 linear residual 1.532e-04
gmres iter 600 linear residual 1.519e-04
gmres iter 610 linear residual 1.513e-04
gmres iter 620 linear residual 1.508e-04
gmres iter 630 linear residual 1.491e-04
gmres iter 640 linear residual 1.480e-04
gmres iter 650 linear residual 1.460e-04
gmres iter 660 linear residual 1.448e-04
gmres iter 670 linear residual 1.420e-04
gmres iter 680 linear residual 1.406e-04
gmres iter 690 linear residual 1.400e-04
gmres iter 700 linear residual 1.396e-04
gmres iter 710 linear residual 1.396e-04
gmres iter 720 linear residual 1.392e-04
gmres iter 730 linear residual 1.389e-04
gmres iter 740 linear residual 1.375e-04
gmres iter 750 linear residual 1.372e-04
gmres iter 760 linear residual 1.357e-04
gmres iter 770 linear residual 1.348e-04
gmres iter 780 linear residual 1.334e-04
gmres iter 790 linear residual 1.330e-04
gmres iter 800 linear residual 1.320e-04
gmres iter 810 linear residual 1.313e-04
gmres iter 820 linear residual 1.311e-04
gmres iter 830 linear residual 1.303e-04
gmres iter 840 linear residual 1.300e-04
gmres iter 850 linear residual 1.289e-04
gmres iter 860 linear residual 1.287e-04
gmres iter 870 linear residual 1.282e-04
gmres iter 880 linear residual 1.268e-04
gmres iter 890 linear residual 1.267e-04
gmres iter 900 linear residual 1.261e-04
gmres iter 910 linear residual 1.261e-04
gmres iter 920 linear residual 1.260e-04
gmres iter 930 linear residual 1.257e-04
gmres iter 940 linear residual 1.247e-04
gmres iter 950 linear residual 1.246e-04
gmres iter 960 linear residual 1.242e-04
gmres iter 970 linear residual 1.240e-04
gmres iter 980 linear residual 1.234e-04
gmres iter 990 linear residual 1.228e-04
gmres iter 1000 linear residual 1.227e-04
linear solver hit the iteration cap (1000 iterations, flag 10)
increment failed (gmres_iteration_cap); cutting step to 0.025
this increment is 0.025 (target 0.1) ------------------------
gmres iter 10 linear residual 8.131e-03
gmres iter 20 linear residual 2.596e-03
gmres iter 30 linear residual 1.127e-03
gmres iter 40 linear residual 5.996e-04
gmres iter 50 linear residual 3.383e-04
gmres iter 60 linear residual 2.250e-04
gmres iter 70 linear residual 1.910e-04
gmres iter 80 linear residual 1.886e-04
gmres iter 90 linear residual 1.692e-04
gmres iter 100 linear residual 1.356e-04
gmres iter 110 linear residual 1.351e-04
gmres iter 120 linear residual 1.340e-04
gmres iter 130 linear residual 1.325e-04
gmres iter 140 linear residual 1.321e-04
gmres iter 150 linear residual 1.287e-04
gmres iter 160 linear residual 1.197e-04
gmres iter 170 linear residual 1.151e-04
gmres iter 180 linear residual 1.144e-04
gmres iter 190 linear residual 1.058e-04
gmres iter 200 linear residual 9.596e-05
gmres iter 210 linear residual 9.570e-05
gmres iter 220 linear residual 9.556e-05
gmres iter 230 linear residual 9.328e-05
gmres iter 240 linear residual 9.002e-05
gmres iter 250 linear residual 8.879e-05
gmres iter 260 linear residual 8.795e-05
gmres iter 270 linear residual 8.362e-05
gmres iter 280 linear residual 7.865e-05
gmres iter 290 linear residual 7.773e-05
gmres iter 300 linear residual 7.488e-05
gmres iter 310 linear residual 7.308e-05
gmres iter 320 linear residual 7.280e-05
gmres iter 330 linear residual 6.996e-05
gmres iter 340 linear residual 6.743e-05
gmres iter 350 linear residual 6.727e-05
gmres iter 360 linear residual 6.598e-05
gmres iter 370 linear residual 6.253e-05
gmres iter 380 linear residual 6.156e-05
gmres iter 390 linear residual 6.057e-05
gmres iter 400 linear residual 5.591e-05
gmres iter 410 linear residual 5.352e-05
gmres iter 420 linear residual 5.286e-05
gmres iter 430 linear residual 5.210e-05
gmres iter 440 linear residual 5.082e-05
gmres iter 450 linear residual 5.026e-05
gmres iter 460 linear residual 5.011e-05
gmres iter 470 linear residual 4.956e-05
gmres iter 480 linear residual 4.894e-05
gmres iter 490 linear residual 4.884e-05
gmres iter 500 linear residual 4.835e-05
gmres iter 510 linear residual 4.815e-05
gmres iter 520 linear residual 4.812e-05
gmres iter 530 linear residual 4.786e-05
gmres iter 540 linear residual 4.735e-05
gmres iter 550 linear residual 4.719e-05
gmres iter 560 linear residual 4.686e-05
gmres iter 570 linear residual 4.567e-05
gmres iter 580 linear residual 4.434e-05
gmres iter 590 linear residual 4.411e-05
gmres iter 600 linear residual 4.360e-05
gmres iter 610 linear residual 4.330e-05
gmres iter 620 linear residual 4.318e-05
gmres iter 630 linear residual 4.264e-05
gmres iter 640 linear residual 4.221e-05
gmres iter 650 linear residual 4.203e-05
gmres iter 660 linear residual 4.199e-05
gmres iter 670 linear residual 4.182e-05
gmres iter 680 linear residual 4.143e-05
gmres iter 690 linear residual 4.132e-05
gmres iter 700 linear residual 4.120e-05
gmres iter 710 linear residual 4.113e-05
gmres iter 720 linear residual 4.111e-05
gmres iter 730 linear residual 4.092e-05
gmres iter 740 linear residual 4.074e-05
gmres iter 750 linear residual 4.069e-05
gmres iter 760 linear residual 4.051e-05
gmres iter 770 linear residual 4.005e-05
gmres iter 780 linear residual 3.954e-05
gmres iter 790 linear residual 3.944e-05
gmres iter 800 linear residual 3.921e-05
gmres iter 810 linear residual 3.908e-05
gmres iter 820 linear residual 3.905e-05
gmres iter 830 linear residual 3.867e-05
gmres iter 840 linear residual 3.810e-05
gmres iter 850 linear residual 3.796e-05
gmres iter 860 linear residual 3.787e-05
gmres iter 870 linear residual 3.747e-05
gmres iter 880 linear residual 3.724e-05
gmres iter 890 linear residual 3.720e-05
gmres iter 900 linear residual 3.703e-05
gmres iter 910 linear residual 3.695e-05
gmres iter 920 linear residual 3.692e-05
gmres iter 930 linear residual 3.679e-05
gmres iter 940 linear residual 3.671e-05
gmres iter 950 linear residual 3.670e-05
gmres iter 960 linear residual 3.663e-05
gmres iter 970 linear residual 3.642e-05
gmres iter 980 linear residual 3.630e-05
gmres iter 990 linear residual 3.623e-05
gmres iter 1000 linear residual 3.595e-05
linear solver hit the iteration cap (1000 iterations, flag 10)
increment failed (gmres_iteration_cap); cutting step to 0.0125
this increment is 0.0125 (target 0.1) ------------------------
gmres iter 10 linear residual 7.967e-03
gmres iter 20 linear residual 2.583e-03
gmres iter 30 linear residual 1.112e-03
gmres iter 40 linear residual 5.708e-04
gmres iter 50 linear residual 3.026e-04
gmres iter 60 linear residual 1.725e-04
gmres iter 70 linear residual 1.025e-04
gmres iter 80 linear residual 6.843e-05
gmres iter 90 linear residual 4.739e-05
gmres iter 100 linear residual 3.655e-05
gmres iter 110 linear residual 3.646e-05
gmres iter 120 linear residual 3.619e-05
gmres iter 130 linear residual 3.538e-05
gmres iter 140 linear residual 3.386e-05
gmres iter 150 linear residual 3.249e-05
gmres iter 160 linear residual 3.196e-05
gmres iter 170 linear residual 3.188e-05
gmres iter 180 linear residual 3.086e-05
gmres iter 190 linear residual 2.748e-05
gmres iter 200 linear residual 2.288e-05
gmres iter 210 linear residual 2.114e-05
gmres iter 220 linear residual 2.022e-05
gmres iter 230 linear residual 1.955e-05
gmres iter 240 linear residual 1.945e-05
gmres iter 250 linear residual 1.920e-05
gmres iter 260 linear residual 1.832e-05
gmres iter 270 linear residual 1.722e-05
gmres iter 280 linear residual 1.639e-05
gmres iter 290 linear residual 1.594e-05
gmres iter 300 linear residual 1.587e-05
gmres iter 310 linear residual 1.587e-05
gmres iter 320 linear residual 1.577e-05
gmres iter 330 linear residual 1.537e-05
gmres iter 340 linear residual 1.492e-05
gmres iter 350 linear residual 1.460e-05
gmres iter 360 linear residual 1.437e-05
gmres iter 370 linear residual 1.433e-05
gmres iter 380 linear residual 1.430e-05
gmres iter 390 linear residual 1.413e-05
gmres iter 400 linear residual 1.380e-05
gmres iter 410 linear residual 1.360e-05
gmres iter 420 linear residual 1.349e-05
gmres iter 430 linear residual 1.345e-05
gmres iter 440 linear residual 1.344e-05
gmres iter 450 linear residual 1.339e-05
gmres iter 460 linear residual 1.323e-05
gmres iter 470 linear residual 1.294e-05
gmres iter 480 linear residual 1.252e-05
gmres iter 490 linear residual 1.216e-05
gmres iter 500 linear residual 1.212e-05
gmres iter 510 linear residual 1.212e-05
gmres iter 520 linear residual 1.201e-05
gmres iter 530 linear residual 1.176e-05
gmres iter 540 linear residual 1.150e-05
gmres iter 550 linear residual 1.141e-05
gmres iter 560 linear residual 1.137e-05
gmres iter 570 linear residual 1.135e-05
gmres iter 580 linear residual 1.135e-05
gmres iter 590 linear residual 1.133e-05
gmres iter 600 linear residual 1.126e-05
gmres iter 610 linear residual 1.122e-05
gmres iter 620 linear residual 1.119e-05
gmres iter 630 linear residual 1.119e-05
gmres iter 640 linear residual 1.119e-05
gmres iter 650 linear residual 1.115e-05
gmres iter 660 linear residual 1.099e-05
gmres iter 670 linear residual 1.042e-05
gmres iter 680 linear residual 9.926e-06
gmres iter 690 linear residual 9.703e-06
gmres iter 700 linear residual 9.687e-06
gmres iter 710 linear residual 9.686e-06
gmres iter 720 linear residual 9.619e-06
gmres iter 730 linear residual 9.428e-06
gmres iter 740 linear residual 9.238e-06
gmres iter 750 linear residual 9.133e-06
gmres iter 760 linear residual 9.102e-06
gmres iter 770 linear residual 9.091e-06
gmres iter 780 linear residual 9.088e-06
gmres iter 790 linear residual 9.083e-06
gmres iter 800 linear residual 9.075e-06
gmres iter 810 linear residual 9.073e-06
gmres iter 820 linear residual 9.070e-06
gmres iter 830 linear residual 9.069e-06
gmres iter 840 linear residual 9.066e-06
gmres iter 850 linear residual 9.055e-06
gmres iter 860 linear residual 9.014e-06
gmres iter 870 linear residual 8.932e-06
gmres iter 880 linear residual 8.769e-06
gmres iter 890 linear residual 8.657e-06
gmres iter 900 linear residual 8.624e-06
gmres iter 910 linear residual 8.623e-06
gmres iter 920 linear residual 8.585e-06
gmres iter 930 linear residual 8.444e-06
gmres iter 940 linear residual 8.336e-06
gmres iter 950 linear residual 8.258e-06
gmres iter 960 linear residual 8.233e-06
gmres iter 970 linear residual 8.227e-06
gmres iter 980 linear residual 8.222e-06
gmres iter 990 linear residual 8.217e-06
gmres iter 1000 linear residual 8.193e-06
linear solver hit the iteration cap (1000 iterations, flag 10)
increment failed (gmres_iteration_cap); cutting step to 0.00625
this increment is 0.00625 (target 0.1) ------------------------
gmres iter 10 linear residual 7.889e-03
gmres iter 20 linear residual 2.584e-03
gmres iter 30 linear residual 1.115e-03
gmres iter 40 linear residual 5.681e-04
gmres iter 50 linear residual 3.000e-04
gmres iter 60 linear residual 1.689e-04
gmres iter 70 linear residual 9.690e-05
gmres iter 80 linear residual 6.109e-05
gmres iter 90 linear residual 3.758e-05
gmres iter 100 linear residual 2.454e-05
gmres iter 110 linear residual 2.442e-05
gmres iter 120 linear residual 2.408e-05
gmres iter 130 linear residual 2.298e-05
gmres iter 140 linear residual 2.040e-05
gmres iter 150 linear residual 1.616e-05
gmres iter 160 linear residual 1.129e-05
gmres iter 170 linear residual 7.329e-06
gmres iter 180 linear residual 4.820e-06
gmres iter 190 linear residual 3.166e-06
gmres iter 200 linear residual 2.073e-06
gmres iter 210 linear residual 2.064e-06
gmres iter 220 linear residual 2.048e-06
gmres iter 230 linear residual 1.996e-06
gmres iter 240 linear residual 1.870e-06
gmres iter 250 linear residual 1.673e-06
gmres iter 260 linear residual 1.364e-06
gmres iter 270 linear residual 1.098e-06
gmres iter 280 linear residual 8.379e-07
gmres iter 290 linear residual 6.622e-07
gmres iter 300 linear residual 5.405e-07
gmres iter 310 linear residual 5.403e-07
gmres iter 320 linear residual 5.394e-07
gmres iter 330 linear residual 5.352e-07
gmres iter 340 linear residual 5.187e-07
gmres iter 350 linear residual 4.764e-07
gmres iter 360 linear residual 3.991e-07
gmres iter 370 linear residual 3.203e-07
gmres iter 380 linear residual 2.825e-07
gmres iter 390 linear residual 2.606e-07
gmres iter 400 linear residual 2.456e-07
gmres iter 410 linear residual 2.453e-07
gmres iter 420 linear residual 2.440e-07
gmres iter 430 linear residual 2.393e-07
gmres iter 440 linear residual 2.249e-07
gmres iter 450 linear residual 1.983e-07
gmres iter 460 linear residual 1.642e-07
gmres iter 470 linear residual 1.432e-07
gmres iter 480 linear residual 1.278e-07
gmres iter 490 linear residual 1.186e-07
gmres iter 500 linear residual 1.055e-07
gmres iter 510 linear residual 1.012e-07
gmres iter 520 linear residual 9.302e-08
gmres iter 530 linear residual 8.539e-08
gmres iter 540 linear residual 7.959e-08
gmres iter 550 linear residual 7.558e-08
gmres iter 560 linear residual 7.055e-08
gmres iter 570 linear residual 6.415e-08
gmres iter 580 linear residual 5.569e-08
gmres iter 590 linear residual 4.905e-08
gmres iter 600 linear residual 4.551e-08
gmres iter 610 linear residual 4.422e-08
gmres iter 620 linear residual 4.294e-08
gmres iter 630 linear residual 4.178e-08
gmres iter 640 linear residual 4.077e-08
gmres iter 650 linear residual 3.969e-08
gmres iter 660 linear residual 3.836e-08
gmres iter 670 linear residual 3.689e-08
gmres iter 680 linear residual 3.445e-08
gmres iter 690 linear residual 3.162e-08
gmres iter 700 linear residual 2.901e-08
gmres iter 710 linear residual 2.786e-08
gmres iter 720 linear residual 2.711e-08
gmres iter 730 linear residual 2.636e-08
gmres iter 740 linear residual 2.561e-08
gmres iter 750 linear residual 2.483e-08
gmres iter 760 linear residual 2.395e-08
gmres iter 770 linear residual 2.324e-08
gmres iter 780 linear residual 2.217e-08
gmres iter 790 linear residual 2.118e-08
gmres iter 800 linear residual 2.013e-08
gmres iter 810 linear residual 1.969e-08
gmres iter 820 linear residual 1.935e-08
gmres iter 830 linear residual 1.908e-08
gmres iter 840 linear residual 1.857e-08
gmres iter 850 linear residual 1.774e-08
gmres iter 860 linear residual 1.693e-08
gmres iter 870 linear residual 1.613e-08
gmres iter 880 linear residual 1.549e-08
gmres iter 890 linear residual 1.482e-08
gmres iter 900 linear residual 1.426e-08
gmres iter 910 linear residual 1.395e-08
gmres iter 920 linear residual 1.367e-08
gmres iter 930 linear residual 1.340e-08
gmres iter 940 linear residual 1.287e-08
gmres iter 950 linear residual 1.227e-08
gmres iter 960 linear residual 1.184e-08
gmres iter 970 linear residual 1.146e-08
gmres iter 980 linear residual 1.120e-08
gmres iter 990 linear residual 1.080e-08
linear solver hit the iteration cap (997 iterations, flag 10)
increment failed (gmres_iteration_cap); cutting step to 0.003125
SOLVER FAILED: no convergence at load 0 even with the
minimum sub-step; results are only saved up to the last
converged increment boundary.
solver stats are saved to solver_stats.json
F and P are saved to output.csv
