---------------------------------------------
-- mixed FFT based solver, by WANG Mingchuan
---------------------------------------------
gmres restart length: 100
Ghat4 is formed (fourier discretization)...
this increment is 0.1 (target 0.1) ------------------------
gmres iter 10 linear residual 3.912e-03
gmres iter 20 linear residual 1.471e-03
gmres iter 30 linear residual 9.172e-04
gmres iter 40 linear residual 4.856e-04
gmres iter 50 linear residual 4.466e-04
gmres iter 60 linear residual 3.816e-04
gmres iter 70 linear residual 3.303e-04
gmres iter 80 linear residual 3.080e-04
gmres iter 90 linear residual 2.601e-04
gmres iter 100 linear residual 2.457e-04
gmres iter 110 linear residual 2.173e-04
gmres iter 120 linear residual 2.143e-04
gmres iter 130 linear residual 2.142e-04
gmres iter 140 linear residual 2.105e-04
gmres iter 150 linear residual 2.094e-04
gmres iter 160 linear residual 2.062e-04
gmres iter 170 linear residual 2.047e-04
gmres iter 180 linear residual 1.989e-04
gmres iter 190 linear residual 1.964e-04
gmres iter 200 linear residual 1.891e-04
gmres iter 210 linear residual 1.864e-04
gmres iter 220 linear residual 1.769e-04
gmres iter 230 linear residual 1.767e-04
gmres iter 240 linear residual 1.743e-04
gmres iter 250 linear residual 1.732e-04
gmres iter 260 linear residual 1.712e-04
gmres iter 270 linear residual 1.701e-04
gmres iter 280 linear residual 1.664e-04
gmres iter 290 linear residual 1.641e-04
gmres iter 300 linear residual 1.577e-04
gmres iter 310 linear residual 1.554e-04
res 6.866e-02 (F-block 8.801e-02 p-block 5.203e-02) alpha 1 eta 1.00e-02 iter times 317
gmres iter 10 linear residual 7.210e-03
gmres iter 20 linear residual 2.701e-03
gmres iter 30 linear residual 1.537e-03
gmres iter 40 linear residual 8.802e-04
gmres iter 50 linear residual 5.708e-04
gmres iter 60 linear residual 4.332e-04
gmres iter 70 linear residual 3.358e-04
gmres iter 80 linear residual 2.786e-04
gmres iter 90 linear residual 2.024e-04
gmres iter 100 linear residual 1.428e-04
gmres iter 110 linear residual 1.201e-04
gmres iter 120 linear residual 1.122e-04
gmres iter 130 linear residual 1.091e-04
gmres iter 140 linear residual 1.088e-04
gmres iter 150 linear residual 1.081e-04
gmres iter 160 linear residual 1.052e-04
gmres iter 170 linear residual 9.750e-05
gmres iter 180 linear residual 8.920e-05
gmres iter 190 linear residual 8.452e-05
gmres iter 200 linear residual 8.268e-05
gmres iter 210 linear residual 8.204e-05
gmres iter 220 linear residual 8.199e-05
gmres iter 230 linear residual 8.181e-05
gmres iter 240 linear residual 8.172e-05
gmres iter 250 linear residual 8.157e-05
gmres iter 260 linear residual 8.105e-05
gmres iter 270 linear residual 8.018e-05
gmres iter 280 linear residual 7.846e-05
gmres iter 290 linear residual 7.683e-05
gmres iter 300 linear residual 7.590e-05
gmres iter 310 linear residual 7.512e-05
gmres iter 320 linear residual 7.489e-05
gmres iter 330 linear residual 7.483e-05
gmres iter 340 linear residual 7.480e-05
gmres iter 350 linear residual 7.437e-05
gmres iter 360 linear residual 7.278e-05
gmres iter 370 linear residual 7.201e-05
gmres iter 380 linear residual 7.120e-05
gmres iter 390 linear residual 7.055e-05
gmres iter 400 linear residual 6.994e-05
gmres iter 410 linear residual 6.988e-05
gmres iter 420 linear residual 6.949e-05
gmres iter 430 linear residual 6.783e-05
gmres iter 440 linear residual 6.655e-05
gmres iter 450 linear residual 6.607e-05
gmres iter 460 linear residual 6.595e-05
gmres iter 470 linear residual 6.589e-05
gmres iter 480 linear residual 6.468e-05
gmres iter 490 linear residual 6.248e-05
gmres iter 500 linear residual 6.003e-05
gmres iter 510 linear residual 5.911e-05
gmres iter 520 linear residual 5.899e-05
gmres iter 530 linear residual 5.888e-05
gmres iter 540 linear residual 5.882e-05
gmres iter 550 linear residual 5.847e-05
gmres iter 560 linear residual 5.764e-05
gmres iter 570 linear residual 5.580e-05
gmres iter 580 linear residual 5.440e-05
gmres iter 590 linear residual 5.388e-05
gmres iter 600 linear residual 5.384e-05
gmres iter 610 linear residual 5.335e-05
gmres iter 620 linear residual 5.236e-05
gmres iter 630 linear residual 5.175e-05
gmres iter 640 linear residual 5.127e-05
gmres iter 650 linear residual 5.112e-05
gmres iter 660 linear residual 5.111e-05
gmres iter 670 linear residual 5.106e-05
gmres iter 680 linear residual 5.099e-05
gmres iter 690 linear residual 5.096e-05
gmres iter 700 linear residual 5.092e-05
gmres iter 710 linear residual 5.089e-05
gmres iter 720 linear residual 5.069e-05
gmres iter 730 linear residual 5.050e-05
gmres iter 740 linear residual 5.044e-05
gmres iter 750 linear residual 5.042e-05
gmres iter 760 linear residual 5.040e-05
gmres iter 770 linear residual 5.039e-05
gmres iter 780 linear residual 5.036e-05
gmres iter 790 linear residual 5.035e-05
gmres iter 800 linear residual 5.031e-05
gmres iter 810 linear residual 5.022e-05
gmres iter 820 linear residual 5.011e-05
gmres iter 830 linear residual 5.004e-05
gmres iter 840 linear residual 5.002e-05
gmres iter 850 linear residual 5.001e-05
gmres iter 860 linear residual 5.000e-05
gmres iter 870 linear residual 4.997e-05
gmres iter 880 linear residual 4.995e-05
gmres iter 890 linear residual 4.993e-05
gmres iter 900 linear residual 4.991e-05
gmres iter 910 linear residual 4.991e-05
gmres iter 920 linear residual 4.985e-05
linear solver hit the iteration cap (927 iterations, flag 10)
increment failed (gmres_iteration_cap); cutting step to 0.05
this increment is 0.05 (target 0.1) ------------------------
gmres iter 10 linear residual 3.759e-03
gmres iter 20 linear residual 1.426e-03
gmres iter 30 linear residual 8.387e-04
gmres iter 40 linear residual 2.900e-04
gmres iter 50 linear residual 1.814e-04
gmres iter 60 linear residual 1.560e-04
gmres iter 70 linear residual 1.545e-04
gmres iter 80 linear residual 1.536e-04
gmres iter 90 linear residual 1.497e-04
gmres iter 100 linear residual 1.254e-04
gmres iter 110 linear residual 1.165e-04
gmres iter 120 linear residual 1.062e-04
gmres iter 130 linear residual 9.203e-05
gmres iter 140 linear residual 9.054e-05
gmres iter 150 linear residual 8.228e-05
res 3.338e-02 (F-block 4.305e-02 p-block 2.401e-02) alpha 1 eta 1.00e-02 iter times 152
gmres iter 10 linear residual 7.825e-03
gmres iter 20 linear residual 3.775e-03
gmres iter 30 linear residual 2.442e-03
gmres iter 40 linear residual 1.522e-03
gmres iter 50 linear residual 9.500e-04
gmres iter 60 linear residual 6.374e-04
gmres iter 70 linear residual 4.477e-04
gmres iter 80 linear residual 3.186e-04
gmres iter 90 linear residual 2.291e-04
gmres iter 100 linear residual 1.627e-04
gmres iter 110 linear residual 1.310e-04
gmres iter 120 linear residual 1.088e-04
gmres iter 130 linear residual 8.309e-05
gmres iter 140 linear residual 6.374e-05
gmres iter 150 linear residual 4.917e-05
gmres iter 160 linear residual 3.863e-05
gmres iter 170 linear residual 2.869e-05
gmres iter 180 linear residual 2.079e-05
gmres iter 190 linear residual 1.615e-05
gmres iter 200 linear residual 1.423e-05
gmres iter 210 linear residual 1.251e-05
gmres iter 220 linear residual 1.113e-05
gmres iter 230 linear residual 1.004e-05
gmres iter 240 linear residual 9.308e-06
gmres iter 250 linear residual 8.729e-06
gmres iter 260 linear residual 8.321e-06
gmres iter 270 linear residual 7.952e-06
gmres iter 280 linear residual 7.576e-06
gmres iter 290 linear residual 7.469e-06
gmres iter 300 linear residual 7.446e-06
gmres iter 310 linear residual 7.439e-06
gmres iter 320 linear residual 7.431e-06
gmres iter 330 linear residual 7.385e-06
gmres iter 340 linear residual 7.288e-06
gmres iter 350 linear residual 7.094e-06
gmres iter 360 linear residual 6.903e-06
gmres iter 370 linear residual 6.594e-06
gmres iter 380 linear residual 6.106e-06
gmres iter 390 linear residual 5.798e-06
gmres iter 400 linear residual 5.641e-06
gmres iter 410 linear residual 5.517e-06
gmres iter 420 linear residual 5.382e-06
gmres iter 430 linear residual 5.277e-06
gmres iter 440 linear residual 5.179e-06
gmres iter 450 linear residual 5.121e-06
gmres iter 460 linear residual 5.082e-06
gmres iter 470 linear residual 5.070e-06
gmres iter 480 linear residual 5.064e-06
gmres iter 490 linear residual 5.054e-06
gmres iter 500 linear residual 5.053e-06
gmres iter 510 linear residual 5.050e-06
gmres iter 520 linear residual 5.036e-06
gmres iter 530 linear residual 5.004e-06
gmres iter 540 linear residual 4.962e-06
gmres iter 550 linear residual 4.854e-06
gmres iter 560 linear residual 4.689e-06
gmres iter 570 linear residual 4.473e-06
gmres iter 580 linear residual 4.284e-06
gmres iter 590 linear residual 4.159e-06
gmres iter 600 linear residual 4.074e-06
gmres iter 610 linear residual 3.980e-06
gmres iter 620 linear residual 3.900e-06
gmres iter 630 linear residual 3.856e-06
gmres iter 640 linear residual 3.808e-06
gmres iter 650 linear residual 3.770e-06
gmres iter 660 linear residual 3.749e-06
gmres iter 670 linear residual 3.747e-06
gmres iter 680 linear residual 3.743e-06
res 1.036e-02 (F-block 5.219e-03 p-block 4.059e-03) alpha 1 eta 1.09e-03 iter times 682
gmres iter 10 linear residual 9.875e-03
gmres iter 20 linear residual 2.953e-03
gmres iter 30 linear residual 1.626e-03
gmres iter 40 linear residual 1.143e-03
gmres iter 50 linear residual 1.096e-03
gmres iter 60 linear residual 9.100e-04
gmres iter 70 linear residual 5.685e-04
gmres iter 80 linear residual 3.635e-04
gmres iter 90 linear residual 2.750e-04
gmres iter 100 linear residual 2.025e-04
gmres iter 110 linear residual 1.622e-04
gmres iter 120 linear residual 1.422e-04
gmres iter 130 linear residual 1.225e-04
gmres iter 140 linear residual 1.011e-04
gmres iter 150 linear residual 7.514e-05
gmres iter 160 linear residual 5.752e-05
gmres iter 170 linear residual 4.734e-05
gmres iter 180 linear residual 3.492e-05
gmres iter 190 linear residual 2.330e-05
gmres iter 200 linear residual 1.920e-05
gmres iter 210 linear residual 1.663e-05
res 2.649e-03 (F-block 7.649e-04 p-block 4.856e-04) alpha 1 eta 1.00e-02 iter times 211
gmres iter 10 linear residual 1.196e-02
gmres iter 20 linear residual 3.546e-03
gmres iter 30 linear residual 1.403e-03
gmres iter 40 linear residual 9.832e-04
gmres iter 50 linear residual 8.989e-04
gmres iter 60 linear residual 6.327e-04
gmres iter 70 linear residual 2.675e-04
gmres iter 80 linear residual 2.189e-04
gmres iter 90 linear residual 1.685e-04
gmres iter 100 linear residual 1.275e-04
gmres iter 110 linear residual 1.242e-04
gmres iter 120 linear residual 1.194e-04
gmres iter 130 linear residual 1.069e-04
gmres iter 140 linear residual 7.938e-05
gmres iter 150 linear residual 5.917e-05
gmres iter 160 linear residual 4.496e-05
gmres iter 170 linear residual 3.966e-05
gmres iter 180 linear residual 3.151e-05
gmres iter 190 linear residual 2.265e-05
gmres iter 200 linear residual 1.822e-05
res 4.717e-04 (F-block 3.893e-05 p-block 2.269e-05) alpha 1 eta 1.00e-02 iter times 200
gmres iter 10 linear residual 1.372e-02
gmres iter 20 linear residual 4.134e-03
gmres iter 30 linear residual 1.541e-03
gmres iter 40 linear residual 7.499e-04
gmres iter 50 linear residual 4.937e-04
gmres iter 60 linear residual 3.510e-04
gmres iter 70 linear residual 2.783e-04
gmres iter 80 linear residual 2.404e-04
gmres iter 90 linear residual 2.243e-04
gmres iter 100 linear residual 2.211e-04
gmres iter 110 linear residual 2.123e-04
gmres iter 120 linear residual 1.667e-04
gmres iter 130 linear residual 1.389e-04
gmres iter 140 linear residual 1.140e-04
gmres iter 150 linear residual 9.542e-05
gmres iter 160 linear residual 7.423e-05
gmres iter 170 linear residual 4.993e-05
gmres iter 180 linear residual 3.922e-05
gmres iter 190 linear residual 3.673e-05
gmres iter 200 linear residual 3.571e-05
gmres iter 210 linear residual 3.073e-05
gmres iter 220 linear residual 2.400e-05
gmres iter 230 linear residual 2.013e-05
gmres iter 240 linear residual 1.825e-05
gmres iter 250 linear residual 1.665e-05
gmres iter 260 linear residual 1.404e-05
gmres iter 270 linear residual 1.136e-05
gmres iter 280 linear residual 1.005e-05
res 7.219e-05 (F-block 9.810e-07 p-block 5.748e-07) alpha 1 eta 2.23e-03 iter times 283
time this step...243.34287452697754
this increment is 0.05 (target 0.1) ------------------------
gmres iter 10 linear residual 3.760e-03
gmres iter 20 linear residual 1.412e-03
gmres iter 30 linear residual 8.253e-04
gmres iter 40 linear residual 2.845e-04
gmres iter 50 linear residual 1.759e-04
gmres iter 60 linear residual 1.730e-04
gmres iter 70 linear residual 1.672e-04
gmres iter 80 linear residual 1.636e-04
gmres iter 90 linear residual 1.553e-04
gmres iter 100 linear residual 1.170e-04
gmres iter 110 linear residual 1.099e-04
gmres iter 120 linear residual 9.639e-05
gmres iter 130 linear residual 8.628e-05
gmres iter 140 linear residual 8.514e-05
gmres iter 150 linear residual 7.771e-05
res 3.195e-02 (F-block 4.262e-02 p-block 2.333e-02) alpha 1 eta 1.00e-02 iter times 150
gmres iter 10 linear residual 7.842e-03
gmres iter 20 linear residual 3.760e-03
gmres iter 30 linear residual 2.437e-03
gmres iter 40 linear residual 1.515e-03
gmres iter 50 linear residual 9.453e-04
gmres iter 60 linear residual 6.339e-04
gmres iter 70 linear residual 4.479e-04
gmres iter 80 linear residual 3.201e-04
gmres iter 90 linear residual 2.314e-04
gmres iter 100 linear residual 1.646e-04
gmres iter 110 linear residual 1.337e-04
gmres iter 120 linear residual 1.121e-04
gmres iter 130 linear residual 8.745e-05
gmres iter 140 linear residual 6.869e-05
gmres iter 150 linear residual 5.482e-05
gmres iter 160 linear residual 4.502e-05
gmres iter 170 linear residual 3.592e-05
gmres iter 180 linear residual 2.934e-05
gmres iter 190 linear residual 2.575e-05
gmres iter 200 linear residual 2.466e-05
gmres iter 210 linear residual 2.447e-05
gmres iter 220 linear residual 2.445e-05
gmres iter 230 linear residual 2.432e-05
gmres iter 240 linear residual 2.390e-05
gmres iter 250 linear residual 2.320e-05
gmres iter 260 linear residual 2.204e-05
gmres iter 270 linear residual 2.073e-05
gmres iter 280 linear residual 1.950e-05
gmres iter 290 linear residual 1.823e-05
gmres iter 300 linear residual 1.726e-05
gmres iter 310 linear residual 1.693e-05
gmres iter 320 linear residual 1.657e-05
gmres iter 330 linear residual 1.618e-05
gmres iter 340 linear residual 1.550e-05
gmres iter 350 linear residual 1.499e-05
gmres iter 360 linear residual 1.481e-05
gmres iter 370 linear residual 1.479e-05
gmres iter 380 linear residual 1.478e-05
gmres iter 390 linear residual 1.467e-05
gmres iter 400 linear residual 1.435e-05
gmres iter 410 linear residual 1.418e-05
gmres iter 420 linear residual 1.407e-05
gmres iter 430 linear residual 1.401e-05
gmres iter 440 linear residual 1.401e-05
gmres iter 450 linear residual 1.399e-05
gmres iter 460 linear residual 1.387e-05
gmres iter 470 linear residual 1.356e-05
gmres iter 480 linear residual 1.333e-05
gmres iter 490 linear residual 1.315e-05
gmres iter 500 linear residual 1.293e-05
gmres iter 510 linear residual 1.282e-05
gmres iter 520 linear residual 1.270e-05
gmres iter 530 linear residual 1.252e-05
gmres iter 540 linear residual 1.233e-05
gmres iter 550 linear residual 1.223e-05
gmres iter 560 linear residual 1.212e-05
gmres iter 570 linear residual 1.208e-05
gmres iter 580 linear residual 1.207e-05
gmres iter 590 linear residual 1.201e-05
gmres iter 600 linear residual 1.189e-05
gmres iter 610 linear residual 1.181e-05
gmres iter 620 linear residual 1.179e-05
gmres iter 630 linear residual 1.178e-05
gmres iter 640 linear residual 1.177e-05
gmres iter 650 linear residual 1.172e-05
gmres iter 660 linear residual 1.167e-05
gmres iter 670 linear residual 1.156e-05
gmres iter 680 linear residual 1.139e-05
gmres iter 690 linear residual 1.124e-05
gmres iter 700 linear residual 1.114e-05
gmres iter 710 linear residual 1.109e-05
gmres iter 720 linear residual 1.100e-05
gmres iter 730 linear residual 1.088e-05
gmres iter 740 linear residual 1.074e-05
gmres iter 750 linear residual 1.062e-05
gmres iter 760 linear residual 1.053e-05
gmres iter 770 linear residual 1.051e-05
gmres iter 780 linear residual 1.051e-05
gmres iter 790 linear residual 1.051e-05
gmres iter 800 linear residual 1.047e-05
gmres iter 810 linear residual 1.045e-05
gmres iter 820 linear residual 1.043e-05
gmres iter 830 linear residual 1.043e-05
gmres iter 840 linear residual 1.040e-05
gmres iter 850 linear residual 1.034e-05
gmres iter 860 linear residual 1.024e-05
gmres iter 870 linear residual 1.014e-05
gmres iter 880 linear residual 1.005e-05
gmres iter 890 linear residual 9.948e-06
gmres iter 900 linear residual 9.853e-06
gmres iter 910 linear residual 9.804e-06
gmres iter 920 linear residual 9.768e-06
gmres iter 930 linear residual 9.708e-06
gmres iter 940 linear residual 9.578e-06
gmres iter 950 linear residual 9.473e-06
gmres iter 960 linear residual 9.406e-06
gmres iter 970 linear residual 9.356e-06
gmres iter 980 linear residual 9.347e-06
gmres iter 990 linear residual 9.345e-06
gmres iter 1000 linear residual 9.331e-06
linear solver hit the iteration cap (1000 iterations, flag 10)
increment failed (gmres_iteration_cap); cutting step to 0.025
this increment is 0.025 (target 0.1) ------------------------
gmres iter 10 linear residual 3.685e-03
gmres iter 20 linear residual 1.406e-03
gmres iter 30 linear residual 8.088e-04
gmres iter 40 linear residual 2.716e-04
gmres iter 50 linear residual 1.732e-04
gmres iter 60 linear residual 1.662e-04
gmres iter 70 linear residual 1.449e-04
gmres iter 80 linear residual 9.862e-05
gmres iter 90 linear residual 4.460e-05
gmres iter 100 linear residual 3.892e-05
gmres iter 110 linear residual 3.859e-05
gmres iter 120 linear residual 3.725e-05
gmres iter 130 linear residual 3.312e-05
gmres iter 140 linear residual 2.806e-05
res 1.710e-02 (F-block 2.183e-02 p-block 1.318e-02) alpha 1 eta 1.00e-02 iter times 148
gmres iter 10 linear residual 8.119e-03
gmres iter 20 linear residual 3.841e-03
gmres iter 30 linear residual 2.460e-03
gmres iter 40 linear residual 1.572e-03
gmres iter 50 linear residual 1.032e-03
gmres iter 60 linear residual 7.109e-04
gmres iter 70 linear residual 5.061e-04
gmres iter 80 linear residual 3.587e-04
gmres iter 90 linear residual 2.606e-04
gmres iter 100 linear residual 1.903e-04
gmres iter 110 linear residual 1.570e-04
gmres iter 120 linear residual 1.290e-04
gmres iter 130 linear residual 9.755e-05
gmres iter 140 linear residual 7.454e-05
gmres iter 150 linear residual 5.800e-05
gmres iter 160 linear residual 4.510e-05
gmres iter 170 linear residual 3.232e-05
gmres iter 180 linear residual 2.240e-05
gmres iter 190 linear residual 1.628e-05
gmres iter 200 linear residual 1.354e-05
gmres iter 210 linear residual 1.206e-05
gmres iter 220 linear residual 1.077e-05
gmres iter 230 linear residual 9.336e-06
gmres iter 240 linear residual 8.334e-06
gmres iter 250 linear residual 7.526e-06
gmres iter 260 linear residual 6.920e-06
gmres iter 270 linear residual 6.378e-06
gmres iter 280 linear residual 5.995e-06
gmres iter 290 linear residual 5.666e-06
res 3.436e-03 (F-block 1.045e-03 p-block 8.970e-04) alpha 1 eta 1.00e-03 iter times 298
gmres iter 10 linear residual 9.332e-03
gmres iter 20 linear residual 2.931e-03
gmres iter 30 linear residual 1.501e-03
gmres iter 40 linear residual 9.148e-04
gmres iter 50 linear residual 6.341e-04
gmres iter 60 linear residual 4.524e-04
gmres iter 70 linear residual 3.238e-04
gmres iter 80 linear residual 2.855e-04
gmres iter 90 linear residual 2.571e-04
gmres iter 100 linear residual 2.144e-04
gmres iter 110 linear residual 1.442e-04
gmres iter 120 linear residual 9.952e-05
gmres iter 130 linear residual 8.119e-05
gmres iter 140 linear residual 6.975e-05
gmres iter 150 linear residual 5.844e-05
gmres iter 160 linear residual 4.848e-05
gmres iter 170 linear residual 4.369e-05
gmres iter 180 linear residual 4.156e-05
gmres iter 190 linear residual 3.985e-05
gmres iter 200 linear residual 3.764e-05
gmres iter 210 linear residual 3.507e-05
gmres iter 220 linear residual 3.361e-05
gmres iter 230 linear residual 3.200e-05
gmres iter 240 linear residual 2.984e-05
gmres iter 250 linear residual 2.795e-05
gmres iter 260 linear residual 2.653e-05
gmres iter 270 linear residual 2.443e-05
gmres iter 280 linear residual 2.342e-05
gmres iter 290 linear residual 2.238e-05
gmres iter 300 linear residual 2.147e-05
gmres iter 310 linear residual 2.047e-05
gmres iter 320 linear residual 1.967e-05
gmres iter 330 linear residual 1.866e-05
gmres iter 340 linear residual 1.726e-05
gmres iter 350 linear residual 1.572e-05
gmres iter 360 linear residual 1.500e-05
gmres iter 370 linear residual 1.405e-05
gmres iter 380 linear residual 1.339e-05
gmres iter 390 linear residual 1.275e-05
gmres iter 400 linear residual 1.213e-05
res 2.653e-04 (F-block 2.295e-05 p-block 1.483e-05) alpha 1 eta 2.62e-03 iter times 406
gmres iter 10 linear residual 1.685e-02
gmres iter 20 linear residual 5.687e-03
gmres iter 30 linear residual 2.471e-03
gmres iter 40 linear residual 1.291e-03
gmres iter 50 linear residual 7.878e-04
gmres iter 60 linear residual 6.193e-04
gmres iter 70 linear residual 5.660e-04
gmres iter 80 linear residual 5.194e-04
gmres iter 90 linear residual 4.839e-04
gmres iter 100 linear residual 4.568e-04
gmres iter 110 linear residual 4.498e-04
gmres iter 120 linear residual 4.418e-04
gmres iter 130 linear residual 4.369e-04
gmres iter 140 linear residual 4.248e-04
gmres iter 150 linear residual 3.874e-04
gmres iter 160 linear residual 3.478e-04
gmres iter 170 linear residual 3.103e-04
gmres iter 180 linear residual 3.011e-04
gmres iter 190 linear residual 2.905e-04
gmres iter 200 linear residual 2.617e-04
gmres iter 210 linear residual 2.496e-04
gmres iter 220 linear residual 2.411e-04
gmres iter 230 linear residual 2.282e-04
gmres iter 240 linear residual 1.949e-04
gmres iter 250 linear residual 1.728e-04
gmres iter 260 linear residual 1.591e-04
gmres iter 270 linear residual 1.472e-04
gmres iter 280 linear residual 1.370e-04
gmres iter 290 linear residual 1.294e-04
gmres iter 300 linear residual 1.269e-04
gmres iter 310 linear residual 1.252e-04
gmres iter 320 linear residual 1.199e-04
gmres iter 330 linear residual 1.151e-04
gmres iter 340 linear residual 1.104e-04
gmres iter 350 linear residual 1.006e-04
gmres iter 360 linear residual 9.412e-05
gmres iter 370 linear residual 9.358e-05
gmres iter 380 linear residual 9.309e-05
gmres iter 390 linear residual 8.824e-05
gmres iter 400 linear residual 7.534e-05
gmres iter 410 linear residual 6.891e-05
gmres iter 420 linear residual 6.607e-05
gmres iter 430 linear residual 6.414e-05
gmres iter 440 linear residual 6.035e-05
gmres iter 450 linear residual 5.600e-05
gmres iter 460 linear residual 5.048e-05
gmres iter 470 linear residual 4.495e-05
gmres iter 480 linear residual 4.158e-05
gmres iter 490 linear residual 4.015e-05
gmres iter 500 linear residual 3.863e-05
gmres iter 510 linear residual 3.745e-05
gmres iter 520 linear residual 3.559e-05
gmres iter 530 linear residual 3.291e-05
gmres iter 540 linear residual 3.150e-05
gmres iter 550 linear residual 3.082e-05
gmres iter 560 linear residual 3.026e-05
gmres iter 570 linear residual 2.898e-05
gmres iter 580 linear residual 2.717e-05
gmres iter 590 linear residual 2.398e-05
gmres iter 600 linear residual 1.993e-05
gmres iter 610 linear residual 1.827e-05
gmres iter 620 linear residual 1.777e-05
gmres iter 630 linear residual 1.739e-05
gmres iter 640 linear residual 1.665e-05
gmres iter 650 linear residual 1.545e-05
gmres iter 660 linear residual 1.366e-05
gmres iter 670 linear residual 1.245e-05
gmres iter 680 linear residual 1.179e-05
gmres iter 690 linear residual 1.138e-05
gmres iter 700 linear residual 1.074e-05
gmres iter 710 linear residual 1.039e-05
gmres iter 720 linear residual 1.017e-05
gmres iter 730 linear residual 9.868e-06
gmres iter 740 linear residual 9.358e-06
gmres iter 750 linear residual 8.790e-06
gmres iter 760 linear residual 8.278e-06
gmres iter 770 linear residual 7.588e-06
gmres iter 780 linear residual 7.296e-06
gmres iter 790 linear residual 7.098e-06
gmres iter 800 linear residual 6.761e-06
res 4.786e-05 (F-block 2.028e-06 p-block 1.297e-06) alpha 1 eta 1.00e-03 iter times 800
time this step...188.49300527572632
this increment is 0.024999999999999994 (target 0.1) ------------------------
gmres iter 10 linear residual 3.691e-03
gmres iter 20 linear residual 1.402e-03
gmres iter 30 linear residual 8.019e-04
gmres iter 40 linear residual 2.701e-04
gmres iter 50 linear residual 2.008e-04
gmres iter 60 linear residual 1.804e-04
gmres iter 70 linear residual 1.450e-04
gmres iter 80 linear residual 5.713e-05
gmres iter 90 linear residual 4.133e-05
gmres iter 100 linear residual 4.000e-05
gmres iter 110 linear residual 3.983e-05
gmres iter 120 linear residual 3.773e-05
gmres iter 130 linear residual 3.122e-05
gmres iter 140 linear residual 2.679e-05
res 1.670e-02 (F-block 2.167e-02 p-block 1.293e-02) alpha 1 eta 1.00e-02 iter times 144
gmres iter 10 linear residual 8.161e-03
gmres iter 20 linear residual 3.872e-03
gmres iter 30 linear residual 2.490e-03
gmres iter 40 linear residual 1.594e-03
gmres iter 50 linear residual 1.047e-03
gmres iter 60 linear residual 7.240e-04
gmres iter 70 linear residual 5.181e-04
gmres iter 80 linear residual 3.673e-04
gmres iter 90 linear residual 2.673e-04
gmres iter 100 linear residual 1.962e-04
gmres iter 110 linear residual 1.628e-04
gmres iter 120 linear residual 1.349e-04
gmres iter 130 linear residual 1.048e-04
gmres iter 140 linear residual 8.251e-05
gmres iter 150 linear residual 6.717e-05
gmres iter 160 linear residual 5.527e-05
gmres iter 170 linear residual 4.437e-05
gmres iter 180 linear residual 3.713e-05
gmres iter 190 linear residual 3.385e-05
gmres iter 200 linear residual 3.288e-05
gmres iter 210 linear residual 3.265e-05
gmres iter 220 linear residual 3.257e-05
gmres iter 230 linear residual 3.256e-05
gmres iter 240 linear residual 3.250e-05
gmres iter 250 linear residual 3.219e-05
gmres iter 260 linear residual 3.132e-05
gmres iter 270 linear residual 3.018e-05
gmres iter 280 linear residual 2.865e-05
gmres iter 290 linear residual 2.638e-05
gmres iter 300 linear residual 2.417e-05
gmres iter 310 linear residual 2.327e-05
gmres iter 320 linear residual 2.232e-05
gmres iter 330 linear residual 2.144e-05
gmres iter 340 linear residual 2.035e-05
gmres iter 350 linear residual 1.955e-05
gmres iter 360 linear residual 1.907e-05
gmres iter 370 linear residual 1.888e-05
gmres iter 380 linear residual 1.877e-05
gmres iter 390 linear residual 1.875e-05
gmres iter 400 linear residual 1.873e-05
gmres iter 410 linear residual 1.873e-05
gmres iter 420 linear residual 1.872e-05
gmres iter 430 linear residual 1.868e-05
gmres iter 440 linear residual 1.857e-05
gmres iter 450 linear residual 1.833e-05
gmres iter 460 linear residual 1.776e-05
gmres iter 470 linear residual 1.720e-05
gmres iter 480 linear residual 1.676e-05
gmres iter 490 linear residual 1.621e-05
gmres iter 500 linear residual 1.543e-05
gmres iter 510 linear residual 1.498e-05
gmres iter 520 linear residual 1.472e-05
gmres iter 530 linear residual 1.437e-05
gmres iter 540 linear residual 1.413e-05
gmres iter 550 linear residual 1.387e-05
gmres iter 560 linear residual 1.368e-05
gmres iter 570 linear residual 1.357e-05
gmres iter 580 linear residual 1.350e-05
gmres iter 590 linear residual 1.345e-05
gmres iter 600 linear residual 1.344e-05
gmres iter 610 linear residual 1.344e-05
gmres iter 620 linear residual 1.344e-05
gmres iter 630 linear residual 1.340e-05
gmres iter 640 linear residual 1.332e-05
gmres iter 650 linear residual 1.321e-05
gmres iter 660 linear residual 1.303e-05
gmres iter 670 linear residual 1.284e-05
gmres iter 680 linear residual 1.250e-05
gmres iter 690 linear residual 1.209e-05
gmres iter 700 linear residual 1.178e-05
gmres iter 710 linear residual 1.162e-05
gmres iter 720 linear residual 1.139e-05
gmres iter 730 linear residual 1.113e-05
gmres iter 740 linear residual 1.101e-05
gmres iter 750 linear residual 1.093e-05
gmres iter 760 linear residual 1.087e-05
gmres iter 770 linear residual 1.081e-05
gmres iter 780 linear residual 1.076e-05
gmres iter 790 linear residual 1.074e-05
gmres iter 800 linear residual 1.074e-05
gmres iter 810 linear residual 1.074e-05
gmres iter 820 linear residual 1.073e-05
gmres iter 830 linear residual 1.072e-05
gmres iter 840 linear residual 1.069e-05
gmres iter 850 linear residual 1.064e-05
gmres iter 860 linear residual 1.056e-05
gmres iter 870 linear residual 1.050e-05
gmres iter 880 linear residual 1.038e-05
gmres iter 890 linear residual 1.002e-05
gmres iter 900 linear residual 9.444e-06
gmres iter 910 linear residual 9.298e-06
gmres iter 920 linear residual 9.150e-06
gmres iter 930 linear residual 8.964e-06
gmres iter 940 linear residual 8.849e-06
gmres iter 950 linear residual 8.814e-06
gmres iter 960 linear residual 8.803e-06
gmres iter 970 linear residual 8.789e-06
gmres iter 980 linear residual 8.771e-06
gmres iter 990 linear residual 8.767e-06
gmres iter 1000 linear residual 8.766e-06
linear solver hit the iteration cap (1000 iterations, flag 10)
increment failed (gmres_iteration_cap); cutting step to 0.0125
this increment is 0.012499999999999997 (target 0.1) ------------------------
gmres iter 10 linear residual 3.655e-03
gmres iter 20 linear residual 1.403e-03
gmres iter 30 linear residual 7.978e-04
gmres iter 40 linear residual 2.717e-04
gmres iter 50 linear residual 1.965e-04
gmres iter 60 linear residual 1.764e-04
gmres iter 70 linear residual 1.416e-04
gmres iter 80 linear residual 4.962e-05
gmres iter 90 linear residual 2.834e-05
gmres iter 100 linear residual 2.344e-05
gmres iter 110 linear residual 1.844e-05
gmres iter 120 linear residual 1.354e-05
res 8.497e-03 (F-block 1.079e-02 p-block 6.742e-03) alpha 1 eta 1.00e-02 iter times 125
gmres iter 10 linear residual 8.897e-03
gmres iter 20 linear residual 4.511e-03
gmres iter 30 linear residual 3.003e-03
gmres iter 40 linear residual 1.990e-03
gmres iter 50 linear residual 1.336e-03
gmres iter 60 linear residual 9.457e-04
gmres iter 70 linear residual 6.750e-04
gmres iter 80 linear residual 4.867e-04
gmres iter 90 linear residual 3.590e-04
gmres iter 100 linear residual 2.618e-04
gmres iter 110 linear residual 2.141e-04
gmres iter 120 linear residual 1.794e-04
gmres iter 130 linear residual 1.400e-04
gmres iter 140 linear residual 1.102e-04
gmres iter 150 linear residual 8.615e-05
gmres iter 160 linear residual 6.802e-05
gmres iter 170 linear residual 5.379e-05
gmres iter 180 linear residual 4.469e-05
gmres iter 190 linear residual 3.939e-05
gmres iter 200 linear residual 3.680e-05
gmres iter 210 linear residual 3.578e-05
gmres iter 220 linear residual 3.518e-05
gmres iter 230 linear residual 3.453e-05
gmres iter 240 linear residual 3.413e-05
gmres iter 250 linear residual 3.389e-05
gmres iter 260 linear residual 3.377e-05
gmres iter 270 linear residual 3.365e-05
gmres iter 280 linear residual 3.360e-05
gmres iter 290 linear residual 3.360e-05
gmres iter 300 linear residual 3.358e-05
gmres iter 310 linear residual 3.358e-05
gmres iter 320 linear residual 3.358e-05
gmres iter 330 linear residual 3.358e-05
gmres iter 340 linear residual 3.358e-05
gmres iter 350 linear residual 3.357e-05
gmres iter 360 linear residual 3.356e-05
gmres iter 370 linear residual 3.353e-05
gmres iter 380 linear residual 3.347e-05
gmres iter 390 linear residual 3.332e-05
gmres iter 400 linear residual 3.282e-05
gmres iter 410 linear residual 3.263e-05
gmres iter 420 linear residual 3.248e-05
gmres iter 430 linear residual 3.237e-05
gmres iter 440 linear residual 3.230e-05
gmres iter 450 linear residual 3.227e-05
gmres iter 460 linear residual 3.223e-05
gmres iter 470 linear residual 3.219e-05
gmres iter 480 linear residual 3.218e-05
gmres iter 490 linear residual 3.217e-05
gmres iter 500 linear residual 3.213e-05
gmres iter 510 linear residual 3.213e-05
gmres iter 520 linear residual 3.213e-05
gmres iter 530 linear residual 3.213e-05
gmres iter 540 linear residual 3.212e-05
gmres iter 550 linear residual 3.212e-05
gmres iter 560 linear residual 3.211e-05
gmres iter 570 linear residual 3.208e-05
gmres iter 580 linear residual 3.205e-05
gmres iter 590 linear residual 3.203e-05
gmres iter 600 linear residual 3.198e-05
gmres iter 610 linear residual 3.197e-05
gmres iter 620 linear residual 3.197e-05
gmres iter 630 linear residual 3.194e-05
gmres iter 640 linear residual 3.186e-05
gmres iter 650 linear residual 3.182e-05
gmres iter 660 linear residual 3.181e-05
gmres iter 670 linear residual 3.181e-05
gmres iter 680 linear residual 3.179e-05
gmres iter 690 linear residual 3.176e-05
gmres iter 700 linear residual 3.165e-05
gmres iter 710 linear residual 3.160e-05
gmres iter 720 linear residual 3.158e-05
gmres iter 730 linear residual 3.154e-05
gmres iter 740 linear residual 3.152e-05
gmres iter 750 linear residual 3.152e-05
gmres iter 760 linear residual 3.150e-05
gmres iter 770 linear residual 3.145e-05
gmres iter 780 linear residual 3.142e-05
gmres iter 790 linear residual 3.142e-05
gmres iter 800 linear residual 3.140e-05
gmres iter 810 linear residual 3.139e-05
gmres iter 820 linear residual 3.139e-05
gmres iter 830 linear residual 3.138e-05
gmres iter 840 linear residual 3.134e-05
gmres iter 850 linear residual 3.132e-05
gmres iter 860 linear residual 3.132e-05
gmres iter 870 linear residual 3.132e-05
gmres iter 880 linear residual 3.131e-05
gmres iter 890 linear residual 3.130e-05
gmres iter 900 linear residual 3.129e-05
gmres iter 910 linear residual 3.128e-05
gmres iter 920 linear residual 3.128e-05
gmres iter 930 linear residual 3.128e-05
gmres iter 940 linear residual 3.127e-05
gmres iter 950 linear residual 3.125e-05
gmres iter 960 linear residual 3.125e-05
gmres iter 970 linear residual 3.124e-05
gmres iter 980 linear residual 3.123e-05
gmres iter 990 linear residual 3.120e-05
gmres iter 1000 linear residual 3.112e-05
linear solver hit the iteration cap (1000 iterations, flag 10)
increment failed (gmres_iteration_cap); cutting step to 0.00625
this increment is 0.006249999999999999 (target 0.1) ------------------------
gmres iter 10 linear residual 3.638e-03
gmres iter 20 linear residual 1.405e-03
gmres iter 30 linear residual 7.968e-04
gmres iter 40 linear residual 2.739e-04
gmres iter 50 linear residual 1.959e-04
gmres iter 60 linear residual 1.761e-04
gmres iter 70 linear residual 1.414e-04
gmres iter 80 linear residual 4.920e-05
gmres iter 90 linear residual 2.719e-05
gmres iter 100 linear residual 2.190e-05
gmres iter 110 linear residual 1.656e-05
res 4.200e-03 (F-block 5.176e-03 p-block 3.594e-03) alpha 1 eta 1.00e-02 iter times 117
gmres iter 10 linear residual 1.284e-02
gmres iter 20 linear residual 8.309e-03
gmres iter 30 linear residual 5.883e-03
gmres iter 40 linear residual 3.972e-03
gmres iter 50 linear residual 2.637e-03
gmres iter 60 linear residual 1.865e-03
gmres iter 70 linear residual 1.347e-03
gmres iter 80 linear residual 9.803e-04
gmres iter 90 linear residual 7.135e-04
gmres iter 100 linear residual 5.127e-04
gmres iter 110 linear residual 4.211e-04
gmres iter 120 linear residual 3.584e-04
gmres iter 130 linear residual 2.824e-04
gmres iter 140 linear residual 2.165e-04
gmres iter 150 linear residual 1.646e-04
gmres iter 160 linear residual 1.243e-04
gmres iter 170 linear residual 9.805e-05
gmres iter 180 linear residual 8.036e-05
gmres iter 190 linear residual 6.760e-05
gmres iter 200 linear residual 5.890e-05
gmres iter 210 linear residual 5.635e-05
gmres iter 220 linear residual 5.522e-05
gmres iter 230 linear residual 5.372e-05
gmres iter 240 linear residual 5.194e-05
gmres iter 250 linear residual 5.043e-05
gmres iter 260 linear residual 4.920e-05
gmres iter 270 linear residual 4.814e-05
gmres iter 280 linear residual 4.729e-05
gmres iter 290 linear residual 4.621e-05
gmres iter 300 linear residual 4.420e-05
gmres iter 310 linear residual 4.316e-05
gmres iter 320 linear residual 4.262e-05
gmres iter 330 linear residual 4.178e-05
gmres iter 340 linear residual 4.089e-05
gmres iter 350 linear residual 3.998e-05
gmres iter 360 linear residual 3.891e-05
gmres iter 370 linear residual 3.756e-05
gmres iter 380 linear residual 3.641e-05
gmres iter 390 linear residual 3.543e-05
gmres iter 400 linear residual 3.418e-05
gmres iter 410 linear residual 3.338e-05
gmres iter 420 linear residual 3.272e-05
gmres iter 430 linear residual 3.174e-05
gmres iter 440 linear residual 3.090e-05
gmres iter 450 linear residual 3.029e-05
gmres iter 460 linear residual 2.979e-05
gmres iter 470 linear residual 2.929e-05
gmres iter 480 linear residual 2.872e-05
gmres iter 490 linear residual 2.818e-05
gmres iter 500 linear residual 2.738e-05
gmres iter 510 linear residual 2.680e-05
gmres iter 520 linear residual 2.632e-05
gmres iter 530 linear residual 2.589e-05
gmres iter 540 linear residual 2.556e-05
gmres iter 550 linear residual 2.521e-05
gmres iter 560 linear residual 2.458e-05
gmres iter 570 linear residual 2.350e-05
gmres iter 580 linear residual 2.249e-05
gmres iter 590 linear residual 2.177e-05
gmres iter 600 linear residual 2.132e-05
gmres iter 610 linear residual 2.088e-05
gmres iter 620 linear residual 2.029e-05
gmres iter 630 linear residual 1.934e-05
gmres iter 640 linear residual 1.874e-05
gmres iter 650 linear residual 1.839e-05
gmres iter 660 linear residual 1.811e-05
gmres iter 670 linear residual 1.785e-05
gmres iter 680 linear residual 1.756e-05
gmres iter 690 linear residual 1.708e-05
gmres iter 700 linear residual 1.625e-05
gmres iter 710 linear residual 1.579e-05
gmres iter 720 linear residual 1.553e-05
gmres iter 730 linear residual 1.536e-05
gmres iter 740 linear residual 1.502e-05
gmres iter 750 linear residual 1.473e-05
gmres iter 760 linear residual 1.445e-05
gmres iter 770 linear residual 1.407e-05
gmres iter 780 linear residual 1.350e-05
gmres iter 790 linear residual 1.311e-05
gmres iter 800 linear residual 1.275e-05
gmres iter 810 linear residual 1.256e-05
gmres iter 820 linear residual 1.229e-05
gmres iter 830 linear residual 1.179e-05
gmres iter 840 linear residual 1.143e-05
gmres iter 850 linear residual 1.112e-05
gmres iter 860 linear residual 1.095e-05
gmres iter 870 linear residual 1.077e-05
gmres iter 880 linear residual 1.058e-05
gmres iter 890 linear residual 1.039e-05
gmres iter 900 linear residual 1.006e-05
gmres iter 910 linear residual 9.797e-06
gmres iter 920 linear residual 9.622e-06
gmres iter 930 linear residual 9.453e-06
gmres iter 940 linear residual 9.296e-06
gmres iter 950 linear residual 9.175e-06
gmres iter 960 linear residual 9.034e-06
gmres iter 970 linear residual 8.628e-06
gmres iter 980 linear residual 8.340e-06
gmres iter 990 linear residual 8.118e-06
gmres iter 1000 linear residual 7.795e-06
linear solver hit the iteration cap (1000 iterations, flag 10)
increment failed (gmres_iteration_cap); cutting step to 0.003125
SOLVER FAILED: no convergence at load 0.075 even with the
minimum sub-step; results are only saved up to the last
converged increment boundary.
solver stats are saved to solver_stats.json
F and P are saved to output.csv
