---------------------------------------------
-- mixed FFT based solver, by WANG Mingchuan
---------------------------------------------
gmres restart length: 100
Ghat4 is formed (fourier discretization)...
this increment is 0.1 (target 0.1) ------------------------
gmres iter 10 linear residual 1.724e-03
res 5.021e-02 (F-block 6.253e-02 p-block 2.783e-02) alpha 1 eta 1.00e-02 iter times 11
gmres iter 10 linear residual 1.771e-03
res 2.458e-03 (F-block 2.233e-04 p-block 1.123e-04) alpha 1 eta 2.11e-03 iter times 14
gmres iter 10 linear residual 2.113e-03
res 1.159e-05 (F-block 7.753e-08 p-block 1.047e-08) alpha 1 eta 1.00e-03 iter times 16
time this step...15.095012426376343
now P is...
[[ 1.11888213e+00  6.25304931e-04 -3.99613626e-03]
 [ 5.43466214e-04 -3.42103107e-09  3.78966145e-03]
 [-3.47136220e-03  3.78773322e-03  1.59861083e-09]]
now F is...
[[ 1.10000000e+00  2.83229666e-19  1.66304261e-19]
 [ 1.26708009e-19  9.56034040e-01 -2.34083729e-20]
 [-1.49068245e-19 -1.11801184e-19  9.55547607e-01]]
intermediate results saved (1 increments in output.csv)
this increment is 0.1 (target 0.2) ------------------------
gmres iter 10 linear residual 1.786e-03
res 4.556e-02 (F-block 6.273e-02 p-block 2.627e-02) alpha 1 eta 1.00e-02 iter times 11
gmres iter 10 linear residual 2.223e-03
res 2.228e-03 (F-block 1.903e-04 p-block 9.643e-05) alpha 1 eta 2.08e-03 iter times 15
gmres iter 10 linear residual 2.960e-03
res 8.991e-06 (F-block 7.880e-08 p-block 1.380e-08) alpha 1 eta 1.00e-03 iter times 17
time this step...16.812703132629395
now P is...
[[ 2.06420291e+00  8.21329363e-04 -9.20506646e-03]
 [ 6.28248258e-04 -2.40803319e-09  6.84739738e-03]
 [-7.03225901e-03  6.83879422e-03 -4.61538711e-10]]
now F is...
[[ 1.20000000e+00  4.17391087e-19  5.03105328e-20]
 [ 2.38509193e-19  9.17899576e-01 -1.63742151e-19]
 [-4.17391087e-19  1.11801184e-19  9.16746324e-01]]
intermediate results saved (2 increments in output.csv)
this increment is 0.1 (target 0.30000000000000004) ------------------------
gmres iter 10 linear residual 1.851e-03
res 4.164e-02 (F-block 6.364e-02 p-block 2.521e-02) alpha 1 eta 1.00e-02 iter times 11
gmres iter 10 linear residual 2.862e-03
res 2.030e-03 (F-block 1.710e-04 p-block 8.116e-05) alpha 1 eta 2.11e-03 iter times 16
gmres iter 10 linear residual 4.566e-03
gmres iter 20 linear residual 1.115e-04
res 7.973e-06 (F-block 5.587e-08 p-block 1.136e-08) alpha 1 eta 1.00e-03 iter times 20
time this step...17.985761642456055
now P is...
[[ 2.88733350e+00  5.81461895e-04 -1.51842451e-02]
 [ 3.95597975e-04 -7.64502865e-10  9.26061791e-03]
 [-1.03080682e-02  9.24040912e-03 -5.66153506e-10]]
now F is...
[[ 1.30000000e+00  1.05838454e-18 -3.54037083e-20]
 [-2.83229666e-19  8.84455924e-01  4.28571206e-20]
 [-1.49068245e-18 -1.49068245e-19  8.82525838e-01]]
intermediate results saved (3 increments in output.csv)
finish!
solver stats are saved to solver_stats.json
F and P are saved to output.csv
