---------------------------------------------
-- mixed FFT based solver, by WANG Mingchuan
---------------------------------------------
gmres restart length: 100
Ghat4 is formed (fourier discretization)...
this increment is 0.1 (target 0.1) ------------------------
gmres iter 10 linear residual 2.166e-05
gmres iter 20 linear residual 1.287e-05
gmres iter 30 linear residual 5.921e-06
gmres iter 40 linear residual 3.445e-06
gmres iter 50 linear residual 1.044e-06
res 1.846e-01 (F-block 1.101e-01 p-block 8.703e-01) alpha 1 eta 1.00e-02 iter times 54
gmres iter 10 linear residual 4.975e-04
gmres iter 20 linear residual 1.658e-04
gmres iter 30 linear residual 8.646e-05
gmres iter 40 linear residual 4.568e-05
gmres iter 50 linear residual 2.535e-05
gmres iter 60 linear residual 1.530e-05
gmres iter 70 linear residual 7.263e-06
gmres iter 80 linear residual 3.728e-06
gmres iter 90 linear residual 1.895e-06
res 2.268e-02 (F-block 1.013e-01 p-block 7.704e-01) alpha 0.125 eta 1.00e-02 iter times 92
gmres iter 10 linear residual 1.958e-04
gmres iter 20 linear residual 1.114e-04
gmres iter 30 linear residual 5.525e-05
gmres iter 40 linear residual 3.249e-05
gmres iter 50 linear residual 1.915e-05
gmres iter 60 linear residual 8.491e-06
gmres iter 70 linear residual 4.444e-06
gmres iter 80 linear residual 2.446e-06
res 1.221e-01 (F-block 4.087e-02 p-block 3.697e-01) alpha 1 eta 1.00e-02 iter times 83
gmres iter 10 linear residual 4.768e-04
gmres iter 20 linear residual 2.138e-04
gmres iter 30 linear residual 1.268e-04
gmres iter 40 linear residual 6.858e-05
gmres iter 50 linear residual 3.815e-05
gmres iter 60 linear residual 2.850e-05
gmres iter 70 linear residual 1.841e-05
gmres iter 80 linear residual 8.827e-06
gmres iter 90 linear residual 4.226e-06
res 7.561e-02 (F-block 1.506e-02 p-block 2.155e-01) alpha 1 eta 1.00e-02 iter times 99
gmres iter 10 linear residual 3.841e-04
gmres iter 20 linear residual 1.296e-04
gmres iter 30 linear residual 6.492e-05
gmres iter 40 linear residual 4.145e-05
gmres iter 50 linear residual 1.999e-05
gmres iter 60 linear residual 8.960e-06
gmres iter 70 linear residual 4.114e-06
res 2.525e-02 (F-block 5.500e-03 p-block 6.210e-02) alpha 1 eta 1.00e-02 iter times 72
gmres iter 10 linear residual 3.174e-04
gmres iter 20 linear residual 1.121e-04
gmres iter 30 linear residual 5.952e-05
gmres iter 40 linear residual 2.380e-05
gmres iter 50 linear residual 1.266e-05
gmres iter 60 linear residual 7.300e-06
gmres iter 70 linear residual 4.059e-06
gmres iter 80 linear residual 1.918e-06
gmres iter 90 linear residual 8.464e-07
res 1.204e-02 (F-block 1.793e-03 p-block 3.460e-02) alpha 1 eta 1.00e-02 iter times 96
gmres iter 10 linear residual 3.983e-04
gmres iter 20 linear residual 1.129e-04
gmres iter 30 linear residual 4.329e-05
gmres iter 40 linear residual 2.545e-05
gmres iter 50 linear residual 1.006e-05
gmres iter 60 linear residual 4.596e-06
gmres iter 70 linear residual 2.418e-06
gmres iter 80 linear residual 1.375e-06
gmres iter 90 linear residual 5.552e-07
res 5.617e-03 (F-block 3.297e-04 p-block 1.249e-02) alpha 1 eta 1.00e-02 iter times 92
gmres iter 10 linear residual 4.454e-04
gmres iter 20 linear residual 1.419e-04
gmres iter 30 linear residual 3.457e-05
gmres iter 40 linear residual 1.755e-05
gmres iter 50 linear residual 9.946e-06
gmres iter 60 linear residual 5.763e-06
gmres iter 70 linear residual 3.306e-06
gmres iter 80 linear residual 1.356e-06
res 1.418e-03 (F-block 1.573e-05 p-block 6.058e-04) alpha 1 eta 1.00e-02 iter times 89
gmres iter 10 linear residual 4.685e-04
gmres iter 20 linear residual 1.474e-04
gmres iter 30 linear residual 3.382e-05
gmres iter 40 linear residual 1.756e-05
gmres iter 50 linear residual 1.004e-05
gmres iter 60 linear residual 3.772e-06
gmres iter 70 linear residual 1.499e-06
gmres iter 80 linear residual 7.413e-07
gmres iter 90 linear residual 3.707e-07
gmres iter 100 linear residual 2.025e-07
gmres iter 110 linear residual 9.153e-08
res 7.526e-05 (F-block 3.737e-08 p-block 2.074e-06) alpha 1 eta 2.12e-03 iter times 110
time this step...190.56261920928955
now P is...
[[ 1.10808035e+00  3.28710997e-04 -1.18956471e-03]
 [ 3.45862882e-04 -4.33380152e-08  8.68637962e-03]
 [-1.17998039e-03  8.70202590e-03 -4.86584416e-08]]
now F is...
[[ 1.10000000e+00 -8.89192084e-18  1.96322879e-17]
 [-1.19850869e-17  9.56533537e-01  4.00881779e-17]
 [-1.17018573e-17  6.55900280e-19  9.56321560e-01]]
intermediate results saved (1 increments in output.csv)
this increment is 0.1 (target 0.2) ------------------------
gmres iter 10 linear residual 2.205e-05
gmres iter 20 linear residual 1.306e-05
gmres iter 30 linear residual 5.964e-06
gmres iter 40 linear residual 3.586e-06
gmres iter 50 linear residual 1.203e-06
res 9.638e-02 (F-block 4.834e-01 p-block 4.513e-01) alpha 0.5 eta 1.00e-02 iter times 56
gmres iter 10 linear residual 1.246e-05
gmres iter 20 linear residual 8.390e-06
gmres iter 30 linear residual 2.930e-06
gmres iter 40 linear residual 1.664e-06
gmres iter 50 linear residual 8.413e-07
res 4.895e-02 (F-block 2.130e-02 p-block 6.823e-02) alpha 1 eta 1.00e-02 iter times 52
gmres iter 10 linear residual 2.056e-04
gmres iter 20 linear residual 7.373e-05
gmres iter 30 linear residual 3.400e-05
gmres iter 40 linear residual 2.201e-05
gmres iter 50 linear residual 1.403e-05
gmres iter 60 linear residual 5.736e-06
gmres iter 70 linear residual 2.566e-06
gmres iter 80 linear residual 1.531e-06
res 2.222e-02 (F-block 1.070e-02 p-block 5.242e-02) alpha 0.5 eta 1.00e-02 iter times 81
gmres iter 10 linear residual 2.128e-04
gmres iter 20 linear residual 7.320e-05
gmres iter 30 linear residual 3.047e-05
gmres iter 40 linear residual 2.020e-05
gmres iter 50 linear residual 1.027e-05
gmres iter 60 linear residual 4.664e-06
gmres iter 70 linear residual 2.305e-06
res 2.288e-02 (F-block 2.657e-04 p-block 2.200e-02) alpha 1 eta 1.00e-02 iter times 75
gmres iter 10 linear residual 3.549e-04
gmres iter 20 linear residual 1.884e-04
gmres iter 30 linear residual 6.071e-05
gmres iter 40 linear residual 3.329e-05
gmres iter 50 linear residual 2.059e-05
gmres iter 60 linear residual 9.429e-06
gmres iter 70 linear residual 4.261e-06
res 1.052e-03 (F-block 2.196e-06 p-block 1.177e-04) alpha 1 eta 1.00e-02 iter times 72
gmres iter 10 linear residual 5.113e-04
gmres iter 20 linear residual 2.333e-04
gmres iter 30 linear residual 1.233e-04
gmres iter 40 linear residual 7.334e-05
gmres iter 50 linear residual 4.335e-05
gmres iter 60 linear residual 2.110e-05
gmres iter 70 linear residual 8.477e-06
gmres iter 80 linear residual 4.260e-06
gmres iter 90 linear residual 2.246e-06
gmres iter 100 linear residual 1.150e-06
res 1.170e-05 (F-block 2.207e-09 p-block 2.463e-08) alpha 1 eta 1.00e-03 iter times 108
time this step...92.34896421432495
now P is...
[[ 2.01109280e+00  2.63607427e-04 -1.95576414e-03]
 [ 3.06672807e-04 -1.45636126e-09  1.54110940e-02]
 [-1.93766402e-03  1.54437883e-02 -3.02290609e-09]]
now F is...
[[ 1.20000000e+00  7.19999625e-18  3.61937700e-17]
 [-1.04944045e-17  9.19884230e-01  3.03540215e-17]
 [-1.98111698e-17  1.24658320e-17  9.19515520e-01]]
intermediate results saved (2 increments in output.csv)
this increment is 0.1 (target 0.30000000000000004) ------------------------
gmres iter 10 linear residual 2.233e-05
gmres iter 20 linear residual 1.320e-05
gmres iter 30 linear residual 6.175e-06
gmres iter 40 linear residual 3.808e-06
gmres iter 50 linear residual 1.380e-06
res 9.861e-02 (F-block 4.834e-01 p-block 4.609e-01) alpha 0.5 eta 1.00e-02 iter times 59
gmres iter 10 linear residual 1.259e-05
gmres iter 20 linear residual 8.449e-06
gmres iter 30 linear residual 3.115e-06
gmres iter 40 linear residual 1.874e-06
gmres iter 50 linear residual 9.014e-07
res 4.814e-02 (F-block 2.133e-02 p-block 7.584e-02) alpha 1 eta 1.00e-02 iter times 52
gmres iter 10 linear residual 2.098e-04
gmres iter 20 linear residual 8.045e-05
gmres iter 30 linear residual 4.214e-05
gmres iter 40 linear residual 2.475e-05
gmres iter 50 linear residual 1.543e-05
gmres iter 60 linear residual 9.537e-06
gmres iter 70 linear residual 4.234e-06
gmres iter 80 linear residual 2.152e-06
res 2.287e-02 (F-block 1.074e-02 p-block 5.955e-02) alpha 0.5 eta 1.00e-02 iter times 89
gmres iter 10 linear residual 2.173e-04
gmres iter 20 linear residual 8.001e-05
gmres iter 30 linear residual 3.946e-05
gmres iter 40 linear residual 2.626e-05
gmres iter 50 linear residual 1.618e-05
gmres iter 60 linear residual 6.384e-06
gmres iter 70 linear residual 3.929e-06
gmres iter 80 linear residual 2.071e-06
res 2.353e-02 (F-block 3.344e-04 p-block 2.581e-02) alpha 1 eta 1.00e-02 iter times 82
gmres iter 10 linear residual 3.154e-04
gmres iter 20 linear residual 1.621e-04
gmres iter 30 linear residual 6.134e-05
gmres iter 40 linear residual 3.743e-05
gmres iter 50 linear residual 2.236e-05
gmres iter 60 linear residual 1.065e-05
gmres iter 70 linear residual 5.755e-06
res 1.123e-03 (F-block 3.404e-06 p-block 1.481e-04) alpha 1 eta 1.00e-02 iter times 78
gmres iter 10 linear residual 5.093e-04
gmres iter 20 linear residual 2.099e-04
gmres iter 30 linear residual 1.100e-04
gmres iter 40 linear residual 7.286e-05
gmres iter 50 linear residual 4.599e-05
gmres iter 60 linear residual 3.005e-05
gmres iter 70 linear residual 1.685e-05
gmres iter 80 linear residual 7.408e-06
gmres iter 90 linear residual 4.284e-06
gmres iter 100 linear residual 2.102e-06
gmres iter 110 linear residual 9.134e-07
res 1.722e-05 (F-block 3.442e-09 p-block 5.327e-08) alpha 1 eta 1.00e-03 iter times 115
time this step...82.84879732131958
now P is...
[[ 2.78762158e+00  5.16173555e-05 -2.43185887e-03]
 [ 1.31849107e-04 -1.89529399e-09  2.17377276e-02]
 [-2.40617673e-03  2.17848471e-02 -2.06599440e-09]]
now F is...
[[ 1.30000000e+00  2.44471922e-18  5.03254396e-17]
 [-1.24621053e-17  8.88714653e-01  2.85316622e-17]
 [-1.85739034e-17  1.98409835e-17  8.88169886e-01]]
intermediate results saved (3 increments in output.csv)
finish!
solver stats are saved to solver_stats.json
F and P are saved to output.csv
