---------------------------------------------
-- mixed FFT based solver, by WANG Mingchuan
---------------------------------------------
gmres restart length: 100
Ghat4 is formed (fourier discretization)...
this increment is 0.1 (target 0.1) ------------------------
gmres iter 10 linear residual 6.150e-03
gmres iter 20 linear residual 1.050e-03
res 5.697e-02 (F-block 8.545e-02 p-block 5.451e-02) alpha 1 eta 1.00e-02 iter times 24
gmres iter 10 linear residual 2.475e-02
gmres iter 20 linear residual 4.022e-03
gmres iter 30 linear residual 9.843e-04
gmres iter 40 linear residual 3.040e-04
res 3.155e-02 (F-block 2.132e-03 p-block 3.275e-02) alpha 1 eta 4.62e-03 iter times 42
gmres iter 10 linear residual 2.505e-02
gmres iter 20 linear residual 3.698e-03
gmres iter 30 linear residual 1.067e-03
res 1.810e-03 (F-block 1.110e-05 p-block 1.300e-04) alpha 1 eta 1.00e-02 iter times 32
gmres iter 10 linear residual 6.471e-02
gmres iter 20 linear residual 8.141e-03
gmres iter 30 linear residual 1.320e-03
gmres iter 40 linear residual 2.742e-04
gmres iter 50 linear residual 7.095e-05
res 1.066e-05 (F-block 2.857e-09 p-block 3.806e-08) alpha 1 eta 1.00e-03 iter times 52
time this step...47.529632806777954
now P is...
[[ 1.08048486e+00  2.20701563e-04 -1.22991127e-03]
 [ 2.17541074e-04 -4.90351048e-10  6.14892291e-03]
 [-1.22848418e-03  6.15172630e-03 -1.04376176e-10]]
now F is...
[[ 1.10000000e+00  2.38509193e-19  1.37142786e-18]
 [-1.88086859e-17  9.56187569e-01 -2.98881832e-18]
 [ 1.64198672e-17  1.20372608e-18  9.56105401e-01]]
intermediate results saved (1 increments in output.csv)
this increment is 0.1 (target 0.2) ------------------------
gmres iter 10 linear residual 7.330e-03
gmres iter 20 linear residual 1.051e-03
res 5.657e-02 (F-block 8.652e-02 p-block 6.710e-02) alpha 1 eta 1.00e-02 iter times 26
gmres iter 10 linear residual 3.177e-02
gmres iter 20 linear residual 5.516e-03
gmres iter 30 linear residual 1.578e-03
gmres iter 40 linear residual 5.385e-04
res 3.312e-02 (F-block 2.708e-03 p-block 3.950e-02) alpha 1 eta 5.39e-03 iter times 46
gmres iter 10 linear residual 3.539e-02
gmres iter 20 linear residual 6.888e-03
gmres iter 30 linear residual 1.987e-03
gmres iter 40 linear residual 5.755e-04
res 2.022e-03 (F-block 1.877e-05 p-block 1.668e-04) alpha 1 eta 1.00e-02 iter times 40
gmres iter 10 linear residual 5.125e-02
gmres iter 20 linear residual 9.208e-03
gmres iter 30 linear residual 2.369e-03
gmres iter 40 linear residual 5.309e-04
gmres iter 50 linear residual 1.698e-04
res 1.840e-05 (F-block 5.337e-09 p-block 5.743e-08) alpha 1 eta 1.00e-03 iter times 59
time this step...48.151506662368774
now P is...
[[ 1.97558087e+00  2.39194351e-04 -2.30721319e-03]
 [ 2.26118702e-04 -1.95629149e-09  1.14573068e-02]
 [-2.27453021e-03  1.14690663e-02 -1.67077396e-09]]
now F is...
[[ 1.20000000e+00  5.18757494e-18 -2.40596148e-17]
 [-1.48770109e-17  9.19112020e-01  1.00993736e-18]
 [ 1.87527853e-17  3.50310377e-19  9.18865564e-01]]
intermediate results saved (2 increments in output.csv)
this increment is 0.1 (target 0.30000000000000004) ------------------------
gmres iter 10 linear residual 8.965e-03
gmres iter 20 linear residual 1.220e-03
res 5.618e-02 (F-block 8.688e-02 p-block 8.109e-02) alpha 1 eta 1.00e-02 iter times 27
gmres iter 10 linear residual 3.839e-02
gmres iter 20 linear residual 7.283e-03
gmres iter 30 linear residual 2.323e-03
gmres iter 40 linear residual 9.185e-04
res 3.383e-02 (F-block 3.314e-03 p-block 4.436e-02) alpha 1 eta 6.36e-03 iter times 48
gmres iter 10 linear residual 4.714e-02
gmres iter 20 linear residual 1.016e-02
gmres iter 30 linear residual 2.663e-03
gmres iter 40 linear residual 9.958e-04
res 2.144e-03 (F-block 3.248e-05 p-block 1.889e-04) alpha 1 eta 1.00e-02 iter times 44
gmres iter 10 linear residual 5.914e-02
gmres iter 20 linear residual 1.314e-02
gmres iter 30 linear residual 3.293e-03
gmres iter 40 linear residual 1.074e-03
gmres iter 50 linear residual 2.673e-04
gmres iter 60 linear residual 9.472e-05
res 2.845e-05 (F-block 1.619e-08 p-block 1.613e-07) alpha 1 eta 1.00e-03 iter times 65
time this step...45.48685646057129
now P is...
[[ 2.74748250e+00  1.35467647e-04 -3.20222855e-03]
 [ 1.10125133e-04 -6.70206976e-09  1.63592835e-02]
 [-3.09470234e-03  1.63860638e-02 -6.79541645e-09]]
now F is...
[[ 1.30000000e+00  1.26111736e-17 -6.64844374e-18]
 [-7.51303957e-18  8.87384571e-01  1.10012365e-17]
 [ 9.33167216e-18 -1.39751480e-18  8.86926477e-01]]
intermediate results saved (3 increments in output.csv)
finish!
solver stats are saved to solver_stats.json
F and P are saved to output.csv
