---------------------------------------------
-- mixed FFT based solver, by WANG Mingchuan
---------------------------------------------
gmres restart length: 100
Ghat4 is formed (fourier discretization)...
this increment is 0.1 (target 0.1) ------------------------
gmres iter 10 linear residual 4.731e-06
gmres iter 20 linear residual 4.124e-06
gmres iter 30 linear residual 2.969e-06
gmres iter 40 linear residual 1.494e-06
gmres iter 50 linear residual 8.481e-07
gmres iter 60 linear residual 5.801e-07
gmres iter 70 linear residual 4.188e-07
gmres iter 80 linear residual 2.874e-07
gmres iter 90 linear residual 1.791e-07
gmres iter 100 linear residual 1.151e-07
gmres iter 110 linear residual 9.052e-08
gmres iter 120 linear residual 6.829e-08
gmres iter 130 linear residual 5.050e-08
gmres iter 140 linear residual 3.574e-08
gmres iter 150 linear residual 2.408e-08
gmres iter 160 linear residual 1.540e-08
gmres iter 170 linear residual 1.007e-08
gmres iter 180 linear residual 7.336e-09
gmres iter 190 linear residual 5.020e-09
gmres iter 200 linear residual 3.499e-09
gmres iter 210 linear residual 2.872e-09
gmres iter 220 linear residual 2.210e-09
gmres iter 230 linear residual 1.614e-09
gmres iter 240 linear residual 1.117e-09
gmres iter 250 linear residual 7.570e-10
gmres iter 260 linear residual 5.163e-10
gmres iter 270 linear residual 3.633e-10
gmres iter 280 linear residual 2.660e-10
gmres iter 290 linear residual 1.879e-10
res 1.088e-01 (F-block 8.741e-01 p-block 7.723e-01) alpha 0.125 eta 1.00e-06 iter times 299
gmres iter 10 linear residual 3.475e-06
gmres iter 20 linear residual 2.798e-06
gmres iter 30 linear residual 2.159e-06
gmres iter 40 linear residual 1.255e-06
gmres iter 50 linear residual 8.704e-07
gmres iter 60 linear residual 7.011e-07
gmres iter 70 linear residual 5.554e-07
gmres iter 80 linear residual 3.971e-07
gmres iter 90 linear residual 2.626e-07
gmres iter 100 linear residual 1.876e-07
gmres iter 110 linear residual 1.583e-07
gmres iter 120 linear residual 1.237e-07
gmres iter 130 linear residual 9.174e-08
gmres iter 140 linear residual 6.776e-08
gmres iter 150 linear residual 5.107e-08
gmres iter 160 linear residual 3.697e-08
gmres iter 170 linear residual 2.516e-08
gmres iter 180 linear residual 1.759e-08
gmres iter 190 linear residual 1.130e-08
gmres iter 200 linear residual 7.753e-09
gmres iter 210 linear residual 6.454e-09
gmres iter 220 linear residual 5.089e-09
gmres iter 230 linear residual 3.846e-09
gmres iter 240 linear residual 2.826e-09
gmres iter 250 linear residual 2.074e-09
gmres iter 260 linear residual 1.470e-09
gmres iter 270 linear residual 9.764e-10
gmres iter 280 linear residual 6.722e-10
gmres iter 290 linear residual 4.688e-10
gmres iter 300 linear residual 3.600e-10
gmres iter 310 linear residual 2.988e-10
gmres iter 320 linear residual 2.298e-10
gmres iter 330 linear residual 1.707e-10
res 1.263e-01 (F-block 6.525e-01 p-block 6.436e-01) alpha 0.25 eta 1.00e-06 iter times 336
gmres iter 10 linear residual 1.884e-06
gmres iter 20 linear residual 7.874e-07
gmres iter 30 linear residual 6.660e-07
gmres iter 40 linear residual 4.982e-07
gmres iter 50 linear residual 3.915e-07
gmres iter 60 linear residual 3.295e-07
gmres iter 70 linear residual 2.614e-07
gmres iter 80 linear residual 1.947e-07
gmres iter 90 linear residual 1.445e-07
gmres iter 100 linear residual 1.080e-07
gmres iter 110 linear residual 9.176e-08
gmres iter 120 linear residual 7.290e-08
gmres iter 130 linear residual 5.662e-08
gmres iter 140 linear residual 4.346e-08
gmres iter 150 linear residual 3.307e-08
gmres iter 160 linear residual 2.265e-08
gmres iter 170 linear residual 1.460e-08
gmres iter 180 linear residual 1.100e-08
gmres iter 190 linear residual 8.477e-09
gmres iter 200 linear residual 6.648e-09
gmres iter 210 linear residual 5.768e-09
gmres iter 220 linear residual 4.794e-09
gmres iter 230 linear residual 3.635e-09
gmres iter 240 linear residual 2.343e-09
gmres iter 250 linear residual 1.594e-09
gmres iter 260 linear residual 1.183e-09
gmres iter 270 linear residual 8.803e-10
gmres iter 280 linear residual 6.698e-10
gmres iter 290 linear residual 5.244e-10
gmres iter 300 linear residual 4.259e-10
gmres iter 310 linear residual 3.608e-10
gmres iter 320 linear residual 2.926e-10
gmres iter 330 linear residual 2.252e-10
gmres iter 340 linear residual 1.647e-10
res 1.025e-01 (F-block 3.869e-02 p-block 1.363e-01) alpha 1 eta 1.00e-06 iter times 346
gmres iter 10 linear residual 3.826e-05
gmres iter 20 linear residual 3.107e-05
gmres iter 30 linear residual 2.017e-05
gmres iter 40 linear residual 1.608e-05
gmres iter 50 linear residual 1.363e-05
gmres iter 60 linear residual 1.077e-05
gmres iter 70 linear residual 8.120e-06
gmres iter 80 linear residual 6.274e-06
gmres iter 90 linear residual 4.821e-06
gmres iter 100 linear residual 3.542e-06
gmres iter 110 linear residual 2.998e-06
gmres iter 120 linear residual 2.434e-06
gmres iter 130 linear residual 1.957e-06
gmres iter 140 linear residual 1.532e-06
gmres iter 150 linear residual 1.188e-06
gmres iter 160 linear residual 9.308e-07
gmres iter 170 linear residual 6.794e-07
gmres iter 180 linear residual 4.383e-07
gmres iter 190 linear residual 3.230e-07
gmres iter 200 linear residual 2.479e-07
gmres iter 210 linear residual 2.161e-07
gmres iter 220 linear residual 1.765e-07
gmres iter 230 linear residual 1.285e-07
gmres iter 240 linear residual 9.772e-08
gmres iter 250 linear residual 7.794e-08
gmres iter 260 linear residual 6.029e-08
gmres iter 270 linear residual 4.583e-08
gmres iter 280 linear residual 3.403e-08
gmres iter 290 linear residual 2.614e-08
gmres iter 300 linear residual 2.076e-08
gmres iter 310 linear residual 1.749e-08
gmres iter 320 linear residual 1.405e-08
gmres iter 330 linear residual 1.080e-08
gmres iter 340 linear residual 8.169e-09
gmres iter 350 linear residual 5.922e-09
gmres iter 360 linear residual 4.329e-09
gmres iter 370 linear residual 3.013e-09
gmres iter 380 linear residual 1.943e-09
gmres iter 390 linear residual 1.416e-09
gmres iter 400 linear residual 1.219e-09
gmres iter 410 linear residual 1.083e-09
gmres iter 420 linear residual 8.458e-10
gmres iter 430 linear residual 5.986e-10
gmres iter 440 linear residual 4.339e-10
gmres iter 450 linear residual 3.093e-10
gmres iter 460 linear residual 2.116e-10
gmres iter 470 linear residual 1.482e-10
res 3.125e-02 (F-block 3.388e-02 p-block 1.297e-01) alpha 0.125 eta 1.00e-06 iter times 474
gmres iter 10 linear residual 3.900e-05
gmres iter 20 linear residual 3.200e-05
gmres iter 30 linear residual 2.046e-05
gmres iter 40 linear residual 1.601e-05
gmres iter 50 linear residual 1.363e-05
gmres iter 60 linear residual 1.088e-05
gmres iter 70 linear residual 8.064e-06
gmres iter 80 linear residual 6.127e-06
gmres iter 90 linear residual 4.745e-06
gmres iter 100 linear residual 3.529e-06
gmres iter 110 linear residual 2.993e-06
gmres iter 120 linear residual 2.430e-06
gmres iter 130 linear residual 1.941e-06
gmres iter 140 linear residual 1.508e-06
gmres iter 150 linear residual 1.170e-06
gmres iter 160 linear residual 9.218e-07
gmres iter 170 linear residual 6.717e-07
gmres iter 180 linear residual 4.284e-07
gmres iter 190 linear residual 3.144e-07
gmres iter 200 linear residual 2.406e-07
gmres iter 210 linear residual 2.090e-07
gmres iter 220 linear residual 1.704e-07
gmres iter 230 linear residual 1.236e-07
gmres iter 240 linear residual 9.437e-08
gmres iter 250 linear residual 7.493e-08
gmres iter 260 linear residual 5.740e-08
gmres iter 270 linear residual 4.326e-08
gmres iter 280 linear residual 3.228e-08
gmres iter 290 linear residual 2.519e-08
gmres iter 300 linear residual 2.009e-08
gmres iter 310 linear residual 1.699e-08
gmres iter 320 linear residual 1.377e-08
gmres iter 330 linear residual 1.065e-08
gmres iter 340 linear residual 7.971e-09
gmres iter 350 linear residual 5.719e-09
gmres iter 360 linear residual 4.145e-09
gmres iter 370 linear residual 2.912e-09
gmres iter 380 linear residual 1.887e-09
gmres iter 390 linear residual 1.385e-09
gmres iter 400 linear residual 1.194e-09
gmres iter 410 linear residual 1.061e-09
gmres iter 420 linear residual 8.281e-10
gmres iter 430 linear residual 5.805e-10
gmres iter 440 linear residual 4.165e-10
gmres iter 450 linear residual 2.954e-10
gmres iter 460 linear residual 2.013e-10
gmres iter 470 linear residual 1.405e-10
res 2.896e-02 (F-block 2.967e-02 p-block 1.233e-01) alpha 0.125 eta 1.00e-06 iter times 473
gmres iter 10 linear residual 3.970e-05
gmres iter 20 linear residual 3.287e-05
gmres iter 30 linear residual 2.073e-05
gmres iter 40 linear residual 1.586e-05
gmres iter 50 linear residual 1.353e-05
gmres iter 60 linear residual 1.096e-05
gmres iter 70 linear residual 8.048e-06
gmres iter 80 linear residual 5.953e-06
gmres iter 90 linear residual 4.596e-06
gmres iter 100 linear residual 3.477e-06
gmres iter 110 linear residual 2.971e-06
gmres iter 120 linear residual 2.404e-06
gmres iter 130 linear residual 1.890e-06
gmres iter 140 linear residual 1.459e-06
gmres iter 150 linear residual 1.143e-06
gmres iter 160 linear residual 9.025e-07
gmres iter 170 linear residual 6.502e-07
gmres iter 180 linear residual 4.099e-07
gmres iter 190 linear residual 3.015e-07
gmres iter 200 linear residual 2.302e-07
gmres iter 210 linear residual 1.990e-07
gmres iter 220 linear residual 1.621e-07
gmres iter 230 linear residual 1.178e-07
gmres iter 240 linear residual 9.012e-08
gmres iter 250 linear residual 7.109e-08
gmres iter 260 linear residual 5.409e-08
gmres iter 270 linear residual 4.040e-08
gmres iter 280 linear residual 3.009e-08
gmres iter 290 linear residual 2.359e-08
gmres iter 300 linear residual 1.891e-08
gmres iter 310 linear residual 1.607e-08
gmres iter 320 linear residual 1.310e-08
gmres iter 330 linear residual 1.015e-08
gmres iter 340 linear residual 7.537e-09
gmres iter 350 linear residual 5.390e-09
gmres iter 360 linear residual 3.879e-09
gmres iter 370 linear residual 2.732e-09
gmres iter 380 linear residual 1.782e-09
gmres iter 390 linear residual 1.327e-09
gmres iter 400 linear residual 1.141e-09
gmres iter 410 linear residual 1.013e-09
gmres iter 420 linear residual 7.946e-10
gmres iter 430 linear residual 5.545e-10
gmres iter 440 linear residual 3.973e-10
gmres iter 450 linear residual 2.837e-10
gmres iter 460 linear residual 1.947e-10
gmres iter 470 linear residual 1.369e-10
res 2.675e-02 (F-block 2.599e-02 p-block 1.171e-01) alpha 0.125 eta 1.00e-06 iter times 472
gmres iter 10 linear residual 4.035e-05
gmres iter 20 linear residual 3.371e-05
gmres iter 30 linear residual 2.101e-05
gmres iter 40 linear residual 1.566e-05
gmres iter 50 linear residual 1.332e-05
gmres iter 60 linear residual 1.095e-05
gmres iter 70 linear residual 8.041e-06
gmres iter 80 linear residual 5.773e-06
gmres iter 90 linear residual 4.387e-06
gmres iter 100 linear residual 3.370e-06
gmres iter 110 linear residual 2.910e-06
gmres iter 120 linear residual 2.338e-06
gmres iter 130 linear residual 1.795e-06
gmres iter 140 linear residual 1.378e-06
gmres iter 150 linear residual 1.092e-06
gmres iter 160 linear residual 8.627e-07
gmres iter 170 linear residual 6.100e-07
gmres iter 180 linear residual 3.813e-07
gmres iter 190 linear residual 2.830e-07
gmres iter 200 linear residual 2.148e-07
gmres iter 210 linear residual 1.841e-07
gmres iter 220 linear residual 1.500e-07
gmres iter 230 linear residual 1.096e-07
gmres iter 240 linear residual 8.353e-08
gmres iter 250 linear residual 6.550e-08
gmres iter 260 linear residual 4.995e-08
gmres iter 270 linear residual 3.701e-08
gmres iter 280 linear residual 2.709e-08
gmres iter 290 linear residual 2.121e-08
gmres iter 300 linear residual 1.713e-08
gmres iter 310 linear residual 1.469e-08
gmres iter 320 linear residual 1.195e-08
gmres iter 330 linear residual 9.179e-09
gmres iter 340 linear residual 6.793e-09
gmres iter 350 linear residual 4.918e-09
gmres iter 360 linear residual 3.535e-09
gmres iter 370 linear residual 2.489e-09
gmres iter 380 linear residual 1.638e-09
gmres iter 390 linear residual 1.239e-09
gmres iter 400 linear residual 1.055e-09
gmres iter 410 linear residual 9.286e-10
gmres iter 420 linear residual 7.365e-10
gmres iter 430 linear residual 5.214e-10
gmres iter 440 linear residual 3.784e-10
gmres iter 450 linear residual 2.746e-10
gmres iter 460 linear residual 1.930e-10
gmres iter 470 linear residual 1.380e-10
res 2.462e-02 (F-block 2.275e-02 p-block 1.110e-01) alpha 0.125 eta 1.00e-06 iter times 472
gmres iter 10 linear residual 4.096e-05
gmres iter 20 linear residual 3.449e-05
gmres iter 30 linear residual 2.128e-05
gmres iter 40 linear residual 1.541e-05
gmres iter 50 linear residual 1.301e-05
gmres iter 60 linear residual 1.085e-05
gmres iter 70 linear residual 8.041e-06
gmres iter 80 linear residual 5.622e-06
gmres iter 90 linear residual 4.149e-06
gmres iter 100 linear residual 3.196e-06
gmres iter 110 linear residual 2.783e-06
gmres iter 120 linear residual 2.216e-06
gmres iter 130 linear residual 1.661e-06
gmres iter 140 linear residual 1.267e-06
gmres iter 150 linear residual 1.013e-06
gmres iter 160 linear residual 7.970e-07
gmres iter 170 linear residual 5.558e-07
gmres iter 180 linear residual 3.512e-07
gmres iter 190 linear residual 2.629e-07
gmres iter 200 linear residual 1.945e-07
gmres iter 210 linear residual 1.643e-07
gmres iter 220 linear residual 1.342e-07
gmres iter 230 linear residual 9.951e-08
gmres iter 240 linear residual 7.511e-08
gmres iter 250 linear residual 5.824e-08
gmres iter 260 linear residual 4.476e-08
gmres iter 270 linear residual 3.319e-08
gmres iter 280 linear residual 2.384e-08
gmres iter 290 linear residual 1.846e-08
gmres iter 300 linear residual 1.489e-08
gmres iter 310 linear residual 1.284e-08
gmres iter 320 linear residual 1.033e-08
gmres iter 330 linear residual 7.867e-09
gmres iter 340 linear residual 5.855e-09
gmres iter 350 linear residual 4.313e-09
gmres iter 360 linear residual 3.093e-09
gmres iter 370 linear residual 2.180e-09
gmres iter 380 linear residual 1.479e-09
gmres iter 390 linear residual 1.145e-09
gmres iter 400 linear residual 9.509e-10
gmres iter 410 linear residual 8.199e-10
gmres iter 420 linear residual 6.610e-10
gmres iter 430 linear residual 4.815e-10
gmres iter 440 linear residual 3.527e-10
gmres iter 450 linear residual 2.589e-10
gmres iter 460 linear residual 1.875e-10
gmres iter 470 linear residual 1.376e-10
res 2.257e-02 (F-block 1.992e-02 p-block 1.050e-01) alpha 0.125 eta 1.00e-06 iter times 471
gmres iter 10 linear residual 4.154e-05
gmres iter 20 linear residual 3.523e-05
gmres iter 30 linear residual 2.156e-05
gmres iter 40 linear residual 1.510e-05
gmres iter 50 linear residual 1.262e-05
gmres iter 60 linear residual 1.062e-05
gmres iter 70 linear residual 8.016e-06
gmres iter 80 linear residual 5.505e-06
gmres iter 90 linear residual 3.909e-06
gmres iter 100 linear residual 2.973e-06
gmres iter 110 linear residual 2.595e-06
gmres iter 120 linear residual 2.060e-06
gmres iter 130 linear residual 1.522e-06
gmres iter 140 linear residual 1.152e-06
gmres iter 150 linear residual 9.188e-07
gmres iter 160 linear residual 7.200e-07
gmres iter 170 linear residual 5.062e-07
gmres iter 180 linear residual 3.323e-07
gmres iter 190 linear residual 2.489e-07
gmres iter 200 linear residual 1.738e-07
gmres iter 210 linear residual 1.438e-07
gmres iter 220 linear residual 1.174e-07
gmres iter 230 linear residual 8.843e-08
gmres iter 240 linear residual 6.631e-08
gmres iter 250 linear residual 5.082e-08
gmres iter 260 linear residual 3.929e-08
gmres iter 270 linear residual 2.901e-08
gmres iter 280 linear residual 2.062e-08
gmres iter 290 linear residual 1.595e-08
gmres iter 300 linear residual 1.279e-08
gmres iter 310 linear residual 1.097e-08
gmres iter 320 linear residual 8.812e-09
gmres iter 330 linear residual 6.648e-09
gmres iter 340 linear residual 4.957e-09
gmres iter 350 linear residual 3.696e-09
gmres iter 360 linear residual 2.674e-09
gmres iter 370 linear residual 1.900e-09
gmres iter 380 linear residual 1.330e-09
gmres iter 390 linear residual 1.049e-09
gmres iter 400 linear residual 8.493e-10
gmres iter 410 linear residual 7.170e-10
gmres iter 420 linear residual 5.818e-10
gmres iter 430 linear residual 4.321e-10
gmres iter 440 linear residual 3.180e-10
gmres iter 450 linear residual 2.359e-10
gmres iter 460 linear residual 1.754e-10
gmres iter 470 linear residual 1.308e-10
res 2.060e-02 (F-block 1.745e-02 p-block 9.889e-02) alpha 0.125 eta 1.00e-06 iter times 470
gmres iter 10 linear residual 4.209e-05
gmres iter 20 linear residual 3.593e-05
gmres iter 30 linear residual 2.182e-05
gmres iter 40 linear residual 1.476e-05
gmres iter 50 linear residual 1.214e-05
gmres iter 60 linear residual 1.030e-05
gmres iter 70 linear residual 7.932e-06
gmres iter 80 linear residual 5.419e-06
gmres iter 90 linear residual 3.698e-06
gmres iter 100 linear residual 2.733e-06
gmres iter 110 linear residual 2.373e-06
gmres iter 120 linear residual 1.891e-06
gmres iter 130 linear residual 1.407e-06
gmres iter 140 linear residual 1.056e-06
gmres iter 150 linear residual 8.271e-07
gmres iter 160 linear residual 6.419e-07
gmres iter 170 linear residual 4.648e-07
gmres iter 180 linear residual 3.230e-07
gmres iter 190 linear residual 2.399e-07
gmres iter 200 linear residual 1.566e-07
gmres iter 210 linear residual 1.271e-07
gmres iter 220 linear residual 1.027e-07
gmres iter 230 linear residual 7.803e-08
gmres iter 240 linear residual 5.855e-08
gmres iter 250 linear residual 4.466e-08
gmres iter 260 linear residual 3.439e-08
gmres iter 270 linear residual 2.516e-08
gmres iter 280 linear residual 1.796e-08
gmres iter 290 linear residual 1.394e-08
gmres iter 300 linear residual 1.107e-08
gmres iter 310 linear residual 9.434e-09
gmres iter 320 linear residual 7.600e-09
gmres iter 330 linear residual 5.720e-09
gmres iter 340 linear residual 4.203e-09
gmres iter 350 linear residual 3.130e-09
gmres iter 360 linear residual 2.308e-09
gmres iter 370 linear residual 1.679e-09
gmres iter 380 linear residual 1.210e-09
gmres iter 390 linear residual 9.607e-10
gmres iter 400 linear residual 7.605e-10
gmres iter 410 linear residual 6.300e-10
gmres iter 420 linear residual 5.116e-10
gmres iter 430 linear residual 3.873e-10
gmres iter 440 linear residual 2.897e-10
gmres iter 450 linear residual 2.170e-10
gmres iter 460 linear residual 1.622e-10
res 1.871e-02 (F-block 1.527e-02 p-block 9.281e-02) alpha 0.125 eta 1.00e-06 iter times 467
gmres iter 10 linear residual 4.260e-05
gmres iter 20 linear residual 3.657e-05
gmres iter 30 linear residual 2.202e-05
gmres iter 40 linear residual 1.438e-05
gmres iter 50 linear residual 1.161e-05
gmres iter 60 linear residual 9.887e-06
gmres iter 70 linear residual 7.774e-06
gmres iter 80 linear residual 5.351e-06
gmres iter 90 linear residual 3.528e-06
gmres iter 100 linear residual 2.504e-06
gmres iter 110 linear residual 2.150e-06
gmres iter 120 linear residual 1.718e-06
gmres iter 130 linear residual 1.307e-06
gmres iter 140 linear residual 9.843e-07
gmres iter 150 linear residual 7.511e-07
gmres iter 160 linear residual 5.692e-07
gmres iter 170 linear residual 4.192e-07
gmres iter 180 linear residual 3.055e-07
gmres iter 190 linear residual 2.280e-07
gmres iter 200 linear residual 1.447e-07
gmres iter 210 linear residual 1.159e-07
gmres iter 220 linear residual 9.236e-08
gmres iter 230 linear residual 7.022e-08
gmres iter 240 linear residual 5.282e-08
gmres iter 250 linear residual 4.015e-08
gmres iter 260 linear residual 3.052e-08
gmres iter 270 linear residual 2.217e-08
gmres iter 280 linear residual 1.608e-08
gmres iter 290 linear residual 1.258e-08
gmres iter 300 linear residual 9.867e-09
gmres iter 310 linear residual 8.361e-09
gmres iter 320 linear residual 6.747e-09
gmres iter 330 linear residual 5.090e-09
gmres iter 340 linear residual 3.714e-09
gmres iter 350 linear residual 2.760e-09
gmres iter 360 linear residual 2.060e-09
gmres iter 370 linear residual 1.519e-09
gmres iter 380 linear residual 1.113e-09
gmres iter 390 linear residual 8.858e-10
gmres iter 400 linear residual 6.938e-10
gmres iter 410 linear residual 5.687e-10
gmres iter 420 linear residual 4.604e-10
gmres iter 430 linear residual 3.521e-10
gmres iter 440 linear residual 2.666e-10
gmres iter 450 linear residual 2.014e-10
gmres iter 460 linear residual 1.509e-10
gmres iter 470 linear residual 1.219e-10
gmres iter 480 linear residual 1.002e-10
gmres iter 490 linear residual 8.201e-11
gmres iter 500 linear residual 6.641e-11
gmres iter 510 linear residual 4.673e-11
gmres iter 520 linear residual 3.509e-11
res 3.384e-02 (F-block 1.148e-02 p-block 9.266e-02) alpha 0.25 eta 1.00e-06 iter times 522
gmres iter 10 linear residual 4.379e-05
gmres iter 20 linear residual 3.809e-05
gmres iter 30 linear residual 2.261e-05
gmres iter 40 linear residual 1.365e-05
gmres iter 50 linear residual 1.044e-05
gmres iter 60 linear residual 8.847e-06
gmres iter 70 linear residual 7.213e-06
gmres iter 80 linear residual 5.167e-06
gmres iter 90 linear residual 3.302e-06
gmres iter 100 linear residual 2.141e-06
gmres iter 110 linear residual 1.749e-06
gmres iter 120 linear residual 1.380e-06
gmres iter 130 linear residual 1.097e-06
gmres iter 140 linear residual 8.598e-07
gmres iter 150 linear residual 6.506e-07
gmres iter 160 linear residual 4.664e-07
gmres iter 170 linear residual 3.276e-07
gmres iter 180 linear residual 2.396e-07
gmres iter 190 linear residual 1.824e-07
gmres iter 200 linear residual 1.221e-07
gmres iter 210 linear residual 1.000e-07
gmres iter 220 linear residual 7.968e-08
gmres iter 230 linear residual 5.941e-08
gmres iter 240 linear residual 4.274e-08
gmres iter 250 linear residual 3.115e-08
gmres iter 260 linear residual 2.328e-08
gmres iter 270 linear residual 1.740e-08
gmres iter 280 linear residual 1.323e-08
gmres iter 290 linear residual 1.046e-08
gmres iter 300 linear residual 7.971e-09
gmres iter 310 linear residual 6.566e-09
gmres iter 320 linear residual 5.293e-09
gmres iter 330 linear residual 4.097e-09
gmres iter 340 linear residual 3.099e-09
gmres iter 350 linear residual 2.336e-09
gmres iter 360 linear residual 1.721e-09
gmres iter 370 linear residual 1.232e-09
gmres iter 380 linear residual 8.942e-10
gmres iter 390 linear residual 7.109e-10
gmres iter 400 linear residual 5.660e-10
gmres iter 410 linear residual 4.710e-10
gmres iter 420 linear residual 3.804e-10
gmres iter 430 linear residual 2.861e-10
gmres iter 440 linear residual 2.094e-10
gmres iter 450 linear residual 1.564e-10
res 2.689e-02 (F-block 8.630e-03 p-block 8.647e-02) alpha 0.25 eta 1.00e-06 iter times 456
gmres iter 10 linear residual 4.494e-05
gmres iter 20 linear residual 3.943e-05
gmres iter 30 linear residual 2.315e-05
gmres iter 40 linear residual 1.297e-05
gmres iter 50 linear residual 9.242e-06
gmres iter 60 linear residual 7.668e-06
gmres iter 70 linear residual 6.384e-06
gmres iter 80 linear residual 4.819e-06
gmres iter 90 linear residual 3.144e-06
gmres iter 100 linear residual 1.933e-06
gmres iter 110 linear residual 1.495e-06
gmres iter 120 linear residual 1.135e-06
gmres iter 130 linear residual 9.075e-07
gmres iter 140 linear residual 7.349e-07
gmres iter 150 linear residual 5.780e-07
gmres iter 160 linear residual 4.153e-07
gmres iter 170 linear residual 2.765e-07
gmres iter 180 linear residual 1.872e-07
gmres iter 190 linear residual 1.353e-07
gmres iter 200 linear residual 8.806e-08
gmres iter 210 linear residual 7.259e-08
gmres iter 220 linear residual 5.877e-08
gmres iter 230 linear residual 4.394e-08
gmres iter 240 linear residual 3.080e-08
gmres iter 250 linear residual 2.178e-08
gmres iter 260 linear residual 1.610e-08
gmres iter 270 linear residual 1.211e-08
gmres iter 280 linear residual 9.204e-09
gmres iter 290 linear residual 7.337e-09
gmres iter 300 linear residual 5.528e-09
gmres iter 310 linear residual 4.523e-09
gmres iter 320 linear residual 3.675e-09
gmres iter 330 linear residual 2.858e-09
gmres iter 340 linear residual 2.159e-09
gmres iter 350 linear residual 1.609e-09
gmres iter 360 linear residual 1.176e-09
gmres iter 370 linear residual 8.482e-10
gmres iter 380 linear residual 6.286e-10
gmres iter 390 linear residual 5.001e-10
gmres iter 400 linear residual 3.952e-10
gmres iter 410 linear residual 3.274e-10
gmres iter 420 linear residual 2.656e-10
gmres iter 430 linear residual 2.024e-10
gmres iter 440 linear residual 1.473e-10
res 2.103e-02 (F-block 6.482e-03 p-block 7.646e-02) alpha 0.25 eta 1.00e-06 iter times 443
gmres iter 10 linear residual 4.591e-05
gmres iter 20 linear residual 4.053e-05
gmres iter 30 linear residual 2.359e-05
gmres iter 40 linear residual 1.242e-05
gmres iter 50 linear residual 8.176e-06
gmres iter 60 linear residual 6.532e-06
gmres iter 70 linear residual 5.466e-06
gmres iter 80 linear residual 4.311e-06
gmres iter 90 linear residual 2.955e-06
gmres iter 100 linear residual 1.816e-06
gmres iter 110 linear residual 1.367e-06
gmres iter 120 linear residual 1.013e-06
gmres iter 130 linear residual 8.023e-07
gmres iter 140 linear residual 6.540e-07
gmres iter 150 linear residual 5.239e-07
gmres iter 160 linear residual 3.816e-07
gmres iter 170 linear residual 2.507e-07
gmres iter 180 linear residual 1.628e-07
gmres iter 190 linear residual 1.113e-07
gmres iter 200 linear residual 6.563e-08
gmres iter 210 linear residual 5.176e-08
gmres iter 220 linear residual 4.157e-08
gmres iter 230 linear residual 3.255e-08
gmres iter 240 linear residual 2.480e-08
gmres iter 250 linear residual 1.874e-08
gmres iter 260 linear residual 1.386e-08
gmres iter 270 linear residual 9.623e-09
gmres iter 280 linear residual 6.380e-09
gmres iter 290 linear residual 4.722e-09
gmres iter 300 linear residual 3.516e-09
gmres iter 310 linear residual 2.939e-09
gmres iter 320 linear residual 2.407e-09
gmres iter 330 linear residual 1.826e-09
gmres iter 340 linear residual 1.320e-09
gmres iter 350 linear residual 9.386e-10
gmres iter 360 linear residual 6.763e-10
gmres iter 370 linear residual 5.131e-10
gmres iter 380 linear residual 4.087e-10
gmres iter 390 linear residual 3.337e-10
gmres iter 400 linear residual 2.531e-10
gmres iter 410 linear residual 2.009e-10
gmres iter 420 linear residual 1.641e-10
gmres iter 430 linear residual 1.320e-10
res 3.248e-02 (F-block 3.261e-03 p-block 6.970e-02) alpha 0.5 eta 1.00e-06 iter times 430
gmres iter 10 linear residual 4.824e-05
gmres iter 20 linear residual 4.346e-05
gmres iter 30 linear residual 2.580e-05
gmres iter 40 linear residual 1.228e-05
gmres iter 50 linear residual 6.800e-06
gmres iter 60 linear residual 4.736e-06
gmres iter 70 linear residual 3.787e-06
gmres iter 80 linear residual 3.123e-06
gmres iter 90 linear residual 2.396e-06
gmres iter 100 linear residual 1.632e-06
gmres iter 110 linear residual 1.267e-06
gmres iter 120 linear residual 9.818e-07
gmres iter 130 linear residual 7.901e-07
gmres iter 140 linear residual 6.321e-07
gmres iter 150 linear residual 4.779e-07
gmres iter 160 linear residual 3.200e-07
gmres iter 170 linear residual 1.971e-07
gmres iter 180 linear residual 1.281e-07
gmres iter 190 linear residual 8.915e-08
gmres iter 200 linear residual 5.701e-08
gmres iter 210 linear residual 4.714e-08
gmres iter 220 linear residual 3.898e-08
gmres iter 230 linear residual 3.072e-08
gmres iter 240 linear residual 2.273e-08
gmres iter 250 linear residual 1.633e-08
gmres iter 260 linear residual 1.150e-08
gmres iter 270 linear residual 7.677e-09
gmres iter 280 linear residual 5.105e-09
gmres iter 290 linear residual 3.757e-09
gmres iter 300 linear residual 2.856e-09
gmres iter 310 linear residual 2.449e-09
gmres iter 320 linear residual 2.037e-09
gmres iter 330 linear residual 1.570e-09
gmres iter 340 linear residual 1.114e-09
gmres iter 350 linear residual 7.438e-10
gmres iter 360 linear residual 4.871e-10
gmres iter 370 linear residual 3.274e-10
gmres iter 380 linear residual 2.505e-10
gmres iter 390 linear residual 2.078e-10
gmres iter 400 linear residual 1.722e-10
gmres iter 410 linear residual 1.479e-10
res 3.406e-02 (F-block 9.263e-05 p-block 3.993e-02) alpha 1 eta 1.00e-06 iter times 417
gmres iter 10 linear residual 1.331e-04
gmres iter 20 linear residual 7.913e-05
gmres iter 30 linear residual 7.093e-05
gmres iter 40 linear residual 4.775e-05
gmres iter 50 linear residual 2.289e-05
gmres iter 60 linear residual 1.101e-05
gmres iter 70 linear residual 7.625e-06
gmres iter 80 linear residual 5.203e-06
gmres iter 90 linear residual 4.180e-06
gmres iter 100 linear residual 3.528e-06
gmres iter 110 linear residual 2.611e-06
gmres iter 120 linear residual 1.851e-06
gmres iter 130 linear residual 1.071e-06
gmres iter 140 linear residual 6.660e-07
gmres iter 150 linear residual 4.343e-07
gmres iter 160 linear residual 2.943e-07
gmres iter 170 linear residual 2.461e-07
gmres iter 180 linear residual 1.966e-07
gmres iter 190 linear residual 1.545e-07
gmres iter 200 linear residual 1.144e-07
gmres iter 210 linear residual 8.118e-08
gmres iter 220 linear residual 5.474e-08
gmres iter 230 linear residual 3.610e-08
gmres iter 240 linear residual 2.481e-08
gmres iter 250 linear residual 1.790e-08
gmres iter 260 linear residual 1.393e-08
gmres iter 270 linear residual 1.210e-08
gmres iter 280 linear residual 1.010e-08
gmres iter 290 linear residual 7.819e-09
gmres iter 300 linear residual 5.231e-09
gmres iter 310 linear residual 3.356e-09
gmres iter 320 linear residual 2.378e-09
gmres iter 330 linear residual 1.657e-09
gmres iter 340 linear residual 1.216e-09
gmres iter 350 linear residual 9.210e-10
gmres iter 360 linear residual 7.494e-10
gmres iter 370 linear residual 6.417e-10
gmres iter 380 linear residual 5.254e-10
gmres iter 390 linear residual 4.093e-10
gmres iter 400 linear residual 2.922e-10
gmres iter 410 linear residual 2.013e-10
gmres iter 420 linear residual 1.324e-10
res 2.116e-03 (F-block 4.847e-07 p-block 2.880e-04) alpha 1 eta 1.00e-06 iter times 421
gmres iter 10 linear residual 1.295e-04
gmres iter 20 linear residual 1.148e-04
gmres iter 30 linear residual 5.141e-05
gmres iter 40 linear residual 2.062e-05
gmres iter 50 linear residual 1.167e-05
gmres iter 60 linear residual 8.237e-06
gmres iter 70 linear residual 6.724e-06
gmres iter 80 linear residual 5.460e-06
gmres iter 90 linear residual 4.123e-06
gmres iter 100 linear residual 2.781e-06
gmres iter 110 linear residual 2.142e-06
gmres iter 120 linear residual 1.609e-06
gmres iter 130 linear residual 1.280e-06
gmres iter 140 linear residual 1.027e-06
gmres iter 150 linear residual 7.859e-07
gmres iter 160 linear residual 5.343e-07
gmres iter 170 linear residual 3.287e-07
gmres iter 180 linear residual 2.039e-07
gmres iter 190 linear residual 1.322e-07
gmres iter 200 linear residual 8.661e-08
gmres iter 210 linear residual 7.140e-08
gmres iter 220 linear residual 5.915e-08
gmres iter 230 linear residual 4.591e-08
gmres iter 240 linear residual 3.417e-08
gmres iter 250 linear residual 2.377e-08
gmres iter 260 linear residual 1.628e-08
gmres iter 270 linear residual 1.042e-08
gmres iter 280 linear residual 7.062e-09
gmres iter 290 linear residual 5.267e-09
gmres iter 300 linear residual 4.086e-09
gmres iter 310 linear residual 3.504e-09
gmres iter 320 linear residual 2.931e-09
gmres iter 330 linear residual 2.240e-09
gmres iter 340 linear residual 1.516e-09
gmres iter 350 linear residual 9.866e-10
gmres iter 360 linear residual 6.430e-10
gmres iter 370 linear residual 4.399e-10
gmres iter 380 linear residual 3.322e-10
gmres iter 390 linear residual 2.762e-10
gmres iter 400 linear residual 2.271e-10
gmres iter 410 linear residual 1.935e-10
gmres iter 420 linear residual 1.633e-10
res 1.607e-05 (F-block 6.781e-11 p-block 7.505e-08) alpha 1 eta 1.00e-06 iter times 429
time this step...1059.156974554062
now P is...
[[ 1.11903546e+00  4.10419715e-04 -1.07647248e-03]
 [ 4.38081893e-04 -1.18810078e-09  9.57225007e-03]
 [-1.06276430e-03  9.59416559e-03 -1.24729198e-09]]
now F is...
[[ 1.10000000e+00  1.02037214e-17  4.08044508e-16]
 [-7.48650542e-16  9.56592600e-01  1.09218577e-16]
 [ 5.77788519e-17 -3.51780562e-16  9.56527994e-01]]
intermediate results saved (1 increments in output.csv)
this increment is 0.1 (target 0.2) ------------------------
gmres iter 10 linear residual 4.720e-06
gmres iter 20 linear residual 4.161e-06
gmres iter 30 linear residual 2.975e-06
gmres iter 40 linear residual 1.530e-06
gmres iter 50 linear residual 9.071e-07
gmres iter 60 linear residual 6.486e-07
gmres iter 70 linear residual 4.831e-07
gmres iter 80 linear residual 3.420e-07
gmres iter 90 linear residual 2.259e-07
gmres iter 100 linear residual 1.580e-07
gmres iter 110 linear residual 1.322e-07
gmres iter 120 linear residual 1.041e-07
gmres iter 130 linear residual 7.934e-08
gmres iter 140 linear residual 5.733e-08
gmres iter 150 linear residual 4.022e-08
gmres iter 160 linear residual 2.714e-08
gmres iter 170 linear residual 1.814e-08
gmres iter 180 linear residual 1.329e-08
gmres iter 190 linear residual 9.433e-09
gmres iter 200 linear residual 6.661e-09
gmres iter 210 linear residual 5.593e-09
gmres iter 220 linear residual 4.411e-09
gmres iter 230 linear residual 3.295e-09
gmres iter 240 linear residual 2.349e-09
gmres iter 250 linear residual 1.654e-09
gmres iter 260 linear residual 1.172e-09
gmres iter 270 linear residual 8.412e-10
gmres iter 280 linear residual 6.380e-10
gmres iter 290 linear residual 4.779e-10
gmres iter 300 linear residual 3.738e-10
gmres iter 310 linear residual 3.110e-10
gmres iter 320 linear residual 2.420e-10
gmres iter 330 linear residual 1.837e-10
res 1.130e-01 (F-block 8.741e-01 p-block 7.727e-01) alpha 0.125 eta 1.00e-06 iter times 337
gmres iter 10 linear residual 3.422e-06
gmres iter 20 linear residual 2.816e-06
gmres iter 30 linear residual 2.154e-06
gmres iter 40 linear residual 1.275e-06
gmres iter 50 linear residual 9.104e-07
gmres iter 60 linear residual 7.400e-07
gmres iter 70 linear residual 5.821e-07
gmres iter 80 linear residual 4.146e-07
gmres iter 90 linear residual 2.804e-07
gmres iter 100 linear residual 2.059e-07
gmres iter 110 linear residual 1.760e-07
gmres iter 120 linear residual 1.383e-07
gmres iter 130 linear residual 1.028e-07
gmres iter 140 linear residual 7.715e-08
gmres iter 150 linear residual 5.939e-08
gmres iter 160 linear residual 4.320e-08
gmres iter 170 linear residual 2.885e-08
gmres iter 180 linear residual 2.006e-08
gmres iter 190 linear residual 1.349e-08
gmres iter 200 linear residual 9.500e-09
gmres iter 210 linear residual 7.988e-09
gmres iter 220 linear residual 6.392e-09
gmres iter 230 linear residual 4.842e-09
gmres iter 240 linear residual 3.533e-09
gmres iter 250 linear residual 2.603e-09
gmres iter 260 linear residual 1.864e-09
gmres iter 270 linear residual 1.233e-09
gmres iter 280 linear residual 8.521e-10
gmres iter 290 linear residual 6.106e-10
gmres iter 300 linear residual 4.788e-10
gmres iter 310 linear residual 4.042e-10
gmres iter 320 linear residual 3.164e-10
gmres iter 330 linear residual 2.370e-10
gmres iter 340 linear residual 1.720e-10
res 1.291e-01 (F-block 6.525e-01 p-block 6.983e-01) alpha 0.25 eta 1.00e-06 iter times 347
gmres iter 10 linear residual 1.792e-06
gmres iter 20 linear residual 8.168e-07
gmres iter 30 linear residual 6.871e-07
gmres iter 40 linear residual 5.138e-07
gmres iter 50 linear residual 4.158e-07
gmres iter 60 linear residual 3.518e-07
gmres iter 70 linear residual 2.766e-07
gmres iter 80 linear residual 2.095e-07
gmres iter 90 linear residual 1.593e-07
gmres iter 100 linear residual 1.204e-07
gmres iter 110 linear residual 1.025e-07
gmres iter 120 linear residual 8.304e-08
gmres iter 130 linear residual 6.557e-08
gmres iter 140 linear residual 5.048e-08
gmres iter 150 linear residual 3.855e-08
gmres iter 160 linear residual 2.708e-08
gmres iter 170 linear residual 1.739e-08
gmres iter 180 linear residual 1.299e-08
gmres iter 190 linear residual 1.025e-08
gmres iter 200 linear residual 8.176e-09
gmres iter 210 linear residual 7.128e-09
gmres iter 220 linear residual 5.939e-09
gmres iter 230 linear residual 4.550e-09
gmres iter 240 linear residual 2.938e-09
gmres iter 250 linear residual 1.996e-09
gmres iter 260 linear residual 1.513e-09
gmres iter 270 linear residual 1.157e-09
gmres iter 280 linear residual 8.908e-10
gmres iter 290 linear residual 6.865e-10
gmres iter 300 linear residual 5.653e-10
gmres iter 310 linear residual 4.830e-10
gmres iter 320 linear residual 3.867e-10
gmres iter 330 linear residual 2.996e-10
gmres iter 340 linear residual 2.285e-10
gmres iter 350 linear residual 1.695e-10
res 1.066e-01 (F-block 3.870e-02 p-block 1.647e-01) alpha 1 eta 1.00e-06 iter times 356
gmres iter 10 linear residual 3.865e-05
gmres iter 20 linear residual 3.112e-05
gmres iter 30 linear residual 2.032e-05
gmres iter 40 linear residual 1.632e-05
gmres iter 50 linear residual 1.384e-05
gmres iter 60 linear residual 1.099e-05
gmres iter 70 linear residual 8.447e-06
gmres iter 80 linear residual 6.610e-06
gmres iter 90 linear residual 5.121e-06
gmres iter 100 linear residual 3.820e-06
gmres iter 110 linear residual 3.271e-06
gmres iter 120 linear residual 2.674e-06
gmres iter 130 linear residual 2.175e-06
gmres iter 140 linear residual 1.734e-06
gmres iter 150 linear residual 1.366e-06
gmres iter 160 linear residual 1.076e-06
gmres iter 170 linear residual 7.958e-07
gmres iter 180 linear residual 5.209e-07
gmres iter 190 linear residual 3.903e-07
gmres iter 200 linear residual 3.006e-07
gmres iter 210 linear residual 2.636e-07
gmres iter 220 linear residual 2.168e-07
gmres iter 230 linear residual 1.599e-07
gmres iter 240 linear residual 1.203e-07
gmres iter 250 linear residual 9.625e-08
gmres iter 260 linear residual 7.493e-08
gmres iter 270 linear residual 5.764e-08
gmres iter 280 linear residual 4.325e-08
gmres iter 290 linear residual 3.310e-08
gmres iter 300 linear residual 2.652e-08
gmres iter 310 linear residual 2.257e-08
gmres iter 320 linear residual 1.808e-08
gmres iter 330 linear residual 1.408e-08
gmres iter 340 linear residual 1.082e-08
gmres iter 350 linear residual 8.012e-09
gmres iter 360 linear residual 5.900e-09
gmres iter 370 linear residual 4.112e-09
gmres iter 380 linear residual 2.727e-09
gmres iter 390 linear residual 2.064e-09
gmres iter 400 linear residual 1.795e-09
gmres iter 410 linear residual 1.610e-09
gmres iter 420 linear residual 1.292e-09
gmres iter 430 linear residual 9.358e-10
gmres iter 440 linear residual 6.855e-10
gmres iter 450 linear residual 5.037e-10
gmres iter 460 linear residual 3.622e-10
gmres iter 470 linear residual 2.688e-10
gmres iter 480 linear residual 2.094e-10
gmres iter 490 linear residual 1.707e-10
gmres iter 500 linear residual 1.438e-10
res 3.146e-02 (F-block 3.390e-02 p-block 1.554e-01) alpha 0.125 eta 1.00e-06 iter times 505
gmres iter 10 linear residual 3.936e-05
gmres iter 20 linear residual 3.208e-05
gmres iter 30 linear residual 2.064e-05
gmres iter 40 linear residual 1.629e-05
gmres iter 50 linear residual 1.389e-05
gmres iter 60 linear residual 1.113e-05
gmres iter 70 linear residual 8.399e-06
gmres iter 80 linear residual 6.493e-06
gmres iter 90 linear residual 5.069e-06
gmres iter 100 linear residual 3.802e-06
gmres iter 110 linear residual 3.254e-06
gmres iter 120 linear residual 2.667e-06
gmres iter 130 linear residual 2.160e-06
gmres iter 140 linear residual 1.705e-06
gmres iter 150 linear residual 1.342e-06
gmres iter 160 linear residual 1.064e-06
gmres iter 170 linear residual 7.855e-07
gmres iter 180 linear residual 5.105e-07
gmres iter 190 linear residual 3.803e-07
gmres iter 200 linear residual 2.923e-07
gmres iter 210 linear residual 2.557e-07
gmres iter 220 linear residual 2.099e-07
gmres iter 230 linear residual 1.547e-07
gmres iter 240 linear residual 1.172e-07
gmres iter 250 linear residual 9.349e-08
gmres iter 260 linear residual 7.190e-08
gmres iter 270 linear residual 5.475e-08
gmres iter 280 linear residual 4.126e-08
gmres iter 290 linear residual 3.211e-08
gmres iter 300 linear residual 2.595e-08
gmres iter 310 linear residual 2.218e-08
gmres iter 320 linear residual 1.797e-08
gmres iter 330 linear residual 1.402e-08
gmres iter 340 linear residual 1.067e-08
gmres iter 350 linear residual 7.804e-09
gmres iter 360 linear residual 5.713e-09
gmres iter 370 linear residual 4.021e-09
gmres iter 380 linear residual 2.686e-09
gmres iter 390 linear residual 2.049e-09
gmres iter 400 linear residual 1.788e-09
gmres iter 410 linear residual 1.607e-09
gmres iter 420 linear residual 1.285e-09
gmres iter 430 linear residual 9.216e-10
gmres iter 440 linear residual 6.742e-10
gmres iter 450 linear residual 4.955e-10
gmres iter 460 linear residual 3.566e-10
gmres iter 470 linear residual 2.647e-10
gmres iter 480 linear residual 2.074e-10
gmres iter 490 linear residual 1.702e-10
gmres iter 500 linear residual 1.430e-10
res 2.921e-02 (F-block 2.969e-02 p-block 1.467e-01) alpha 0.125 eta 1.00e-06 iter times 505
gmres iter 10 linear residual 4.004e-05
gmres iter 20 linear residual 3.293e-05
gmres iter 30 linear residual 2.095e-05
gmres iter 40 linear residual 1.620e-05
gmres iter 50 linear residual 1.384e-05
gmres iter 60 linear residual 1.123e-05
gmres iter 70 linear residual 8.373e-06
gmres iter 80 linear residual 6.338e-06
gmres iter 90 linear residual 4.955e-06
gmres iter 100 linear residual 3.767e-06
gmres iter 110 linear residual 3.236e-06
gmres iter 120 linear residual 2.649e-06
gmres iter 130 linear residual 2.122e-06
gmres iter 140 linear residual 1.662e-06
gmres iter 150 linear residual 1.312e-06
gmres iter 160 linear residual 1.044e-06
gmres iter 170 linear residual 7.642e-07
gmres iter 180 linear residual 4.907e-07
gmres iter 190 linear residual 3.657e-07
gmres iter 200 linear residual 2.816e-07
gmres iter 210 linear residual 2.456e-07
gmres iter 220 linear residual 2.010e-07
gmres iter 230 linear residual 1.482e-07
gmres iter 240 linear residual 1.127e-07
gmres iter 250 linear residual 8.971e-08
gmres iter 260 linear residual 6.829e-08
gmres iter 270 linear residual 5.135e-08
gmres iter 280 linear residual 3.858e-08
gmres iter 290 linear residual 3.026e-08
gmres iter 300 linear residual 2.456e-08
gmres iter 310 linear residual 2.108e-08
gmres iter 320 linear residual 1.720e-08
gmres iter 330 linear residual 1.344e-08
gmres iter 340 linear residual 1.012e-08
gmres iter 350 linear residual 7.348e-09
gmres iter 360 linear residual 5.373e-09
gmres iter 370 linear residual 3.818e-09
gmres iter 380 linear residual 2.568e-09
gmres iter 390 linear residual 1.977e-09
gmres iter 400 linear residual 1.720e-09
gmres iter 410 linear residual 1.542e-09
gmres iter 420 linear residual 1.243e-09
gmres iter 430 linear residual 8.947e-10
gmres iter 440 linear residual 6.580e-10
gmres iter 450 linear residual 4.861e-10
gmres iter 460 linear residual 3.514e-10
gmres iter 470 linear residual 2.618e-10
gmres iter 480 linear residual 2.049e-10
gmres iter 490 linear residual 1.669e-10
gmres iter 500 linear residual 1.388e-10
res 2.704e-02 (F-block 2.600e-02 p-block 1.385e-01) alpha 0.125 eta 1.00e-06 iter times 503
gmres iter 10 linear residual 4.068e-05
gmres iter 20 linear residual 3.379e-05
gmres iter 30 linear residual 2.124e-05
gmres iter 40 linear residual 1.605e-05
gmres iter 50 linear residual 1.370e-05
gmres iter 60 linear residual 1.126e-05
gmres iter 70 linear residual 8.365e-06
gmres iter 80 linear residual 6.168e-06
gmres iter 90 linear residual 4.774e-06
gmres iter 100 linear residual 3.679e-06
gmres iter 110 linear residual 3.185e-06
gmres iter 120 linear residual 2.594e-06
gmres iter 130 linear residual 2.042e-06
gmres iter 140 linear residual 1.593e-06
gmres iter 150 linear residual 1.269e-06
gmres iter 160 linear residual 1.008e-06
gmres iter 170 linear residual 7.282e-07
gmres iter 180 linear residual 4.646e-07
gmres iter 190 linear residual 3.477e-07
gmres iter 200 linear residual 2.662e-07
gmres iter 210 linear residual 2.306e-07
gmres iter 220 linear residual 1.891e-07
gmres iter 230 linear residual 1.406e-07
gmres iter 240 linear residual 1.069e-07
gmres iter 250 linear residual 8.458e-08
gmres iter 260 linear residual 6.415e-08
gmres iter 270 linear residual 4.794e-08
gmres iter 280 linear residual 3.557e-08
gmres iter 290 linear residual 2.783e-08
gmres iter 300 linear residual 2.264e-08
gmres iter 310 linear residual 1.951e-08
gmres iter 320 linear residual 1.592e-08
gmres iter 330 linear residual 1.240e-08
gmres iter 340 linear residual 9.364e-09
gmres iter 350 linear residual 6.832e-09
gmres iter 360 linear residual 4.979e-09
gmres iter 370 linear residual 3.557e-09
gmres iter 380 linear residual 2.428e-09
gmres iter 390 linear residual 1.892e-09
gmres iter 400 linear residual 1.630e-09
gmres iter 410 linear residual 1.448e-09
gmres iter 420 linear residual 1.178e-09
gmres iter 430 linear residual 8.641e-10
gmres iter 440 linear residual 6.464e-10
gmres iter 450 linear residual 4.850e-10
gmres iter 460 linear residual 3.559e-10
gmres iter 470 linear residual 2.662e-10
gmres iter 480 linear residual 2.054e-10
gmres iter 490 linear residual 1.649e-10
gmres iter 500 linear residual 1.357e-10
res 2.495e-02 (F-block 2.277e-02 p-block 1.307e-01) alpha 0.125 eta 1.00e-06 iter times 502
gmres iter 10 linear residual 4.128e-05
gmres iter 20 linear residual 3.459e-05
gmres iter 30 linear residual 2.156e-05
gmres iter 40 linear residual 1.584e-05
gmres iter 50 linear residual 1.346e-05
gmres iter 60 linear residual 1.121e-05
gmres iter 70 linear residual 8.370e-06
gmres iter 80 linear residual 6.012e-06
gmres iter 90 linear residual 4.553e-06
gmres iter 100 linear residual 3.535e-06
gmres iter 110 linear residual 3.083e-06
gmres iter 120 linear residual 2.493e-06
gmres iter 130 linear residual 1.919e-06
gmres iter 140 linear residual 1.492e-06
gmres iter 150 linear residual 1.200e-06
gmres iter 160 linear residual 9.506e-07
gmres iter 170 linear residual 6.736e-07
gmres iter 180 linear residual 4.308e-07
gmres iter 190 linear residual 3.258e-07
gmres iter 200 linear residual 2.464e-07
gmres iter 210 linear residual 2.111e-07
gmres iter 220 linear residual 1.735e-07
gmres iter 230 linear residual 1.303e-07
gmres iter 240 linear residual 9.884e-08
gmres iter 250 linear residual 7.758e-08
gmres iter 260 linear residual 5.919e-08
gmres iter 270 linear residual 4.406e-08
gmres iter 280 linear residual 3.192e-08
gmres iter 290 linear residual 2.479e-08
gmres iter 300 linear residual 2.021e-08
gmres iter 310 linear residual 1.747e-08
gmres iter 320 linear residual 1.418e-08
gmres iter 330 linear residual 1.090e-08
gmres iter 340 linear residual 8.279e-09
gmres iter 350 linear residual 6.177e-09
gmres iter 360 linear residual 4.534e-09
gmres iter 370 linear residual 3.253e-09
gmres iter 380 linear residual 2.267e-09
gmres iter 390 linear residual 1.790e-09
gmres iter 400 linear residual 1.511e-09
gmres iter 410 linear residual 1.318e-09
gmres iter 420 linear residual 1.083e-09
gmres iter 430 linear residual 8.108e-10
gmres iter 440 linear residual 6.143e-10
gmres iter 450 linear residual 4.690e-10
gmres iter 460 linear residual 3.545e-10
gmres iter 470 linear residual 2.690e-10
gmres iter 480 linear residual 2.033e-10
gmres iter 490 linear residual 1.603e-10
res 2.293e-02 (F-block 1.994e-02 p-block 1.231e-01) alpha 0.125 eta 1.00e-06 iter times 499
gmres iter 10 linear residual 4.184e-05
gmres iter 20 linear residual 3.535e-05
gmres iter 30 linear residual 2.184e-05
gmres iter 40 linear residual 1.560e-05
gmres iter 50 linear residual 1.314e-05
gmres iter 60 linear residual 1.106e-05
gmres iter 70 linear residual 8.356e-06
gmres iter 80 linear residual 5.877e-06
gmres iter 90 linear residual 4.317e-06
gmres iter 100 linear residual 3.337e-06
gmres iter 110 linear residual 2.926e-06
gmres iter 120 linear residual 2.353e-06
gmres iter 130 linear residual 1.779e-06
gmres iter 140 linear residual 1.377e-06
gmres iter 150 linear residual 1.113e-06
gmres iter 160 linear residual 8.782e-07
gmres iter 170 linear residual 6.178e-07
gmres iter 180 linear residual 4.013e-07
gmres iter 190 linear residual 3.048e-07
gmres iter 200 linear residual 2.239e-07
gmres iter 210 linear residual 1.891e-07
gmres iter 220 linear residual 1.556e-07
gmres iter 230 linear residual 1.182e-07
gmres iter 240 linear residual 8.897e-08
gmres iter 250 linear residual 6.935e-08
gmres iter 260 linear residual 5.356e-08
gmres iter 270 linear residual 3.986e-08
gmres iter 280 linear residual 2.824e-08
gmres iter 290 linear residual 2.173e-08
gmres iter 300 linear residual 1.765e-08
gmres iter 310 linear residual 1.526e-08
gmres iter 320 linear residual 1.229e-08
gmres iter 330 linear residual 9.326e-09
gmres iter 340 linear residual 7.126e-09
gmres iter 350 linear residual 5.433e-09
gmres iter 360 linear residual 4.029e-09
gmres iter 370 linear residual 2.928e-09
gmres iter 380 linear residual 2.099e-09
gmres iter 390 linear residual 1.678e-09
gmres iter 400 linear residual 1.376e-09
gmres iter 410 linear residual 1.173e-09
gmres iter 420 linear residual 9.712e-10
gmres iter 430 linear residual 7.434e-10
gmres iter 440 linear residual 5.671e-10
gmres iter 450 linear residual 4.374e-10
gmres iter 460 linear residual 3.382e-10
gmres iter 470 linear residual 2.601e-10
gmres iter 480 linear residual 1.941e-10
gmres iter 490 linear residual 1.525e-10
res 2.098e-02 (F-block 1.746e-02 p-block 1.157e-01) alpha 0.125 eta 1.00e-06 iter times 496
gmres iter 10 linear residual 4.236e-05
gmres iter 20 linear residual 3.607e-05
gmres iter 30 linear residual 2.212e-05
gmres iter 40 linear residual 1.531e-05
gmres iter 50 linear residual 1.274e-05
gmres iter 60 linear residual 1.081e-05
gmres iter 70 linear residual 8.297e-06
gmres iter 80 linear residual 5.774e-06
gmres iter 90 linear residual 4.096e-06
gmres iter 100 linear residual 3.112e-06
gmres iter 110 linear residual 2.724e-06
gmres iter 120 linear residual 2.191e-06
gmres iter 130 linear residual 1.649e-06
gmres iter 140 linear residual 1.267e-06
gmres iter 150 linear residual 1.017e-06
gmres iter 160 linear residual 8.010e-07
gmres iter 170 linear residual 5.729e-07
gmres iter 180 linear residual 3.864e-07
gmres iter 190 linear residual 2.908e-07
gmres iter 200 linear residual 2.021e-07
gmres iter 210 linear residual 1.682e-07
gmres iter 220 linear residual 1.383e-07
gmres iter 230 linear residual 1.060e-07
gmres iter 240 linear residual 7.948e-08
gmres iter 250 linear residual 6.168e-08
gmres iter 260 linear residual 4.794e-08
gmres iter 270 linear residual 3.565e-08
gmres iter 280 linear residual 2.513e-08
gmres iter 290 linear residual 1.933e-08
gmres iter 300 linear residual 1.548e-08
gmres iter 310 linear residual 1.327e-08
gmres iter 320 linear residual 1.069e-08
gmres iter 330 linear residual 8.114e-09
gmres iter 340 linear residual 6.195e-09
gmres iter 350 linear residual 4.762e-09
gmres iter 360 linear residual 3.584e-09
gmres iter 370 linear residual 2.666e-09
gmres iter 380 linear residual 1.970e-09
gmres iter 390 linear residual 1.584e-09
gmres iter 400 linear residual 1.263e-09
gmres iter 410 linear residual 1.054e-09
gmres iter 420 linear residual 8.742e-10
gmres iter 430 linear residual 6.820e-10
gmres iter 440 linear residual 5.243e-10
gmres iter 450 linear residual 4.053e-10
gmres iter 460 linear residual 3.157e-10
gmres iter 470 linear residual 2.451e-10
gmres iter 480 linear residual 1.838e-10
gmres iter 490 linear residual 1.452e-10
res 1.911e-02 (F-block 1.529e-02 p-block 1.084e-01) alpha 0.125 eta 1.00e-06 iter times 494
gmres iter 10 linear residual 4.286e-05
gmres iter 20 linear residual 3.673e-05
gmres iter 30 linear residual 2.236e-05
gmres iter 40 linear residual 1.500e-05
gmres iter 50 linear residual 1.228e-05
gmres iter 60 linear residual 1.046e-05
gmres iter 70 linear residual 8.175e-06
gmres iter 80 linear residual 5.690e-06
gmres iter 90 linear residual 3.908e-06
gmres iter 100 linear residual 2.883e-06
gmres iter 110 linear residual 2.505e-06
gmres iter 120 linear residual 2.024e-06
gmres iter 130 linear residual 1.540e-06
gmres iter 140 linear residual 1.177e-06
gmres iter 150 linear residual 9.292e-07
gmres iter 160 linear residual 7.249e-07
gmres iter 170 linear residual 5.323e-07
gmres iter 180 linear residual 3.774e-07
gmres iter 190 linear residual 2.813e-07
gmres iter 200 linear residual 1.849e-07
gmres iter 210 linear residual 1.513e-07
gmres iter 220 linear residual 1.235e-07
gmres iter 230 linear residual 9.571e-08
gmres iter 240 linear residual 7.228e-08
gmres iter 250 linear residual 5.581e-08
gmres iter 260 linear residual 4.309e-08
gmres iter 270 linear residual 3.198e-08
gmres iter 280 linear residual 2.295e-08
gmres iter 290 linear residual 1.788e-08
gmres iter 300 linear residual 1.408e-08
gmres iter 310 linear residual 1.194e-08
gmres iter 320 linear residual 9.662e-09
gmres iter 330 linear residual 7.394e-09
gmres iter 340 linear residual 5.613e-09
gmres iter 350 linear residual 4.319e-09
gmres iter 360 linear residual 3.303e-09
gmres iter 370 linear residual 2.505e-09
gmres iter 380 linear residual 1.890e-09
gmres iter 390 linear residual 1.531e-09
gmres iter 400 linear residual 1.206e-09
gmres iter 410 linear residual 9.925e-10
gmres iter 420 linear residual 8.197e-10
gmres iter 430 linear residual 6.455e-10
gmres iter 440 linear residual 5.020e-10
gmres iter 450 linear residual 3.907e-10
gmres iter 460 linear residual 3.036e-10
gmres iter 470 linear residual 2.342e-10
gmres iter 480 linear residual 1.767e-10
gmres iter 490 linear residual 1.418e-10
gmres iter 500 linear residual 1.244e-10
gmres iter 510 linear residual 9.598e-11
gmres iter 520 linear residual 7.339e-11
gmres iter 530 linear residual 5.784e-11
gmres iter 540 linear residual 4.518e-11
gmres iter 550 linear residual 3.517e-11
res 3.464e-02 (F-block 1.150e-02 p-block 1.080e-01) alpha 0.25 eta 1.00e-06 iter times 552
gmres iter 10 linear residual 4.402e-05
gmres iter 20 linear residual 3.824e-05
gmres iter 30 linear residual 2.296e-05
gmres iter 40 linear residual 1.438e-05
gmres iter 50 linear residual 1.127e-05
gmres iter 60 linear residual 9.594e-06
gmres iter 70 linear residual 7.739e-06
gmres iter 80 linear residual 5.513e-06
gmres iter 90 linear residual 3.624e-06
gmres iter 100 linear residual 2.486e-06
gmres iter 110 linear residual 2.094e-06
gmres iter 120 linear residual 1.693e-06
gmres iter 130 linear residual 1.340e-06
gmres iter 140 linear residual 1.043e-06
gmres iter 150 linear residual 8.005e-07
gmres iter 160 linear residual 5.986e-07
gmres iter 170 linear residual 4.408e-07
gmres iter 180 linear residual 3.299e-07
gmres iter 190 linear residual 2.504e-07
gmres iter 200 linear residual 1.631e-07
gmres iter 210 linear residual 1.322e-07
gmres iter 220 linear residual 1.064e-07
gmres iter 230 linear residual 8.246e-08
gmres iter 240 linear residual 6.265e-08
gmres iter 250 linear residual 4.809e-08
gmres iter 260 linear residual 3.679e-08
gmres iter 270 linear residual 2.738e-08
gmres iter 280 linear residual 2.040e-08
gmres iter 290 linear residual 1.619e-08
gmres iter 300 linear residual 1.256e-08
gmres iter 310 linear residual 1.058e-08
gmres iter 320 linear residual 8.587e-09
gmres iter 330 linear residual 6.659e-09
gmres iter 340 linear residual 5.064e-09
gmres iter 350 linear residual 3.934e-09
gmres iter 360 linear residual 3.069e-09
gmres iter 370 linear residual 2.360e-09
gmres iter 380 linear residual 1.808e-09
gmres iter 390 linear residual 1.456e-09
gmres iter 400 linear residual 1.136e-09
gmres iter 410 linear residual 9.263e-10
gmres iter 420 linear residual 7.557e-10
gmres iter 430 linear residual 5.951e-10
gmres iter 440 linear residual 4.636e-10
gmres iter 450 linear residual 3.632e-10
gmres iter 460 linear residual 2.829e-10
gmres iter 470 linear residual 2.168e-10
gmres iter 480 linear residual 1.649e-10
gmres iter 490 linear residual 1.340e-10
res 2.763e-02 (F-block 8.646e-03 p-block 1.010e-01) alpha 0.25 eta 1.00e-06 iter times 490
gmres iter 10 linear residual 4.515e-05
gmres iter 20 linear residual 3.961e-05
gmres iter 30 linear residual 2.354e-05
gmres iter 40 linear residual 1.380e-05
gmres iter 50 linear residual 1.023e-05
gmres iter 60 linear residual 8.594e-06
gmres iter 70 linear residual 7.084e-06
gmres iter 80 linear residual 5.244e-06
gmres iter 90 linear residual 3.437e-06
gmres iter 100 linear residual 2.225e-06
gmres iter 110 linear residual 1.801e-06
gmres iter 120 linear residual 1.427e-06
gmres iter 130 linear residual 1.154e-06
gmres iter 140 linear residual 9.290e-07
gmres iter 150 linear residual 7.206e-07
gmres iter 160 linear residual 5.234e-07
gmres iter 170 linear residual 3.673e-07
gmres iter 180 linear residual 2.686e-07
gmres iter 190 linear residual 2.051e-07
gmres iter 200 linear residual 1.394e-07
gmres iter 210 linear residual 1.156e-07
gmres iter 220 linear residual 9.384e-08
gmres iter 230 linear residual 7.179e-08
gmres iter 240 linear residual 5.268e-08
gmres iter 250 linear residual 3.949e-08
gmres iter 260 linear residual 3.050e-08
gmres iter 270 linear residual 2.363e-08
gmres iter 280 linear residual 1.834e-08
gmres iter 290 linear residual 1.456e-08
gmres iter 300 linear residual 1.084e-08
gmres iter 310 linear residual 8.860e-09
gmres iter 320 linear residual 7.113e-09
gmres iter 330 linear residual 5.663e-09
gmres iter 340 linear residual 4.483e-09
gmres iter 350 linear residual 3.544e-09
gmres iter 360 linear residual 2.724e-09
gmres iter 370 linear residual 2.032e-09
gmres iter 380 linear residual 1.543e-09
gmres iter 390 linear residual 1.250e-09
gmres iter 400 linear residual 1.001e-09
gmres iter 410 linear residual 8.343e-10
gmres iter 420 linear residual 6.824e-10
gmres iter 430 linear residual 5.277e-10
gmres iter 440 linear residual 3.964e-10
gmres iter 450 linear residual 3.043e-10
gmres iter 460 linear residual 2.399e-10
gmres iter 470 linear residual 1.896e-10
gmres iter 480 linear residual 1.486e-10
res 2.167e-02 (F-block 6.496e-03 p-block 8.958e-02) alpha 0.25 eta 1.00e-06 iter times 485
gmres iter 10 linear residual 4.614e-05
gmres iter 20 linear residual 4.074e-05
gmres iter 30 linear residual 2.404e-05
gmres iter 40 linear residual 1.331e-05
gmres iter 50 linear residual 9.314e-06
gmres iter 60 linear residual 7.652e-06
gmres iter 70 linear residual 6.373e-06
gmres iter 80 linear residual 4.890e-06
gmres iter 90 linear residual 3.282e-06
gmres iter 100 linear residual 2.075e-06
gmres iter 110 linear residual 1.629e-06
gmres iter 120 linear residual 1.264e-06
gmres iter 130 linear residual 1.025e-06
gmres iter 140 linear residual 8.412e-07
gmres iter 150 linear residual 6.656e-07
gmres iter 160 linear residual 4.829e-07
gmres iter 170 linear residual 3.261e-07
gmres iter 180 linear residual 2.271e-07
gmres iter 190 linear residual 1.685e-07
gmres iter 200 linear residual 1.135e-07
gmres iter 210 linear residual 9.496e-08
gmres iter 220 linear residual 7.815e-08
gmres iter 230 linear residual 6.021e-08
gmres iter 240 linear residual 4.388e-08
gmres iter 250 linear residual 3.260e-08
gmres iter 260 linear residual 2.516e-08
gmres iter 270 linear residual 1.959e-08
gmres iter 280 linear residual 1.514e-08
gmres iter 290 linear residual 1.198e-08
gmres iter 300 linear residual 8.801e-09
gmres iter 310 linear residual 7.138e-09
gmres iter 320 linear residual 5.767e-09
gmres iter 330 linear residual 4.604e-09
gmres iter 340 linear residual 3.639e-09
gmres iter 350 linear residual 2.862e-09
gmres iter 360 linear residual 2.196e-09
gmres iter 370 linear residual 1.648e-09
gmres iter 380 linear residual 1.266e-09
gmres iter 390 linear residual 1.022e-09
gmres iter 400 linear residual 8.158e-10
gmres iter 410 linear residual 6.797e-10
gmres iter 420 linear residual 5.582e-10
gmres iter 430 linear residual 4.368e-10
gmres iter 440 linear residual 3.281e-10
gmres iter 450 linear residual 2.488e-10
gmres iter 460 linear residual 1.942e-10
gmres iter 470 linear residual 1.531e-10
gmres iter 480 linear residual 1.269e-10
gmres iter 490 linear residual 1.107e-10
gmres iter 500 linear residual 9.358e-11
gmres iter 510 linear residual 6.584e-11
gmres iter 520 linear residual 4.814e-11
gmres iter 530 linear residual 3.816e-11
res 3.352e-02 (F-block 3.273e-03 p-block 8.255e-02) alpha 0.5 eta 1.00e-06 iter times 537
gmres iter 10 linear residual 4.852e-05
gmres iter 20 linear residual 4.376e-05
gmres iter 30 linear residual 2.634e-05
gmres iter 40 linear residual 1.331e-05
gmres iter 50 linear residual 8.266e-06
gmres iter 60 linear residual 6.369e-06
gmres iter 70 linear residual 5.292e-06
gmres iter 80 linear residual 4.277e-06
gmres iter 90 linear residual 3.075e-06
gmres iter 100 linear residual 1.995e-06
gmres iter 110 linear residual 1.538e-06
gmres iter 120 linear residual 1.184e-06
gmres iter 130 linear residual 9.633e-07
gmres iter 140 linear residual 7.956e-07
gmres iter 150 linear residual 6.322e-07
gmres iter 160 linear residual 4.523e-07
gmres iter 170 linear residual 2.940e-07
gmres iter 180 linear residual 1.984e-07
gmres iter 190 linear residual 1.416e-07
gmres iter 200 linear residual 9.329e-08
gmres iter 210 linear residual 7.841e-08
gmres iter 220 linear residual 6.566e-08
gmres iter 230 linear residual 5.246e-08
gmres iter 240 linear residual 3.944e-08
gmres iter 250 linear residual 2.908e-08
gmres iter 260 linear residual 2.130e-08
gmres iter 270 linear residual 1.513e-08
gmres iter 280 linear residual 1.089e-08
gmres iter 290 linear residual 8.467e-09
gmres iter 300 linear residual 6.625e-09
gmres iter 310 linear residual 5.730e-09
gmres iter 320 linear residual 4.805e-09
gmres iter 330 linear residual 3.750e-09
gmres iter 340 linear residual 2.739e-09
gmres iter 350 linear residual 1.985e-09
gmres iter 360 linear residual 1.479e-09
gmres iter 370 linear residual 1.129e-09
gmres iter 380 linear residual 9.154e-10
gmres iter 390 linear residual 7.373e-10
gmres iter 400 linear residual 5.798e-10
gmres iter 410 linear residual 4.766e-10
gmres iter 420 linear residual 3.935e-10
gmres iter 430 linear residual 3.240e-10
gmres iter 440 linear residual 2.527e-10
gmres iter 450 linear residual 1.894e-10
gmres iter 460 linear residual 1.389e-10
res 3.520e-02 (F-block 1.146e-04 p-block 4.729e-02) alpha 1 eta 1.00e-06 iter times 462
gmres iter 10 linear residual 1.122e-04
gmres iter 20 linear residual 6.870e-05
gmres iter 30 linear residual 6.142e-05
gmres iter 40 linear residual 4.044e-05
gmres iter 50 linear residual 2.016e-05
gmres iter 60 linear residual 1.122e-05
gmres iter 70 linear residual 8.546e-06
gmres iter 80 linear residual 7.004e-06
gmres iter 90 linear residual 5.785e-06
gmres iter 100 linear residual 4.666e-06
gmres iter 110 linear residual 3.278e-06
gmres iter 120 linear residual 1.979e-06
gmres iter 130 linear residual 1.434e-06
gmres iter 140 linear residual 1.062e-06
gmres iter 150 linear residual 8.358e-07
gmres iter 160 linear residual 6.725e-07
gmres iter 170 linear residual 5.402e-07
gmres iter 180 linear residual 4.587e-07
gmres iter 190 linear residual 3.673e-07
gmres iter 200 linear residual 2.813e-07
gmres iter 210 linear residual 2.093e-07
gmres iter 220 linear residual 1.412e-07
gmres iter 230 linear residual 1.035e-07
gmres iter 240 linear residual 8.032e-08
gmres iter 250 linear residual 6.536e-08
gmres iter 260 linear residual 5.210e-08
gmres iter 270 linear residual 4.342e-08
gmres iter 280 linear residual 3.608e-08
gmres iter 290 linear residual 2.922e-08
gmres iter 300 linear residual 2.283e-08
gmres iter 310 linear residual 1.693e-08
gmres iter 320 linear residual 1.180e-08
gmres iter 330 linear residual 8.998e-09
gmres iter 340 linear residual 6.870e-09
gmres iter 350 linear residual 5.349e-09
gmres iter 360 linear residual 4.463e-09
gmres iter 370 linear residual 3.794e-09
gmres iter 380 linear residual 3.231e-09
gmres iter 390 linear residual 2.551e-09
gmres iter 400 linear residual 1.943e-09
gmres iter 410 linear residual 1.473e-09
gmres iter 420 linear residual 1.038e-09
gmres iter 430 linear residual 7.740e-10
gmres iter 440 linear residual 6.049e-10
gmres iter 450 linear residual 4.850e-10
gmres iter 460 linear residual 3.958e-10
gmres iter 470 linear residual 3.398e-10
gmres iter 480 linear residual 2.822e-10
gmres iter 490 linear residual 2.281e-10
gmres iter 500 linear residual 1.776e-10
gmres iter 510 linear residual 1.320e-10
res 2.244e-03 (F-block 8.752e-07 p-block 3.634e-04) alpha 1 eta 1.00e-06 iter times 510
gmres iter 10 linear residual 1.310e-04
gmres iter 20 linear residual 1.155e-04
gmres iter 30 linear residual 5.563e-05
gmres iter 40 linear residual 2.556e-05
gmres iter 50 linear residual 1.694e-05
gmres iter 60 linear residual 1.367e-05
gmres iter 70 linear residual 1.144e-05
gmres iter 80 linear residual 8.726e-06
gmres iter 90 linear residual 5.948e-06
gmres iter 100 linear residual 3.818e-06
gmres iter 110 linear residual 2.930e-06
gmres iter 120 linear residual 2.223e-06
gmres iter 130 linear residual 1.777e-06
gmres iter 140 linear residual 1.466e-06
gmres iter 150 linear residual 1.184e-06
gmres iter 160 linear residual 8.487e-07
gmres iter 170 linear residual 5.395e-07
gmres iter 180 linear residual 3.497e-07
gmres iter 190 linear residual 2.428e-07
gmres iter 200 linear residual 1.631e-07
gmres iter 210 linear residual 1.386e-07
gmres iter 220 linear residual 1.173e-07
gmres iter 230 linear residual 9.305e-08
gmres iter 240 linear residual 6.878e-08
gmres iter 250 linear residual 4.847e-08
gmres iter 260 linear residual 3.506e-08
gmres iter 270 linear residual 2.506e-08
gmres iter 280 linear residual 1.902e-08
gmres iter 290 linear residual 1.505e-08
gmres iter 300 linear residual 1.189e-08
gmres iter 310 linear residual 1.014e-08
gmres iter 320 linear residual 8.486e-09
gmres iter 330 linear residual 6.606e-09
gmres iter 340 linear residual 4.840e-09
gmres iter 350 linear residual 3.553e-09
gmres iter 360 linear residual 2.652e-09
gmres iter 370 linear residual 2.023e-09
gmres iter 380 linear residual 1.624e-09
gmres iter 390 linear residual 1.316e-09
gmres iter 400 linear residual 1.040e-09
gmres iter 410 linear residual 8.654e-10
gmres iter 420 linear residual 7.162e-10
gmres iter 430 linear residual 5.768e-10
gmres iter 440 linear residual 4.417e-10
gmres iter 450 linear residual 3.314e-10
gmres iter 460 linear residual 2.497e-10
gmres iter 470 linear residual 1.841e-10
gmres iter 480 linear residual 1.422e-10
gmres iter 490 linear residual 1.238e-10
gmres iter 500 linear residual 1.064e-10
gmres iter 510 linear residual 7.939e-11
gmres iter 520 linear residual 5.968e-11
gmres iter 530 linear residual 4.439e-11
gmres iter 540 linear residual 3.336e-11
res 2.535e-05 (F-block 1.708e-10 p-block 1.089e-07) alpha 1 eta 1.00e-06 iter times 540
time this step...655.492479801178
now P is...
[[ 2.03879179e+00  5.42771257e-04 -1.64447186e-03]
 [ 6.47256611e-04 -4.23179718e-09  1.79631464e-02]
 [-1.60713234e-03  1.80295762e-02 -4.26777034e-09]]
now F is...
[[ 1.20000000e+00  3.65664406e-16  6.03726394e-17]
 [-2.04879396e-16  9.20473888e-01 -2.21834046e-16]
 [ 2.16775042e-16 -5.14788552e-16  9.20272387e-01]]
intermediate results saved (2 increments in output.csv)
this increment is 0.1 (target 0.30000000000000004) ------------------------
gmres iter 10 linear residual 4.722e-06
gmres iter 20 linear residual 4.199e-06
gmres iter 30 linear residual 2.987e-06
gmres iter 40 linear residual 1.584e-06
gmres iter 50 linear residual 1.005e-06
gmres iter 60 linear residual 7.626e-07
gmres iter 70 linear residual 5.911e-07
gmres iter 80 linear residual 4.325e-07
gmres iter 90 linear residual 2.994e-07
gmres iter 100 linear residual 2.207e-07
gmres iter 110 linear residual 1.880e-07
gmres iter 120 linear residual 1.508e-07
gmres iter 130 linear residual 1.151e-07
gmres iter 140 linear residual 8.590e-08
gmres iter 150 linear residual 6.375e-08
gmres iter 160 linear residual 4.528e-08
gmres iter 170 linear residual 3.118e-08
gmres iter 180 linear residual 2.296e-08
gmres iter 190 linear residual 1.662e-08
gmres iter 200 linear residual 1.222e-08
gmres iter 210 linear residual 1.049e-08
gmres iter 220 linear residual 8.593e-09
gmres iter 230 linear residual 6.624e-09
gmres iter 240 linear residual 4.835e-09
gmres iter 250 linear residual 3.496e-09
gmres iter 260 linear residual 2.531e-09
gmres iter 270 linear residual 1.807e-09
gmres iter 280 linear residual 1.375e-09
gmres iter 290 linear residual 1.061e-09
gmres iter 300 linear residual 8.542e-10
gmres iter 310 linear residual 7.315e-10
gmres iter 320 linear residual 5.857e-10
gmres iter 330 linear residual 4.507e-10
gmres iter 340 linear residual 3.291e-10
gmres iter 350 linear residual 2.450e-10
gmres iter 360 linear residual 1.778e-10
res 1.148e-01 (F-block 8.741e-01 p-block 7.764e-01) alpha 0.125 eta 1.00e-06 iter times 366
gmres iter 10 linear residual 3.380e-06
gmres iter 20 linear residual 2.838e-06
gmres iter 30 linear residual 2.162e-06
gmres iter 40 linear residual 1.315e-06
gmres iter 50 linear residual 9.679e-07
gmres iter 60 linear residual 7.905e-07
gmres iter 70 linear residual 6.154e-07
gmres iter 80 linear residual 4.399e-07
gmres iter 90 linear residual 3.065e-07
gmres iter 100 linear residual 2.296e-07
gmres iter 110 linear residual 1.971e-07
gmres iter 120 linear residual 1.557e-07
gmres iter 130 linear residual 1.173e-07
gmres iter 140 linear residual 8.972e-08
gmres iter 150 linear residual 7.015e-08
gmres iter 160 linear residual 5.108e-08
gmres iter 170 linear residual 3.349e-08
gmres iter 180 linear residual 2.327e-08
gmres iter 190 linear residual 1.664e-08
gmres iter 200 linear residual 1.194e-08
gmres iter 210 linear residual 1.014e-08
gmres iter 220 linear residual 8.349e-09
gmres iter 230 linear residual 6.405e-09
gmres iter 240 linear residual 4.575e-09
gmres iter 250 linear residual 3.345e-09
gmres iter 260 linear residual 2.494e-09
gmres iter 270 linear residual 1.706e-09
gmres iter 280 linear residual 1.192e-09
gmres iter 290 linear residual 8.840e-10
gmres iter 300 linear residual 7.106e-10
gmres iter 310 linear residual 6.103e-10
gmres iter 320 linear residual 4.903e-10
gmres iter 330 linear residual 3.755e-10
gmres iter 340 linear residual 2.791e-10
gmres iter 350 linear residual 2.169e-10
gmres iter 360 linear residual 1.626e-10
res 1.301e-01 (F-block 6.524e-01 p-block 7.620e-01) alpha 0.25 eta 1.00e-06 iter times 364
gmres iter 10 linear residual 1.707e-06
gmres iter 20 linear residual 8.509e-07
gmres iter 30 linear residual 7.124e-07
gmres iter 40 linear residual 5.355e-07
gmres iter 50 linear residual 4.434e-07
gmres iter 60 linear residual 3.738e-07
gmres iter 70 linear residual 2.921e-07
gmres iter 80 linear residual 2.260e-07
gmres iter 90 linear residual 1.744e-07
gmres iter 100 linear residual 1.320e-07
gmres iter 110 linear residual 1.126e-07
gmres iter 120 linear residual 9.259e-08
gmres iter 130 linear residual 7.441e-08
gmres iter 140 linear residual 5.756e-08
gmres iter 150 linear residual 4.385e-08
gmres iter 160 linear residual 3.138e-08
gmres iter 170 linear residual 2.038e-08
gmres iter 180 linear residual 1.508e-08
gmres iter 190 linear residual 1.203e-08
gmres iter 200 linear residual 9.711e-09
gmres iter 210 linear residual 8.570e-09
gmres iter 220 linear residual 7.117e-09
gmres iter 230 linear residual 5.457e-09
gmres iter 240 linear residual 3.540e-09
gmres iter 250 linear residual 2.397e-09
gmres iter 260 linear residual 1.822e-09
gmres iter 270 linear residual 1.410e-09
gmres iter 280 linear residual 1.090e-09
gmres iter 290 linear residual 8.364e-10
gmres iter 300 linear residual 6.925e-10
gmres iter 310 linear residual 5.961e-10
gmres iter 320 linear residual 4.768e-10
gmres iter 330 linear residual 3.748e-10
gmres iter 340 linear residual 2.885e-10
gmres iter 350 linear residual 2.181e-10
gmres iter 360 linear residual 1.420e-10
res 1.098e-01 (F-block 3.872e-02 p-block 2.045e-01) alpha 1 eta 1.00e-06 iter times 361
gmres iter 10 linear residual 3.906e-05
gmres iter 20 linear residual 3.130e-05
gmres iter 30 linear residual 2.060e-05
gmres iter 40 linear residual 1.667e-05
gmres iter 50 linear residual 1.412e-05
gmres iter 60 linear residual 1.128e-05
gmres iter 70 linear residual 8.811e-06
gmres iter 80 linear residual 6.964e-06
gmres iter 90 linear residual 5.432e-06
gmres iter 100 linear residual 4.108e-06
gmres iter 110 linear residual 3.547e-06
gmres iter 120 linear residual 2.921e-06
gmres iter 130 linear residual 2.396e-06
gmres iter 140 linear residual 1.945e-06
gmres iter 150 linear residual 1.550e-06
gmres iter 160 linear residual 1.224e-06
gmres iter 170 linear residual 9.159e-07
gmres iter 180 linear residual 6.111e-07
gmres iter 190 linear residual 4.623e-07
gmres iter 200 linear residual 3.607e-07
gmres iter 210 linear residual 3.174e-07
gmres iter 220 linear residual 2.630e-07
gmres iter 230 linear residual 1.945e-07
gmres iter 240 linear residual 1.465e-07
gmres iter 250 linear residual 1.168e-07
gmres iter 260 linear residual 9.113e-08
gmres iter 270 linear residual 7.046e-08
gmres iter 280 linear residual 5.313e-08
gmres iter 290 linear residual 4.050e-08
gmres iter 300 linear residual 3.268e-08
gmres iter 310 linear residual 2.817e-08
gmres iter 320 linear residual 2.244e-08
gmres iter 330 linear residual 1.760e-08
gmres iter 340 linear residual 1.366e-08
gmres iter 350 linear residual 1.018e-08
gmres iter 360 linear residual 7.587e-09
gmres iter 370 linear residual 5.355e-09
gmres iter 380 linear residual 3.695e-09
gmres iter 390 linear residual 2.868e-09
gmres iter 400 linear residual 2.505e-09
gmres iter 410 linear residual 2.253e-09
gmres iter 420 linear residual 1.862e-09
gmres iter 430 linear residual 1.386e-09
gmres iter 440 linear residual 1.035e-09
gmres iter 450 linear residual 7.807e-10
gmres iter 460 linear residual 5.815e-10
gmres iter 470 linear residual 4.471e-10
gmres iter 480 linear residual 3.559e-10
gmres iter 490 linear residual 2.908e-10
gmres iter 500 linear residual 2.456e-10
gmres iter 510 linear residual 2.121e-10
gmres iter 520 linear residual 1.770e-10
gmres iter 530 linear residual 1.440e-10
res 6.257e-02 (F-block 2.918e-02 p-block 2.052e-01) alpha 0.25 eta 1.00e-06 iter times 533
gmres iter 10 linear residual 4.081e-05
gmres iter 20 linear residual 3.351e-05
gmres iter 30 linear residual 2.145e-05
gmres iter 40 linear residual 1.681e-05
gmres iter 50 linear residual 1.437e-05
gmres iter 60 linear residual 1.163e-05
gmres iter 70 linear residual 8.808e-06
gmres iter 80 linear residual 6.813e-06
gmres iter 90 linear residual 5.358e-06
gmres iter 100 linear residual 4.075e-06
gmres iter 110 linear residual 3.515e-06
gmres iter 120 linear residual 2.908e-06
gmres iter 130 linear residual 2.364e-06
gmres iter 140 linear residual 1.880e-06
gmres iter 150 linear residual 1.495e-06
gmres iter 160 linear residual 1.194e-06
gmres iter 170 linear residual 8.865e-07
gmres iter 180 linear residual 5.806e-07
gmres iter 190 linear residual 4.368e-07
gmres iter 200 linear residual 3.392e-07
gmres iter 210 linear residual 2.976e-07
gmres iter 220 linear residual 2.462e-07
gmres iter 230 linear residual 1.829e-07
gmres iter 240 linear residual 1.390e-07
gmres iter 250 linear residual 1.106e-07
gmres iter 260 linear residual 8.448e-08
gmres iter 270 linear residual 6.389e-08
gmres iter 280 linear residual 4.814e-08
gmres iter 290 linear residual 3.780e-08
gmres iter 300 linear residual 3.091e-08
gmres iter 310 linear residual 2.680e-08
gmres iter 320 linear residual 2.184e-08
gmres iter 330 linear residual 1.719e-08
gmres iter 340 linear residual 1.313e-08
gmres iter 350 linear residual 9.683e-09
gmres iter 360 linear residual 7.148e-09
gmres iter 370 linear residual 5.141e-09
gmres iter 380 linear residual 3.576e-09
gmres iter 390 linear residual 2.829e-09
gmres iter 400 linear residual 2.477e-09
gmres iter 410 linear residual 2.226e-09
gmres iter 420 linear residual 1.846e-09
gmres iter 430 linear residual 1.369e-09
gmres iter 440 linear residual 1.034e-09
gmres iter 450 linear residual 7.885e-10
gmres iter 460 linear residual 5.907e-10
gmres iter 470 linear residual 4.543e-10
gmres iter 480 linear residual 3.611e-10
gmres iter 490 linear residual 2.950e-10
gmres iter 500 linear residual 2.467e-10
gmres iter 510 linear residual 2.115e-10
gmres iter 520 linear residual 1.770e-10
gmres iter 530 linear residual 1.449e-10
res 5.338e-02 (F-block 2.199e-02 p-block 2.023e-01) alpha 0.25 eta 1.00e-06 iter times 534
gmres iter 10 linear residual 4.243e-05
gmres iter 20 linear residual 3.564e-05
gmres iter 30 linear residual 2.238e-05
gmres iter 40 linear residual 1.678e-05
gmres iter 50 linear residual 1.431e-05
gmres iter 60 linear residual 1.183e-05
gmres iter 70 linear residual 8.858e-06
gmres iter 80 linear residual 6.553e-06
gmres iter 90 linear residual 5.080e-06
gmres iter 100 linear residual 3.947e-06
gmres iter 110 linear residual 3.436e-06
gmres iter 120 linear residual 2.821e-06
gmres iter 130 linear residual 2.234e-06
gmres iter 140 linear residual 1.760e-06
gmres iter 150 linear residual 1.414e-06
gmres iter 160 linear residual 1.127e-06
gmres iter 170 linear residual 8.160e-07
gmres iter 180 linear residual 5.289e-07
gmres iter 190 linear residual 4.016e-07
gmres iter 200 linear residual 3.086e-07
gmres iter 210 linear residual 2.676e-07
gmres iter 220 linear residual 2.213e-07
gmres iter 230 linear residual 1.674e-07
gmres iter 240 linear residual 1.282e-07
gmres iter 250 linear residual 1.012e-07
gmres iter 260 linear residual 7.660e-08
gmres iter 270 linear residual 5.684e-08
gmres iter 280 linear residual 4.171e-08
gmres iter 290 linear residual 3.262e-08
gmres iter 300 linear residual 2.677e-08
gmres iter 310 linear residual 2.331e-08
gmres iter 320 linear residual 1.907e-08
gmres iter 330 linear residual 1.495e-08
gmres iter 340 linear residual 1.146e-08
gmres iter 350 linear residual 8.602e-09
gmres iter 360 linear residual 6.438e-09
gmres iter 370 linear residual 4.715e-09
gmres iter 380 linear residual 3.370e-09
gmres iter 390 linear residual 2.702e-09
gmres iter 400 linear residual 2.304e-09
gmres iter 410 linear residual 2.026e-09
gmres iter 420 linear residual 1.701e-09
gmres iter 430 linear residual 1.309e-09
gmres iter 440 linear residual 1.021e-09
gmres iter 450 linear residual 7.990e-10
gmres iter 460 linear residual 6.119e-10
gmres iter 470 linear residual 4.721e-10
gmres iter 480 linear residual 3.643e-10
gmres iter 490 linear residual 2.904e-10
gmres iter 500 linear residual 2.401e-10
gmres iter 510 linear residual 2.047e-10
gmres iter 520 linear residual 1.687e-10
gmres iter 530 linear residual 1.363e-10
res 4.508e-02 (F-block 1.657e-02 p-block 1.941e-01) alpha 0.25 eta 1.00e-06 iter times 531
gmres iter 10 linear residual 4.402e-05
gmres iter 20 linear residual 3.771e-05
gmres iter 30 linear residual 2.334e-05
gmres iter 40 linear residual 1.658e-05
gmres iter 50 linear residual 1.393e-05
gmres iter 60 linear residual 1.173e-05
gmres iter 70 linear residual 8.909e-06
gmres iter 80 linear residual 6.340e-06
gmres iter 90 linear residual 4.680e-06
gmres iter 100 linear residual 3.633e-06
gmres iter 110 linear residual 3.187e-06
gmres iter 120 linear residual 2.587e-06
gmres iter 130 linear residual 1.985e-06
gmres iter 140 linear residual 1.554e-06
gmres iter 150 linear residual 1.264e-06
gmres iter 160 linear residual 1.000e-06
gmres iter 170 linear residual 7.052e-07
gmres iter 180 linear residual 4.626e-07
gmres iter 190 linear residual 3.552e-07
gmres iter 200 linear residual 2.640e-07
gmres iter 210 linear residual 2.245e-07
gmres iter 220 linear residual 1.862e-07
gmres iter 230 linear residual 1.434e-07
gmres iter 240 linear residual 1.085e-07
gmres iter 250 linear residual 8.533e-08
gmres iter 260 linear residual 6.634e-08
gmres iter 270 linear residual 4.931e-08
gmres iter 280 linear residual 3.458e-08
gmres iter 290 linear residual 2.645e-08
gmres iter 300 linear residual 2.148e-08
gmres iter 310 linear residual 1.863e-08
gmres iter 320 linear residual 1.510e-08
gmres iter 330 linear residual 1.163e-08
gmres iter 340 linear residual 9.150e-09
gmres iter 350 linear residual 7.224e-09
gmres iter 360 linear residual 5.539e-09
gmres iter 370 linear residual 4.163e-09
gmres iter 380 linear residual 3.091e-09
gmres iter 390 linear residual 2.504e-09
gmres iter 400 linear residual 2.025e-09
gmres iter 410 linear residual 1.706e-09
gmres iter 420 linear residual 1.438e-09
gmres iter 430 linear residual 1.139e-09
gmres iter 440 linear residual 8.970e-10
gmres iter 450 linear residual 7.135e-10
gmres iter 460 linear residual 5.692e-10
gmres iter 470 linear residual 4.488e-10
gmres iter 480 linear residual 3.371e-10
gmres iter 490 linear residual 2.658e-10
gmres iter 500 linear residual 2.198e-10
gmres iter 510 linear residual 1.872e-10
gmres iter 520 linear residual 1.509e-10
gmres iter 530 linear residual 1.256e-10
gmres iter 540 linear residual 1.102e-10
gmres iter 550 linear residual 9.250e-11
gmres iter 560 linear residual 6.618e-11
gmres iter 570 linear residual 4.834e-11
gmres iter 580 linear residual 3.911e-11
res 3.746e-02 (F-block 1.248e-02 p-block 1.806e-01) alpha 0.25 eta 1.00e-06 iter times 589
gmres iter 10 linear residual 4.561e-05
gmres iter 20 linear residual 3.972e-05
gmres iter 30 linear residual 2.427e-05
gmres iter 40 linear residual 1.625e-05
gmres iter 50 linear residual 1.328e-05
gmres iter 60 linear residual 1.129e-05
gmres iter 70 linear residual 8.789e-06
gmres iter 80 linear residual 6.178e-06
gmres iter 90 linear residual 4.310e-06
gmres iter 100 linear residual 3.234e-06
gmres iter 110 linear residual 2.819e-06
gmres iter 120 linear residual 2.290e-06
gmres iter 130 linear residual 1.757e-06
gmres iter 140 linear residual 1.359e-06
gmres iter 150 linear residual 1.089e-06
gmres iter 160 linear residual 8.558e-07
gmres iter 170 linear residual 6.226e-07
gmres iter 180 linear residual 4.364e-07
gmres iter 190 linear residual 3.280e-07
gmres iter 200 linear residual 2.228e-07
gmres iter 210 linear residual 1.851e-07
gmres iter 220 linear residual 1.531e-07
gmres iter 230 linear residual 1.204e-07
gmres iter 240 linear residual 9.160e-08
gmres iter 250 linear residual 7.162e-08
gmres iter 260 linear residual 5.615e-08
gmres iter 270 linear residual 4.200e-08
gmres iter 280 linear residual 3.002e-08
gmres iter 290 linear residual 2.339e-08
gmres iter 300 linear residual 1.849e-08
gmres iter 310 linear residual 1.569e-08
gmres iter 320 linear residual 1.283e-08
gmres iter 330 linear residual 9.961e-09
gmres iter 340 linear residual 7.827e-09
gmres iter 350 linear residual 6.261e-09
gmres iter 360 linear residual 4.967e-09
gmres iter 370 linear residual 3.873e-09
gmres iter 380 linear residual 2.987e-09
gmres iter 390 linear residual 2.421e-09
gmres iter 400 linear residual 1.887e-09
gmres iter 410 linear residual 1.539e-09
gmres iter 420 linear residual 1.277e-09
gmres iter 430 linear residual 1.022e-09
gmres iter 440 linear residual 8.107e-10
gmres iter 450 linear residual 6.486e-10
gmres iter 460 linear residual 5.202e-10
gmres iter 470 linear residual 4.123e-10
gmres iter 480 linear residual 3.150e-10
gmres iter 490 linear residual 2.545e-10
gmres iter 500 linear residual 2.097e-10
gmres iter 510 linear residual 1.778e-10
gmres iter 520 linear residual 1.451e-10
res 3.051e-02 (F-block 9.392e-03 p-block 1.623e-01) alpha 0.25 eta 1.00e-06 iter times 523
gmres iter 10 linear residual 4.707e-05
gmres iter 20 linear residual 4.145e-05
gmres iter 30 linear residual 2.507e-05
gmres iter 40 linear residual 1.581e-05
gmres iter 50 linear residual 1.247e-05
gmres iter 60 linear residual 1.059e-05
gmres iter 70 linear residual 8.449e-06
gmres iter 80 linear residual 6.014e-06
gmres iter 90 linear residual 4.039e-06
gmres iter 100 linear residual 2.886e-06
gmres iter 110 linear residual 2.467e-06
gmres iter 120 linear residual 2.012e-06
gmres iter 130 linear residual 1.583e-06
gmres iter 140 linear residual 1.231e-06
gmres iter 150 linear residual 9.607e-07
gmres iter 160 linear residual 7.356e-07
gmres iter 170 linear residual 5.461e-07
gmres iter 180 linear residual 4.055e-07
gmres iter 190 linear residual 3.049e-07
gmres iter 200 linear residual 1.997e-07
gmres iter 210 linear residual 1.637e-07
gmres iter 220 linear residual 1.342e-07
gmres iter 230 linear residual 1.067e-07
gmres iter 240 linear residual 8.261e-08
gmres iter 250 linear residual 6.476e-08
gmres iter 260 linear residual 5.064e-08
gmres iter 270 linear residual 3.813e-08
gmres iter 280 linear residual 2.836e-08
gmres iter 290 linear residual 2.243e-08
gmres iter 300 linear residual 1.741e-08
gmres iter 310 linear residual 1.460e-08
gmres iter 320 linear residual 1.202e-08
gmres iter 330 linear residual 9.436e-09
gmres iter 340 linear residual 7.373e-09
gmres iter 350 linear residual 5.889e-09
gmres iter 360 linear residual 4.733e-09
gmres iter 370 linear residual 3.722e-09
gmres iter 380 linear residual 2.920e-09
gmres iter 390 linear residual 2.363e-09
gmres iter 400 linear residual 1.844e-09
gmres iter 410 linear residual 1.503e-09
gmres iter 420 linear residual 1.234e-09
gmres iter 430 linear residual 9.918e-10
gmres iter 440 linear residual 7.870e-10
gmres iter 450 linear residual 6.303e-10
gmres iter 460 linear residual 5.033e-10
gmres iter 470 linear residual 3.941e-10
gmres iter 480 linear residual 3.056e-10
gmres iter 490 linear residual 2.501e-10
gmres iter 500 linear residual 2.062e-10
gmres iter 510 linear residual 1.744e-10
gmres iter 520 linear residual 1.444e-10
res 2.434e-02 (F-block 7.064e-03 p-block 1.410e-01) alpha 0.25 eta 1.00e-06 iter times 523
gmres iter 10 linear residual 4.832e-05
gmres iter 20 linear residual 4.287e-05
gmres iter 30 linear residual 2.571e-05
gmres iter 40 linear residual 1.538e-05
gmres iter 50 linear residual 1.167e-05
gmres iter 60 linear residual 9.837e-06
gmres iter 70 linear residual 7.988e-06
gmres iter 80 linear residual 5.821e-06
gmres iter 90 linear residual 3.863e-06
gmres iter 100 linear residual 2.647e-06
gmres iter 110 linear residual 2.212e-06
gmres iter 120 linear residual 1.799e-06
gmres iter 130 linear residual 1.448e-06
gmres iter 140 linear residual 1.148e-06
gmres iter 150 linear residual 8.894e-07
gmres iter 160 linear residual 6.606e-07
gmres iter 170 linear residual 4.814e-07
gmres iter 180 linear residual 3.623e-07
gmres iter 190 linear residual 2.769e-07
gmres iter 200 linear residual 1.858e-07
gmres iter 210 linear residual 1.535e-07
gmres iter 220 linear residual 1.259e-07
gmres iter 230 linear residual 1.002e-07
gmres iter 240 linear residual 7.743e-08
gmres iter 250 linear residual 6.044e-08
gmres iter 260 linear residual 4.736e-08
gmres iter 270 linear residual 3.631e-08
gmres iter 280 linear residual 2.789e-08
gmres iter 290 linear residual 2.214e-08
gmres iter 300 linear residual 1.686e-08
gmres iter 310 linear residual 1.396e-08
gmres iter 320 linear residual 1.141e-08
gmres iter 330 linear residual 9.084e-09
gmres iter 340 linear residual 7.178e-09
gmres iter 350 linear residual 5.746e-09
gmres iter 360 linear residual 4.584e-09
gmres iter 370 linear residual 3.559e-09
gmres iter 380 linear residual 2.803e-09
gmres iter 390 linear residual 2.265e-09
gmres iter 400 linear residual 1.801e-09
gmres iter 410 linear residual 1.494e-09
gmres iter 420 linear residual 1.226e-09
gmres iter 430 linear residual 9.820e-10
gmres iter 440 linear residual 7.702e-10
gmres iter 450 linear residual 6.132e-10
gmres iter 460 linear residual 4.904e-10
gmres iter 470 linear residual 3.854e-10
gmres iter 480 linear residual 3.032e-10
gmres iter 490 linear residual 2.469e-10
gmres iter 500 linear residual 2.013e-10
gmres iter 510 linear residual 1.688e-10
gmres iter 520 linear residual 1.391e-10
res 3.810e-02 (F-block 3.577e-03 p-block 1.248e-01) alpha 0.5 eta 1.00e-06 iter times 522
gmres iter 10 linear residual 5.132e-05
gmres iter 20 linear residual 4.652e-05
gmres iter 30 linear residual 2.834e-05
gmres iter 40 linear residual 1.536e-05
gmres iter 50 linear residual 1.072e-05
gmres iter 60 linear residual 8.806e-06
gmres iter 70 linear residual 7.314e-06
gmres iter 80 linear residual 5.609e-06
gmres iter 90 linear residual 3.799e-06
gmres iter 100 linear residual 2.531e-06
gmres iter 110 linear residual 2.050e-06
gmres iter 120 linear residual 1.649e-06
gmres iter 130 linear residual 1.361e-06
gmres iter 140 linear residual 1.117e-06
gmres iter 150 linear residual 8.758e-07
gmres iter 160 linear residual 6.307e-07
gmres iter 170 linear residual 4.343e-07
gmres iter 180 linear residual 3.196e-07
gmres iter 190 linear residual 2.432e-07
gmres iter 200 linear residual 1.714e-07
gmres iter 210 linear residual 1.463e-07
gmres iter 220 linear residual 1.216e-07
gmres iter 230 linear residual 9.659e-08
gmres iter 240 linear residual 7.300e-08
gmres iter 250 linear residual 5.572e-08
gmres iter 260 linear residual 4.350e-08
gmres iter 270 linear residual 3.385e-08
gmres iter 280 linear residual 2.667e-08
gmres iter 290 linear residual 2.058e-08
gmres iter 300 linear residual 1.533e-08
gmres iter 310 linear residual 1.250e-08
gmres iter 320 linear residual 1.013e-08
gmres iter 330 linear residual 8.213e-09
gmres iter 340 linear residual 6.606e-09
gmres iter 350 linear residual 5.271e-09
gmres iter 360 linear residual 4.086e-09
gmres iter 370 linear residual 3.053e-09
gmres iter 380 linear residual 2.423e-09
gmres iter 390 linear residual 1.954e-09
gmres iter 400 linear residual 1.616e-09
gmres iter 410 linear residual 1.382e-09
gmres iter 420 linear residual 1.143e-09
gmres iter 430 linear residual 9.171e-10
gmres iter 440 linear residual 6.971e-10
gmres iter 450 linear residual 5.434e-10
gmres iter 460 linear residual 4.319e-10
gmres iter 470 linear residual 3.420e-10
gmres iter 480 linear residual 2.752e-10
gmres iter 490 linear residual 2.189e-10
gmres iter 500 linear residual 1.754e-10
gmres iter 510 linear residual 1.449e-10
res 4.075e-02 (F-block 1.829e-04 p-block 7.036e-02) alpha 1 eta 1.00e-06 iter times 514
gmres iter 10 linear residual 9.360e-05
gmres iter 20 linear residual 6.050e-05
gmres iter 30 linear residual 5.365e-05
gmres iter 40 linear residual 3.392e-05
gmres iter 50 linear residual 1.785e-05
gmres iter 60 linear residual 1.146e-05
gmres iter 70 linear residual 9.112e-06
gmres iter 80 linear residual 7.871e-06
gmres iter 90 linear residual 6.943e-06
gmres iter 100 linear residual 5.587e-06
gmres iter 110 linear residual 3.738e-06
gmres iter 120 linear residual 2.372e-06
gmres iter 130 linear residual 1.857e-06
gmres iter 140 linear residual 1.583e-06
gmres iter 150 linear residual 1.200e-06
gmres iter 160 linear residual 8.814e-07
gmres iter 170 linear residual 6.352e-07
gmres iter 180 linear residual 4.792e-07
gmres iter 190 linear residual 3.949e-07
gmres iter 200 linear residual 3.161e-07
gmres iter 210 linear residual 2.605e-07
gmres iter 220 linear residual 2.143e-07
gmres iter 230 linear residual 1.749e-07
gmres iter 240 linear residual 1.272e-07
gmres iter 250 linear residual 8.699e-08
gmres iter 260 linear residual 6.278e-08
gmres iter 270 linear residual 5.017e-08
gmres iter 280 linear residual 4.150e-08
gmres iter 290 linear residual 3.581e-08
gmres iter 300 linear residual 2.987e-08
gmres iter 310 linear residual 2.251e-08
gmres iter 320 linear residual 1.613e-08
gmres iter 330 linear residual 1.229e-08
gmres iter 340 linear residual 1.006e-08
gmres iter 350 linear residual 8.102e-09
gmres iter 360 linear residual 6.493e-09
gmres iter 370 linear residual 5.141e-09
gmres iter 380 linear residual 4.220e-09
gmres iter 390 linear residual 3.512e-09
gmres iter 400 linear residual 2.880e-09
gmres iter 410 linear residual 2.378e-09
gmres iter 420 linear residual 1.923e-09
gmres iter 430 linear residual 1.527e-09
gmres iter 440 linear residual 1.122e-09
gmres iter 450 linear residual 8.219e-10
gmres iter 460 linear residual 6.396e-10
gmres iter 470 linear residual 5.341e-10
gmres iter 480 linear residual 4.521e-10
gmres iter 490 linear residual 3.887e-10
gmres iter 500 linear residual 3.268e-10
gmres iter 510 linear residual 2.497e-10
gmres iter 520 linear residual 1.811e-10
gmres iter 530 linear residual 1.366e-10
res 3.046e-03 (F-block 2.518e-06 p-block 7.184e-04) alpha 1 eta 1.00e-06 iter times 531
gmres iter 10 linear residual 1.272e-04
gmres iter 20 linear residual 1.087e-04
gmres iter 30 linear residual 5.371e-05
gmres iter 40 linear residual 2.833e-05
gmres iter 50 linear residual 2.084e-05
gmres iter 60 linear residual 1.743e-05
gmres iter 70 linear residual 1.422e-05
gmres iter 80 linear residual 1.022e-05
gmres iter 90 linear residual 6.842e-06
gmres iter 100 linear residual 4.713e-06
gmres iter 110 linear residual 3.899e-06
gmres iter 120 linear residual 3.144e-06
gmres iter 130 linear residual 2.548e-06
gmres iter 140 linear residual 2.051e-06
gmres iter 150 linear residual 1.584e-06
gmres iter 160 linear residual 1.110e-06
gmres iter 170 linear residual 7.467e-07
gmres iter 180 linear residual 5.515e-07
gmres iter 190 linear residual 4.332e-07
gmres iter 200 linear residual 3.162e-07
gmres iter 210 linear residual 2.706e-07
gmres iter 220 linear residual 2.250e-07
gmres iter 230 linear residual 1.761e-07
gmres iter 240 linear residual 1.320e-07
gmres iter 250 linear residual 1.010e-07
gmres iter 260 linear residual 8.091e-08
gmres iter 270 linear residual 6.354e-08
gmres iter 280 linear residual 4.975e-08
gmres iter 290 linear residual 3.786e-08
gmres iter 300 linear residual 2.846e-08
gmres iter 310 linear residual 2.338e-08
gmres iter 320 linear residual 1.868e-08
gmres iter 330 linear residual 1.494e-08
gmres iter 340 linear residual 1.221e-08
gmres iter 350 linear residual 1.001e-08
gmres iter 360 linear residual 7.780e-09
gmres iter 370 linear residual 5.724e-09
gmres iter 380 linear residual 4.427e-09
gmres iter 390 linear residual 3.592e-09
gmres iter 400 linear residual 2.948e-09
gmres iter 410 linear residual 2.522e-09
gmres iter 420 linear residual 2.091e-09
gmres iter 430 linear residual 1.637e-09
gmres iter 440 linear residual 1.241e-09
gmres iter 450 linear residual 9.660e-10
gmres iter 460 linear residual 7.893e-10
gmres iter 470 linear residual 6.376e-10
gmres iter 480 linear residual 5.081e-10
gmres iter 490 linear residual 3.998e-10
gmres iter 500 linear residual 3.174e-10
gmres iter 510 linear residual 2.630e-10
gmres iter 520 linear residual 2.115e-10
gmres iter 530 linear residual 1.699e-10
gmres iter 540 linear residual 1.388e-10
gmres iter 550 linear residual 1.229e-10
gmres iter 560 linear residual 1.058e-10
gmres iter 570 linear residual 8.802e-11
gmres iter 580 linear residual 7.352e-11
gmres iter 590 linear residual 5.357e-11
gmres iter 600 linear residual 3.963e-11
res 6.293e-05 (F-block 1.632e-09 p-block 5.057e-07) alpha 1 eta 1.00e-06 iter times 603
time this step...445.6192624568939
now P is...
[[ 2.82852807e+00  4.82067484e-04 -1.84031525e-03]
 [ 7.06765648e-04 -3.89134275e-08  2.59880774e-02]
 [-1.77968033e-03  2.60977083e-02 -3.53549991e-08]]
now F is...
[[ 1.30000000e+00  2.81768797e-16 -4.03348858e-16]
 [ 4.39632069e-16  8.90136994e-01 -1.65257057e-16]
 [ 6.20571106e-17 -3.34673118e-16  8.89752360e-01]]
intermediate results saved (3 increments in output.csv)
finish!
solver stats are saved to solver_stats.json
F and P are saved to output.csv
