---------------------------------------------
-- mixed FFT based solver, by WANG Mingchuan
---------------------------------------------
gmres restart length: 100
Ghat4 is formed (fourier discretization)...
this increment is 0.1 (target 0.1) ------------------------
gmres iter 10 linear residual 8.051e-05
gmres iter 20 linear residual 5.117e-05
gmres iter 30 linear residual 2.321e-05
gmres iter 40 linear residual 1.229e-05
gmres iter 50 linear residual 7.848e-06
gmres iter 60 linear residual 5.136e-06
gmres iter 70 linear residual 2.531e-06
res 1.780e-01 (F-block 4.843e-01 p-block 7.644e-01) alpha 0.5 eta 1.00e-02 iter times 79
gmres iter 10 linear residual 1.273e-04
gmres iter 20 linear residual 6.323e-05
gmres iter 30 linear residual 3.212e-05
gmres iter 40 linear residual 2.308e-05
gmres iter 50 linear residual 1.312e-05
gmres iter 60 linear residual 8.752e-06
gmres iter 70 linear residual 4.986e-06
gmres iter 80 linear residual 2.952e-06
gmres iter 90 linear residual 1.889e-06
res 1.522e-02 (F-block 4.236e-01 p-block 6.707e-01) alpha 0.125 eta 1.00e-02 iter times 92
gmres iter 10 linear residual 6.596e-05
gmres iter 20 linear residual 3.689e-05
gmres iter 30 linear residual 2.622e-05
gmres iter 40 linear residual 1.874e-05
gmres iter 50 linear residual 1.022e-05
gmres iter 60 linear residual 6.129e-06
gmres iter 70 linear residual 4.115e-06
gmres iter 80 linear residual 2.309e-06
res 8.620e-02 (F-block 2.231e-02 p-block 1.892e-01) alpha 1 eta 1.00e-02 iter times 87
gmres iter 10 linear residual 1.006e-03
gmres iter 20 linear residual 5.827e-04
gmres iter 30 linear residual 4.077e-04
gmres iter 40 linear residual 2.593e-04
gmres iter 50 linear residual 1.575e-04
gmres iter 60 linear residual 1.052e-04
gmres iter 70 linear residual 6.451e-05
gmres iter 80 linear residual 3.987e-05
gmres iter 90 linear residual 2.473e-05
gmres iter 100 linear residual 1.726e-05
gmres iter 110 linear residual 1.222e-05
gmres iter 120 linear residual 7.971e-06
gmres iter 130 linear residual 4.755e-06
gmres iter 140 linear residual 2.885e-06
gmres iter 150 linear residual 1.609e-06
res 4.724e-02 (F-block 1.199e-02 p-block 1.312e-01) alpha 0.5 eta 1.00e-02 iter times 153
gmres iter 10 linear residual 1.184e-03
gmres iter 20 linear residual 6.237e-04
gmres iter 30 linear residual 4.282e-04
gmres iter 40 linear residual 2.624e-04
gmres iter 50 linear residual 1.601e-04
gmres iter 60 linear residual 9.181e-05
gmres iter 70 linear residual 5.753e-05
gmres iter 80 linear residual 3.749e-05
gmres iter 90 linear residual 2.284e-05
gmres iter 100 linear residual 1.549e-05
gmres iter 110 linear residual 1.041e-05
gmres iter 120 linear residual 5.936e-06
gmres iter 130 linear residual 3.721e-06
gmres iter 140 linear residual 1.973e-06
res 5.450e-02 (F-block 2.620e-03 p-block 1.312e-01) alpha 1 eta 1.00e-02 iter times 145
gmres iter 10 linear residual 2.139e-03
gmres iter 20 linear residual 7.299e-04
gmres iter 30 linear residual 3.134e-04
gmres iter 40 linear residual 2.082e-04
gmres iter 50 linear residual 1.201e-04
gmres iter 60 linear residual 5.928e-05
gmres iter 70 linear residual 3.868e-05
gmres iter 80 linear residual 2.373e-05
gmres iter 90 linear residual 1.647e-05
gmres iter 100 linear residual 1.073e-05
gmres iter 110 linear residual 6.235e-06
gmres iter 120 linear residual 3.569e-06
gmres iter 130 linear residual 2.217e-06
res 1.281e-02 (F-block 7.555e-04 p-block 2.645e-02) alpha 1 eta 1.00e-02 iter times 136
gmres iter 10 linear residual 1.268e-03
gmres iter 20 linear residual 9.619e-04
gmres iter 30 linear residual 7.005e-04
gmres iter 40 linear residual 1.678e-04
gmres iter 50 linear residual 9.198e-05
gmres iter 60 linear residual 6.863e-05
gmres iter 70 linear residual 3.008e-05
res 5.100e-03 (F-block 1.096e-04 p-block 9.773e-03) alpha 1 eta 1.00e-02 iter times 74
gmres iter 10 linear residual 1.480e-03
gmres iter 20 linear residual 9.939e-04
gmres iter 30 linear residual 2.665e-04
gmres iter 40 linear residual 1.115e-04
gmres iter 50 linear residual 6.659e-05
gmres iter 60 linear residual 4.212e-05
gmres iter 70 linear residual 2.843e-05
gmres iter 80 linear residual 1.720e-05
gmres iter 90 linear residual 1.150e-05
gmres iter 100 linear residual 7.663e-06
gmres iter 110 linear residual 4.882e-06
gmres iter 120 linear residual 2.665e-06
gmres iter 130 linear residual 1.247e-06
res 9.479e-04 (F-block 3.728e-06 p-block 2.687e-04) alpha 1 eta 1.00e-02 iter times 131
gmres iter 10 linear residual 1.482e-03
gmres iter 20 linear residual 9.029e-04
gmres iter 30 linear residual 2.097e-04
gmres iter 40 linear residual 9.862e-05
gmres iter 50 linear residual 6.493e-05
gmres iter 60 linear residual 4.463e-05
gmres iter 70 linear residual 2.371e-05
gmres iter 80 linear residual 1.046e-05
gmres iter 90 linear residual 4.717e-06
gmres iter 100 linear residual 2.622e-06
res 3.682e-05 (F-block 7.873e-09 p-block 7.976e-07) alpha 1 eta 1.00e-03 iter times 109
time this step...265.2896041870117
now P is...
[[ 1.10625614e+00  1.70438417e-04 -1.24170902e-03]
 [ 1.81763311e-04 -1.02350217e-08  8.74799656e-03]
 [-1.23405034e-03  8.75897208e-03 -1.33695417e-08]]
now F is...
[[ 1.10000000e+00 -6.01490370e-18 -1.38827257e-16]
 [-9.28993305e-17  9.56480722e-01 -4.06210969e-18]
 [-3.83552595e-17 -5.32043201e-17  9.56311011e-01]]
intermediate results saved (1 increments in output.csv)
this increment is 0.1 (target 0.2) ------------------------
gmres iter 10 linear residual 7.601e-05
gmres iter 20 linear residual 5.171e-05
gmres iter 30 linear residual 2.357e-05
gmres iter 40 linear residual 1.286e-05
gmres iter 50 linear residual 8.649e-06
gmres iter 60 linear residual 5.773e-06
gmres iter 70 linear residual 2.912e-06
gmres iter 80 linear residual 1.334e-06
res 9.284e-02 (F-block 7.460e-01 p-block 6.670e-01) alpha 0.25 eta 1.00e-02 iter times 81
gmres iter 10 linear residual 4.447e-05
gmres iter 20 linear residual 2.130e-05
gmres iter 30 linear residual 1.689e-05
gmres iter 40 linear residual 7.000e-06
gmres iter 50 linear residual 4.272e-06
gmres iter 60 linear residual 2.973e-06
gmres iter 70 linear residual 1.818e-06
res 1.088e-01 (F-block 5.124e-02 p-block 2.985e-01) alpha 1 eta 1.00e-02 iter times 75
gmres iter 10 linear residual 7.203e-04
gmres iter 20 linear residual 3.811e-04
gmres iter 30 linear residual 2.102e-04
gmres iter 40 linear residual 1.547e-04
gmres iter 50 linear residual 1.006e-04
gmres iter 60 linear residual 5.916e-05
gmres iter 70 linear residual 3.951e-05
gmres iter 80 linear residual 2.533e-05
res 7.865e-02 (F-block 2.626e-02 p-block 2.834e-01) alpha 0.5 eta 1.00e-02 iter times 86
gmres iter 10 linear residual 7.541e-04
gmres iter 20 linear residual 4.298e-04
gmres iter 30 linear residual 2.056e-04
gmres iter 40 linear residual 1.468e-04
gmres iter 50 linear residual 1.029e-04
gmres iter 60 linear residual 5.394e-05
gmres iter 70 linear residual 3.179e-05
gmres iter 80 linear residual 2.155e-05
gmres iter 90 linear residual 1.789e-05
gmres iter 100 linear residual 1.120e-05
gmres iter 110 linear residual 6.796e-06
gmres iter 120 linear residual 4.600e-06
gmres iter 130 linear residual 2.995e-06
gmres iter 140 linear residual 1.561e-06
res 5.135e-02 (F-block 1.342e-02 p-block 2.190e-01) alpha 0.5 eta 1.00e-02 iter times 143
gmres iter 10 linear residual 7.421e-04
gmres iter 20 linear residual 4.606e-04
gmres iter 30 linear residual 1.772e-04
gmres iter 40 linear residual 1.182e-04
gmres iter 50 linear residual 8.530e-05
gmres iter 60 linear residual 4.717e-05
gmres iter 70 linear residual 2.451e-05
gmres iter 80 linear residual 1.875e-05
gmres iter 90 linear residual 1.188e-05
gmres iter 100 linear residual 8.302e-06
gmres iter 110 linear residual 5.238e-06
gmres iter 120 linear residual 2.884e-06
gmres iter 130 linear residual 1.801e-06
res 6.142e-02 (F-block 9.632e-04 p-block 1.414e-01) alpha 1 eta 1.00e-02 iter times 134
gmres iter 10 linear residual 1.253e-03
gmres iter 20 linear residual 9.514e-04
gmres iter 30 linear residual 3.827e-04
gmres iter 40 linear residual 1.545e-04
gmres iter 50 linear residual 1.029e-04
gmres iter 60 linear residual 7.391e-05
gmres iter 70 linear residual 4.390e-05
gmres iter 80 linear residual 2.279e-05
gmres iter 90 linear residual 1.564e-05
gmres iter 100 linear residual 1.075e-05
gmres iter 110 linear residual 7.393e-06
gmres iter 120 linear residual 5.077e-06
gmres iter 130 linear residual 2.651e-06
gmres iter 140 linear residual 1.420e-06
res 8.190e-03 (F-block 2.333e-05 p-block 3.316e-03) alpha 1 eta 1.00e-02 iter times 142
gmres iter 10 linear residual 1.631e-03
gmres iter 20 linear residual 9.645e-04
gmres iter 30 linear residual 3.206e-04
gmres iter 40 linear residual 2.096e-04
gmres iter 50 linear residual 1.425e-04
gmres iter 60 linear residual 9.268e-05
gmres iter 70 linear residual 5.033e-05
gmres iter 80 linear residual 2.588e-05
gmres iter 90 linear residual 1.516e-05
gmres iter 100 linear residual 1.010e-05
gmres iter 110 linear residual 6.638e-06
gmres iter 120 linear residual 3.903e-06
gmres iter 130 linear residual 2.199e-06
gmres iter 140 linear residual 1.612e-06
gmres iter 150 linear residual 1.119e-06
res 2.593e-04 (F-block 5.027e-08 p-block 5.832e-06) alpha 1 eta 1.00e-03 iter times 159
time this step...155.20455408096313
now P is...
[[ 2.01883880e+00  1.86992813e-04 -1.97162808e-03]
 [ 2.39653857e-04 -6.21469118e-07  1.63815902e-02]
 [-1.94892883e-03  1.64198932e-02 -5.97471634e-07]]
now F is...
[[ 1.20000000e+00  1.79209845e-16 -3.46419695e-16]
 [-1.55537807e-16  9.20044453e-01  1.02048394e-16]
 [ 2.49450802e-16 -8.36459192e-17  9.19671024e-01]]
intermediate results saved (2 increments in output.csv)
this increment is 0.1 (target 0.30000000000000004) ------------------------
gmres iter 10 linear residual 7.318e-05
gmres iter 20 linear residual 5.220e-05
gmres iter 30 linear residual 2.410e-05
res 1.633e-01 (F-block 4.839e-01 p-block 8.249e-01) alpha 0.5 eta 1.00e-02 iter times 32
gmres iter 10 linear residual 9.707e-05
gmres iter 20 linear residual 5.231e-05
gmres iter 30 linear residual 2.622e-05
gmres iter 40 linear residual 1.829e-05
gmres iter 50 linear residual 1.118e-05
gmres iter 60 linear residual 6.847e-06
gmres iter 70 linear residual 4.211e-06
gmres iter 80 linear residual 2.602e-06
gmres iter 90 linear residual 1.634e-06
res 2.248e-02 (F-block 3.620e-01 p-block 6.224e-01) alpha 0.25 eta 1.00e-02 iter times 90
gmres iter 10 linear residual 5.027e-05
gmres iter 20 linear residual 3.519e-05
gmres iter 30 linear residual 2.460e-05
gmres iter 40 linear residual 1.771e-05
gmres iter 50 linear residual 1.010e-05
gmres iter 60 linear residual 5.993e-06
gmres iter 70 linear residual 4.310e-06
gmres iter 80 linear residual 2.768e-06
res 7.807e-02 (F-block 1.455e-02 p-block 1.759e-01) alpha 1 eta 1.00e-02 iter times 88
gmres iter 10 linear residual 1.056e-03
gmres iter 20 linear residual 6.364e-04
gmres iter 30 linear residual 4.269e-04
gmres iter 40 linear residual 2.738e-04
gmres iter 50 linear residual 1.696e-04
gmres iter 60 linear residual 1.062e-04
gmres iter 70 linear residual 7.208e-05
gmres iter 80 linear residual 4.191e-05
gmres iter 90 linear residual 2.817e-05
gmres iter 100 linear residual 1.948e-05
gmres iter 110 linear residual 1.495e-05
gmres iter 120 linear residual 9.434e-06
gmres iter 130 linear residual 6.475e-06
gmres iter 140 linear residual 3.798e-06
gmres iter 150 linear residual 2.323e-06
gmres iter 160 linear residual 1.417e-06
res 3.499e-02 (F-block 7.793e-03 p-block 1.295e-01) alpha 0.5 eta 1.00e-02 iter times 160
gmres iter 10 linear residual 1.000e-03
gmres iter 20 linear residual 6.244e-04
gmres iter 30 linear residual 4.145e-04
gmres iter 40 linear residual 2.322e-04
gmres iter 50 linear residual 1.637e-04
gmres iter 60 linear residual 8.677e-05
gmres iter 70 linear residual 5.564e-05
gmres iter 80 linear residual 3.846e-05
gmres iter 90 linear residual 2.413e-05
gmres iter 100 linear residual 1.715e-05
gmres iter 110 linear residual 1.228e-05
gmres iter 120 linear residual 7.416e-06
gmres iter 130 linear residual 5.023e-06
gmres iter 140 linear residual 2.912e-06
gmres iter 150 linear residual 1.787e-06
res 3.947e-02 (F-block 1.635e-03 p-block 1.030e-01) alpha 1 eta 1.00e-02 iter times 153
gmres iter 10 linear residual 2.385e-03
gmres iter 20 linear residual 6.339e-04
gmres iter 30 linear residual 3.246e-04
gmres iter 40 linear residual 2.212e-04
gmres iter 50 linear residual 9.859e-05
gmres iter 60 linear residual 6.171e-05
gmres iter 70 linear residual 4.321e-05
gmres iter 80 linear residual 2.295e-05
gmres iter 90 linear residual 1.624e-05
gmres iter 100 linear residual 1.182e-05
gmres iter 110 linear residual 7.795e-06
gmres iter 120 linear residual 4.111e-06
gmres iter 130 linear residual 2.583e-06
gmres iter 140 linear residual 1.723e-06
res 7.261e-03 (F-block 4.874e-04 p-block 1.564e-02) alpha 1 eta 1.00e-02 iter times 145
gmres iter 10 linear residual 1.295e-03
gmres iter 20 linear residual 6.844e-04
gmres iter 30 linear residual 2.896e-04
gmres iter 40 linear residual 2.203e-04
gmres iter 50 linear residual 1.231e-04
gmres iter 60 linear residual 5.248e-05
gmres iter 70 linear residual 3.217e-05
gmres iter 80 linear residual 2.339e-05
gmres iter 90 linear residual 1.699e-05
gmres iter 100 linear residual 1.285e-05
gmres iter 110 linear residual 8.357e-06
gmres iter 120 linear residual 4.409e-06
gmres iter 130 linear residual 2.635e-06
gmres iter 140 linear residual 1.891e-06
gmres iter 150 linear residual 1.211e-06
res 3.045e-03 (F-block 1.212e-04 p-block 1.030e-02) alpha 1 eta 1.00e-02 iter times 151
gmres iter 10 linear residual 1.265e-03
gmres iter 20 linear residual 8.460e-04
gmres iter 30 linear residual 4.021e-04
gmres iter 40 linear residual 3.166e-04
gmres iter 50 linear residual 1.669e-04
gmres iter 60 linear residual 6.815e-05
gmres iter 70 linear residual 3.813e-05
gmres iter 80 linear residual 2.786e-05
gmres iter 90 linear residual 1.891e-05
gmres iter 100 linear residual 1.412e-05
gmres iter 110 linear residual 1.018e-05
gmres iter 120 linear residual 6.007e-06
gmres iter 130 linear residual 3.041e-06
gmres iter 140 linear residual 1.730e-06
gmres iter 150 linear residual 1.219e-06
res 9.744e-04 (F-block 1.080e-05 p-block 6.758e-04) alpha 1 eta 1.00e-02 iter times 151
gmres iter 10 linear residual 1.324e-03
gmres iter 20 linear residual 8.637e-04
gmres iter 30 linear residual 3.091e-04
gmres iter 40 linear residual 2.106e-04
gmres iter 50 linear residual 1.634e-04
gmres iter 60 linear residual 8.549e-05
gmres iter 70 linear residual 4.894e-05
gmres iter 80 linear residual 3.157e-05
gmres iter 90 linear residual 2.114e-05
gmres iter 100 linear residual 1.166e-05
res 9.175e-05 (F-block 9.545e-08 p-block 8.671e-06) alpha 1 eta 3.88e-03 iter times 108
time this step...155.00730109214783
now P is...
[[ 2.80115296e+00 -1.85285583e-05 -2.42418360e-03]
 [ 9.05694724e-05 -1.20241856e-07  2.34967254e-02]
 [-2.38962977e-03  2.35641593e-02 -9.75826068e-08]]
now F is...
[[ 1.30000000e+00  2.25361373e-16 -4.27945119e-16]
 [-1.41853342e-16  8.89181731e-01  8.70968491e-17]
 [ 3.38802308e-16 -2.00049585e-17  8.88550300e-01]]
intermediate results saved (3 increments in output.csv)
finish!
solver stats are saved to solver_stats.json
F and P are saved to output.csv
