---------------------------------------------
-- mixed FFT based solver, by WANG Mingchuan
---------------------------------------------
gmres restart length: 100
Ghat4 is formed (fourier discretization)...
this increment is 0.1 (target 0.1) ------------------------
gmres iter 10 linear residual 7.225e-03
gmres iter 20 linear residual 3.389e-03
gmres iter 30 linear residual 1.296e-03
gmres iter 40 linear residual 6.696e-04
res 1.711e-01 (F-block 9.483e-02 p-block 7.421e-01) alpha 1 eta 1.00e-02 iter times 42
gmres iter 10 linear residual 7.836e-02
gmres iter 20 linear residual 2.758e-02
gmres iter 30 linear residual 1.199e-02
gmres iter 40 linear residual 6.327e-03
gmres iter 50 linear residual 4.002e-03
gmres iter 60 linear residual 2.698e-03
gmres iter 70 linear residual 1.896e-03
gmres iter 80 linear residual 1.664e-03
gmres iter 90 linear residual 1.428e-03
gmres iter 100 linear residual 1.129e-03
gmres iter 110 linear residual 8.960e-04
gmres iter 120 linear residual 8.080e-04
gmres iter 130 linear residual 6.354e-04
gmres iter 140 linear residual 4.246e-04
res 6.372e-02 (F-block 6.055e-02 p-block 4.395e-01) alpha 0.5 eta 1.00e-02 iter times 140
gmres iter 10 linear residual 9.863e-02
gmres iter 20 linear residual 3.201e-02
gmres iter 30 linear residual 1.466e-02
gmres iter 40 linear residual 8.122e-03
gmres iter 50 linear residual 5.106e-03
gmres iter 60 linear residual 3.296e-03
gmres iter 70 linear residual 2.167e-03
res 9.252e-02 (F-block 2.254e-02 p-block 2.323e-01) alpha 1 eta 1.00e-02 iter times 74
gmres iter 10 linear residual 7.228e-02
gmres iter 20 linear residual 3.783e-02
gmres iter 30 linear residual 1.573e-02
gmres iter 40 linear residual 8.313e-03
gmres iter 50 linear residual 4.813e-03
gmres iter 60 linear residual 3.443e-03
gmres iter 70 linear residual 2.220e-03
res 3.149e-02 (F-block 8.656e-03 p-block 5.716e-02) alpha 1 eta 1.00e-02 iter times 73
gmres iter 10 linear residual 6.223e-02
gmres iter 20 linear residual 2.867e-02
gmres iter 30 linear residual 1.451e-02
gmres iter 40 linear residual 8.832e-03
gmres iter 50 linear residual 5.859e-03
gmres iter 60 linear residual 3.865e-03
gmres iter 70 linear residual 2.425e-03
res 1.265e-02 (F-block 3.409e-03 p-block 3.402e-02) alpha 1 eta 1.00e-02 iter times 74
gmres iter 10 linear residual 7.519e-02
gmres iter 20 linear residual 3.721e-02
gmres iter 30 linear residual 1.480e-02
gmres iter 40 linear residual 9.660e-03
gmres iter 50 linear residual 5.317e-03
gmres iter 60 linear residual 3.370e-03
gmres iter 70 linear residual 2.048e-03
res 6.150e-03 (F-block 1.191e-03 p-block 1.497e-02) alpha 1 eta 1.00e-02 iter times 71
gmres iter 10 linear residual 1.026e-01
gmres iter 20 linear residual 3.621e-02
gmres iter 30 linear residual 1.933e-02
gmres iter 40 linear residual 1.019e-02
gmres iter 50 linear residual 4.917e-03
gmres iter 60 linear residual 3.267e-03
gmres iter 70 linear residual 1.978e-03
res 3.051e-03 (F-block 2.891e-04 p-block 7.294e-03) alpha 1 eta 1.00e-02 iter times 71
gmres iter 10 linear residual 1.225e-01
gmres iter 20 linear residual 4.084e-02
gmres iter 30 linear residual 1.142e-02
gmres iter 40 linear residual 5.431e-03
gmres iter 50 linear residual 3.057e-03
res 1.042e-03 (F-block 2.328e-05 p-block 6.623e-04) alpha 1 eta 1.00e-02 iter times 58
gmres iter 10 linear residual 1.285e-01
gmres iter 20 linear residual 4.801e-02
gmres iter 30 linear residual 1.658e-02
gmres iter 40 linear residual 5.672e-03
gmres iter 50 linear residual 2.423e-03
res 9.915e-05 (F-block 1.904e-07 p-block 1.157e-05) alpha 1 eta 7.42e-03 iter times 59
gmres iter 10 linear residual 1.416e-01
gmres iter 20 linear residual 6.670e-02
gmres iter 30 linear residual 2.857e-02
gmres iter 40 linear residual 9.265e-03
gmres iter 50 linear residual 4.101e-03
gmres iter 60 linear residual 1.972e-03
gmres iter 70 linear residual 9.221e-04
gmres iter 80 linear residual 4.960e-04
gmres iter 90 linear residual 2.630e-04
res 9.572e-07 (F-block 1.767e-10 p-block 5.883e-09) alpha 1 eta 1.00e-03 iter times 94
time this step...202.5285747051239
now P is...
[[1.08373694e+00 5.03981460e-04 5.42802251e-04]
 [5.16675435e-04 1.92493776e-11 8.54342564e-03]
 [5.84977874e-04 8.49901611e-03 1.04148098e-10]]
now F is...
[[ 1.10000000e+00  5.30174258e-16  3.68124032e-16]
 [-7.17614533e-17  9.56255708e-01  1.55824764e-16]
 [-2.73883087e-16 -1.67474447e-16  9.56031295e-01]]
intermediate results saved (1 increments in output.csv)
this increment is 0.1 (target 0.2) ------------------------
gmres iter 10 linear residual 7.700e-03
gmres iter 20 linear residual 4.054e-03
gmres iter 30 linear residual 1.535e-03
gmres iter 40 linear residual 8.393e-04
res 8.868e-02 (F-block 4.838e-01 p-block 4.649e-01) alpha 0.5 eta 1.00e-02 iter times 45
gmres iter 10 linear residual 1.079e-02
gmres iter 20 linear residual 3.314e-03
gmres iter 30 linear residual 1.529e-03
gmres iter 40 linear residual 1.015e-03
res 4.086e-02 (F-block 2.066e-02 p-block 4.027e-02) alpha 1 eta 1.00e-02 iter times 44
gmres iter 10 linear residual 1.157e-01
gmres iter 20 linear residual 2.903e-02
gmres iter 30 linear residual 1.288e-02
gmres iter 40 linear residual 8.581e-03
gmres iter 50 linear residual 5.083e-03
gmres iter 60 linear residual 2.653e-03
gmres iter 70 linear residual 1.440e-03
gmres iter 80 linear residual 8.814e-04
gmres iter 90 linear residual 5.513e-04
gmres iter 100 linear residual 3.081e-04
res 2.277e-02 (F-block 1.035e-02 p-block 2.250e-02) alpha 0.5 eta 4.10e-03 iter times 104
gmres iter 10 linear residual 1.225e-01
gmres iter 20 linear residual 2.976e-02
gmres iter 30 linear residual 1.044e-02
gmres iter 40 linear residual 5.956e-03
gmres iter 50 linear residual 3.675e-03
gmres iter 60 linear residual 2.173e-03
gmres iter 70 linear residual 1.373e-03
gmres iter 80 linear residual 8.702e-04
res 2.279e-02 (F-block 2.567e-04 p-block 2.001e-02) alpha 1 eta 1.00e-02 iter times 87
gmres iter 10 linear residual 1.711e-01
gmres iter 20 linear residual 3.999e-02
gmres iter 30 linear residual 1.565e-02
gmres iter 40 linear residual 9.011e-03
gmres iter 50 linear residual 5.243e-03
gmres iter 60 linear residual 2.608e-03
gmres iter 70 linear residual 1.588e-03
gmres iter 80 linear residual 9.441e-04
res 9.316e-04 (F-block 1.471e-06 p-block 6.352e-05) alpha 1 eta 1.00e-02 iter times 88
gmres iter 10 linear residual 1.618e-01
gmres iter 20 linear residual 6.979e-02
gmres iter 30 linear residual 3.318e-02
gmres iter 40 linear residual 1.254e-02
gmres iter 50 linear residual 6.929e-03
gmres iter 60 linear residual 4.223e-03
gmres iter 70 linear residual 2.026e-03
gmres iter 80 linear residual 9.809e-04
gmres iter 90 linear residual 5.499e-04
gmres iter 100 linear residual 3.244e-04
gmres iter 110 linear residual 2.232e-04
res 6.789e-06 (F-block 1.454e-09 p-block 8.668e-08) alpha 1 eta 1.00e-03 iter times 112
time this step...98.93832921981812
now P is...
[[ 1.98464687e+00  4.44470863e-04 -6.62868910e-04]
 [ 4.51682818e-04  5.55422804e-09  1.45960362e-02]
 [-5.65765281e-04  1.45210616e-02  5.94985233e-09]]
now F is...
[[ 1.20000000e+00  5.17400973e-16  3.02548911e-16]
 [-2.07115420e-16  9.19272597e-01  1.74707984e-16]
 [-2.48794902e-16 -1.55560167e-16  9.18846185e-01]]
intermediate results saved (2 increments in output.csv)
this increment is 0.1 (target 0.30000000000000004) ------------------------
gmres iter 10 linear residual 7.993e-03
gmres iter 20 linear residual 4.758e-03
gmres iter 30 linear residual 1.845e-03
gmres iter 40 linear residual 1.071e-03
res 9.052e-02 (F-block 4.839e-01 p-block 4.682e-01) alpha 0.5 eta 1.00e-02 iter times 49
gmres iter 10 linear residual 1.203e-02
gmres iter 20 linear residual 4.212e-03
gmres iter 30 linear residual 1.661e-03
gmres iter 40 linear residual 1.187e-03
res 3.923e-02 (F-block 2.067e-02 p-block 4.203e-02) alpha 1 eta 1.00e-02 iter times 49
gmres iter 10 linear residual 1.228e-01
gmres iter 20 linear residual 3.278e-02
gmres iter 30 linear residual 1.640e-02
gmres iter 40 linear residual 1.074e-02
gmres iter 50 linear residual 6.791e-03
gmres iter 60 linear residual 4.186e-03
gmres iter 70 linear residual 2.397e-03
gmres iter 80 linear residual 1.355e-03
gmres iter 90 linear residual 8.849e-04
gmres iter 100 linear residual 5.569e-04
gmres iter 110 linear residual 3.543e-04
res 2.332e-02 (F-block 1.036e-02 p-block 2.759e-02) alpha 0.5 eta 4.35e-03 iter times 115
gmres iter 10 linear residual 1.306e-01
gmres iter 20 linear residual 3.343e-02
gmres iter 30 linear residual 1.411e-02
gmres iter 40 linear residual 8.438e-03
gmres iter 50 linear residual 5.106e-03
gmres iter 60 linear residual 3.021e-03
gmres iter 70 linear residual 2.158e-03
gmres iter 80 linear residual 1.354e-03
gmres iter 90 linear residual 8.333e-04
res 2.335e-02 (F-block 3.398e-04 p-block 2.243e-02) alpha 1 eta 1.00e-02 iter times 94
gmres iter 10 linear residual 1.771e-01
gmres iter 20 linear residual 5.039e-02
gmres iter 30 linear residual 2.181e-02
gmres iter 40 linear residual 1.338e-02
gmres iter 50 linear residual 7.046e-03
gmres iter 60 linear residual 3.722e-03
gmres iter 70 linear residual 2.281e-03
gmres iter 80 linear residual 1.557e-03
gmres iter 90 linear residual 8.861e-04
res 1.005e-03 (F-block 4.413e-06 p-block 8.569e-05) alpha 1 eta 1.00e-02 iter times 96
gmres iter 10 linear residual 1.351e-01
gmres iter 20 linear residual 5.707e-02
gmres iter 30 linear residual 2.575e-02
gmres iter 40 linear residual 1.575e-02
gmres iter 50 linear residual 9.157e-03
gmres iter 60 linear residual 4.667e-03
gmres iter 70 linear residual 2.538e-03
gmres iter 80 linear residual 1.491e-03
gmres iter 90 linear residual 9.783e-04
gmres iter 100 linear residual 5.122e-04
gmres iter 110 linear residual 3.229e-04
gmres iter 120 linear residual 2.149e-04
gmres iter 130 linear residual 1.611e-04
gmres iter 140 linear residual 1.062e-04
res 1.536e-05 (F-block 4.331e-09 p-block 1.424e-07) alpha 1 eta 1.00e-03 iter times 148
time this step...87.02834486961365
now P is...
[[ 2.76077306e+00  2.81821526e-04 -1.57396867e-03]
 [ 2.73440754e-04 -3.52632529e-09  2.01424644e-02]
 [-1.39130526e-03  2.00484814e-02 -4.67329768e-09]]
now F is...
[[ 1.30000000e+00  4.40019647e-16  3.44437088e-16]
 [-2.85972522e-16  8.87688777e-01  1.85821021e-16]
 [-2.30459507e-16 -1.53607373e-16  8.87001059e-01]]
intermediate results saved (3 increments in output.csv)
finish!
solver stats are saved to solver_stats.json
F and P are saved to output.csv
