---------------------------------------------
-- mixed FFT based solver, by WANG Mingchuan
---------------------------------------------
gmres restart length: 100
Ghat4 is formed (willot discretization)...
this increment is 0.1 (target 0.1) ------------------------
gmres iter 10 linear residual 3.952e-02
gmres iter 20 linear residual 3.137e-02
gmres iter 30 linear residual 2.810e-02
gmres iter 40 linear residual 2.563e-02
gmres iter 50 linear residual 2.292e-02
gmres iter 60 linear residual 2.014e-02
gmres iter 70 linear residual 1.785e-02
gmres iter 80 linear residual 1.572e-02
gmres iter 90 linear residual 1.381e-02
gmres iter 100 linear residual 1.242e-02
gmres iter 110 linear residual 1.207e-02
gmres iter 120 linear residual 1.170e-02
gmres iter 130 linear residual 1.124e-02
gmres iter 140 linear residual 1.073e-02
gmres iter 150 linear residual 1.031e-02
gmres iter 160 linear residual 9.934e-03
gmres iter 170 linear residual 9.784e-03
gmres iter 180 linear residual 9.666e-03
gmres iter 190 linear residual 9.572e-03
gmres iter 200 linear residual 9.455e-03
gmres iter 210 linear residual 9.435e-03
gmres iter 220 linear residual 9.412e-03
gmres iter 230 linear residual 9.373e-03
gmres iter 240 linear residual 9.307e-03
res 7.572e-02 (F-block 1.225e-01 p-block 1.689e-01) alpha 1 eta 1.00e-02 iter times 247
gmres iter 10 linear residual 2.347e-01
gmres iter 20 linear residual 1.180e-01
gmres iter 30 linear residual 5.233e-02
gmres iter 40 linear residual 3.403e-02
gmres iter 50 linear residual 2.737e-02
gmres iter 60 linear residual 2.298e-02
gmres iter 70 linear residual 2.197e-02
gmres iter 80 linear residual 2.172e-02
gmres iter 90 linear residual 2.036e-02
gmres iter 100 linear residual 1.824e-02
gmres iter 110 linear residual 1.779e-02
gmres iter 120 linear residual 1.734e-02
gmres iter 130 linear residual 1.726e-02
gmres iter 140 linear residual 1.683e-02
gmres iter 150 linear residual 1.615e-02
gmres iter 160 linear residual 1.566e-02
gmres iter 170 linear residual 1.562e-02
gmres iter 180 linear residual 1.545e-02
gmres iter 190 linear residual 1.492e-02
gmres iter 200 linear residual 1.424e-02
gmres iter 210 linear residual 1.416e-02
gmres iter 220 linear residual 1.396e-02
gmres iter 230 linear residual 1.389e-02
gmres iter 240 linear residual 1.354e-02
gmres iter 250 linear residual 1.320e-02
gmres iter 260 linear residual 1.306e-02
gmres iter 270 linear residual 1.303e-02
gmres iter 280 linear residual 1.285e-02
gmres iter 290 linear residual 1.240e-02
gmres iter 300 linear residual 1.220e-02
gmres iter 310 linear residual 1.220e-02
gmres iter 320 linear residual 1.218e-02
gmres iter 330 linear residual 1.211e-02
gmres iter 340 linear residual 1.195e-02
gmres iter 350 linear residual 1.181e-02
gmres iter 360 linear residual 1.175e-02
gmres iter 370 linear residual 1.174e-02
gmres iter 380 linear residual 1.168e-02
gmres iter 390 linear residual 1.138e-02
gmres iter 400 linear residual 1.122e-02
gmres iter 410 linear residual 1.122e-02
gmres iter 420 linear residual 1.121e-02
gmres iter 430 linear residual 1.112e-02
gmres iter 440 linear residual 1.095e-02
gmres iter 450 linear residual 1.091e-02
gmres iter 460 linear residual 1.090e-02
gmres iter 470 linear residual 1.078e-02
gmres iter 480 linear residual 1.052e-02
gmres iter 490 linear residual 1.031e-02
gmres iter 500 linear residual 1.028e-02
gmres iter 510 linear residual 1.028e-02
gmres iter 520 linear residual 1.027e-02
gmres iter 530 linear residual 1.018e-02
gmres iter 540 linear residual 1.000e-02
gmres iter 550 linear residual 9.931e-03
gmres iter 560 linear residual 9.924e-03
gmres iter 570 linear residual 9.882e-03
gmres iter 580 linear residual 9.796e-03
gmres iter 590 linear residual 9.772e-03
gmres iter 600 linear residual 9.758e-03
gmres iter 610 linear residual 9.758e-03
gmres iter 620 linear residual 9.753e-03
gmres iter 630 linear residual 9.743e-03
gmres iter 640 linear residual 9.686e-03
gmres iter 650 linear residual 9.667e-03
gmres iter 660 linear residual 9.663e-03
gmres iter 670 linear residual 9.635e-03
gmres iter 680 linear residual 9.513e-03
gmres iter 690 linear residual 9.261e-03
gmres iter 700 linear residual 9.139e-03
gmres iter 710 linear residual 9.139e-03
gmres iter 720 linear residual 9.126e-03
gmres iter 730 linear residual 9.030e-03
gmres iter 740 linear residual 8.867e-03
gmres iter 750 linear residual 8.787e-03
gmres iter 760 linear residual 8.777e-03
gmres iter 770 linear residual 8.769e-03
gmres iter 780 linear residual 8.716e-03
gmres iter 790 linear residual 8.692e-03
gmres iter 800 linear residual 8.686e-03
gmres iter 810 linear residual 8.686e-03
gmres iter 820 linear residual 8.684e-03
gmres iter 830 linear residual 8.677e-03
gmres iter 840 linear residual 8.644e-03
res 5.238e-02 (F-block 8.255e-02 p-block 6.469e-02) alpha 1 eta 1.00e-02 iter times 848
gmres iter 10 linear residual 7.122e-02
gmres iter 20 linear residual 4.640e-02
gmres iter 30 linear residual 2.901e-02
gmres iter 40 linear residual 2.104e-02
gmres iter 50 linear residual 1.847e-02
gmres iter 60 linear residual 1.777e-02
gmres iter 70 linear residual 1.726e-02
gmres iter 80 linear residual 1.585e-02
gmres iter 90 linear residual 1.359e-02
gmres iter 100 linear residual 1.248e-02
gmres iter 110 linear residual 1.241e-02
gmres iter 120 linear residual 1.230e-02
gmres iter 130 linear residual 1.158e-02
gmres iter 140 linear residual 1.078e-02
gmres iter 150 linear residual 1.012e-02
gmres iter 160 linear residual 1.007e-02
gmres iter 170 linear residual 9.455e-03
res 2.405e-02 (F-block 1.856e-02 p-block 1.314e-02) alpha 1 eta 1.00e-02 iter times 175
gmres iter 10 linear residual 1.608e-01
gmres iter 20 linear residual 1.263e-01
gmres iter 30 linear residual 8.639e-02
gmres iter 40 linear residual 6.909e-02
gmres iter 50 linear residual 5.928e-02
gmres iter 60 linear residual 5.060e-02
gmres iter 70 linear residual 4.631e-02
gmres iter 80 linear residual 4.406e-02
gmres iter 90 linear residual 4.336e-02
gmres iter 100 linear residual 4.334e-02
gmres iter 110 linear residual 4.334e-02
gmres iter 120 linear residual 4.330e-02
gmres iter 130 linear residual 4.314e-02
gmres iter 140 linear residual 4.260e-02
gmres iter 150 linear residual 4.206e-02
gmres iter 160 linear residual 4.118e-02
gmres iter 170 linear residual 3.945e-02
gmres iter 180 linear residual 3.613e-02
gmres iter 190 linear residual 3.286e-02
gmres iter 200 linear residual 2.891e-02
gmres iter 210 linear residual 2.746e-02
gmres iter 220 linear residual 2.619e-02
gmres iter 230 linear residual 2.474e-02
gmres iter 240 linear residual 2.402e-02
gmres iter 250 linear residual 2.354e-02
gmres iter 260 linear residual 2.328e-02
gmres iter 270 linear residual 2.318e-02
gmres iter 280 linear residual 2.313e-02
gmres iter 290 linear residual 2.306e-02
gmres iter 300 linear residual 2.274e-02
gmres iter 310 linear residual 2.264e-02
gmres iter 320 linear residual 2.255e-02
gmres iter 330 linear residual 2.253e-02
gmres iter 340 linear residual 2.248e-02
gmres iter 350 linear residual 2.235e-02
gmres iter 360 linear residual 2.214e-02
gmres iter 370 linear residual 2.191e-02
gmres iter 380 linear residual 2.160e-02
gmres iter 390 linear residual 2.087e-02
gmres iter 400 linear residual 1.981e-02
gmres iter 410 linear residual 1.925e-02
gmres iter 420 linear residual 1.858e-02
gmres iter 430 linear residual 1.806e-02
gmres iter 440 linear residual 1.786e-02
gmres iter 450 linear residual 1.781e-02
gmres iter 460 linear residual 1.778e-02
gmres iter 470 linear residual 1.777e-02
gmres iter 480 linear residual 1.776e-02
gmres iter 490 linear residual 1.772e-02
gmres iter 500 linear residual 1.752e-02
gmres iter 510 linear residual 1.745e-02
gmres iter 520 linear residual 1.737e-02
gmres iter 530 linear residual 1.736e-02
gmres iter 540 linear residual 1.735e-02
gmres iter 550 linear residual 1.732e-02
gmres iter 560 linear residual 1.724e-02
gmres iter 570 linear residual 1.709e-02
gmres iter 580 linear residual 1.689e-02
gmres iter 590 linear residual 1.645e-02
gmres iter 600 linear residual 1.599e-02
gmres iter 610 linear residual 1.576e-02
gmres iter 620 linear residual 1.540e-02
gmres iter 630 linear residual 1.524e-02
gmres iter 640 linear residual 1.511e-02
gmres iter 650 linear residual 1.504e-02
gmres iter 660 linear residual 1.503e-02
gmres iter 670 linear residual 1.502e-02
gmres iter 680 linear residual 1.496e-02
gmres iter 690 linear residual 1.490e-02
gmres iter 700 linear residual 1.478e-02
gmres iter 710 linear residual 1.474e-02
gmres iter 720 linear residual 1.466e-02
gmres iter 730 linear residual 1.463e-02
gmres iter 740 linear residual 1.463e-02
gmres iter 750 linear residual 1.462e-02
gmres iter 760 linear residual 1.460e-02
gmres iter 770 linear residual 1.454e-02
gmres iter 780 linear residual 1.440e-02
gmres iter 790 linear residual 1.407e-02
gmres iter 800 linear residual 1.380e-02
gmres iter 810 linear residual 1.365e-02
gmres iter 820 linear residual 1.342e-02
gmres iter 830 linear residual 1.332e-02
gmres iter 840 linear residual 1.328e-02
gmres iter 850 linear residual 1.325e-02
gmres iter 860 linear residual 1.324e-02
gmres iter 870 linear residual 1.323e-02
gmres iter 880 linear residual 1.319e-02
gmres iter 890 linear residual 1.311e-02
gmres iter 900 linear residual 1.296e-02
gmres iter 910 linear residual 1.292e-02
gmres iter 920 linear residual 1.284e-02
gmres iter 930 linear residual 1.282e-02
gmres iter 940 linear residual 1.281e-02
gmres iter 950 linear residual 1.281e-02
gmres iter 960 linear residual 1.280e-02
gmres iter 970 linear residual 1.278e-02
gmres iter 980 linear residual 1.270e-02
gmres iter 990 linear residual 1.262e-02
gmres iter 1000 linear residual 1.239e-02
linear solver hit the iteration cap (1000 iterations, flag 10)
increment failed (gmres_iteration_cap); cutting step to 0.05
this increment is 0.05 (target 0.1) ------------------------
gmres iter 10 linear residual 2.695e-02
gmres iter 20 linear residual 1.492e-02
gmres iter 30 linear residual 1.266e-02
gmres iter 40 linear residual 1.015e-02
gmres iter 50 linear residual 9.184e-03
gmres iter 60 linear residual 8.391e-03
gmres iter 70 linear residual 7.548e-03
gmres iter 80 linear residual 6.897e-03
res 3.623e-02 (F-block 5.291e-02 p-block 1.119e-01) alpha 1 eta 1.00e-02 iter times 82
gmres iter 10 linear residual 2.837e-01
gmres iter 20 linear residual 1.480e-01
gmres iter 30 linear residual 6.721e-02
gmres iter 40 linear residual 4.444e-02
gmres iter 50 linear residual 3.566e-02
gmres iter 60 linear residual 2.793e-02
gmres iter 70 linear residual 2.200e-02
gmres iter 80 linear residual 1.805e-02
gmres iter 90 linear residual 1.469e-02
gmres iter 100 linear residual 1.128e-02
gmres iter 110 linear residual 1.030e-02
gmres iter 120 linear residual 8.911e-03
gmres iter 130 linear residual 7.564e-03
res 1.178e-02 (F-block 7.278e-03 p-block 6.411e-03) alpha 1 eta 6.89e-03 iter times 139
gmres iter 10 linear residual 9.308e-02
gmres iter 20 linear residual 7.401e-02
gmres iter 30 linear residual 5.056e-02
gmres iter 40 linear residual 4.100e-02
gmres iter 50 linear residual 3.626e-02
gmres iter 60 linear residual 3.213e-02
gmres iter 70 linear residual 2.650e-02
gmres iter 80 linear residual 2.267e-02
gmres iter 90 linear residual 1.868e-02
gmres iter 100 linear residual 1.467e-02
gmres iter 110 linear residual 1.280e-02
gmres iter 120 linear residual 1.125e-02
gmres iter 130 linear residual 9.369e-03
gmres iter 140 linear residual 8.341e-03
gmres iter 150 linear residual 7.310e-03
gmres iter 160 linear residual 6.156e-03
gmres iter 170 linear residual 5.182e-03
res 1.715e-03 (F-block 3.350e-04 p-block 4.590e-04) alpha 1 eta 5.53e-03 iter times 170
gmres iter 10 linear residual 1.427e-01
gmres iter 20 linear residual 1.285e-01
gmres iter 30 linear residual 9.900e-02
gmres iter 40 linear residual 8.747e-02
gmres iter 50 linear residual 7.826e-02
gmres iter 60 linear residual 6.882e-02
gmres iter 70 linear residual 6.102e-02
gmres iter 80 linear residual 5.408e-02
gmres iter 90 linear residual 4.477e-02
gmres iter 100 linear residual 3.483e-02
gmres iter 110 linear residual 3.090e-02
gmres iter 120 linear residual 2.684e-02
gmres iter 130 linear residual 2.268e-02
gmres iter 140 linear residual 2.038e-02
gmres iter 150 linear residual 1.802e-02
gmres iter 160 linear residual 1.559e-02
gmres iter 170 linear residual 1.402e-02
gmres iter 180 linear residual 1.213e-02
gmres iter 190 linear residual 9.614e-03
gmres iter 200 linear residual 7.482e-03
gmres iter 210 linear residual 6.441e-03
gmres iter 220 linear residual 5.292e-03
gmres iter 230 linear residual 4.484e-03
gmres iter 240 linear residual 4.047e-03
gmres iter 250 linear residual 3.516e-03
gmres iter 260 linear residual 3.036e-03
res 9.891e-05 (F-block 2.358e-06 p-block 9.782e-06) alpha 1 eta 3.09e-03 iter times 262
time this step...99.92999768257141
this increment is 0.05 (target 0.1) ------------------------
gmres iter 10 linear residual 2.676e-02
gmres iter 20 linear residual 1.508e-02
gmres iter 30 linear residual 1.278e-02
gmres iter 40 linear residual 1.017e-02
gmres iter 50 linear residual 9.172e-03
gmres iter 60 linear residual 8.336e-03
gmres iter 70 linear residual 7.477e-03
res 3.528e-02 (F-block 5.316e-02 p-block 1.214e-01) alpha 1 eta 1.00e-02 iter times 78
gmres iter 10 linear residual 2.807e-01
gmres iter 20 linear residual 1.485e-01
gmres iter 30 linear residual 6.878e-02
gmres iter 40 linear residual 4.477e-02
gmres iter 50 linear residual 3.574e-02
gmres iter 60 linear residual 2.788e-02
gmres iter 70 linear residual 2.217e-02
gmres iter 80 linear residual 1.813e-02
gmres iter 90 linear residual 1.481e-02
gmres iter 100 linear residual 1.158e-02
gmres iter 110 linear residual 1.072e-02
gmres iter 120 linear residual 9.208e-03
gmres iter 130 linear residual 7.840e-03
res 1.212e-02 (F-block 7.188e-03 p-block 7.504e-03) alpha 1 eta 7.91e-03 iter times 133
gmres iter 10 linear residual 1.004e-01
gmres iter 20 linear residual 8.214e-02
gmres iter 30 linear residual 5.905e-02
gmres iter 40 linear residual 4.952e-02
gmres iter 50 linear residual 4.335e-02
gmres iter 60 linear residual 3.816e-02
gmres iter 70 linear residual 3.209e-02
gmres iter 80 linear residual 2.768e-02
gmres iter 90 linear residual 2.260e-02
gmres iter 100 linear residual 1.828e-02
gmres iter 110 linear residual 1.625e-02
gmres iter 120 linear residual 1.415e-02
gmres iter 130 linear residual 1.170e-02
gmres iter 140 linear residual 1.058e-02
gmres iter 150 linear residual 9.316e-03
gmres iter 160 linear residual 7.976e-03
gmres iter 170 linear residual 6.851e-03
gmres iter 180 linear residual 5.471e-03
res 1.801e-03 (F-block 3.119e-04 p-block 4.673e-04) alpha 1 eta 5.53e-03 iter times 182
gmres iter 10 linear residual 1.595e-01
gmres iter 20 linear residual 1.409e-01
gmres iter 30 linear residual 1.077e-01
gmres iter 40 linear residual 9.382e-02
gmres iter 50 linear residual 8.095e-02
gmres iter 60 linear residual 7.176e-02
gmres iter 70 linear residual 6.479e-02
gmres iter 80 linear residual 5.795e-02
gmres iter 90 linear residual 5.092e-02
gmres iter 100 linear residual 4.271e-02
gmres iter 110 linear residual 3.936e-02
gmres iter 120 linear residual 3.524e-02
gmres iter 130 linear residual 3.041e-02
gmres iter 140 linear residual 2.788e-02
gmres iter 150 linear residual 2.511e-02
gmres iter 160 linear residual 2.188e-02
gmres iter 170 linear residual 1.927e-02
gmres iter 180 linear residual 1.567e-02
gmres iter 190 linear residual 1.201e-02
gmres iter 200 linear residual 9.316e-03
gmres iter 210 linear residual 7.994e-03
gmres iter 220 linear residual 6.240e-03
gmres iter 230 linear residual 5.064e-03
gmres iter 240 linear residual 4.613e-03
gmres iter 250 linear residual 4.009e-03
gmres iter 260 linear residual 3.657e-03
gmres iter 270 linear residual 3.276e-03
gmres iter 280 linear residual 2.931e-03
gmres iter 290 linear residual 2.557e-03
res 1.162e-04 (F-block 3.112e-06 p-block 7.555e-06) alpha 1 eta 2.63e-03 iter times 293
time this step...90.4380259513855
now P is...
[[ 1.37277406e+00  3.28394711e-03 -2.35824926e-02]
 [ 2.85800810e-03 -1.05143464e-06  1.87599516e-02]
 [-2.04785109e-02  1.87189672e-02 -1.05438331e-06]]
now F is...
[[ 1.10000000e+00 -3.77381170e-16 -5.06818059e-17]
 [ 1.14329381e-15  9.57303452e-01  2.94718635e-16]
 [-6.21018310e-17  5.74822061e-16  9.55211428e-01]]
intermediate results saved (1 increments in output.csv)
this increment is 0.07500000000000001 (target 0.2) ------------------------
gmres iter 10 linear residual 3.269e-02
gmres iter 20 linear residual 2.254e-02
gmres iter 30 linear residual 2.035e-02
gmres iter 40 linear residual 1.813e-02
gmres iter 50 linear residual 1.582e-02
gmres iter 60 linear residual 1.397e-02
gmres iter 70 linear residual 1.240e-02
gmres iter 80 linear residual 1.112e-02
gmres iter 90 linear residual 9.809e-03
gmres iter 100 linear residual 8.855e-03
gmres iter 110 linear residual 8.677e-03
res 5.486e-02 (F-block 9.242e-02 p-block 1.915e-01) alpha 1 eta 1.00e-02 iter times 110
gmres iter 10 linear residual 2.404e-01
gmres iter 20 linear residual 1.290e-01
gmres iter 30 linear residual 5.935e-02
gmres iter 40 linear residual 3.664e-02
gmres iter 50 linear residual 2.779e-02
gmres iter 60 linear residual 2.060e-02
gmres iter 70 linear residual 1.693e-02
gmres iter 80 linear residual 1.409e-02
gmres iter 90 linear residual 1.219e-02
gmres iter 100 linear residual 1.104e-02
gmres iter 110 linear residual 1.089e-02
gmres iter 120 linear residual 1.038e-02
gmres iter 130 linear residual 1.016e-02
gmres iter 140 linear residual 1.010e-02
gmres iter 150 linear residual 1.009e-02
gmres iter 160 linear residual 9.993e-03
gmres iter 170 linear residual 9.744e-03
gmres iter 180 linear residual 9.224e-03
gmres iter 190 linear residual 9.004e-03
gmres iter 200 linear residual 8.732e-03
gmres iter 210 linear residual 8.581e-03
gmres iter 220 linear residual 8.518e-03
gmres iter 230 linear residual 8.510e-03
gmres iter 240 linear residual 8.480e-03
gmres iter 250 linear residual 8.418e-03
gmres iter 260 linear residual 8.282e-03
gmres iter 270 linear residual 8.131e-03
gmres iter 280 linear residual 7.969e-03
res 3.359e-02 (F-block 6.511e-02 p-block 5.056e-02) alpha 1 eta 1.00e-02 iter times 283
gmres iter 10 linear residual 5.514e-02
gmres iter 20 linear residual 3.846e-02
gmres iter 30 linear residual 2.475e-02
gmres iter 40 linear residual 1.783e-02
gmres iter 50 linear residual 1.410e-02
gmres iter 60 linear residual 1.193e-02
gmres iter 70 linear residual 9.954e-03
gmres iter 80 linear residual 7.940e-03
res 1.176e-02 (F-block 9.971e-03 p-block 9.681e-03) alpha 1 eta 1.00e-02 iter times 87
gmres iter 10 linear residual 1.531e-01
gmres iter 20 linear residual 1.262e-01
gmres iter 30 linear residual 1.052e-01
gmres iter 40 linear residual 8.525e-02
gmres iter 50 linear residual 6.563e-02
gmres iter 60 linear residual 5.436e-02
gmres iter 70 linear residual 4.717e-02
gmres iter 80 linear residual 3.985e-02
gmres iter 90 linear residual 3.385e-02
gmres iter 100 linear residual 2.674e-02
gmres iter 110 linear residual 2.481e-02
gmres iter 120 linear residual 2.233e-02
gmres iter 130 linear residual 2.067e-02
gmres iter 140 linear residual 1.751e-02
gmres iter 150 linear residual 1.547e-02
gmres iter 160 linear residual 1.372e-02
gmres iter 170 linear residual 1.167e-02
gmres iter 180 linear residual 8.938e-03
res 4.647e-03 (F-block 6.543e-03 p-block 6.240e-03) alpha 0.5 eta 1.00e-02 iter times 180
gmres iter 10 linear residual 1.202e-01
gmres iter 20 linear residual 9.568e-02
gmres iter 30 linear residual 7.518e-02
gmres iter 40 linear residual 6.096e-02
gmres iter 50 linear residual 4.672e-02
gmres iter 60 linear residual 3.720e-02
gmres iter 70 linear residual 3.206e-02
gmres iter 80 linear residual 2.713e-02
gmres iter 90 linear residual 2.313e-02
gmres iter 100 linear residual 1.902e-02
gmres iter 110 linear residual 1.817e-02
gmres iter 120 linear residual 1.630e-02
gmres iter 130 linear residual 1.536e-02
gmres iter 140 linear residual 1.338e-02
gmres iter 150 linear residual 1.157e-02
gmres iter 160 linear residual 1.017e-02
res 4.740e-03 (F-block 3.855e-03 p-block 2.713e-03) alpha 1 eta 1.00e-02 iter times 167
gmres iter 10 linear residual 4.940e-02
gmres iter 20 linear residual 3.571e-02
gmres iter 30 linear residual 2.602e-02
gmres iter 40 linear residual 2.139e-02
gmres iter 50 linear residual 1.878e-02
gmres iter 60 linear residual 1.541e-02
gmres iter 70 linear residual 1.376e-02
gmres iter 80 linear residual 1.219e-02
gmres iter 90 linear residual 1.016e-02
gmres iter 100 linear residual 8.760e-03
res 1.014e-03 (F-block 2.843e-04 p-block 4.505e-04) alpha 1 eta 1.00e-02 iter times 100
gmres iter 10 linear residual 1.367e-01
gmres iter 20 linear residual 1.149e-01
gmres iter 30 linear residual 9.513e-02
gmres iter 40 linear residual 8.769e-02
gmres iter 50 linear residual 8.171e-02
gmres iter 60 linear residual 7.262e-02
gmres iter 70 linear residual 6.599e-02
gmres iter 80 linear residual 5.407e-02
gmres iter 90 linear residual 4.397e-02
gmres iter 100 linear residual 3.693e-02
gmres iter 110 linear residual 3.493e-02
gmres iter 120 linear residual 2.968e-02
gmres iter 130 linear residual 2.595e-02
gmres iter 140 linear residual 2.301e-02
gmres iter 150 linear residual 2.056e-02
gmres iter 160 linear residual 1.945e-02
gmres iter 170 linear residual 1.766e-02
gmres iter 180 linear residual 1.527e-02
gmres iter 190 linear residual 1.315e-02
gmres iter 200 linear residual 1.096e-02
gmres iter 210 linear residual 1.032e-02
gmres iter 220 linear residual 9.205e-03
res 2.004e-04 (F-block 1.582e-05 p-block 2.703e-05) alpha 1 eta 1.00e-02 iter times 221
gmres iter 10 linear residual 1.715e-01
gmres iter 20 linear residual 1.627e-01
gmres iter 30 linear residual 1.510e-01
gmres iter 40 linear residual 1.387e-01
gmres iter 50 linear residual 1.200e-01
gmres iter 60 linear residual 1.065e-01
gmres iter 70 linear residual 9.762e-02
gmres iter 80 linear residual 9.087e-02
gmres iter 90 linear residual 8.495e-02
gmres iter 100 linear residual 7.568e-02
gmres iter 110 linear residual 7.128e-02
gmres iter 120 linear residual 6.256e-02
gmres iter 130 linear residual 5.732e-02
gmres iter 140 linear residual 5.172e-02
gmres iter 150 linear residual 4.744e-02
gmres iter 160 linear residual 4.374e-02
gmres iter 170 linear residual 4.016e-02
gmres iter 180 linear residual 3.496e-02
gmres iter 190 linear residual 2.877e-02
gmres iter 200 linear residual 2.285e-02
gmres iter 210 linear residual 2.039e-02
gmres iter 220 linear residual 1.800e-02
gmres iter 230 linear residual 1.675e-02
gmres iter 240 linear residual 1.568e-02
gmres iter 250 linear residual 1.357e-02
gmres iter 260 linear residual 1.170e-02
gmres iter 270 linear residual 1.052e-02
gmres iter 280 linear residual 9.841e-03
gmres iter 290 linear residual 9.016e-03
gmres iter 300 linear residual 8.227e-03
gmres iter 310 linear residual 7.705e-03
gmres iter 320 linear residual 7.166e-03
gmres iter 330 linear residual 6.658e-03
gmres iter 340 linear residual 6.149e-03
gmres iter 350 linear residual 5.420e-03
gmres iter 360 linear residual 4.798e-03
gmres iter 370 linear residual 4.332e-03
gmres iter 380 linear residual 3.996e-03
gmres iter 390 linear residual 3.663e-03
gmres iter 400 linear residual 3.223e-03
res 9.290e-06 (F-block 5.579e-08 p-block 5.938e-07) alpha 1 eta 3.11e-03 iter times 408
time this step...188.3314402103424
this increment is 0.024999999999999994 (target 0.2) ------------------------
gmres iter 10 linear residual 2.206e-02
gmres iter 20 linear residual 9.531e-03
res 1.261e-02 (F-block 1.811e-02 p-block 5.166e-01) alpha 1 eta 1.00e-02 iter times 27
gmres iter 10 linear residual 3.542e-01
gmres iter 20 linear residual 2.434e-01
gmres iter 30 linear residual 1.448e-01
gmres iter 40 linear residual 1.169e-01
gmres iter 50 linear residual 9.335e-02
gmres iter 60 linear residual 7.107e-02
gmres iter 70 linear residual 5.990e-02
gmres iter 80 linear residual 5.021e-02
gmres iter 90 linear residual 4.218e-02
gmres iter 100 linear residual 3.624e-02
gmres iter 110 linear residual 3.425e-02
gmres iter 120 linear residual 3.047e-02
gmres iter 130 linear residual 2.673e-02
gmres iter 140 linear residual 2.369e-02
gmres iter 150 linear residual 2.095e-02
gmres iter 160 linear residual 1.879e-02
gmres iter 170 linear residual 1.737e-02
gmres iter 180 linear residual 1.606e-02
gmres iter 190 linear residual 1.459e-02
gmres iter 200 linear residual 1.247e-02
gmres iter 210 linear residual 1.149e-02
gmres iter 220 linear residual 1.051e-02
res 7.270e-03 (F-block 1.612e-02 p-block 1.254e-02) alpha 1 eta 1.00e-02 iter times 227
gmres iter 10 linear residual 4.052e-02
gmres iter 20 linear residual 2.526e-02
gmres iter 30 linear residual 2.204e-02
gmres iter 40 linear residual 2.188e-02
gmres iter 50 linear residual 1.951e-02
gmres iter 60 linear residual 1.709e-02
gmres iter 70 linear residual 1.522e-02
gmres iter 80 linear residual 1.294e-02
gmres iter 90 linear residual 1.065e-02
gmres iter 100 linear residual 8.854e-03
gmres iter 110 linear residual 8.381e-03
gmres iter 120 linear residual 7.124e-03
gmres iter 130 linear residual 6.375e-03
gmres iter 140 linear residual 6.013e-03
gmres iter 150 linear residual 5.532e-03
gmres iter 160 linear residual 4.855e-03
gmres iter 170 linear residual 4.207e-03
gmres iter 180 linear residual 3.697e-03
gmres iter 190 linear residual 3.228e-03
gmres iter 200 linear residual 2.912e-03
gmres iter 210 linear residual 2.887e-03
gmres iter 220 linear residual 2.684e-03
gmres iter 230 linear residual 2.510e-03
gmres iter 240 linear residual 2.233e-03
gmres iter 250 linear residual 1.796e-03
gmres iter 260 linear residual 1.610e-03
gmres iter 270 linear residual 1.419e-03
gmres iter 280 linear residual 1.281e-03
res 9.437e-04 (F-block 6.244e-04 p-block 6.355e-04) alpha 1 eta 1.40e-03 iter times 286
gmres iter 10 linear residual 1.086e-01
gmres iter 20 linear residual 1.030e-01
gmres iter 30 linear residual 1.006e-01
gmres iter 40 linear residual 9.942e-02
gmres iter 50 linear residual 9.754e-02
gmres iter 60 linear residual 9.276e-02
gmres iter 70 linear residual 8.438e-02
gmres iter 80 linear residual 7.273e-02
gmres iter 90 linear residual 6.585e-02
gmres iter 100 linear residual 5.592e-02
gmres iter 110 linear residual 5.536e-02
gmres iter 120 linear residual 5.425e-02
gmres iter 130 linear residual 5.358e-02
gmres iter 140 linear residual 5.352e-02
gmres iter 150 linear residual 5.273e-02
gmres iter 160 linear residual 5.034e-02
gmres iter 170 linear residual 4.952e-02
gmres iter 180 linear residual 4.374e-02
gmres iter 190 linear residual 3.833e-02
gmres iter 200 linear residual 3.340e-02
gmres iter 210 linear residual 3.311e-02
gmres iter 220 linear residual 3.080e-02
gmres iter 230 linear residual 2.796e-02
gmres iter 240 linear residual 2.600e-02
gmres iter 250 linear residual 2.367e-02
gmres iter 260 linear residual 2.108e-02
gmres iter 270 linear residual 2.020e-02
gmres iter 280 linear residual 1.803e-02
gmres iter 290 linear residual 1.598e-02
gmres iter 300 linear residual 1.457e-02
gmres iter 310 linear residual 1.425e-02
gmres iter 320 linear residual 1.339e-02
gmres iter 330 linear residual 1.288e-02
gmres iter 340 linear residual 1.229e-02
gmres iter 350 linear residual 1.118e-02
gmres iter 360 linear residual 9.564e-03
gmres iter 370 linear residual 8.139e-03
gmres iter 380 linear residual 6.704e-03
gmres iter 390 linear residual 5.794e-03
gmres iter 400 linear residual 5.036e-03
gmres iter 410 linear residual 4.863e-03
gmres iter 420 linear residual 4.360e-03
gmres iter 430 linear residual 3.580e-03
gmres iter 440 linear residual 3.186e-03
gmres iter 450 linear residual 2.929e-03
gmres iter 460 linear residual 2.816e-03
gmres iter 470 linear residual 2.640e-03
gmres iter 480 linear residual 2.426e-03
gmres iter 490 linear residual 2.226e-03
gmres iter 500 linear residual 2.084e-03
gmres iter 510 linear residual 2.067e-03
gmres iter 520 linear residual 1.938e-03
gmres iter 530 linear residual 1.809e-03
gmres iter 540 linear residual 1.721e-03
gmres iter 550 linear residual 1.588e-03
gmres iter 560 linear residual 1.534e-03
gmres iter 570 linear residual 1.451e-03
gmres iter 580 linear residual 1.285e-03
gmres iter 590 linear residual 1.161e-03
gmres iter 600 linear residual 1.014e-03
gmres iter 610 linear residual 8.854e-04
gmres iter 620 linear residual 7.828e-04
gmres iter 630 linear residual 6.785e-04
gmres iter 640 linear residual 6.176e-04
res 4.262e-04 (F-block 1.447e-04 p-block 1.077e-04) alpha 1 eta 1.71e-03 iter times 648
gmres iter 10 linear residual 5.557e-02
gmres iter 20 linear residual 5.149e-02
gmres iter 30 linear residual 5.069e-02
gmres iter 40 linear residual 5.019e-02
gmres iter 50 linear residual 4.667e-02
gmres iter 60 linear residual 4.303e-02
gmres iter 70 linear residual 3.649e-02
gmres iter 80 linear residual 3.239e-02
gmres iter 90 linear residual 2.916e-02
gmres iter 100 linear residual 2.569e-02
gmres iter 110 linear residual 2.531e-02
gmres iter 120 linear residual 2.463e-02
gmres iter 130 linear residual 2.457e-02
gmres iter 140 linear residual 2.452e-02
gmres iter 150 linear residual 2.441e-02
gmres iter 160 linear residual 2.410e-02
gmres iter 170 linear residual 2.380e-02
gmres iter 180 linear residual 2.154e-02
gmres iter 190 linear residual 1.941e-02
gmres iter 200 linear residual 1.648e-02
gmres iter 210 linear residual 1.613e-02
gmres iter 220 linear residual 1.549e-02
gmres iter 230 linear residual 1.514e-02
gmres iter 240 linear residual 1.490e-02
gmres iter 250 linear residual 1.427e-02
gmres iter 260 linear residual 1.300e-02
gmres iter 270 linear residual 1.273e-02
gmres iter 280 linear residual 1.122e-02
gmres iter 290 linear residual 1.027e-02
gmres iter 300 linear residual 8.693e-03
gmres iter 310 linear residual 8.376e-03
gmres iter 320 linear residual 7.851e-03
gmres iter 330 linear residual 7.654e-03
gmres iter 340 linear residual 7.359e-03
gmres iter 350 linear residual 6.931e-03
gmres iter 360 linear residual 6.374e-03
gmres iter 370 linear residual 5.672e-03
gmres iter 380 linear residual 4.706e-03
gmres iter 390 linear residual 4.179e-03
gmres iter 400 linear residual 3.500e-03
res 4.946e-05 (F-block 2.160e-06 p-block 5.793e-06) alpha 1 eta 1.00e-02 iter times 400
time this step...157.02716612815857
now P is...
[[ 2.52697941e+00  7.21987031e-03 -5.41552129e-02]
 [ 5.53973178e-03  5.33426272e-07  3.19475144e-02]
 [-4.13223007e-02  3.17705759e-02  5.21742533e-07]]
now F is...
[[ 1.20000000e+00 -7.85261703e-16 -6.53790964e-16]
 [ 2.03567596e-15  9.20741696e-01  3.34991751e-16]
 [ 8.53862910e-17  1.65418051e-15  9.15642788e-01]]
intermediate results saved (2 increments in output.csv)
this increment is 0.024999999999999994 (target 0.30000000000000004) ------------------------
gmres iter 10 linear residual 2.207e-02
gmres iter 20 linear residual 9.642e-03
res 1.241e-02 (F-block 1.829e-02 p-block 5.252e-01) alpha 1 eta 1.00e-02 iter times 27
gmres iter 10 linear residual 3.517e-01
gmres iter 20 linear residual 2.430e-01
gmres iter 30 linear residual 1.488e-01
gmres iter 40 linear residual 1.214e-01
gmres iter 50 linear residual 9.774e-02
gmres iter 60 linear residual 7.904e-02
gmres iter 70 linear residual 7.168e-02
gmres iter 80 linear residual 6.525e-02
gmres iter 90 linear residual 6.051e-02
gmres iter 100 linear residual 5.649e-02
gmres iter 110 linear residual 5.498e-02
gmres iter 120 linear residual 4.980e-02
gmres iter 130 linear residual 4.277e-02
gmres iter 140 linear residual 3.768e-02
gmres iter 150 linear residual 3.321e-02
gmres iter 160 linear residual 2.879e-02
gmres iter 170 linear residual 2.531e-02
gmres iter 180 linear residual 2.261e-02
gmres iter 190 linear residual 2.062e-02
gmres iter 200 linear residual 1.892e-02
gmres iter 210 linear residual 1.855e-02
gmres iter 220 linear residual 1.696e-02
gmres iter 230 linear residual 1.542e-02
gmres iter 240 linear residual 1.429e-02
gmres iter 250 linear residual 1.337e-02
gmres iter 260 linear residual 1.205e-02
gmres iter 270 linear residual 1.075e-02
res 6.382e-03 (F-block 5.878e-03 p-block 5.338e-03) alpha 1 eta 1.00e-02 iter times 279
gmres iter 10 linear residual 4.803e-02
gmres iter 20 linear residual 3.864e-02
gmres iter 30 linear residual 3.163e-02
gmres iter 40 linear residual 2.923e-02
gmres iter 50 linear residual 2.792e-02
gmres iter 60 linear residual 2.632e-02
gmres iter 70 linear residual 2.427e-02
gmres iter 80 linear residual 2.240e-02
gmres iter 90 linear residual 1.941e-02
gmres iter 100 linear residual 1.691e-02
gmres iter 110 linear residual 1.610e-02
gmres iter 120 linear residual 1.432e-02
gmres iter 130 linear residual 1.267e-02
gmres iter 140 linear residual 1.150e-02
gmres iter 150 linear residual 1.054e-02
gmres iter 160 linear residual 9.464e-03
gmres iter 170 linear residual 8.711e-03
gmres iter 180 linear residual 7.695e-03
gmres iter 190 linear residual 7.118e-03
gmres iter 200 linear residual 6.362e-03
gmres iter 210 linear residual 6.192e-03
gmres iter 220 linear residual 5.737e-03
gmres iter 230 linear residual 5.364e-03
gmres iter 240 linear residual 4.986e-03
gmres iter 250 linear residual 4.486e-03
gmres iter 260 linear residual 4.130e-03
gmres iter 270 linear residual 3.580e-03
gmres iter 280 linear residual 3.239e-03
gmres iter 290 linear residual 2.991e-03
gmres iter 300 linear residual 2.753e-03
gmres iter 310 linear residual 2.688e-03
gmres iter 320 linear residual 2.536e-03
gmres iter 330 linear residual 2.448e-03
gmres iter 340 linear residual 2.244e-03
gmres iter 350 linear residual 2.068e-03
gmres iter 360 linear residual 1.864e-03
gmres iter 370 linear residual 1.666e-03
gmres iter 380 linear residual 1.542e-03
gmres iter 390 linear residual 1.426e-03
gmres iter 400 linear residual 1.351e-03
gmres iter 410 linear residual 1.309e-03
gmres iter 420 linear residual 1.231e-03
gmres iter 430 linear residual 1.173e-03
gmres iter 440 linear residual 1.075e-03
gmres iter 450 linear residual 9.885e-04
res 3.369e-04 (F-block 4.843e-05 p-block 7.378e-05) alpha 1 eta 1.00e-03 iter times 456
gmres iter 10 linear residual 2.027e-01
gmres iter 20 linear residual 1.928e-01
gmres iter 30 linear residual 1.871e-01
gmres iter 40 linear residual 1.848e-01
gmres iter 50 linear residual 1.824e-01
gmres iter 60 linear residual 1.774e-01
gmres iter 70 linear residual 1.676e-01
gmres iter 80 linear residual 1.498e-01
gmres iter 90 linear residual 1.362e-01
gmres iter 100 linear residual 1.240e-01
gmres iter 110 linear residual 1.232e-01
gmres iter 120 linear residual 1.210e-01
gmres iter 130 linear residual 1.187e-01
gmres iter 140 linear residual 1.147e-01
gmres iter 150 linear residual 1.104e-01
gmres iter 160 linear residual 1.048e-01
gmres iter 170 linear residual 9.910e-02
gmres iter 180 linear residual 8.697e-02
gmres iter 190 linear residual 7.974e-02
gmres iter 200 linear residual 7.234e-02
gmres iter 210 linear residual 7.112e-02
gmres iter 220 linear residual 6.779e-02
gmres iter 230 linear residual 6.731e-02
gmres iter 240 linear residual 6.244e-02
gmres iter 250 linear residual 5.821e-02
gmres iter 260 linear residual 4.965e-02
gmres iter 270 linear residual 4.471e-02
gmres iter 280 linear residual 3.821e-02
gmres iter 290 linear residual 3.343e-02
gmres iter 300 linear residual 3.070e-02
gmres iter 310 linear residual 3.011e-02
gmres iter 320 linear residual 2.770e-02
gmres iter 330 linear residual 2.623e-02
gmres iter 340 linear residual 2.474e-02
gmres iter 350 linear residual 2.283e-02
gmres iter 360 linear residual 2.115e-02
gmres iter 370 linear residual 1.929e-02
gmres iter 380 linear residual 1.723e-02
gmres iter 390 linear residual 1.576e-02
gmres iter 400 linear residual 1.451e-02
gmres iter 410 linear residual 1.435e-02
gmres iter 420 linear residual 1.365e-02
gmres iter 430 linear residual 1.316e-02
gmres iter 440 linear residual 1.235e-02
gmres iter 450 linear residual 1.115e-02
gmres iter 460 linear residual 9.527e-03
gmres iter 470 linear residual 8.549e-03
gmres iter 480 linear residual 7.679e-03
gmres iter 490 linear residual 7.195e-03
gmres iter 500 linear residual 6.825e-03
gmres iter 510 linear residual 6.732e-03
gmres iter 520 linear residual 6.381e-03
gmres iter 530 linear residual 6.148e-03
gmres iter 540 linear residual 5.902e-03
gmres iter 550 linear residual 5.422e-03
gmres iter 560 linear residual 5.049e-03
gmres iter 570 linear residual 4.535e-03
gmres iter 580 linear residual 4.191e-03
gmres iter 590 linear residual 3.940e-03
gmres iter 600 linear residual 3.714e-03
gmres iter 610 linear residual 3.641e-03
gmres iter 620 linear residual 3.441e-03
gmres iter 630 linear residual 3.346e-03
gmres iter 640 linear residual 3.209e-03
gmres iter 650 linear residual 2.990e-03
gmres iter 660 linear residual 2.695e-03
gmres iter 670 linear residual 2.291e-03
gmres iter 680 linear residual 2.118e-03
gmres iter 690 linear residual 1.982e-03
gmres iter 700 linear residual 1.884e-03
gmres iter 710 linear residual 1.847e-03
gmres iter 720 linear residual 1.774e-03
gmres iter 730 linear residual 1.707e-03
gmres iter 740 linear residual 1.639e-03
gmres iter 750 linear residual 1.560e-03
gmres iter 760 linear residual 1.395e-03
gmres iter 770 linear residual 1.286e-03
gmres iter 780 linear residual 1.161e-03
gmres iter 790 linear residual 1.088e-03
gmres iter 800 linear residual 1.027e-03
gmres iter 810 linear residual 1.008e-03
gmres iter 820 linear residual 9.569e-04
gmres iter 830 linear residual 9.299e-04
res 3.702e-05 (F-block 1.163e-06 p-block 1.067e-06) alpha 1 eta 1.00e-03 iter times 837
time this step...143.22183227539062
this increment is 0.024999999999999994 (target 0.30000000000000004) ------------------------
gmres iter 10 linear residual 2.210e-02
gmres iter 20 linear residual 9.755e-03
res 1.251e-02 (F-block 1.907e-02 p-block 4.922e-01) alpha 1 eta 1.00e-02 iter times 28
gmres iter 10 linear residual 3.418e-01
gmres iter 20 linear residual 2.380e-01
gmres iter 30 linear residual 1.502e-01
gmres iter 40 linear residual 1.239e-01
gmres iter 50 linear residual 1.029e-01
gmres iter 60 linear residual 8.706e-02
gmres iter 70 linear residual 8.099e-02
gmres iter 80 linear residual 7.325e-02
gmres iter 90 linear residual 6.519e-02
gmres iter 100 linear residual 5.577e-02
gmres iter 110 linear residual 5.157e-02
gmres iter 120 linear residual 4.366e-02
gmres iter 130 linear residual 3.792e-02
gmres iter 140 linear residual 3.567e-02
gmres iter 150 linear residual 3.321e-02
gmres iter 160 linear residual 2.993e-02
gmres iter 170 linear residual 2.659e-02
gmres iter 180 linear residual 2.299e-02
gmres iter 190 linear residual 2.012e-02
gmres iter 200 linear residual 1.768e-02
gmres iter 210 linear residual 1.691e-02
gmres iter 220 linear residual 1.537e-02
gmres iter 230 linear residual 1.432e-02
gmres iter 240 linear residual 1.359e-02
gmres iter 250 linear residual 1.303e-02
gmres iter 260 linear residual 1.208e-02
gmres iter 270 linear residual 1.090e-02
gmres iter 280 linear residual 9.739e-03
res 6.026e-03 (F-block 3.541e-03 p-block 4.375e-03) alpha 1 eta 1.00e-02 iter times 285
gmres iter 10 linear residual 8.146e-02
gmres iter 20 linear residual 6.912e-02
gmres iter 30 linear residual 6.080e-02
gmres iter 40 linear residual 5.801e-02
gmres iter 50 linear residual 5.501e-02
gmres iter 60 linear residual 5.060e-02
gmres iter 70 linear residual 4.475e-02
gmres iter 80 linear residual 3.847e-02
gmres iter 90 linear residual 3.355e-02
gmres iter 100 linear residual 3.047e-02
gmres iter 110 linear residual 2.961e-02
gmres iter 120 linear residual 2.742e-02
gmres iter 130 linear residual 2.559e-02
gmres iter 140 linear residual 2.340e-02
gmres iter 150 linear residual 2.100e-02
gmres iter 160 linear residual 1.928e-02
gmres iter 170 linear residual 1.749e-02
gmres iter 180 linear residual 1.664e-02
gmres iter 190 linear residual 1.567e-02
gmres iter 200 linear residual 1.456e-02
gmres iter 210 linear residual 1.408e-02
gmres iter 220 linear residual 1.315e-02
gmres iter 230 linear residual 1.227e-02
gmres iter 240 linear residual 1.100e-02
gmres iter 250 linear residual 1.008e-02
gmres iter 260 linear residual 9.163e-03
gmres iter 270 linear residual 8.224e-03
gmres iter 280 linear residual 7.550e-03
gmres iter 290 linear residual 6.979e-03
gmres iter 300 linear residual 6.340e-03
gmres iter 310 linear residual 6.185e-03
gmres iter 320 linear residual 5.717e-03
gmres iter 330 linear residual 5.496e-03
gmres iter 340 linear residual 5.301e-03
gmres iter 350 linear residual 4.993e-03
gmres iter 360 linear residual 4.634e-03
gmres iter 370 linear residual 4.187e-03
gmres iter 380 linear residual 3.855e-03
gmres iter 390 linear residual 3.480e-03
gmres iter 400 linear residual 3.248e-03
gmres iter 410 linear residual 3.194e-03
gmres iter 420 linear residual 2.972e-03
gmres iter 430 linear residual 2.893e-03
gmres iter 440 linear residual 2.682e-03
gmres iter 450 linear residual 2.508e-03
gmres iter 460 linear residual 2.368e-03
gmres iter 470 linear residual 2.250e-03
gmres iter 480 linear residual 2.126e-03
gmres iter 490 linear residual 2.020e-03
gmres iter 500 linear residual 1.868e-03
gmres iter 510 linear residual 1.790e-03
gmres iter 520 linear residual 1.661e-03
gmres iter 530 linear residual 1.546e-03
gmres iter 540 linear residual 1.473e-03
gmres iter 550 linear residual 1.370e-03
gmres iter 560 linear residual 1.272e-03
gmres iter 570 linear residual 1.139e-03
gmres iter 580 linear residual 1.049e-03
gmres iter 590 linear residual 9.965e-04
gmres iter 600 linear residual 9.492e-04
gmres iter 610 linear residual 9.270e-04
gmres iter 620 linear residual 8.988e-04
gmres iter 630 linear residual 8.647e-04
gmres iter 640 linear residual 8.108e-04
gmres iter 650 linear residual 7.458e-04
gmres iter 660 linear residual 6.491e-04
gmres iter 670 linear residual 6.081e-04
gmres iter 680 linear residual 5.684e-04
gmres iter 690 linear residual 5.345e-04
res 4.240e-04 (F-block 8.278e-05 p-block 7.715e-05) alpha 1 eta 1.00e-03 iter times 698
gmres iter 10 linear residual 8.703e-02
gmres iter 20 linear residual 8.214e-02
gmres iter 30 linear residual 8.052e-02
gmres iter 40 linear residual 7.803e-02
gmres iter 50 linear residual 7.494e-02
gmres iter 60 linear residual 6.949e-02
gmres iter 70 linear residual 6.278e-02
gmres iter 80 linear residual 5.470e-02
gmres iter 90 linear residual 4.712e-02
gmres iter 100 linear residual 3.891e-02
gmres iter 110 linear residual 3.752e-02
gmres iter 120 linear residual 3.673e-02
gmres iter 130 linear residual 3.656e-02
gmres iter 140 linear residual 3.643e-02
gmres iter 150 linear residual 3.595e-02
gmres iter 160 linear residual 3.460e-02
gmres iter 170 linear residual 3.261e-02
gmres iter 180 linear residual 2.672e-02
gmres iter 190 linear residual 2.229e-02
gmres iter 200 linear residual 1.934e-02
gmres iter 210 linear residual 1.852e-02
gmres iter 220 linear residual 1.685e-02
gmres iter 230 linear residual 1.472e-02
gmres iter 240 linear residual 1.322e-02
gmres iter 250 linear residual 1.172e-02
gmres iter 260 linear residual 1.078e-02
gmres iter 270 linear residual 9.384e-03
gmres iter 280 linear residual 8.044e-03
gmres iter 290 linear residual 7.421e-03
gmres iter 300 linear residual 6.785e-03
gmres iter 310 linear residual 6.718e-03
gmres iter 320 linear residual 6.461e-03
gmres iter 330 linear residual 6.220e-03
gmres iter 340 linear residual 5.841e-03
gmres iter 350 linear residual 5.122e-03
gmres iter 360 linear residual 4.714e-03
gmres iter 370 linear residual 4.402e-03
gmres iter 380 linear residual 4.181e-03
gmres iter 390 linear residual 3.915e-03
gmres iter 400 linear residual 3.594e-03
gmres iter 410 linear residual 3.517e-03
gmres iter 420 linear residual 3.267e-03
gmres iter 430 linear residual 3.053e-03
gmres iter 440 linear residual 2.864e-03
gmres iter 450 linear residual 2.606e-03
gmres iter 460 linear residual 2.361e-03
gmres iter 470 linear residual 2.037e-03
gmres iter 480 linear residual 1.883e-03
gmres iter 490 linear residual 1.739e-03
gmres iter 500 linear residual 1.645e-03
gmres iter 510 linear residual 1.623e-03
gmres iter 520 linear residual 1.572e-03
gmres iter 530 linear residual 1.548e-03
gmres iter 540 linear residual 1.493e-03
gmres iter 550 linear residual 1.397e-03
gmres iter 560 linear residual 1.266e-03
gmres iter 570 linear residual 1.136e-03
gmres iter 580 linear residual 1.028e-03
gmres iter 590 linear residual 9.581e-04
gmres iter 600 linear residual 9.074e-04
res 2.696e-05 (F-block 4.945e-07 p-block 7.697e-07) alpha 1 eta 1.00e-03 iter times 600
time this step...130.80109286308289
this increment is 0.03749999999999999 (target 0.30000000000000004) ------------------------
gmres iter 10 linear residual 2.402e-02
gmres iter 20 linear residual 1.263e-02
gmres iter 30 linear residual 1.006e-02
gmres iter 40 linear residual 8.822e-03
res 2.187e-02 (F-block 3.546e-02 p-block 2.351e-01) alpha 1 eta 1.00e-02 iter times 45
gmres iter 10 linear residual 2.857e-01
gmres iter 20 linear residual 1.775e-01
gmres iter 30 linear residual 1.059e-01
gmres iter 40 linear residual 8.081e-02
gmres iter 50 linear residual 6.931e-02
gmres iter 60 linear residual 5.969e-02
gmres iter 70 linear residual 5.513e-02
gmres iter 80 linear residual 4.881e-02
gmres iter 90 linear residual 4.298e-02
gmres iter 100 linear residual 3.809e-02
gmres iter 110 linear residual 3.581e-02
gmres iter 120 linear residual 3.257e-02
gmres iter 130 linear residual 3.041e-02
gmres iter 140 linear residual 2.874e-02
gmres iter 150 linear residual 2.600e-02
gmres iter 160 linear residual 2.203e-02
gmres iter 170 linear residual 1.906e-02
gmres iter 180 linear residual 1.720e-02
gmres iter 190 linear residual 1.556e-02
gmres iter 200 linear residual 1.461e-02
gmres iter 210 linear residual 1.428e-02
gmres iter 220 linear residual 1.371e-02
gmres iter 230 linear residual 1.331e-02
gmres iter 240 linear residual 1.273e-02
gmres iter 250 linear residual 1.202e-02
gmres iter 260 linear residual 1.127e-02
gmres iter 270 linear residual 1.050e-02
gmres iter 280 linear residual 9.830e-03
gmres iter 290 linear residual 9.189e-03
res 9.991e-03 (F-block 1.203e-02 p-block 1.125e-02) alpha 1 eta 1.00e-02 iter times 292
gmres iter 10 linear residual 5.554e-02
gmres iter 20 linear residual 4.649e-02
gmres iter 30 linear residual 4.318e-02
gmres iter 40 linear residual 4.119e-02
gmres iter 50 linear residual 3.919e-02
gmres iter 60 linear residual 3.644e-02
gmres iter 70 linear residual 3.320e-02
gmres iter 80 linear residual 3.000e-02
gmres iter 90 linear residual 2.669e-02
gmres iter 100 linear residual 2.407e-02
gmres iter 110 linear residual 2.326e-02
gmres iter 120 linear residual 2.186e-02
gmres iter 130 linear residual 2.041e-02
gmres iter 140 linear residual 1.843e-02
gmres iter 150 linear residual 1.776e-02
gmres iter 160 linear residual 1.637e-02
gmres iter 170 linear residual 1.487e-02
gmres iter 180 linear residual 1.383e-02
gmres iter 190 linear residual 1.266e-02
gmres iter 200 linear residual 1.141e-02
gmres iter 210 linear residual 1.114e-02
gmres iter 220 linear residual 1.059e-02
gmres iter 230 linear residual 9.974e-03
gmres iter 240 linear residual 9.142e-03
gmres iter 250 linear residual 8.544e-03
gmres iter 260 linear residual 7.997e-03
gmres iter 270 linear residual 7.548e-03
gmres iter 280 linear residual 7.321e-03
gmres iter 290 linear residual 6.916e-03
gmres iter 300 linear residual 6.545e-03
gmres iter 310 linear residual 6.347e-03
gmres iter 320 linear residual 6.092e-03
gmres iter 330 linear residual 5.791e-03
gmres iter 340 linear residual 5.481e-03
gmres iter 350 linear residual 5.326e-03
gmres iter 360 linear residual 5.062e-03
gmres iter 370 linear residual 4.910e-03
gmres iter 380 linear residual 4.808e-03
gmres iter 390 linear residual 4.712e-03
gmres iter 400 linear residual 4.657e-03
gmres iter 410 linear residual 4.633e-03
gmres iter 420 linear residual 4.562e-03
gmres iter 430 linear residual 4.459e-03
gmres iter 440 linear residual 4.350e-03
gmres iter 450 linear residual 4.279e-03
gmres iter 460 linear residual 4.224e-03
gmres iter 470 linear residual 4.149e-03
gmres iter 480 linear residual 4.130e-03
gmres iter 490 linear residual 4.108e-03
gmres iter 500 linear residual 4.098e-03
gmres iter 510 linear residual 4.098e-03
gmres iter 520 linear residual 4.095e-03
gmres iter 530 linear residual 4.093e-03
gmres iter 540 linear residual 4.089e-03
gmres iter 550 linear residual 4.086e-03
gmres iter 560 linear residual 4.077e-03
gmres iter 570 linear residual 4.065e-03
gmres iter 580 linear residual 4.048e-03
gmres iter 590 linear residual 4.042e-03
gmres iter 600 linear residual 4.040e-03
gmres iter 610 linear residual 4.040e-03
gmres iter 620 linear residual 4.040e-03
gmres iter 630 linear residual 4.039e-03
gmres iter 640 linear residual 4.039e-03
gmres iter 650 linear residual 4.038e-03
gmres iter 660 linear residual 4.032e-03
gmres iter 670 linear residual 4.026e-03
gmres iter 680 linear residual 4.021e-03
gmres iter 690 linear residual 4.013e-03
gmres iter 700 linear residual 4.006e-03
gmres iter 710 linear residual 4.006e-03
gmres iter 720 linear residual 4.004e-03
gmres iter 730 linear residual 4.002e-03
gmres iter 740 linear residual 3.998e-03
gmres iter 750 linear residual 3.993e-03
gmres iter 760 linear residual 3.990e-03
gmres iter 770 linear residual 3.988e-03
gmres iter 780 linear residual 3.986e-03
gmres iter 790 linear residual 3.985e-03
gmres iter 800 linear residual 3.984e-03
gmres iter 810 linear residual 3.984e-03
gmres iter 820 linear residual 3.984e-03
gmres iter 830 linear residual 3.984e-03
gmres iter 840 linear residual 3.984e-03
gmres iter 850 linear residual 3.983e-03
gmres iter 860 linear residual 3.982e-03
gmres iter 870 linear residual 3.980e-03
gmres iter 880 linear residual 3.979e-03
gmres iter 890 linear residual 3.972e-03
gmres iter 900 linear residual 3.961e-03
gmres iter 910 linear residual 3.961e-03
gmres iter 920 linear residual 3.954e-03
gmres iter 930 linear residual 3.950e-03
gmres iter 940 linear residual 3.945e-03
gmres iter 950 linear residual 3.944e-03
gmres iter 960 linear residual 3.942e-03
gmres iter 970 linear residual 3.941e-03
gmres iter 980 linear residual 3.940e-03
gmres iter 990 linear residual 3.938e-03
gmres iter 1000 linear residual 3.935e-03
linear solver hit the iteration cap (1000 iterations, flag 10)
increment failed (gmres_iteration_cap); cutting step to 0.01875
this increment is 0.018749999999999996 (target 0.30000000000000004) ------------------------
gmres iter 10 linear residual 2.149e-02
gmres iter 20 linear residual 8.733e-03
res 8.420e-03 (F-block 1.357e-02 p-block 6.597e-01) alpha 1 eta 1.00e-02 iter times 24
gmres iter 10 linear residual 4.558e-01
gmres iter 20 linear residual 3.019e-01
gmres iter 30 linear residual 2.179e-01
gmres iter 40 linear residual 1.816e-01
gmres iter 50 linear residual 1.534e-01
gmres iter 60 linear residual 1.370e-01
gmres iter 70 linear residual 1.278e-01
gmres iter 80 linear residual 1.141e-01
gmres iter 90 linear residual 9.658e-02
gmres iter 100 linear residual 8.282e-02
gmres iter 110 linear residual 7.785e-02
gmres iter 120 linear residual 6.925e-02
gmres iter 130 linear residual 6.412e-02
gmres iter 140 linear residual 6.042e-02
gmres iter 150 linear residual 5.418e-02
gmres iter 160 linear residual 4.543e-02
gmres iter 170 linear residual 3.912e-02
gmres iter 180 linear residual 3.488e-02
gmres iter 190 linear residual 3.224e-02
gmres iter 200 linear residual 3.073e-02
gmres iter 210 linear residual 3.041e-02
gmres iter 220 linear residual 2.890e-02
gmres iter 230 linear residual 2.818e-02
gmres iter 240 linear residual 2.671e-02
gmres iter 250 linear residual 2.469e-02
gmres iter 260 linear residual 2.133e-02
gmres iter 270 linear residual 1.900e-02
gmres iter 280 linear residual 1.736e-02
gmres iter 290 linear residual 1.570e-02
gmres iter 300 linear residual 1.404e-02
gmres iter 310 linear residual 1.322e-02
gmres iter 320 linear residual 1.204e-02
gmres iter 330 linear residual 1.144e-02
gmres iter 340 linear residual 1.087e-02
gmres iter 350 linear residual 1.052e-02
gmres iter 360 linear residual 1.021e-02
gmres iter 370 linear residual 9.599e-03
gmres iter 380 linear residual 9.281e-03
gmres iter 390 linear residual 8.778e-03
gmres iter 400 linear residual 8.447e-03
gmres iter 410 linear residual 7.950e-03
gmres iter 420 linear residual 7.285e-03
gmres iter 430 linear residual 6.594e-03
gmres iter 440 linear residual 5.856e-03
gmres iter 450 linear residual 5.306e-03
gmres iter 460 linear residual 4.746e-03
gmres iter 470 linear residual 4.407e-03
res 5.393e-03 (F-block 2.728e-03 p-block 3.824e-03) alpha 1 eta 1.00e-02 iter times 473
gmres iter 10 linear residual 7.179e-02
gmres iter 20 linear residual 5.730e-02
gmres iter 30 linear residual 4.885e-02
gmres iter 40 linear residual 4.717e-02
gmres iter 50 linear residual 4.562e-02
gmres iter 60 linear residual 4.263e-02
gmres iter 70 linear residual 3.861e-02
gmres iter 80 linear residual 3.435e-02
gmres iter 90 linear residual 3.105e-02
gmres iter 100 linear residual 2.855e-02
gmres iter 110 linear residual 2.817e-02
gmres iter 120 linear residual 2.656e-02
gmres iter 130 linear residual 2.493e-02
gmres iter 140 linear residual 2.213e-02
gmres iter 150 linear residual 1.959e-02
gmres iter 160 linear residual 1.805e-02
gmres iter 170 linear residual 1.635e-02
gmres iter 180 linear residual 1.486e-02
gmres iter 190 linear residual 1.412e-02
gmres iter 200 linear residual 1.330e-02
gmres iter 210 linear residual 1.319e-02
gmres iter 220 linear residual 1.254e-02
gmres iter 230 linear residual 1.211e-02
gmres iter 240 linear residual 1.147e-02
gmres iter 250 linear residual 1.059e-02
gmres iter 260 linear residual 9.348e-03
gmres iter 270 linear residual 8.342e-03
gmres iter 280 linear residual 7.807e-03
gmres iter 290 linear residual 7.335e-03
gmres iter 300 linear residual 6.723e-03
gmres iter 310 linear residual 6.619e-03
gmres iter 320 linear residual 6.362e-03
gmres iter 330 linear residual 6.242e-03
gmres iter 340 linear residual 6.094e-03
gmres iter 350 linear residual 5.990e-03
gmres iter 360 linear residual 5.788e-03
gmres iter 370 linear residual 5.425e-03
gmres iter 380 linear residual 4.868e-03
gmres iter 390 linear residual 4.289e-03
gmres iter 400 linear residual 3.964e-03
gmres iter 410 linear residual 3.822e-03
gmres iter 420 linear residual 3.514e-03
gmres iter 430 linear residual 3.252e-03
gmres iter 440 linear residual 3.063e-03
gmres iter 450 linear residual 2.954e-03
gmres iter 460 linear residual 2.856e-03
gmres iter 470 linear residual 2.657e-03
gmres iter 480 linear residual 2.504e-03
gmres iter 490 linear residual 2.300e-03
gmres iter 500 linear residual 2.117e-03
gmres iter 510 linear residual 2.046e-03
gmres iter 520 linear residual 1.825e-03
gmres iter 530 linear residual 1.682e-03
gmres iter 540 linear residual 1.621e-03
gmres iter 550 linear residual 1.568e-03
gmres iter 560 linear residual 1.523e-03
gmres iter 570 linear residual 1.484e-03
gmres iter 580 linear residual 1.432e-03
gmres iter 590 linear residual 1.330e-03
gmres iter 600 linear residual 1.233e-03
gmres iter 610 linear residual 1.204e-03
gmres iter 620 linear residual 1.116e-03
gmres iter 630 linear residual 1.054e-03
gmres iter 640 linear residual 9.355e-04
res 2.380e-04 (F-block 4.431e-05 p-block 4.531e-05) alpha 1 eta 1.00e-03 iter times 640
gmres iter 10 linear residual 6.957e-02
gmres iter 20 linear residual 6.671e-02
gmres iter 30 linear residual 6.489e-02
gmres iter 40 linear residual 6.463e-02
gmres iter 50 linear residual 6.227e-02
gmres iter 60 linear residual 5.806e-02
gmres iter 70 linear residual 5.397e-02
gmres iter 80 linear residual 4.927e-02
gmres iter 90 linear residual 4.574e-02
gmres iter 100 linear residual 4.270e-02
gmres iter 110 linear residual 4.230e-02
gmres iter 120 linear residual 3.922e-02
gmres iter 130 linear residual 3.612e-02
gmres iter 140 linear residual 3.258e-02
gmres iter 150 linear residual 2.980e-02
gmres iter 160 linear residual 2.813e-02
gmres iter 170 linear residual 2.671e-02
gmres iter 180 linear residual 2.544e-02
gmres iter 190 linear residual 2.460e-02
gmres iter 200 linear residual 2.314e-02
gmres iter 210 linear residual 2.230e-02
gmres iter 220 linear residual 2.051e-02
gmres iter 230 linear residual 1.945e-02
gmres iter 240 linear residual 1.756e-02
gmres iter 250 linear residual 1.562e-02
gmres iter 260 linear residual 1.466e-02
gmres iter 270 linear residual 1.389e-02
gmres iter 280 linear residual 1.306e-02
gmres iter 290 linear residual 1.269e-02
gmres iter 300 linear residual 1.232e-02
gmres iter 310 linear residual 1.224e-02
gmres iter 320 linear residual 1.173e-02
gmres iter 330 linear residual 1.143e-02
gmres iter 340 linear residual 1.074e-02
gmres iter 350 linear residual 9.581e-03
gmres iter 360 linear residual 8.455e-03
gmres iter 370 linear residual 7.601e-03
gmres iter 380 linear residual 7.110e-03
gmres iter 390 linear residual 6.771e-03
gmres iter 400 linear residual 6.282e-03
gmres iter 410 linear residual 6.165e-03
gmres iter 420 linear residual 5.982e-03
gmres iter 430 linear residual 5.900e-03
gmres iter 440 linear residual 5.755e-03
gmres iter 450 linear residual 5.649e-03
gmres iter 460 linear residual 5.441e-03
gmres iter 470 linear residual 5.094e-03
gmres iter 480 linear residual 4.540e-03
gmres iter 490 linear residual 4.072e-03
gmres iter 500 linear residual 3.837e-03
gmres iter 510 linear residual 3.721e-03
gmres iter 520 linear residual 3.520e-03
gmres iter 530 linear residual 3.349e-03
gmres iter 540 linear residual 3.209e-03
gmres iter 550 linear residual 3.124e-03
gmres iter 560 linear residual 3.041e-03
gmres iter 570 linear residual 2.911e-03
gmres iter 580 linear residual 2.723e-03
gmres iter 590 linear residual 2.575e-03
gmres iter 600 linear residual 2.343e-03
gmres iter 610 linear residual 2.258e-03
gmres iter 620 linear residual 1.996e-03
gmres iter 630 linear residual 1.863e-03
gmres iter 640 linear residual 1.785e-03
gmres iter 650 linear residual 1.745e-03
gmres iter 660 linear residual 1.692e-03
gmres iter 670 linear residual 1.653e-03
gmres iter 680 linear residual 1.608e-03
gmres iter 690 linear residual 1.523e-03
gmres iter 700 linear residual 1.414e-03
gmres iter 710 linear residual 1.367e-03
gmres iter 720 linear residual 1.292e-03
gmres iter 730 linear residual 1.222e-03
gmres iter 740 linear residual 1.134e-03
gmres iter 750 linear residual 1.033e-03
gmres iter 760 linear residual 9.955e-04
gmres iter 770 linear residual 9.564e-04
gmres iter 780 linear residual 9.430e-04
gmres iter 790 linear residual 9.118e-04
gmres iter 800 linear residual 8.808e-04
gmres iter 810 linear residual 8.351e-04
gmres iter 820 linear residual 7.836e-04
gmres iter 830 linear residual 7.337e-04
gmres iter 840 linear residual 6.512e-04
gmres iter 850 linear residual 6.034e-04
gmres iter 860 linear residual 5.544e-04
gmres iter 870 linear residual 5.198e-04
res 8.540e-06 (F-block 1.888e-07 p-block 2.810e-07) alpha 1 eta 1.00e-03 iter times 873
time this step...155.50513887405396
this increment is 0.018749999999999996 (target 0.30000000000000004) ------------------------
gmres iter 10 linear residual 2.156e-02
gmres iter 20 linear residual 8.825e-03
res 8.333e-03 (F-block 1.374e-02 p-block 6.636e-01) alpha 1 eta 1.00e-02 iter times 24
gmres iter 10 linear residual 4.550e-01
gmres iter 20 linear residual 3.044e-01
gmres iter 30 linear residual 2.256e-01
gmres iter 40 linear residual 1.900e-01
gmres iter 50 linear residual 1.626e-01
gmres iter 60 linear residual 1.461e-01
gmres iter 70 linear residual 1.347e-01
gmres iter 80 linear residual 1.186e-01
gmres iter 90 linear residual 1.014e-01
gmres iter 100 linear residual 9.162e-02
gmres iter 110 linear residual 8.820e-02
gmres iter 120 linear residual 8.121e-02
gmres iter 130 linear residual 7.501e-02
gmres iter 140 linear residual 6.735e-02
gmres iter 150 linear residual 5.703e-02
gmres iter 160 linear residual 4.908e-02
gmres iter 170 linear residual 4.576e-02
gmres iter 180 linear residual 4.337e-02
gmres iter 190 linear residual 4.140e-02
gmres iter 200 linear residual 3.972e-02
gmres iter 210 linear residual 3.921e-02
gmres iter 220 linear residual 3.750e-02
gmres iter 230 linear residual 3.700e-02
gmres iter 240 linear residual 3.544e-02
gmres iter 250 linear residual 3.314e-02
gmres iter 260 linear residual 2.965e-02
gmres iter 270 linear residual 2.660e-02
gmres iter 280 linear residual 2.352e-02
gmres iter 290 linear residual 2.076e-02
gmres iter 300 linear residual 1.921e-02
gmres iter 310 linear residual 1.843e-02
gmres iter 320 linear residual 1.709e-02
gmres iter 330 linear residual 1.649e-02
gmres iter 340 linear residual 1.590e-02
gmres iter 350 linear residual 1.523e-02
gmres iter 360 linear residual 1.441e-02
gmres iter 370 linear residual 1.369e-02
gmres iter 380 linear residual 1.302e-02
gmres iter 390 linear residual 1.199e-02
gmres iter 400 linear residual 1.102e-02
gmres iter 410 linear residual 1.065e-02
gmres iter 420 linear residual 9.715e-03
res 5.620e-03 (F-block 3.834e-03 p-block 5.035e-03) alpha 1 eta 1.00e-02 iter times 423
gmres iter 10 linear residual 6.705e-02
gmres iter 20 linear residual 5.420e-02
gmres iter 30 linear residual 4.779e-02
gmres iter 40 linear residual 4.686e-02
gmres iter 50 linear residual 4.544e-02
gmres iter 60 linear residual 4.349e-02
gmres iter 70 linear residual 4.062e-02
gmres iter 80 linear residual 3.796e-02
gmres iter 90 linear residual 3.591e-02
gmres iter 100 linear residual 3.372e-02
gmres iter 110 linear residual 3.330e-02
gmres iter 120 linear residual 3.132e-02
gmres iter 130 linear residual 2.963e-02
gmres iter 140 linear residual 2.744e-02
gmres iter 150 linear residual 2.478e-02
gmres iter 160 linear residual 2.260e-02
gmres iter 170 linear residual 2.062e-02
gmres iter 180 linear residual 1.889e-02
gmres iter 190 linear residual 1.842e-02
gmres iter 200 linear residual 1.767e-02
gmres iter 210 linear residual 1.755e-02
gmres iter 220 linear residual 1.686e-02
gmres iter 230 linear residual 1.639e-02
gmres iter 240 linear residual 1.537e-02
gmres iter 250 linear residual 1.352e-02
gmres iter 260 linear residual 1.218e-02
gmres iter 270 linear residual 1.125e-02
gmres iter 280 linear residual 9.895e-03
gmres iter 290 linear residual 9.212e-03
gmres iter 300 linear residual 8.951e-03
gmres iter 310 linear residual 8.902e-03
gmres iter 320 linear residual 8.787e-03
gmres iter 330 linear residual 8.674e-03
gmres iter 340 linear residual 8.346e-03
gmres iter 350 linear residual 8.016e-03
gmres iter 360 linear residual 7.567e-03
gmres iter 370 linear residual 7.134e-03
gmres iter 380 linear residual 6.466e-03
gmres iter 390 linear residual 5.703e-03
gmres iter 400 linear residual 5.265e-03
gmres iter 410 linear residual 5.080e-03
gmres iter 420 linear residual 4.877e-03
gmres iter 430 linear residual 4.678e-03
gmres iter 440 linear residual 4.385e-03
gmres iter 450 linear residual 4.224e-03
gmres iter 460 linear residual 4.102e-03
gmres iter 470 linear residual 3.764e-03
gmres iter 480 linear residual 3.522e-03
gmres iter 490 linear residual 3.102e-03
gmres iter 500 linear residual 2.813e-03
gmres iter 510 linear residual 2.720e-03
gmres iter 520 linear residual 2.522e-03
gmres iter 530 linear residual 2.449e-03
gmres iter 540 linear residual 2.377e-03
gmres iter 550 linear residual 2.330e-03
gmres iter 560 linear residual 2.246e-03
gmres iter 570 linear residual 2.130e-03
gmres iter 580 linear residual 1.946e-03
gmres iter 590 linear residual 1.811e-03
gmres iter 600 linear residual 1.723e-03
gmres iter 610 linear residual 1.665e-03
gmres iter 620 linear residual 1.522e-03
gmres iter 630 linear residual 1.403e-03
gmres iter 640 linear residual 1.345e-03
gmres iter 650 linear residual 1.310e-03
gmres iter 660 linear residual 1.278e-03
gmres iter 670 linear residual 1.228e-03
gmres iter 680 linear residual 1.170e-03
gmres iter 690 linear residual 1.103e-03
gmres iter 700 linear residual 1.045e-03
gmres iter 710 linear residual 1.021e-03
res 3.159e-04 (F-block 4.515e-05 p-block 5.686e-05) alpha 1 eta 1.00e-03 iter times 716
gmres iter 10 linear residual 1.158e-01
gmres iter 20 linear residual 1.074e-01
gmres iter 30 linear residual 1.044e-01
gmres iter 40 linear residual 1.031e-01
gmres iter 50 linear residual 9.978e-02
gmres iter 60 linear residual 9.466e-02
gmres iter 70 linear residual 9.069e-02
gmres iter 80 linear residual 8.745e-02
gmres iter 90 linear residual 8.444e-02
gmres iter 100 linear residual 8.076e-02
gmres iter 110 linear residual 8.024e-02
gmres iter 120 linear residual 7.982e-02
gmres iter 130 linear residual 7.938e-02
gmres iter 140 linear residual 7.748e-02
gmres iter 150 linear residual 7.618e-02
gmres iter 160 linear residual 7.517e-02
gmres iter 170 linear residual 7.452e-02
gmres iter 180 linear residual 7.350e-02
gmres iter 190 linear residual 7.151e-02
gmres iter 200 linear residual 6.763e-02
gmres iter 210 linear residual 6.656e-02
gmres iter 220 linear residual 6.568e-02
gmres iter 230 linear residual 6.526e-02
gmres iter 240 linear residual 6.408e-02
gmres iter 250 linear residual 6.223e-02
gmres iter 260 linear residual 5.894e-02
gmres iter 270 linear residual 5.679e-02
gmres iter 280 linear residual 5.505e-02
gmres iter 290 linear residual 5.232e-02
gmres iter 300 linear residual 4.795e-02
gmres iter 310 linear residual 4.605e-02
gmres iter 320 linear residual 4.302e-02
gmres iter 330 linear residual 3.884e-02
gmres iter 340 linear residual 3.475e-02
gmres iter 350 linear residual 3.141e-02
gmres iter 360 linear residual 2.948e-02
gmres iter 370 linear residual 2.710e-02
gmres iter 380 linear residual 2.452e-02
gmres iter 390 linear residual 2.204e-02
gmres iter 400 linear residual 2.051e-02
gmres iter 410 linear residual 2.011e-02
gmres iter 420 linear residual 1.938e-02
gmres iter 430 linear residual 1.851e-02
gmres iter 440 linear residual 1.699e-02
gmres iter 450 linear residual 1.624e-02
gmres iter 460 linear residual 1.511e-02
gmres iter 470 linear residual 1.376e-02
gmres iter 480 linear residual 1.274e-02
gmres iter 490 linear residual 1.236e-02
gmres iter 500 linear residual 1.204e-02
gmres iter 510 linear residual 1.189e-02
gmres iter 520 linear residual 1.118e-02
gmres iter 530 linear residual 1.068e-02
gmres iter 540 linear residual 9.604e-03
gmres iter 550 linear residual 8.960e-03
gmres iter 560 linear residual 8.494e-03
gmres iter 570 linear residual 7.825e-03
gmres iter 580 linear residual 7.320e-03
gmres iter 590 linear residual 6.543e-03
gmres iter 600 linear residual 5.879e-03
gmres iter 610 linear residual 5.662e-03
gmres iter 620 linear residual 5.309e-03
gmres iter 630 linear residual 5.213e-03
gmres iter 640 linear residual 5.114e-03
gmres iter 650 linear residual 4.880e-03
gmres iter 660 linear residual 4.698e-03
gmres iter 670 linear residual 4.427e-03
gmres iter 680 linear residual 4.218e-03
gmres iter 690 linear residual 3.950e-03
gmres iter 700 linear residual 3.728e-03
gmres iter 710 linear residual 3.589e-03
gmres iter 720 linear residual 3.248e-03
gmres iter 730 linear residual 3.071e-03
gmres iter 740 linear residual 2.944e-03
gmres iter 750 linear residual 2.806e-03
gmres iter 760 linear residual 2.711e-03
gmres iter 770 linear residual 2.566e-03
gmres iter 780 linear residual 2.461e-03
gmres iter 790 linear residual 2.346e-03
gmres iter 800 linear residual 2.295e-03
gmres iter 810 linear residual 2.263e-03
gmres iter 820 linear residual 2.120e-03
gmres iter 830 linear residual 1.954e-03
gmres iter 840 linear residual 1.810e-03
gmres iter 850 linear residual 1.747e-03
gmres iter 860 linear residual 1.625e-03
gmres iter 870 linear residual 1.533e-03
gmres iter 880 linear residual 1.451e-03
gmres iter 890 linear residual 1.382e-03
gmres iter 900 linear residual 1.322e-03
gmres iter 910 linear residual 1.299e-03
gmres iter 920 linear residual 1.265e-03
gmres iter 930 linear residual 1.210e-03
gmres iter 940 linear residual 1.111e-03
gmres iter 950 linear residual 1.025e-03
gmres iter 960 linear residual 9.452e-04
res 2.197e-05 (F-block 5.757e-07 p-block 6.379e-07) alpha 1 eta 1.00e-03 iter times 965
time this step...162.5789966583252
this increment is 0.012500000000000067 (target 0.30000000000000004) ------------------------
gmres iter 10 linear residual 2.119e-02
gmres iter 20 linear residual 8.079e-03
res 5.255e-03 (F-block 1.084e-02 p-block 7.505e-01) alpha 1 eta 1.00e-02 iter times 21
gmres iter 10 linear residual 5.979e-01
gmres iter 20 linear residual 3.702e-01
gmres iter 30 linear residual 2.940e-01
gmres iter 40 linear residual 2.543e-01
gmres iter 50 linear residual 2.158e-01
gmres iter 60 linear residual 1.983e-01
gmres iter 70 linear residual 1.806e-01
gmres iter 80 linear residual 1.629e-01
gmres iter 90 linear residual 1.446e-01
gmres iter 100 linear residual 1.345e-01
gmres iter 110 linear residual 1.304e-01
gmres iter 120 linear residual 1.180e-01
gmres iter 130 linear residual 1.070e-01
gmres iter 140 linear residual 9.216e-02
gmres iter 150 linear residual 8.238e-02
gmres iter 160 linear residual 7.720e-02
gmres iter 170 linear residual 7.402e-02
gmres iter 180 linear residual 7.077e-02
gmres iter 190 linear residual 6.639e-02
gmres iter 200 linear residual 6.340e-02
gmres iter 210 linear residual 6.248e-02
gmres iter 220 linear residual 5.970e-02
gmres iter 230 linear residual 5.796e-02
gmres iter 240 linear residual 5.244e-02
gmres iter 250 linear residual 4.623e-02
gmres iter 260 linear residual 4.136e-02
gmres iter 270 linear residual 3.827e-02
gmres iter 280 linear residual 3.478e-02
gmres iter 290 linear residual 3.158e-02
gmres iter 300 linear residual 2.933e-02
gmres iter 310 linear residual 2.809e-02
gmres iter 320 linear residual 2.657e-02
gmres iter 330 linear residual 2.599e-02
gmres iter 340 linear residual 2.538e-02
gmres iter 350 linear residual 2.452e-02
gmres iter 360 linear residual 2.366e-02
gmres iter 370 linear residual 2.223e-02
gmres iter 380 linear residual 1.990e-02
gmres iter 390 linear residual 1.690e-02
gmres iter 400 linear residual 1.560e-02
gmres iter 410 linear residual 1.513e-02
gmres iter 420 linear residual 1.432e-02
gmres iter 430 linear residual 1.390e-02
gmres iter 440 linear residual 1.343e-02
gmres iter 450 linear residual 1.306e-02
gmres iter 460 linear residual 1.250e-02
gmres iter 470 linear residual 1.188e-02
gmres iter 480 linear residual 1.119e-02
gmres iter 490 linear residual 1.063e-02
gmres iter 500 linear residual 9.967e-03
gmres iter 510 linear residual 9.709e-03
res 4.145e-03 (F-block 3.218e-03 p-block 4.216e-03) alpha 1 eta 1.00e-02 iter times 517
gmres iter 10 linear residual 5.994e-02
gmres iter 20 linear residual 4.761e-02
gmres iter 30 linear residual 4.005e-02
gmres iter 40 linear residual 3.803e-02
gmres iter 50 linear residual 3.615e-02
gmres iter 60 linear residual 3.413e-02
gmres iter 70 linear residual 3.060e-02
gmres iter 80 linear residual 2.796e-02
gmres iter 90 linear residual 2.631e-02
gmres iter 100 linear residual 2.505e-02
gmres iter 110 linear residual 2.485e-02
gmres iter 120 linear residual 2.360e-02
gmres iter 130 linear residual 2.185e-02
gmres iter 140 linear residual 1.945e-02
gmres iter 150 linear residual 1.763e-02
gmres iter 160 linear residual 1.683e-02
gmres iter 170 linear residual 1.555e-02
gmres iter 180 linear residual 1.432e-02
gmres iter 190 linear residual 1.312e-02
gmres iter 200 linear residual 1.244e-02
gmres iter 210 linear residual 1.214e-02
gmres iter 220 linear residual 1.173e-02
gmres iter 230 linear residual 1.149e-02
gmres iter 240 linear residual 1.109e-02
gmres iter 250 linear residual 1.037e-02
gmres iter 260 linear residual 9.716e-03
gmres iter 270 linear residual 8.553e-03
gmres iter 280 linear residual 7.803e-03
gmres iter 290 linear residual 7.207e-03
gmres iter 300 linear residual 6.763e-03
gmres iter 310 linear residual 6.539e-03
gmres iter 320 linear residual 6.252e-03
gmres iter 330 linear residual 6.141e-03
gmres iter 340 linear residual 6.019e-03
gmres iter 350 linear residual 5.752e-03
gmres iter 360 linear residual 5.584e-03
gmres iter 370 linear residual 5.278e-03
gmres iter 380 linear residual 4.862e-03
gmres iter 390 linear residual 4.423e-03
gmres iter 400 linear residual 4.195e-03
gmres iter 410 linear residual 4.105e-03
gmres iter 420 linear residual 3.782e-03
gmres iter 430 linear residual 3.577e-03
gmres iter 440 linear residual 3.459e-03
gmres iter 450 linear residual 3.377e-03
gmres iter 460 linear residual 3.236e-03
gmres iter 470 linear residual 3.067e-03
gmres iter 480 linear residual 2.896e-03
gmres iter 490 linear residual 2.651e-03
gmres iter 500 linear residual 2.508e-03
gmres iter 510 linear residual 2.413e-03
gmres iter 520 linear residual 2.175e-03
gmres iter 530 linear residual 2.058e-03
gmres iter 540 linear residual 1.926e-03
gmres iter 550 linear residual 1.866e-03
gmres iter 560 linear residual 1.822e-03
gmres iter 570 linear residual 1.764e-03
gmres iter 580 linear residual 1.688e-03
gmres iter 590 linear residual 1.633e-03
gmres iter 600 linear residual 1.565e-03
gmres iter 610 linear residual 1.528e-03
gmres iter 620 linear residual 1.427e-03
gmres iter 630 linear residual 1.318e-03
gmres iter 640 linear residual 1.216e-03
gmres iter 650 linear residual 1.156e-03
gmres iter 660 linear residual 1.124e-03
gmres iter 670 linear residual 1.109e-03
gmres iter 680 linear residual 1.075e-03
gmres iter 690 linear residual 1.041e-03
gmres iter 700 linear residual 1.004e-03
gmres iter 710 linear residual 9.928e-04
res 2.033e-04 (F-block 8.690e-05 p-block 7.255e-05) alpha 1 eta 1.00e-03 iter times 719
gmres iter 10 linear residual 6.241e-02
gmres iter 20 linear residual 5.764e-02
gmres iter 30 linear residual 5.499e-02
gmres iter 40 linear residual 5.397e-02
gmres iter 50 linear residual 5.282e-02
gmres iter 60 linear residual 5.111e-02
gmres iter 70 linear residual 4.947e-02
gmres iter 80 linear residual 4.812e-02
gmres iter 90 linear residual 4.695e-02
gmres iter 100 linear residual 4.502e-02
gmres iter 110 linear residual 4.495e-02
gmres iter 120 linear residual 4.490e-02
gmres iter 130 linear residual 4.488e-02
gmres iter 140 linear residual 4.481e-02
gmres iter 150 linear residual 4.470e-02
gmres iter 160 linear residual 4.440e-02
gmres iter 170 linear residual 4.411e-02
gmres iter 180 linear residual 4.386e-02
gmres iter 190 linear residual 4.316e-02
gmres iter 200 linear residual 4.151e-02
gmres iter 210 linear residual 4.144e-02
gmres iter 220 linear residual 4.138e-02
gmres iter 230 linear residual 4.122e-02
gmres iter 240 linear residual 4.102e-02
gmres iter 250 linear residual 4.051e-02
gmres iter 260 linear residual 4.005e-02
gmres iter 270 linear residual 3.988e-02
gmres iter 280 linear residual 3.968e-02
gmres iter 290 linear residual 3.937e-02
gmres iter 300 linear residual 3.838e-02
gmres iter 310 linear residual 3.832e-02
gmres iter 320 linear residual 3.807e-02
gmres iter 330 linear residual 3.775e-02
gmres iter 340 linear residual 3.672e-02
gmres iter 350 linear residual 3.524e-02
gmres iter 360 linear residual 3.365e-02
gmres iter 370 linear residual 3.277e-02
gmres iter 380 linear residual 3.027e-02
gmres iter 390 linear residual 2.676e-02
gmres iter 400 linear residual 2.330e-02
gmres iter 410 linear residual 2.247e-02
gmres iter 420 linear residual 2.034e-02
gmres iter 430 linear residual 1.948e-02
gmres iter 440 linear residual 1.824e-02
gmres iter 450 linear residual 1.681e-02
gmres iter 460 linear residual 1.570e-02
gmres iter 470 linear residual 1.452e-02
gmres iter 480 linear residual 1.391e-02
gmres iter 490 linear residual 1.280e-02
gmres iter 500 linear residual 1.145e-02
gmres iter 510 linear residual 1.075e-02
gmres iter 520 linear residual 1.019e-02
gmres iter 530 linear residual 1.005e-02
gmres iter 540 linear residual 9.646e-03
gmres iter 550 linear residual 9.028e-03
gmres iter 560 linear residual 8.580e-03
gmres iter 570 linear residual 8.313e-03
gmres iter 580 linear residual 7.907e-03
gmres iter 590 linear residual 7.444e-03
gmres iter 600 linear residual 7.188e-03
gmres iter 610 linear residual 7.016e-03
gmres iter 620 linear residual 6.389e-03
gmres iter 630 linear residual 6.018e-03
gmres iter 640 linear residual 5.636e-03
gmres iter 650 linear residual 5.068e-03
gmres iter 660 linear residual 4.714e-03
gmres iter 670 linear residual 4.290e-03
gmres iter 680 linear residual 3.762e-03
gmres iter 690 linear residual 3.542e-03
gmres iter 700 linear residual 3.332e-03
gmres iter 710 linear residual 3.277e-03
gmres iter 720 linear residual 3.094e-03
gmres iter 730 linear residual 2.699e-03
gmres iter 740 linear residual 2.411e-03
gmres iter 750 linear residual 2.278e-03
gmres iter 760 linear residual 2.203e-03
gmres iter 770 linear residual 2.053e-03
gmres iter 780 linear residual 1.901e-03
gmres iter 790 linear residual 1.697e-03
gmres iter 800 linear residual 1.551e-03
gmres iter 810 linear residual 1.499e-03
gmres iter 820 linear residual 1.450e-03
gmres iter 830 linear residual 1.400e-03
gmres iter 840 linear residual 1.255e-03
gmres iter 850 linear residual 1.119e-03
gmres iter 860 linear residual 9.605e-04
gmres iter 870 linear residual 9.028e-04
gmres iter 880 linear residual 8.681e-04
gmres iter 890 linear residual 8.448e-04
gmres iter 900 linear residual 7.940e-04
gmres iter 910 linear residual 6.657e-04
gmres iter 920 linear residual 5.938e-04
gmres iter 930 linear residual 5.252e-04
gmres iter 940 linear residual 4.974e-04
gmres iter 950 linear residual 4.630e-04
gmres iter 960 linear residual 4.346e-04
res 2.498e-05 (F-block 2.461e-06 p-block 1.884e-06) alpha 1 eta 1.00e-03 iter times 968
time this step...161.04378461837769
now P is...
[[ 3.51953455e+00  1.01341959e-02 -8.66909868e-02]
 [ 6.92949343e-03  1.76817981e-07  4.08416624e-02]
 [-5.87174014e-02  4.04559421e-02  1.49095811e-07]]
now F is...
[[ 1.30000000e+00 -9.45420626e-16 -8.99242079e-16]
 [ 1.91713689e-15  8.88908470e-01  3.96501036e-16]
 [-4.50782374e-17  1.41102038e-15  8.80513601e-01]]
intermediate results saved (3 increments in output.csv)
finish! (with 2 load-step cuts)
solver stats are saved to solver_stats.json
F and P are saved to output.csv
