---------------------------------------------
-- mixed FFT based solver, by WANG Mingchuan
---------------------------------------------
gmres restart length: 100
Ghat4 is formed (fourier discretization)...
this increment is 0.1 (target 0.1) ------------------------
gmres iter 10 linear residual 9.905e-03
gmres iter 20 linear residual 1.979e-03
gmres iter 30 linear residual 1.602e-03
gmres iter 40 linear residual 1.139e-03
gmres iter 50 linear residual 9.773e-04
gmres iter 60 linear residual 9.069e-04
gmres iter 70 linear residual 8.437e-04
gmres iter 80 linear residual 7.608e-04
gmres iter 90 linear residual 6.895e-04
gmres iter 100 linear residual 6.495e-04
gmres iter 110 linear residual 6.450e-04
gmres iter 120 linear residual 6.320e-04
gmres iter 130 linear residual 6.219e-04
gmres iter 140 linear residual 6.068e-04
gmres iter 150 linear residual 5.929e-04
gmres iter 160 linear residual 5.798e-04
gmres iter 170 linear residual 5.702e-04
gmres iter 180 linear residual 5.535e-04
gmres iter 190 linear residual 5.093e-04
gmres iter 200 linear residual 4.875e-04
gmres iter 210 linear residual 4.814e-04
gmres iter 220 linear residual 4.719e-04
gmres iter 230 linear residual 4.639e-04
gmres iter 240 linear residual 4.574e-04
gmres iter 250 linear residual 4.549e-04
gmres iter 260 linear residual 4.500e-04
gmres iter 270 linear residual 4.400e-04
gmres iter 280 linear residual 4.320e-04
gmres iter 290 linear residual 4.242e-04
gmres iter 300 linear residual 4.141e-04
gmres iter 310 linear residual 4.110e-04
gmres iter 320 linear residual 4.090e-04
gmres iter 330 linear residual 4.066e-04
gmres iter 340 linear residual 4.035e-04
gmres iter 350 linear residual 4.005e-04
gmres iter 360 linear residual 3.982e-04
gmres iter 370 linear residual 3.925e-04
gmres iter 380 linear residual 3.884e-04
gmres iter 390 linear residual 3.850e-04
gmres iter 400 linear residual 3.766e-04
gmres iter 410 linear residual 3.745e-04
gmres iter 420 linear residual 3.725e-04
gmres iter 430 linear residual 3.695e-04
gmres iter 440 linear residual 3.663e-04
gmres iter 450 linear residual 3.653e-04
gmres iter 460 linear residual 3.635e-04
gmres iter 470 linear residual 3.597e-04
gmres iter 480 linear residual 3.565e-04
gmres iter 490 linear residual 3.552e-04
gmres iter 500 linear residual 3.525e-04
gmres iter 510 linear residual 3.517e-04
gmres iter 520 linear residual 3.511e-04
gmres iter 530 linear residual 3.504e-04
gmres iter 540 linear residual 3.483e-04
gmres iter 550 linear residual 3.456e-04
gmres iter 560 linear residual 3.416e-04
gmres iter 570 linear residual 3.365e-04
gmres iter 580 linear residual 3.340e-04
gmres iter 590 linear residual 3.295e-04
gmres iter 600 linear residual 3.254e-04
gmres iter 610 linear residual 3.244e-04
gmres iter 620 linear residual 3.227e-04
gmres iter 630 linear residual 3.183e-04
gmres iter 640 linear residual 3.163e-04
gmres iter 650 linear residual 3.145e-04
gmres iter 660 linear residual 3.133e-04
gmres iter 670 linear residual 3.118e-04
gmres iter 680 linear residual 3.075e-04
gmres iter 690 linear residual 3.058e-04
gmres iter 700 linear residual 3.029e-04
gmres iter 710 linear residual 3.028e-04
gmres iter 720 linear residual 3.027e-04
gmres iter 730 linear residual 3.015e-04
gmres iter 740 linear residual 2.993e-04
gmres iter 750 linear residual 2.949e-04
gmres iter 760 linear residual 2.903e-04
gmres iter 770 linear residual 2.857e-04
gmres iter 780 linear residual 2.818e-04
gmres iter 790 linear residual 2.778e-04
gmres iter 800 linear residual 2.730e-04
gmres iter 810 linear residual 2.718e-04
gmres iter 820 linear residual 2.706e-04
gmres iter 830 linear residual 2.675e-04
gmres iter 840 linear residual 2.654e-04
gmres iter 850 linear residual 2.636e-04
gmres iter 860 linear residual 2.619e-04
gmres iter 870 linear residual 2.611e-04
gmres iter 880 linear residual 2.581e-04
gmres iter 890 linear residual 2.577e-04
gmres iter 900 linear residual 2.572e-04
gmres iter 910 linear residual 2.572e-04
gmres iter 920 linear residual 2.572e-04
gmres iter 930 linear residual 2.566e-04
gmres iter 940 linear residual 2.562e-04
gmres iter 950 linear residual 2.557e-04
gmres iter 960 linear residual 2.547e-04
gmres iter 970 linear residual 2.531e-04
gmres iter 980 linear residual 2.521e-04
gmres iter 990 linear residual 2.494e-04
gmres iter 1000 linear residual 2.490e-04
linear solver hit the iteration cap (1000 iterations, flag 10)
increment failed (gmres_iteration_cap); cutting step to 0.05
this increment is 0.05 (target 0.1) ------------------------
gmres iter 10 linear residual 9.623e-03
gmres iter 20 linear residual 1.383e-03
gmres iter 30 linear residual 3.863e-04
gmres iter 40 linear residual 2.106e-04
gmres iter 50 linear residual 1.983e-04
gmres iter 60 linear residual 1.659e-04
gmres iter 70 linear residual 1.279e-04
gmres iter 80 linear residual 1.219e-04
gmres iter 90 linear residual 1.137e-04
gmres iter 100 linear residual 1.060e-04
gmres iter 110 linear residual 1.058e-04
gmres iter 120 linear residual 1.022e-04
gmres iter 130 linear residual 9.935e-05
gmres iter 140 linear residual 9.809e-05
gmres iter 150 linear residual 9.157e-05
gmres iter 160 linear residual 8.659e-05
gmres iter 170 linear residual 8.519e-05
gmres iter 180 linear residual 7.711e-05
gmres iter 190 linear residual 7.262e-05
gmres iter 200 linear residual 7.213e-05
gmres iter 210 linear residual 7.207e-05
gmres iter 220 linear residual 7.085e-05
gmres iter 230 linear residual 6.947e-05
gmres iter 240 linear residual 6.931e-05
gmres iter 250 linear residual 6.826e-05
gmres iter 260 linear residual 6.729e-05
gmres iter 270 linear residual 6.696e-05
gmres iter 280 linear residual 6.426e-05
gmres iter 290 linear residual 6.337e-05
gmres iter 300 linear residual 6.274e-05
gmres iter 310 linear residual 6.248e-05
gmres iter 320 linear residual 6.233e-05
gmres iter 330 linear residual 6.124e-05
gmres iter 340 linear residual 6.081e-05
gmres iter 350 linear residual 6.063e-05
gmres iter 360 linear residual 5.976e-05
gmres iter 370 linear residual 5.928e-05
gmres iter 380 linear residual 5.883e-05
gmres iter 390 linear residual 5.764e-05
gmres iter 400 linear residual 5.735e-05
gmres iter 410 linear residual 5.728e-05
gmres iter 420 linear residual 5.677e-05
gmres iter 430 linear residual 5.653e-05
gmres iter 440 linear residual 5.651e-05
gmres iter 450 linear residual 5.602e-05
gmres iter 460 linear residual 5.580e-05
gmres iter 470 linear residual 5.560e-05
gmres iter 480 linear residual 5.470e-05
gmres iter 490 linear residual 5.461e-05
gmres iter 500 linear residual 5.416e-05
gmres iter 510 linear residual 5.402e-05
gmres iter 520 linear residual 5.397e-05
gmres iter 530 linear residual 5.376e-05
gmres iter 540 linear residual 5.327e-05
gmres iter 550 linear residual 5.316e-05
gmres iter 560 linear residual 5.258e-05
gmres iter 570 linear residual 5.222e-05
gmres iter 580 linear residual 5.217e-05
gmres iter 590 linear residual 5.178e-05
gmres iter 600 linear residual 5.140e-05
gmres iter 610 linear residual 5.132e-05
gmres iter 620 linear residual 5.091e-05
gmres iter 630 linear residual 5.081e-05
gmres iter 640 linear residual 5.073e-05
gmres iter 650 linear residual 5.053e-05
gmres iter 660 linear residual 5.027e-05
gmres iter 670 linear residual 5.010e-05
gmres iter 680 linear residual 4.962e-05
gmres iter 690 linear residual 4.952e-05
gmres iter 700 linear residual 4.873e-05
gmres iter 710 linear residual 4.844e-05
gmres iter 720 linear residual 4.829e-05
gmres iter 730 linear residual 4.823e-05
gmres iter 740 linear residual 4.810e-05
gmres iter 750 linear residual 4.808e-05
gmres iter 760 linear residual 4.797e-05
gmres iter 770 linear residual 4.785e-05
gmres iter 780 linear residual 4.781e-05
gmres iter 790 linear residual 4.753e-05
gmres iter 800 linear residual 4.736e-05
gmres iter 810 linear residual 4.733e-05
gmres iter 820 linear residual 4.715e-05
gmres iter 830 linear residual 4.705e-05
gmres iter 840 linear residual 4.702e-05
gmres iter 850 linear residual 4.682e-05
gmres iter 860 linear residual 4.668e-05
gmres iter 870 linear residual 4.664e-05
gmres iter 880 linear residual 4.629e-05
gmres iter 890 linear residual 4.605e-05
gmres iter 900 linear residual 4.595e-05
gmres iter 910 linear residual 4.590e-05
gmres iter 920 linear residual 4.580e-05
gmres iter 930 linear residual 4.562e-05
gmres iter 940 linear residual 4.558e-05
gmres iter 950 linear residual 4.555e-05
gmres iter 960 linear residual 4.544e-05
gmres iter 970 linear residual 4.542e-05
gmres iter 980 linear residual 4.521e-05
gmres iter 990 linear residual 4.518e-05
gmres iter 1000 linear residual 4.512e-05
linear solver hit the iteration cap (1000 iterations, flag 10)
increment failed (gmres_iteration_cap); cutting step to 0.025
this increment is 0.025 (target 0.1) ------------------------
gmres iter 10 linear residual 9.588e-03
gmres iter 20 linear residual 1.338e-03
gmres iter 30 linear residual 2.986e-04
gmres iter 40 linear residual 7.657e-05
gmres iter 50 linear residual 2.520e-05
gmres iter 60 linear residual 1.032e-05
gmres iter 70 linear residual 4.701e-06
gmres iter 80 linear residual 2.014e-06
gmres iter 90 linear residual 8.592e-07
gmres iter 100 linear residual 4.762e-07
gmres iter 110 linear residual 3.326e-07
gmres iter 120 linear residual 1.671e-07
gmres iter 130 linear residual 8.260e-08
gmres iter 140 linear residual 5.373e-08
gmres iter 150 linear residual 3.177e-08
gmres iter 160 linear residual 1.421e-08
gmres iter 170 linear residual 7.130e-09
res 1.687e-02 (F-block 2.065e-02 p-block 1.176e-02) alpha 1 eta 1.00e-06 iter times 177
gmres iter 10 linear residual 2.648e-02
gmres iter 20 linear residual 6.587e-03
gmres iter 30 linear residual 1.601e-03
gmres iter 40 linear residual 3.802e-04
gmres iter 50 linear residual 9.630e-05
gmres iter 60 linear residual 2.541e-05
gmres iter 70 linear residual 6.385e-06
gmres iter 80 linear residual 1.686e-06
gmres iter 90 linear residual 4.598e-07
gmres iter 100 linear residual 1.393e-07
gmres iter 110 linear residual 4.244e-08
gmres iter 120 linear residual 1.368e-08
res 1.023e-03 (F-block 1.235e-04 p-block 8.862e-05) alpha 1 eta 1.00e-06 iter times 128
gmres iter 10 linear residual 2.798e-02
gmres iter 20 linear residual 7.333e-03
gmres iter 30 linear residual 1.886e-03
gmres iter 40 linear residual 4.871e-04
gmres iter 50 linear residual 1.216e-04
gmres iter 60 linear residual 3.229e-05
gmres iter 70 linear residual 7.925e-06
gmres iter 80 linear residual 2.135e-06
gmres iter 90 linear residual 5.268e-07
gmres iter 100 linear residual 1.759e-07
gmres iter 110 linear residual 5.175e-08
gmres iter 120 linear residual 1.721e-08
gmres iter 130 linear residual 4.669e-09
res 6.334e-06 (F-block 8.151e-09 p-block 5.322e-09) alpha 1 eta 1.00e-06 iter times 131
time this step...66.2376139163971
this increment is 0.025 (target 0.1) ------------------------
gmres iter 10 linear residual 9.524e-03
gmres iter 20 linear residual 1.324e-03
gmres iter 30 linear residual 2.956e-04
gmres iter 40 linear residual 7.751e-05
gmres iter 50 linear residual 2.685e-05
gmres iter 60 linear residual 1.156e-05
gmres iter 70 linear residual 5.348e-06
gmres iter 80 linear residual 2.319e-06
gmres iter 90 linear residual 1.012e-06
gmres iter 100 linear residual 4.856e-07
gmres iter 110 linear residual 3.931e-07
gmres iter 120 linear residual 1.935e-07
gmres iter 130 linear residual 1.020e-07
gmres iter 140 linear residual 6.586e-08
gmres iter 150 linear residual 3.869e-08
gmres iter 160 linear residual 2.153e-08
gmres iter 170 linear residual 8.783e-09
gmres iter 180 linear residual 5.531e-09
res 1.649e-02 (F-block 2.063e-02 p-block 1.162e-02) alpha 1 eta 1.00e-06 iter times 181
gmres iter 10 linear residual 2.647e-02
gmres iter 20 linear residual 6.663e-03
gmres iter 30 linear residual 1.637e-03
gmres iter 40 linear residual 3.968e-04
gmres iter 50 linear residual 1.031e-04
gmres iter 60 linear residual 2.807e-05
gmres iter 70 linear residual 7.460e-06
gmres iter 80 linear residual 2.104e-06
gmres iter 90 linear residual 5.590e-07
gmres iter 100 linear residual 1.947e-07
gmres iter 110 linear residual 6.131e-08
gmres iter 120 linear residual 2.170e-08
gmres iter 130 linear residual 5.107e-09
res 1.035e-03 (F-block 1.329e-04 p-block 9.646e-05) alpha 1 eta 1.00e-06 iter times 131
gmres iter 10 linear residual 2.802e-02
gmres iter 20 linear residual 7.260e-03
gmres iter 30 linear residual 1.894e-03
gmres iter 40 linear residual 4.953e-04
gmres iter 50 linear residual 1.240e-04
gmres iter 60 linear residual 3.435e-05
gmres iter 70 linear residual 8.718e-06
gmres iter 80 linear residual 2.483e-06
gmres iter 90 linear residual 6.535e-07
gmres iter 100 linear residual 2.170e-07
gmres iter 110 linear residual 7.566e-08
gmres iter 120 linear residual 2.709e-08
gmres iter 130 linear residual 7.092e-09
res 6.435e-06 (F-block 8.528e-09 p-block 5.618e-09) alpha 1 eta 1.00e-06 iter times 132
time this step...59.26026368141174
this increment is 0.037500000000000006 (target 0.1) ------------------------
gmres iter 10 linear residual 9.513e-03
gmres iter 20 linear residual 1.332e-03
gmres iter 30 linear residual 3.253e-04
gmres iter 40 linear residual 1.215e-04
gmres iter 50 linear residual 7.826e-05
gmres iter 60 linear residual 6.246e-05
gmres iter 70 linear residual 5.597e-05
gmres iter 80 linear residual 5.331e-05
gmres iter 90 linear residual 5.253e-05
gmres iter 100 linear residual 5.238e-05
gmres iter 110 linear residual 5.237e-05
gmres iter 120 linear residual 5.231e-05
gmres iter 130 linear residual 5.166e-05
gmres iter 140 linear residual 5.070e-05
gmres iter 150 linear residual 5.036e-05
gmres iter 160 linear residual 5.030e-05
gmres iter 170 linear residual 4.993e-05
gmres iter 180 linear residual 4.790e-05
gmres iter 190 linear residual 4.436e-05
gmres iter 200 linear residual 4.272e-05
gmres iter 210 linear residual 4.259e-05
gmres iter 220 linear residual 4.257e-05
gmres iter 230 linear residual 4.237e-05
gmres iter 240 linear residual 4.191e-05
gmres iter 250 linear residual 4.107e-05
gmres iter 260 linear residual 4.021e-05
gmres iter 270 linear residual 3.960e-05
gmres iter 280 linear residual 3.953e-05
gmres iter 290 linear residual 3.923e-05
gmres iter 300 linear residual 3.874e-05
gmres iter 310 linear residual 3.862e-05
gmres iter 320 linear residual 3.857e-05
gmres iter 330 linear residual 3.855e-05
gmres iter 340 linear residual 3.833e-05
gmres iter 350 linear residual 3.782e-05
gmres iter 360 linear residual 3.685e-05
gmres iter 370 linear residual 3.602e-05
gmres iter 380 linear residual 3.564e-05
gmres iter 390 linear residual 3.560e-05
gmres iter 400 linear residual 3.497e-05
gmres iter 410 linear residual 3.476e-05
gmres iter 420 linear residual 3.471e-05
gmres iter 430 linear residual 3.461e-05
gmres iter 440 linear residual 3.423e-05
gmres iter 450 linear residual 3.397e-05
gmres iter 460 linear residual 3.394e-05
gmres iter 470 linear residual 3.391e-05
gmres iter 480 linear residual 3.361e-05
gmres iter 490 linear residual 3.287e-05
gmres iter 500 linear residual 3.243e-05
gmres iter 510 linear residual 3.226e-05
gmres iter 520 linear residual 3.212e-05
gmres iter 530 linear residual 3.211e-05
gmres iter 540 linear residual 3.206e-05
gmres iter 550 linear residual 3.190e-05
gmres iter 560 linear residual 3.134e-05
gmres iter 570 linear residual 3.082e-05
gmres iter 580 linear residual 3.077e-05
gmres iter 590 linear residual 3.046e-05
gmres iter 600 linear residual 2.984e-05
gmres iter 610 linear residual 2.940e-05
gmres iter 620 linear residual 2.912e-05
gmres iter 630 linear residual 2.909e-05
gmres iter 640 linear residual 2.893e-05
gmres iter 650 linear residual 2.862e-05
gmres iter 660 linear residual 2.843e-05
gmres iter 670 linear residual 2.835e-05
gmres iter 680 linear residual 2.827e-05
gmres iter 690 linear residual 2.816e-05
gmres iter 700 linear residual 2.760e-05
gmres iter 710 linear residual 2.735e-05
gmres iter 720 linear residual 2.730e-05
gmres iter 730 linear residual 2.724e-05
gmres iter 740 linear residual 2.720e-05
gmres iter 750 linear residual 2.712e-05
gmres iter 760 linear residual 2.683e-05
gmres iter 770 linear residual 2.654e-05
gmres iter 780 linear residual 2.649e-05
gmres iter 790 linear residual 2.608e-05
gmres iter 800 linear residual 2.527e-05
gmres iter 810 linear residual 2.499e-05
gmres iter 820 linear residual 2.467e-05
gmres iter 830 linear residual 2.455e-05
gmres iter 840 linear residual 2.441e-05
gmres iter 850 linear residual 2.421e-05
gmres iter 860 linear residual 2.407e-05
gmres iter 870 linear residual 2.401e-05
gmres iter 880 linear residual 2.399e-05
gmres iter 890 linear residual 2.392e-05
gmres iter 900 linear residual 2.367e-05
gmres iter 910 linear residual 2.354e-05
gmres iter 920 linear residual 2.345e-05
gmres iter 930 linear residual 2.342e-05
gmres iter 940 linear residual 2.337e-05
gmres iter 950 linear residual 2.333e-05
gmres iter 960 linear residual 2.319e-05
gmres iter 970 linear residual 2.313e-05
gmres iter 980 linear residual 2.304e-05
gmres iter 990 linear residual 2.186e-05
gmres iter 1000 linear residual 2.085e-05
linear solver hit the iteration cap (1000 iterations, flag 10)
increment failed (gmres_iteration_cap); cutting step to 0.01875
this increment is 0.018750000000000003 (target 0.1) ------------------------
gmres iter 10 linear residual 9.485e-03
gmres iter 20 linear residual 1.317e-03
gmres iter 30 linear residual 2.900e-04
gmres iter 40 linear residual 7.307e-05
gmres iter 50 linear residual 2.201e-05
gmres iter 60 linear residual 7.711e-06
gmres iter 70 linear residual 3.068e-06
gmres iter 80 linear residual 1.213e-06
gmres iter 90 linear residual 4.775e-07
gmres iter 100 linear residual 2.805e-07
gmres iter 110 linear residual 1.170e-07
res 1.212e-02 (F-block 1.540e-02 p-block 8.601e-03) alpha 1 eta 1.00e-06 iter times 112
gmres iter 10 linear residual 2.603e-02
gmres iter 20 linear residual 6.526e-03
gmres iter 30 linear residual 1.621e-03
gmres iter 40 linear residual 4.012e-04
gmres iter 50 linear residual 1.068e-04
gmres iter 60 linear residual 3.004e-05
gmres iter 70 linear residual 8.401e-06
gmres iter 80 linear residual 2.498e-06
gmres iter 90 linear residual 6.906e-07
gmres iter 100 linear residual 2.365e-07
gmres iter 110 linear residual 7.715e-08
res 5.547e-04 (F-block 4.583e-05 p-block 3.489e-05) alpha 1 eta 1.00e-06 iter times 110
gmres iter 10 linear residual 3.009e-02
gmres iter 20 linear residual 8.223e-03
gmres iter 30 linear residual 2.119e-03
gmres iter 40 linear residual 5.614e-04
gmres iter 50 linear residual 1.441e-04
gmres iter 60 linear residual 4.105e-05
gmres iter 70 linear residual 1.101e-05
gmres iter 80 linear residual 3.377e-06
gmres iter 90 linear residual 9.672e-07
gmres iter 100 linear residual 3.350e-07
gmres iter 110 linear residual 1.249e-07
res 1.999e-06 (F-block 1.111e-09 p-block 7.662e-10) alpha 1 eta 1.00e-06 iter times 113
time this step...41.141865491867065
this increment is 0.018750000000000003 (target 0.1) ------------------------
gmres iter 10 linear residual 9.474e-03
gmres iter 20 linear residual 1.316e-03
gmres iter 30 linear residual 2.920e-04
gmres iter 40 linear residual 7.516e-05
gmres iter 50 linear residual 2.370e-05
gmres iter 60 linear residual 8.900e-06
gmres iter 70 linear residual 3.723e-06
gmres iter 80 linear residual 1.515e-06
gmres iter 90 linear residual 5.781e-07
gmres iter 100 linear residual 2.908e-07
gmres iter 110 linear residual 1.313e-07
res 1.192e-02 (F-block 1.539e-02 p-block 8.515e-03) alpha 1 eta 1.00e-06 iter times 113
gmres iter 10 linear residual 2.610e-02
gmres iter 20 linear residual 6.631e-03
gmres iter 30 linear residual 1.674e-03
gmres iter 40 linear residual 4.278e-04
gmres iter 50 linear residual 1.199e-04
gmres iter 60 linear residual 3.608e-05
gmres iter 70 linear residual 1.095e-05
gmres iter 80 linear residual 3.477e-06
gmres iter 90 linear residual 1.085e-06
gmres iter 100 linear residual 4.086e-07
gmres iter 110 linear residual 1.663e-07
res 5.620e-04 (F-block 4.965e-05 p-block 3.811e-05) alpha 1 eta 1.00e-06 iter times 115
gmres iter 10 linear residual 3.041e-02
gmres iter 20 linear residual 8.076e-03
gmres iter 30 linear residual 2.135e-03
gmres iter 40 linear residual 5.773e-04
gmres iter 50 linear residual 1.537e-04
gmres iter 60 linear residual 4.739e-05
gmres iter 70 linear residual 1.436e-05
gmres iter 80 linear residual 5.077e-06
gmres iter 90 linear residual 1.691e-06
gmres iter 100 linear residual 5.772e-07
gmres iter 110 linear residual 2.609e-07
res 2.026e-06 (F-block 1.130e-09 p-block 7.886e-10) alpha 1 eta 1.00e-06 iter times 118
time this step...42.14874720573425
this increment is 0.012499999999999997 (target 0.1) ------------------------
gmres iter 10 linear residual 9.471e-03
gmres iter 20 linear residual 1.323e-03
gmres iter 30 linear residual 2.928e-04
gmres iter 40 linear residual 7.411e-05
gmres iter 50 linear residual 2.143e-05
gmres iter 60 linear residual 6.993e-06
gmres iter 70 linear residual 2.640e-06
gmres iter 80 linear residual 1.116e-06
gmres iter 90 linear residual 4.758e-07
gmres iter 100 linear residual 3.140e-07
gmres iter 110 linear residual 1.393e-07
res 7.837e-03 (F-block 1.023e-02 p-block 5.623e-03) alpha 1 eta 1.00e-06 iter times 114
gmres iter 10 linear residual 2.590e-02
gmres iter 20 linear residual 6.564e-03
gmres iter 30 linear residual 1.673e-03
gmres iter 40 linear residual 4.368e-04
gmres iter 50 linear residual 1.257e-04
gmres iter 60 linear residual 3.964e-05
gmres iter 70 linear residual 1.289e-05
gmres iter 80 linear residual 4.457e-06
gmres iter 90 linear residual 1.597e-06
gmres iter 100 linear residual 5.939e-07
gmres iter 110 linear residual 2.760e-07
res 2.440e-04 (F-block 1.294e-05 p-block 1.034e-05) alpha 1 eta 1.00e-06 iter times 118
gmres iter 10 linear residual 3.206e-02
gmres iter 20 linear residual 8.859e-03
gmres iter 30 linear residual 2.348e-03
gmres iter 40 linear residual 6.426e-04
gmres iter 50 linear residual 1.829e-04
gmres iter 60 linear residual 5.963e-05
gmres iter 70 linear residual 2.075e-05
gmres iter 80 linear residual 8.035e-06
gmres iter 90 linear residual 2.819e-06
gmres iter 100 linear residual 9.508e-07
gmres iter 110 linear residual 4.181e-07
gmres iter 120 linear residual 1.444e-07
res 4.037e-07 (F-block 6.920e-11 p-block 4.961e-11) alpha 1 eta 1.00e-06 iter times 123
time this step...41.08483624458313
now P is...
[[ 1.27260454e+00  6.64810026e-04 -1.53878461e-02]
 [ 5.78176062e-04 -5.20337760e-12  1.11577041e-02]
 [-1.33650022e-02  1.11430349e-02 -4.35098010e-12]]
now F is...
[[ 1.10000000e+00  1.42434708e-17 -7.22980990e-19]
 [ 2.38360124e-17  9.56654749e-01 -3.24922191e-18]
 [-1.82161396e-17 -2.45962605e-19  9.55397027e-01]]
intermediate results saved (1 increments in output.csv)
this increment is 0.018749999999999996 (target 0.2) ------------------------
gmres iter 10 linear residual 9.484e-03
gmres iter 20 linear residual 1.326e-03
gmres iter 30 linear residual 2.994e-04
gmres iter 40 linear residual 8.090e-05
gmres iter 50 linear residual 2.827e-05
gmres iter 60 linear residual 1.251e-05
gmres iter 70 linear residual 6.017e-06
gmres iter 80 linear residual 2.893e-06
gmres iter 90 linear residual 1.484e-06
gmres iter 100 linear residual 7.880e-07
gmres iter 110 linear residual 6.413e-07
gmres iter 120 linear residual 3.768e-07
gmres iter 130 linear residual 1.962e-07
res 1.162e-02 (F-block 1.540e-02 p-block 8.379e-03) alpha 1 eta 1.00e-06 iter times 136
gmres iter 10 linear residual 2.638e-02
gmres iter 20 linear residual 6.936e-03
gmres iter 30 linear residual 1.834e-03
gmres iter 40 linear residual 5.247e-04
gmres iter 50 linear residual 1.795e-04
gmres iter 60 linear residual 6.964e-05
gmres iter 70 linear residual 2.800e-05
gmres iter 80 linear residual 1.111e-05
gmres iter 90 linear residual 4.302e-06
gmres iter 100 linear residual 1.436e-06
gmres iter 110 linear residual 6.264e-07
gmres iter 120 linear residual 2.153e-07
res 5.880e-04 (F-block 6.298e-05 p-block 4.889e-05) alpha 1 eta 1.00e-06 iter times 129
gmres iter 10 linear residual 3.128e-02
gmres iter 20 linear residual 7.614e-03
gmres iter 30 linear residual 2.146e-03
gmres iter 40 linear residual 6.531e-04
gmres iter 50 linear residual 2.240e-04
gmres iter 60 linear residual 9.391e-05
gmres iter 70 linear residual 3.792e-05
gmres iter 80 linear residual 1.426e-05
gmres iter 90 linear residual 4.796e-06
gmres iter 100 linear residual 1.622e-06
gmres iter 110 linear residual 6.997e-07
gmres iter 120 linear residual 2.357e-07
res 2.197e-06 (F-block 1.304e-09 p-block 9.320e-10) alpha 1 eta 1.00e-06 iter times 128
time this step...43.426857233047485
this increment is 0.028124999999999994 (target 0.2) ------------------------
gmres iter 10 linear residual 9.526e-03
gmres iter 20 linear residual 1.347e-03
gmres iter 30 linear residual 3.218e-04
gmres iter 40 linear residual 1.094e-04
gmres iter 50 linear residual 6.039e-05
gmres iter 60 linear residual 4.183e-05
gmres iter 70 linear residual 3.130e-05
gmres iter 80 linear residual 2.677e-05
gmres iter 90 linear residual 2.468e-05
gmres iter 100 linear residual 2.381e-05
gmres iter 110 linear residual 2.374e-05
gmres iter 120 linear residual 2.371e-05
gmres iter 130 linear residual 2.344e-05
gmres iter 140 linear residual 2.232e-05
gmres iter 150 linear residual 1.765e-05
gmres iter 160 linear residual 1.435e-05
gmres iter 170 linear residual 9.781e-06
gmres iter 180 linear residual 5.932e-06
gmres iter 190 linear residual 3.574e-06
gmres iter 200 linear residual 2.164e-06
gmres iter 210 linear residual 1.693e-06
gmres iter 220 linear residual 1.176e-06
gmres iter 230 linear residual 8.876e-07
gmres iter 240 linear residual 6.322e-07
gmres iter 250 linear residual 4.797e-07
gmres iter 260 linear residual 3.477e-07
gmres iter 270 linear residual 2.559e-07
gmres iter 280 linear residual 2.151e-07
gmres iter 290 linear residual 1.824e-07
gmres iter 300 linear residual 1.677e-07
gmres iter 310 linear residual 1.646e-07
gmres iter 320 linear residual 1.616e-07
gmres iter 330 linear residual 1.607e-07
gmres iter 340 linear residual 1.606e-07
gmres iter 350 linear residual 1.586e-07
gmres iter 360 linear residual 1.523e-07
gmres iter 370 linear residual 1.403e-07
gmres iter 380 linear residual 1.188e-07
gmres iter 390 linear residual 9.473e-08
gmres iter 400 linear residual 7.689e-08
gmres iter 410 linear residual 6.511e-08
gmres iter 420 linear residual 5.469e-08
gmres iter 430 linear residual 4.775e-08
gmres iter 440 linear residual 4.059e-08
gmres iter 450 linear residual 3.746e-08
gmres iter 460 linear residual 3.648e-08
gmres iter 470 linear residual 3.621e-08
gmres iter 480 linear residual 3.614e-08
gmres iter 490 linear residual 3.529e-08
res 1.793e-02 (F-block 3.301e-02 p-block 1.880e-02) alpha 1 eta 1.00e-06 iter times 499
gmres iter 10 linear residual 3.795e-02
gmres iter 20 linear residual 1.692e-02
gmres iter 30 linear residual 6.584e-03
gmres iter 40 linear residual 2.406e-03
gmres iter 50 linear residual 8.487e-04
gmres iter 60 linear residual 2.918e-04
gmres iter 70 linear residual 9.310e-05
gmres iter 80 linear residual 2.954e-05
gmres iter 90 linear residual 1.013e-05
gmres iter 100 linear residual 3.255e-06
gmres iter 110 linear residual 1.517e-06
gmres iter 120 linear residual 5.369e-07
gmres iter 130 linear residual 1.818e-07
res 4.529e-03 (F-block 1.148e-02 p-block 8.305e-03) alpha 1 eta 1.00e-06 iter times 136
gmres iter 10 linear residual 4.233e-02
gmres iter 20 linear residual 1.261e-02
gmres iter 30 linear residual 6.376e-03
gmres iter 40 linear residual 2.633e-03
gmres iter 50 linear residual 7.982e-04
gmres iter 60 linear residual 2.494e-04
gmres iter 70 linear residual 8.281e-05
gmres iter 80 linear residual 2.788e-05
gmres iter 90 linear residual 8.921e-06
gmres iter 100 linear residual 2.831e-06
gmres iter 110 linear residual 1.461e-06
gmres iter 120 linear residual 5.399e-07
gmres iter 130 linear residual 2.325e-07
res 1.272e-03 (F-block 1.625e-03 p-block 1.180e-03) alpha 1 eta 1.00e-06 iter times 137
gmres iter 10 linear residual 4.049e-02
gmres iter 20 linear residual 8.072e-03
gmres iter 30 linear residual 2.356e-03
gmres iter 40 linear residual 1.179e-03
gmres iter 50 linear residual 5.597e-04
gmres iter 60 linear residual 1.831e-04
gmres iter 70 linear residual 5.467e-05
gmres iter 80 linear residual 1.644e-05
gmres iter 90 linear residual 5.130e-06
gmres iter 100 linear residual 1.844e-06
gmres iter 110 linear residual 8.787e-07
gmres iter 120 linear residual 3.413e-07
gmres iter 130 linear residual 1.289e-07
res 6.503e-05 (F-block 2.071e-06 p-block 1.915e-06) alpha 1 eta 1.00e-06 iter times 130
time this step...86.69693875312805
this increment is 0.04218749999999999 (target 0.2) ------------------------
gmres iter 10 linear residual 9.630e-03
gmres iter 20 linear residual 1.418e-03
gmres iter 30 linear residual 4.118e-04
gmres iter 40 linear residual 2.609e-04
gmres iter 50 linear residual 2.518e-04
gmres iter 60 linear residual 1.938e-04
gmres iter 70 linear residual 1.633e-04
gmres iter 80 linear residual 1.586e-04
gmres iter 90 linear residual 1.335e-04
gmres iter 100 linear residual 1.151e-04
gmres iter 110 linear residual 1.122e-04
gmres iter 120 linear residual 1.119e-04
gmres iter 130 linear residual 1.080e-04
gmres iter 140 linear residual 1.025e-04
gmres iter 150 linear residual 1.020e-04
gmres iter 160 linear residual 9.614e-05
gmres iter 170 linear residual 8.860e-05
gmres iter 180 linear residual 8.776e-05
gmres iter 190 linear residual 8.346e-05
gmres iter 200 linear residual 7.795e-05
gmres iter 210 linear residual 7.768e-05
gmres iter 220 linear residual 7.721e-05
gmres iter 230 linear residual 7.552e-05
gmres iter 240 linear residual 7.491e-05
gmres iter 250 linear residual 7.400e-05
gmres iter 260 linear residual 7.238e-05
gmres iter 270 linear residual 7.069e-05
gmres iter 280 linear residual 6.976e-05
gmres iter 290 linear residual 6.814e-05
gmres iter 300 linear residual 6.735e-05
gmres iter 310 linear residual 6.727e-05
gmres iter 320 linear residual 6.659e-05
gmres iter 330 linear residual 6.573e-05
gmres iter 340 linear residual 6.545e-05
gmres iter 350 linear residual 6.510e-05
gmres iter 360 linear residual 6.435e-05
gmres iter 370 linear residual 6.368e-05
gmres iter 380 linear residual 6.339e-05
gmres iter 390 linear residual 6.239e-05
gmres iter 400 linear residual 6.098e-05
gmres iter 410 linear residual 6.090e-05
gmres iter 420 linear residual 6.068e-05
gmres iter 430 linear residual 6.022e-05
gmres iter 440 linear residual 6.007e-05
gmres iter 450 linear residual 5.970e-05
gmres iter 460 linear residual 5.919e-05
gmres iter 470 linear residual 5.891e-05
gmres iter 480 linear residual 5.826e-05
gmres iter 490 linear residual 5.680e-05
gmres iter 500 linear residual 5.602e-05
gmres iter 510 linear residual 5.598e-05
gmres iter 520 linear residual 5.579e-05
gmres iter 530 linear residual 5.549e-05
gmres iter 540 linear residual 5.538e-05
gmres iter 550 linear residual 5.487e-05
gmres iter 560 linear residual 5.423e-05
gmres iter 570 linear residual 5.383e-05
gmres iter 580 linear residual 5.378e-05
gmres iter 590 linear residual 5.364e-05
gmres iter 600 linear residual 5.352e-05
gmres iter 610 linear residual 5.352e-05
gmres iter 620 linear residual 5.350e-05
gmres iter 630 linear residual 5.348e-05
gmres iter 640 linear residual 5.346e-05
gmres iter 650 linear residual 5.322e-05
gmres iter 660 linear residual 5.273e-05
gmres iter 670 linear residual 5.243e-05
gmres iter 680 linear residual 5.154e-05
gmres iter 690 linear residual 4.978e-05
gmres iter 700 linear residual 4.936e-05
gmres iter 710 linear residual 4.924e-05
gmres iter 720 linear residual 4.898e-05
gmres iter 730 linear residual 4.832e-05
gmres iter 740 linear residual 4.822e-05
gmres iter 750 linear residual 4.792e-05
gmres iter 760 linear residual 4.745e-05
gmres iter 770 linear residual 4.722e-05
gmres iter 780 linear residual 4.721e-05
gmres iter 790 linear residual 4.720e-05
gmres iter 800 linear residual 4.718e-05
gmres iter 810 linear residual 4.718e-05
gmres iter 820 linear residual 4.718e-05
gmres iter 830 linear residual 4.718e-05
gmres iter 840 linear residual 4.717e-05
gmres iter 850 linear residual 4.714e-05
gmres iter 860 linear residual 4.707e-05
gmres iter 870 linear residual 4.698e-05
gmres iter 880 linear residual 4.691e-05
gmres iter 890 linear residual 4.636e-05
gmres iter 900 linear residual 4.605e-05
gmres iter 910 linear residual 4.604e-05
gmres iter 920 linear residual 4.583e-05
gmres iter 930 linear residual 4.561e-05
gmres iter 940 linear residual 4.556e-05
gmres iter 950 linear residual 4.529e-05
gmres iter 960 linear residual 4.476e-05
gmres iter 970 linear residual 4.464e-05
gmres iter 980 linear residual 4.458e-05
gmres iter 990 linear residual 4.454e-05
gmres iter 1000 linear residual 4.453e-05
linear solver hit the iteration cap (1000 iterations, flag 10)
increment failed (gmres_iteration_cap); cutting step to 0.02109
this increment is 0.021093749999999994 (target 0.2) ------------------------
gmres iter 10 linear residual 9.558e-03
gmres iter 20 linear residual 1.369e-03
gmres iter 30 linear residual 3.253e-04
gmres iter 40 linear residual 1.066e-04
gmres iter 50 linear residual 5.677e-05
gmres iter 60 linear residual 4.262e-05
gmres iter 70 linear residual 3.670e-05
gmres iter 80 linear residual 3.519e-05
gmres iter 90 linear residual 3.479e-05
gmres iter 100 linear residual 3.453e-05
gmres iter 110 linear residual 3.451e-05
gmres iter 120 linear residual 3.450e-05
gmres iter 130 linear residual 3.450e-05
gmres iter 140 linear residual 3.450e-05
gmres iter 150 linear residual 3.443e-05
gmres iter 160 linear residual 3.383e-05
gmres iter 170 linear residual 3.213e-05
gmres iter 180 linear residual 2.795e-05
gmres iter 190 linear residual 2.118e-05
gmres iter 200 linear residual 1.489e-05
gmres iter 210 linear residual 1.170e-05
gmres iter 220 linear residual 8.499e-06
gmres iter 230 linear residual 7.169e-06
gmres iter 240 linear residual 6.603e-06
gmres iter 250 linear residual 6.400e-06
gmres iter 260 linear residual 6.386e-06
gmres iter 270 linear residual 6.383e-06
gmres iter 280 linear residual 6.360e-06
gmres iter 290 linear residual 6.325e-06
gmres iter 300 linear residual 6.314e-06
gmres iter 310 linear residual 6.312e-06
gmres iter 320 linear residual 6.302e-06
gmres iter 330 linear residual 6.289e-06
gmres iter 340 linear residual 6.286e-06
gmres iter 350 linear residual 6.273e-06
gmres iter 360 linear residual 6.208e-06
gmres iter 370 linear residual 6.017e-06
gmres iter 380 linear residual 5.729e-06
gmres iter 390 linear residual 5.158e-06
gmres iter 400 linear residual 3.787e-06
gmres iter 410 linear residual 3.097e-06
gmres iter 420 linear residual 2.480e-06
gmres iter 430 linear residual 2.275e-06
gmres iter 440 linear residual 2.193e-06
gmres iter 450 linear residual 2.184e-06
gmres iter 460 linear residual 2.181e-06
gmres iter 470 linear residual 2.179e-06
gmres iter 480 linear residual 2.177e-06
gmres iter 490 linear residual 2.170e-06
gmres iter 500 linear residual 2.145e-06
gmres iter 510 linear residual 2.136e-06
gmres iter 520 linear residual 2.133e-06
gmres iter 530 linear residual 2.130e-06
gmres iter 540 linear residual 2.130e-06
gmres iter 550 linear residual 2.130e-06
gmres iter 560 linear residual 2.125e-06
gmres iter 570 linear residual 2.101e-06
gmres iter 580 linear residual 2.011e-06
gmres iter 590 linear residual 1.843e-06
gmres iter 600 linear residual 1.388e-06
gmres iter 610 linear residual 1.155e-06
gmres iter 620 linear residual 1.067e-06
gmres iter 630 linear residual 1.030e-06
gmres iter 640 linear residual 9.932e-07
gmres iter 650 linear residual 9.853e-07
gmres iter 660 linear residual 9.819e-07
gmres iter 670 linear residual 9.812e-07
gmres iter 680 linear residual 9.794e-07
gmres iter 690 linear residual 9.725e-07
gmres iter 700 linear residual 9.510e-07
gmres iter 710 linear residual 9.414e-07
gmres iter 720 linear residual 9.394e-07
gmres iter 730 linear residual 9.382e-07
gmres iter 740 linear residual 9.357e-07
gmres iter 750 linear residual 9.355e-07
gmres iter 760 linear residual 9.341e-07
gmres iter 770 linear residual 9.192e-07
gmres iter 780 linear residual 8.909e-07
gmres iter 790 linear residual 8.538e-07
gmres iter 800 linear residual 7.425e-07
gmres iter 810 linear residual 6.702e-07
gmres iter 820 linear residual 6.045e-07
gmres iter 830 linear residual 5.875e-07
gmres iter 840 linear residual 5.806e-07
gmres iter 850 linear residual 5.789e-07
gmres iter 860 linear residual 5.784e-07
gmres iter 870 linear residual 5.782e-07
gmres iter 880 linear residual 5.770e-07
gmres iter 890 linear residual 5.692e-07
gmres iter 900 linear residual 5.424e-07
gmres iter 910 linear residual 5.304e-07
gmres iter 920 linear residual 5.268e-07
gmres iter 930 linear residual 5.259e-07
gmres iter 940 linear residual 5.245e-07
gmres iter 950 linear residual 5.242e-07
gmres iter 960 linear residual 5.239e-07
gmres iter 970 linear residual 5.213e-07
gmres iter 980 linear residual 5.108e-07
gmres iter 990 linear residual 4.893e-07
gmres iter 1000 linear residual 4.530e-07
linear solver hit the iteration cap (1000 iterations, flag 10)
increment failed (gmres_iteration_cap); cutting step to 0.01055
this increment is 0.010546874999999997 (target 0.2) ------------------------
gmres iter 10 linear residual 9.539e-03
gmres iter 20 linear residual 1.365e-03
gmres iter 30 linear residual 3.152e-04
gmres iter 40 linear residual 8.937e-05
gmres iter 50 linear residual 3.391e-05
gmres iter 60 linear residual 1.919e-05
gmres iter 70 linear residual 1.218e-05
gmres iter 80 linear residual 6.883e-06
gmres iter 90 linear residual 3.569e-06
gmres iter 100 linear residual 1.663e-06
gmres iter 110 linear residual 1.144e-06
gmres iter 120 linear residual 6.051e-07
gmres iter 130 linear residual 3.157e-07
gmres iter 140 linear residual 1.820e-07
gmres iter 150 linear residual 1.273e-07
res 6.309e-03 (F-block 8.630e-03 p-block 4.623e-03) alpha 1 eta 1.00e-06 iter times 153
gmres iter 10 linear residual 2.659e-02
gmres iter 20 linear residual 7.419e-03
gmres iter 30 linear residual 2.389e-03
gmres iter 40 linear residual 1.116e-03
gmres iter 50 linear residual 6.270e-04
gmres iter 60 linear residual 2.947e-04
gmres iter 70 linear residual 1.185e-04
gmres iter 80 linear residual 4.384e-05
gmres iter 90 linear residual 1.620e-05
gmres iter 100 linear residual 5.598e-06
gmres iter 110 linear residual 2.647e-06
gmres iter 120 linear residual 9.812e-07
gmres iter 130 linear residual 3.800e-07
gmres iter 140 linear residual 1.596e-07
res 2.009e-04 (F-block 2.115e-05 p-block 1.614e-05) alpha 1 eta 1.00e-06 iter times 147
gmres iter 10 linear residual 4.035e-02
gmres iter 20 linear residual 8.626e-03
gmres iter 30 linear residual 3.402e-03
gmres iter 40 linear residual 1.839e-03
gmres iter 50 linear residual 8.264e-04
gmres iter 60 linear residual 3.041e-04
gmres iter 70 linear residual 1.099e-04
gmres iter 80 linear residual 3.748e-05
gmres iter 90 linear residual 1.390e-05
gmres iter 100 linear residual 5.178e-06
gmres iter 110 linear residual 2.292e-06
gmres iter 120 linear residual 8.073e-07
gmres iter 130 linear residual 2.866e-07
gmres iter 140 linear residual 1.106e-07
gmres iter 150 linear residual 4.588e-08
res 4.595e-07 (F-block 3.742e-10 p-block 3.174e-10) alpha 1 eta 1.00e-06 iter times 155
time this step...38.25875473022461
this increment is 0.010546874999999997 (target 0.2) ------------------------
gmres iter 10 linear residual 9.561e-03
gmres iter 20 linear residual 1.377e-03
gmres iter 30 linear residual 3.221e-04
gmres iter 40 linear residual 9.595e-05
gmres iter 50 linear residual 4.138e-05
gmres iter 60 linear residual 2.687e-05
gmres iter 70 linear residual 1.861e-05
gmres iter 80 linear residual 1.123e-05
gmres iter 90 linear residual 6.150e-06
gmres iter 100 linear residual 2.891e-06
gmres iter 110 linear residual 1.845e-06
gmres iter 120 linear residual 1.019e-06
gmres iter 130 linear residual 5.467e-07
gmres iter 140 linear residual 3.547e-07
gmres iter 150 linear residual 2.730e-07
gmres iter 160 linear residual 1.504e-07
res 6.264e-03 (F-block 8.657e-03 p-block 4.621e-03) alpha 1 eta 1.00e-06 iter times 164
gmres iter 10 linear residual 2.717e-02
gmres iter 20 linear residual 8.255e-03
gmres iter 30 linear residual 3.277e-03
gmres iter 40 linear residual 1.904e-03
gmres iter 50 linear residual 1.073e-03
gmres iter 60 linear residual 4.544e-04
gmres iter 70 linear residual 1.776e-04
gmres iter 80 linear residual 6.526e-05
gmres iter 90 linear residual 2.442e-05
gmres iter 100 linear residual 8.764e-06
gmres iter 110 linear residual 4.289e-06
gmres iter 120 linear residual 1.648e-06
gmres iter 130 linear residual 6.821e-07
gmres iter 140 linear residual 3.170e-07
gmres iter 150 linear residual 1.666e-07
res 2.451e-04 (F-block 6.789e-05 p-block 5.102e-05) alpha 1 eta 1.00e-06 iter times 157
gmres iter 10 linear residual 4.094e-02
gmres iter 20 linear residual 8.759e-03
gmres iter 30 linear residual 3.970e-03
gmres iter 40 linear residual 2.332e-03
gmres iter 50 linear residual 9.416e-04
gmres iter 60 linear residual 3.219e-04
gmres iter 70 linear residual 1.138e-04
gmres iter 80 linear residual 3.911e-05
gmres iter 90 linear residual 1.445e-05
gmres iter 100 linear residual 5.505e-06
gmres iter 110 linear residual 3.015e-06
gmres iter 120 linear residual 1.076e-06
gmres iter 130 linear residual 5.156e-07
gmres iter 140 linear residual 2.085e-07
res 1.698e-06 (F-block 7.058e-09 p-block 6.054e-09) alpha 1 eta 1.00e-06 iter times 146
time this step...38.72952461242676
this increment is 0.015820312499999996 (target 0.2) ------------------------
gmres iter 10 linear residual 9.594e-03
gmres iter 20 linear residual 1.392e-03
gmres iter 30 linear residual 3.360e-04
gmres iter 40 linear residual 1.164e-04
gmres iter 50 linear residual 6.913e-05
gmres iter 60 linear residual 5.819e-05
gmres iter 70 linear residual 5.434e-05
gmres iter 80 linear residual 5.343e-05
gmres iter 90 linear residual 5.309e-05
gmres iter 100 linear residual 5.228e-05
gmres iter 110 linear residual 5.201e-05
gmres iter 120 linear residual 5.183e-05
gmres iter 130 linear residual 5.150e-05
gmres iter 140 linear residual 5.062e-05
gmres iter 150 linear residual 4.874e-05
gmres iter 160 linear residual 3.827e-05
gmres iter 170 linear residual 2.473e-05
gmres iter 180 linear residual 1.605e-05
gmres iter 190 linear residual 7.365e-06
gmres iter 200 linear residual 3.897e-06
gmres iter 210 linear residual 2.803e-06
gmres iter 220 linear residual 1.676e-06
gmres iter 230 linear residual 1.050e-06
gmres iter 240 linear residual 7.681e-07
gmres iter 250 linear residual 6.126e-07
gmres iter 260 linear residual 5.806e-07
gmres iter 270 linear residual 5.765e-07
gmres iter 280 linear residual 5.749e-07
gmres iter 290 linear residual 5.669e-07
gmres iter 300 linear residual 5.442e-07
gmres iter 310 linear residual 5.325e-07
gmres iter 320 linear residual 5.271e-07
gmres iter 330 linear residual 5.239e-07
gmres iter 340 linear residual 5.145e-07
gmres iter 350 linear residual 4.983e-07
gmres iter 360 linear residual 4.388e-07
gmres iter 370 linear residual 3.104e-07
gmres iter 380 linear residual 1.941e-07
gmres iter 390 linear residual 1.365e-07
gmres iter 400 linear residual 9.341e-08
gmres iter 410 linear residual 5.370e-08
gmres iter 420 linear residual 3.631e-08
res 1.643e-02 (F-block 6.172e-01 p-block 6.071e-01) alpha 0.5 eta 1.00e-06 iter times 422
gmres iter 10 linear residual 2.222e-02
gmres iter 20 linear residual 4.635e-03
gmres iter 30 linear residual 1.741e-03
gmres iter 40 linear residual 5.922e-04
gmres iter 50 linear residual 2.470e-04
gmres iter 60 linear residual 1.122e-04
gmres iter 70 linear residual 4.628e-05
gmres iter 80 linear residual 1.653e-05
gmres iter 90 linear residual 6.835e-06
gmres iter 100 linear residual 3.118e-06
gmres iter 110 linear residual 1.918e-06
gmres iter 120 linear residual 9.767e-07
gmres iter 130 linear residual 4.153e-07
gmres iter 140 linear residual 1.970e-07
gmres iter 150 linear residual 1.098e-07
gmres iter 160 linear residual 5.372e-08
res 8.806e-03 (F-block 5.535e-02 p-block 5.766e-02) alpha 1 eta 1.00e-06 iter times 164
gmres iter 10 linear residual 7.498e-02
gmres iter 20 linear residual 3.159e-02
gmres iter 30 linear residual 1.039e-02
gmres iter 40 linear residual 2.720e-03
gmres iter 50 linear residual 8.891e-04
gmres iter 60 linear residual 3.399e-04
gmres iter 70 linear residual 1.285e-04
gmres iter 80 linear residual 4.704e-05
gmres iter 90 linear residual 1.771e-05
gmres iter 100 linear residual 6.442e-06
gmres iter 110 linear residual 3.196e-06
gmres iter 120 linear residual 1.270e-06
gmres iter 130 linear residual 5.107e-07
gmres iter 140 linear residual 2.273e-07
res 4.642e-03 (F-block 3.529e-02 p-block 3.024e-02) alpha 1 eta 1.00e-06 iter times 146
gmres iter 10 linear residual 4.382e-02
gmres iter 20 linear residual 1.921e-02
gmres iter 30 linear residual 8.744e-03
gmres iter 40 linear residual 2.533e-03
gmres iter 50 linear residual 7.593e-04
gmres iter 60 linear residual 2.721e-04
gmres iter 70 linear residual 1.020e-04
gmres iter 80 linear residual 3.656e-05
gmres iter 90 linear residual 1.358e-05
gmres iter 100 linear residual 5.066e-06
gmres iter 110 linear residual 2.473e-06
gmres iter 120 linear residual 1.012e-06
gmres iter 130 linear residual 4.048e-07
gmres iter 140 linear residual 1.612e-07
res 2.468e-03 (F-block 1.080e-02 p-block 9.841e-03) alpha 1 eta 1.00e-06 iter times 143
gmres iter 10 linear residual 5.050e-02
gmres iter 20 linear residual 2.209e-02
gmres iter 30 linear residual 1.250e-02
gmres iter 40 linear residual 4.529e-03
gmres iter 50 linear residual 1.462e-03
gmres iter 60 linear residual 5.191e-04
gmres iter 70 linear residual 1.827e-04
gmres iter 80 linear residual 6.573e-05
gmres iter 90 linear residual 2.408e-05
gmres iter 100 linear residual 9.097e-06
gmres iter 110 linear residual 4.261e-06
gmres iter 120 linear residual 1.823e-06
gmres iter 130 linear residual 9.450e-07
gmres iter 140 linear residual 5.664e-07
gmres iter 150 linear residual 2.248e-07
res 1.374e-03 (F-block 3.650e-03 p-block 3.021e-03) alpha 1 eta 1.00e-06 iter times 157
gmres iter 10 linear residual 4.327e-02
gmres iter 20 linear residual 1.361e-02
gmres iter 30 linear residual 8.479e-03
gmres iter 40 linear residual 4.261e-03
gmres iter 50 linear residual 1.505e-03
gmres iter 60 linear residual 5.351e-04
gmres iter 70 linear residual 1.846e-04
gmres iter 80 linear residual 6.402e-05
gmres iter 90 linear residual 2.317e-05
gmres iter 100 linear residual 8.754e-06
gmres iter 110 linear residual 4.454e-06
gmres iter 120 linear residual 2.001e-06
gmres iter 130 linear residual 1.103e-06
gmres iter 140 linear residual 5.317e-07
gmres iter 150 linear residual 2.781e-07
gmres iter 160 linear residual 1.455e-07
res 3.262e-04 (F-block 2.061e-04 p-block 1.718e-04) alpha 1 eta 1.00e-06 iter times 163
gmres iter 10 linear residual 4.269e-02
gmres iter 20 linear residual 1.153e-02
gmres iter 30 linear residual 6.667e-03
gmres iter 40 linear residual 3.811e-03
gmres iter 50 linear residual 1.526e-03
gmres iter 60 linear residual 5.596e-04
gmres iter 70 linear residual 1.865e-04
gmres iter 80 linear residual 6.167e-05
gmres iter 90 linear residual 2.141e-05
gmres iter 100 linear residual 8.101e-06
gmres iter 110 linear residual 4.569e-06
gmres iter 120 linear residual 1.952e-06
gmres iter 130 linear residual 9.529e-07
gmres iter 140 linear residual 3.676e-07
gmres iter 150 linear residual 1.767e-07
res 1.443e-05 (F-block 4.020e-07 p-block 3.466e-07) alpha 1 eta 1.00e-06 iter times 157
time this step...107.5068039894104
this increment is 0.015820312499999996 (target 0.2) ------------------------
gmres iter 10 linear residual 9.633e-03
gmres iter 20 linear residual 1.416e-03
gmres iter 30 linear residual 3.579e-04
gmres iter 40 linear residual 1.497e-04
gmres iter 50 linear residual 1.129e-04
gmres iter 60 linear residual 1.090e-04
gmres iter 70 linear residual 1.048e-04
gmres iter 80 linear residual 8.093e-05
gmres iter 90 linear residual 5.126e-05
gmres iter 100 linear residual 2.764e-05
gmres iter 110 linear residual 2.117e-05
gmres iter 120 linear residual 1.378e-05
gmres iter 130 linear residual 9.401e-06
gmres iter 140 linear residual 7.887e-06
gmres iter 150 linear residual 7.547e-06
gmres iter 160 linear residual 7.412e-06
gmres iter 170 linear residual 5.730e-06
gmres iter 180 linear residual 3.958e-06
gmres iter 190 linear residual 2.562e-06
gmres iter 200 linear residual 1.545e-06
gmres iter 210 linear residual 1.131e-06
gmres iter 220 linear residual 7.247e-07
gmres iter 230 linear residual 4.626e-07
gmres iter 240 linear residual 3.506e-07
gmres iter 250 linear residual 3.232e-07
gmres iter 260 linear residual 3.204e-07
gmres iter 270 linear residual 2.912e-07
gmres iter 280 linear residual 2.182e-07
gmres iter 290 linear residual 1.380e-07
res 9.473e-03 (F-block 1.624e-02 p-block 9.516e-03) alpha 1 eta 1.00e-06 iter times 297
gmres iter 10 linear residual 3.702e-02
gmres iter 20 linear residual 1.675e-02
gmres iter 30 linear residual 1.140e-02
gmres iter 40 linear residual 9.315e-03
gmres iter 50 linear residual 6.041e-03
gmres iter 60 linear residual 2.568e-03
gmres iter 70 linear residual 1.052e-03
gmres iter 80 linear residual 3.910e-04
gmres iter 90 linear residual 1.547e-04
gmres iter 100 linear residual 6.003e-05
gmres iter 110 linear residual 3.223e-05
gmres iter 120 linear residual 1.571e-05
gmres iter 130 linear residual 8.707e-06
gmres iter 140 linear residual 5.374e-06
gmres iter 150 linear residual 3.780e-06
gmres iter 160 linear residual 2.605e-06
gmres iter 170 linear residual 1.703e-06
gmres iter 180 linear residual 6.759e-07
gmres iter 190 linear residual 2.783e-07
gmres iter 200 linear residual 1.275e-07
res 1.624e-03 (F-block 1.142e-02 p-block 7.717e-03) alpha 0.5 eta 1.00e-06 iter times 200
gmres iter 10 linear residual 4.208e-02
gmres iter 20 linear residual 1.388e-02
gmres iter 30 linear residual 8.974e-03
gmres iter 40 linear residual 7.433e-03
gmres iter 50 linear residual 4.996e-03
gmres iter 60 linear residual 2.142e-03
gmres iter 70 linear residual 8.671e-04
gmres iter 80 linear residual 3.330e-04
gmres iter 90 linear residual 1.303e-04
gmres iter 100 linear residual 5.041e-05
gmres iter 110 linear residual 2.809e-05
gmres iter 120 linear residual 1.401e-05
gmres iter 130 linear residual 7.879e-06
gmres iter 140 linear residual 5.526e-06
gmres iter 150 linear residual 3.889e-06
gmres iter 160 linear residual 2.418e-06
gmres iter 170 linear residual 1.424e-06
gmres iter 180 linear residual 5.350e-07
gmres iter 190 linear residual 2.446e-07
res 1.763e-03 (F-block 5.475e-03 p-block 4.248e-03) alpha 1 eta 1.00e-06 iter times 199
gmres iter 10 linear residual 4.178e-02
gmres iter 20 linear residual 8.888e-03
gmres iter 30 linear residual 4.381e-03
gmres iter 40 linear residual 2.951e-03
gmres iter 50 linear residual 1.360e-03
gmres iter 60 linear residual 4.998e-04
gmres iter 70 linear residual 1.890e-04
gmres iter 80 linear residual 7.256e-05
gmres iter 90 linear residual 2.846e-05
gmres iter 100 linear residual 1.154e-05
gmres iter 110 linear residual 7.134e-06
gmres iter 120 linear residual 2.835e-06
gmres iter 130 linear residual 1.621e-06
gmres iter 140 linear residual 6.972e-07
gmres iter 150 linear residual 3.506e-07
gmres iter 160 linear residual 2.262e-07
gmres iter 170 linear residual 1.192e-07
gmres iter 180 linear residual 7.913e-08
gmres iter 190 linear residual 6.409e-08
gmres iter 200 linear residual 4.122e-08
res 2.509e-04 (F-block 1.130e-04 p-block 9.730e-05) alpha 1 eta 1.00e-06 iter times 204
gmres iter 10 linear residual 4.753e-02
gmres iter 20 linear residual 1.635e-02
gmres iter 30 linear residual 1.059e-02
gmres iter 40 linear residual 5.724e-03
gmres iter 50 linear residual 2.288e-03
gmres iter 60 linear residual 8.485e-04
gmres iter 70 linear residual 2.944e-04
gmres iter 80 linear residual 1.033e-04
gmres iter 90 linear residual 3.969e-05
gmres iter 100 linear residual 1.613e-05
gmres iter 110 linear residual 8.190e-06
gmres iter 120 linear residual 3.959e-06
gmres iter 130 linear residual 2.117e-06
gmres iter 140 linear residual 1.156e-06
gmres iter 150 linear residual 6.079e-07
gmres iter 160 linear residual 3.313e-07
gmres iter 170 linear residual 1.980e-07
res 1.420e-05 (F-block 3.984e-07 p-block 3.349e-07) alpha 1 eta 1.00e-06 iter times 179
time this step...85.94304752349854
this increment is 0.0003906250000000333 (target 0.2) ------------------------
gmres iter 10 linear residual 9.648e-03
gmres iter 20 linear residual 1.439e-03
gmres iter 30 linear residual 3.702e-04
gmres iter 40 linear residual 1.441e-04
gmres iter 50 linear residual 8.776e-05
gmres iter 60 linear residual 6.044e-05
gmres iter 70 linear residual 3.287e-05
gmres iter 80 linear residual 1.348e-05
gmres iter 90 linear residual 5.601e-06
gmres iter 100 linear residual 2.367e-06
gmres iter 110 linear residual 1.464e-06
gmres iter 120 linear residual 7.073e-07
gmres iter 130 linear residual 3.126e-07
gmres iter 140 linear residual 1.389e-07
res 2.267e-04 (F-block 3.299e-04 p-block 1.809e-04) alpha 1 eta 1.00e-06 iter times 142
gmres iter 10 linear residual 3.107e-02
gmres iter 20 linear residual 1.429e-02
gmres iter 30 linear residual 8.396e-03
gmres iter 40 linear residual 5.431e-03
gmres iter 50 linear residual 2.872e-03
gmres iter 60 linear residual 1.169e-03
gmres iter 70 linear residual 4.787e-04
gmres iter 80 linear residual 1.846e-04
gmres iter 90 linear residual 7.753e-05
gmres iter 100 linear residual 3.191e-05
gmres iter 110 linear residual 1.753e-05
gmres iter 120 linear residual 8.382e-06
gmres iter 130 linear residual 4.354e-06
gmres iter 140 linear residual 2.339e-06
gmres iter 150 linear residual 1.376e-06
gmres iter 160 linear residual 9.178e-07
gmres iter 170 linear residual 6.113e-07
gmres iter 180 linear residual 2.452e-07
gmres iter 190 linear residual 1.189e-07
gmres iter 200 linear residual 6.808e-08
gmres iter 210 linear residual 3.372e-08
res 8.547e-07 (F-block 4.917e-08 p-block 3.913e-08) alpha 1 eta 1.00e-06 iter times 211
time this step...27.882131814956665
now P is...
[[ 2.34609346e+00  1.11589894e-03 -3.60876754e-02]
 [ 8.54950380e-04  2.76203872e-11  1.91930974e-02]
 [-2.75507406e-02  1.91250859e-02  2.87716578e-11]]
now F is...
[[ 1.20000000e+00  4.95502848e-17  2.20490568e-17]
 [ 1.63975070e-17  9.19384736e-01 -6.22825763e-18]
 [-8.34782174e-19  1.65465752e-18  9.16126859e-01]]
intermediate results saved (2 increments in output.csv)
this increment is 0.0003906250000000333 (target 0.30000000000000004) ------------------------
gmres iter 10 linear residual 9.649e-03
gmres iter 20 linear residual 1.440e-03
gmres iter 30 linear residual 3.711e-04
gmres iter 40 linear residual 1.453e-04
gmres iter 50 linear residual 8.888e-05
gmres iter 60 linear residual 6.114e-05
gmres iter 70 linear residual 3.311e-05
gmres iter 80 linear residual 1.356e-05
gmres iter 90 linear residual 5.641e-06
gmres iter 100 linear residual 2.385e-06
gmres iter 110 linear residual 1.472e-06
gmres iter 120 linear residual 7.124e-07
gmres iter 130 linear residual 3.147e-07
gmres iter 140 linear residual 1.399e-07
res 2.266e-04 (F-block 3.303e-04 p-block 1.814e-04) alpha 1 eta 1.00e-06 iter times 142
gmres iter 10 linear residual 3.121e-02
gmres iter 20 linear residual 1.448e-02
gmres iter 30 linear residual 8.521e-03
gmres iter 40 linear residual 5.492e-03
gmres iter 50 linear residual 2.895e-03
gmres iter 60 linear residual 1.178e-03
gmres iter 70 linear residual 4.827e-04
gmres iter 80 linear residual 1.862e-04
gmres iter 90 linear residual 7.831e-05
gmres iter 100 linear residual 3.228e-05
gmres iter 110 linear residual 1.776e-05
gmres iter 120 linear residual 8.521e-06
gmres iter 130 linear residual 4.434e-06
gmres iter 140 linear residual 2.379e-06
gmres iter 150 linear residual 1.398e-06
gmres iter 160 linear residual 9.332e-07
gmres iter 170 linear residual 6.228e-07
gmres iter 180 linear residual 2.499e-07
res 8.682e-07 (F-block 5.087e-08 p-block 4.050e-08) alpha 1 eta 1.00e-06 iter times 189
time this step...26.36387014389038
this increment is 0.00058593750000005 (target 0.30000000000000004) ------------------------
gmres iter 10 linear residual 9.650e-03
gmres iter 20 linear residual 1.441e-03
gmres iter 30 linear residual 3.721e-04
gmres iter 40 linear residual 1.468e-04
gmres iter 50 linear residual 9.072e-05
gmres iter 60 linear residual 6.263e-05
gmres iter 70 linear residual 3.396e-05
gmres iter 80 linear residual 1.396e-05
gmres iter 90 linear residual 5.852e-06
gmres iter 100 linear residual 2.484e-06
gmres iter 110 linear residual 1.523e-06
gmres iter 120 linear residual 7.407e-07
gmres iter 130 linear residual 3.269e-07
gmres iter 140 linear residual 1.461e-07
res 3.400e-04 (F-block 4.972e-04 p-block 2.739e-04) alpha 1 eta 1.00e-06 iter times 143
gmres iter 10 linear residual 3.153e-02
gmres iter 20 linear residual 1.492e-02
gmres iter 30 linear residual 8.825e-03
gmres iter 40 linear residual 5.643e-03
gmres iter 50 linear residual 2.946e-03
gmres iter 60 linear residual 1.195e-03
gmres iter 70 linear residual 4.883e-04
gmres iter 80 linear residual 1.875e-04
gmres iter 90 linear residual 7.863e-05
gmres iter 100 linear residual 3.221e-05
gmres iter 110 linear residual 1.758e-05
gmres iter 120 linear residual 8.423e-06
gmres iter 130 linear residual 4.420e-06
gmres iter 140 linear residual 2.390e-06
gmres iter 150 linear residual 1.410e-06
gmres iter 160 linear residual 9.408e-07
gmres iter 170 linear residual 6.234e-07
gmres iter 180 linear residual 2.500e-07
res 2.032e-06 (F-block 1.870e-07 p-block 1.490e-07) alpha 1 eta 1.00e-06 iter times 189
time this step...25.953723192214966
this increment is 0.0008789062500000749 (target 0.30000000000000004) ------------------------
gmres iter 10 linear residual 9.652e-03
gmres iter 20 linear residual 1.442e-03
gmres iter 30 linear residual 3.736e-04
gmres iter 40 linear residual 1.493e-04
gmres iter 50 linear residual 9.354e-05
gmres iter 60 linear residual 6.492e-05
gmres iter 70 linear residual 3.529e-05
gmres iter 80 linear residual 1.460e-05
gmres iter 90 linear residual 6.189e-06
gmres iter 100 linear residual 2.642e-06
gmres iter 110 linear residual 1.603e-06
gmres iter 120 linear residual 7.851e-07
gmres iter 130 linear residual 3.461e-07
gmres iter 140 linear residual 1.562e-07
res 5.101e-04 (F-block 7.501e-04 p-block 4.155e-04) alpha 1 eta 1.00e-06 iter times 144
gmres iter 10 linear residual 3.204e-02
gmres iter 20 linear residual 1.557e-02
gmres iter 30 linear residual 9.256e-03
gmres iter 40 linear residual 5.846e-03
gmres iter 50 linear residual 3.017e-03
gmres iter 60 linear residual 1.221e-03
gmres iter 70 linear residual 4.979e-04
gmres iter 80 linear residual 1.907e-04
gmres iter 90 linear residual 7.995e-05
gmres iter 100 linear residual 3.268e-05
gmres iter 110 linear residual 1.776e-05
gmres iter 120 linear residual 8.554e-06
gmres iter 130 linear residual 4.529e-06
gmres iter 140 linear residual 2.456e-06
gmres iter 150 linear residual 1.451e-06
gmres iter 160 linear residual 9.671e-07
gmres iter 170 linear residual 6.382e-07
gmres iter 180 linear residual 2.550e-07
gmres iter 190 linear residual 1.256e-07
gmres iter 200 linear residual 7.336e-08
gmres iter 210 linear residual 3.643e-08
res 4.825e-06 (F-block 7.087e-07 p-block 5.651e-07) alpha 1 eta 1.00e-06 iter times 213
time this step...27.012856245040894
this increment is 0.0013183593750001124 (target 0.30000000000000004) ------------------------
gmres iter 10 linear residual 9.654e-03
gmres iter 20 linear residual 1.443e-03
gmres iter 30 linear residual 3.760e-04
gmres iter 40 linear residual 1.531e-04
gmres iter 50 linear residual 9.794e-05
gmres iter 60 linear residual 6.850e-05
gmres iter 70 linear residual 3.739e-05
gmres iter 80 linear residual 1.562e-05
gmres iter 90 linear residual 6.741e-06
gmres iter 100 linear residual 2.901e-06
gmres iter 110 linear residual 1.733e-06
gmres iter 120 linear residual 8.568e-07
gmres iter 130 linear residual 3.771e-07
gmres iter 140 linear residual 1.729e-07
res 7.654e-04 (F-block 1.137e-03 p-block 6.358e-04) alpha 1 eta 1.00e-06 iter times 147
gmres iter 10 linear residual 3.287e-02
gmres iter 20 linear residual 1.656e-02
gmres iter 30 linear residual 9.899e-03
gmres iter 40 linear residual 6.127e-03
gmres iter 50 linear residual 3.111e-03
gmres iter 60 linear residual 1.256e-03
gmres iter 70 linear residual 5.113e-04
gmres iter 80 linear residual 1.954e-04
gmres iter 90 linear residual 8.212e-05
gmres iter 100 linear residual 3.359e-05
gmres iter 110 linear residual 1.823e-05
gmres iter 120 linear residual 8.890e-06
gmres iter 130 linear residual 4.757e-06
gmres iter 140 linear residual 2.571e-06
gmres iter 150 linear residual 1.514e-06
gmres iter 160 linear residual 1.009e-06
gmres iter 170 linear residual 6.643e-07
gmres iter 180 linear residual 2.640e-07
gmres iter 190 linear residual 1.255e-07
res 1.173e-05 (F-block 2.817e-06 p-block 2.248e-06) alpha 1 eta 1.00e-06 iter times 190
time this step...25.696000814437866
this increment is 0.0019775390625001686 (target 0.30000000000000004) ------------------------
gmres iter 10 linear residual 9.658e-03
gmres iter 20 linear residual 1.445e-03
gmres iter 30 linear residual 3.799e-04
gmres iter 40 linear residual 1.592e-04
gmres iter 50 linear residual 1.049e-04
gmres iter 60 linear residual 7.417e-05
gmres iter 70 linear residual 4.078e-05
gmres iter 80 linear residual 1.734e-05
gmres iter 90 linear residual 7.686e-06
gmres iter 100 linear residual 3.345e-06
gmres iter 110 linear residual 1.955e-06
gmres iter 120 linear residual 9.760e-07
gmres iter 130 linear residual 4.294e-07
gmres iter 140 linear residual 2.026e-07
gmres iter 150 linear residual 1.331e-07
res 1.149e-03 (F-block 1.739e-03 p-block 9.905e-04) alpha 1 eta 1.00e-06 iter times 152
gmres iter 10 linear residual 3.429e-02
gmres iter 20 linear residual 1.813e-02
gmres iter 30 linear residual 1.087e-02
gmres iter 40 linear residual 6.497e-03
gmres iter 50 linear residual 3.225e-03
gmres iter 60 linear residual 1.302e-03
gmres iter 70 linear residual 5.292e-04
gmres iter 80 linear residual 2.019e-04
gmres iter 90 linear residual 8.526e-05
gmres iter 100 linear residual 3.492e-05
gmres iter 110 linear residual 1.900e-05
gmres iter 120 linear residual 9.480e-06
gmres iter 130 linear residual 5.136e-06
gmres iter 140 linear residual 2.730e-06
gmres iter 150 linear residual 1.591e-06
gmres iter 160 linear residual 1.057e-06
gmres iter 170 linear residual 6.959e-07
gmres iter 180 linear residual 2.756e-07
gmres iter 190 linear residual 1.315e-07
res 2.944e-05 (F-block 1.196e-05 p-block 9.563e-06) alpha 1 eta 1.00e-06 iter times 191
gmres iter 10 linear residual 4.348e-02
gmres iter 20 linear residual 1.430e-02
gmres iter 30 linear residual 9.741e-03
gmres iter 40 linear residual 5.338e-03
gmres iter 50 linear residual 1.939e-03
gmres iter 60 linear residual 7.410e-04
gmres iter 70 linear residual 3.034e-04
gmres iter 80 linear residual 1.191e-04
gmres iter 90 linear residual 4.585e-05
gmres iter 100 linear residual 1.809e-05
gmres iter 110 linear residual 9.183e-06
gmres iter 120 linear residual 4.494e-06
gmres iter 130 linear residual 2.807e-06
gmres iter 140 linear residual 1.533e-06
gmres iter 150 linear residual 8.349e-07
gmres iter 160 linear residual 4.674e-07
gmres iter 170 linear residual 2.438e-07
res 1.720e-07 (F-block 4.528e-10 p-block 3.789e-10) alpha 1 eta 1.00e-06 iter times 179
time this step...39.584158182144165
this increment is 0.002966308593750253 (target 0.30000000000000004) ------------------------
gmres iter 10 linear residual 9.664e-03
gmres iter 20 linear residual 1.449e-03
gmres iter 30 linear residual 3.865e-04
gmres iter 40 linear residual 1.693e-04
gmres iter 50 linear residual 1.162e-04
gmres iter 60 linear residual 8.342e-05
gmres iter 70 linear residual 4.651e-05
gmres iter 80 linear residual 2.040e-05
gmres iter 90 linear residual 9.417e-06
gmres iter 100 linear residual 4.159e-06
gmres iter 110 linear residual 2.366e-06
gmres iter 120 linear residual 1.186e-06
gmres iter 130 linear residual 5.255e-07
gmres iter 140 linear residual 2.607e-07
gmres iter 150 linear residual 1.782e-07
res 1.728e-03 (F-block 2.725e-03 p-block 1.609e-03) alpha 1 eta 1.00e-06 iter times 159
gmres iter 10 linear residual 3.682e-02
gmres iter 20 linear residual 2.055e-02
gmres iter 30 linear residual 1.231e-02
gmres iter 40 linear residual 6.899e-03
gmres iter 50 linear residual 3.316e-03
gmres iter 60 linear residual 1.346e-03
gmres iter 70 linear residual 5.458e-04
gmres iter 80 linear residual 2.074e-04
gmres iter 90 linear residual 8.797e-05
gmres iter 100 linear residual 3.620e-05
gmres iter 110 linear residual 1.979e-05
gmres iter 120 linear residual 1.029e-05
gmres iter 130 linear residual 5.616e-06
gmres iter 140 linear residual 2.858e-06
gmres iter 150 linear residual 1.633e-06
gmres iter 160 linear residual 1.071e-06
gmres iter 170 linear residual 7.051e-07
gmres iter 180 linear residual 2.784e-07
gmres iter 190 linear residual 1.337e-07
res 7.719e-05 (F-block 5.534e-05 p-block 4.430e-05) alpha 1 eta 1.00e-06 iter times 191
gmres iter 10 linear residual 4.395e-02
gmres iter 20 linear residual 1.533e-02
gmres iter 30 linear residual 1.054e-02
gmres iter 40 linear residual 5.512e-03
gmres iter 50 linear residual 1.974e-03
gmres iter 60 linear residual 7.702e-04
gmres iter 70 linear residual 3.215e-04
gmres iter 80 linear residual 1.275e-04
gmres iter 90 linear residual 4.922e-05
gmres iter 100 linear residual 1.948e-05
gmres iter 110 linear residual 9.799e-06
gmres iter 120 linear residual 4.766e-06
gmres iter 130 linear residual 2.937e-06
gmres iter 140 linear residual 1.663e-06
gmres iter 150 linear residual 8.770e-07
gmres iter 160 linear residual 4.759e-07
gmres iter 170 linear residual 2.547e-07
res 1.273e-06 (F-block 1.654e-08 p-block 1.380e-08) alpha 1 eta 1.00e-06 iter times 179
time this step...40.04776692390442
this increment is 0.004449462890625379 (target 0.30000000000000004) ------------------------
gmres iter 10 linear residual 9.673e-03
gmres iter 20 linear residual 1.455e-03
gmres iter 30 linear residual 3.978e-04
gmres iter 40 linear residual 1.864e-04
gmres iter 50 linear residual 1.348e-04
gmres iter 60 linear residual 9.891e-05
gmres iter 70 linear residual 5.671e-05
gmres iter 80 linear residual 2.632e-05
gmres iter 90 linear residual 1.290e-05
gmres iter 100 linear residual 5.808e-06
gmres iter 110 linear residual 3.246e-06
gmres iter 120 linear residual 1.623e-06
gmres iter 130 linear residual 7.451e-07
gmres iter 140 linear residual 4.023e-07
gmres iter 150 linear residual 2.907e-07
gmres iter 160 linear residual 2.067e-07
gmres iter 170 linear residual 1.311e-07
res 2.609e-03 (F-block 4.559e-03 p-block 2.899e-03) alpha 1 eta 1.00e-06 iter times 172
gmres iter 10 linear residual 4.114e-02
gmres iter 20 linear residual 2.384e-02
gmres iter 30 linear residual 1.407e-02
gmres iter 40 linear residual 6.973e-03
gmres iter 50 linear residual 3.177e-03
gmres iter 60 linear residual 1.306e-03
gmres iter 70 linear residual 5.256e-04
gmres iter 80 linear residual 1.996e-04
gmres iter 90 linear residual 8.537e-05
gmres iter 100 linear residual 3.534e-05
gmres iter 110 linear residual 1.942e-05
gmres iter 120 linear residual 1.074e-05
gmres iter 130 linear residual 5.717e-06
gmres iter 140 linear residual 2.643e-06
gmres iter 150 linear residual 1.443e-06
gmres iter 160 linear residual 9.062e-07
gmres iter 170 linear residual 5.927e-07
gmres iter 180 linear residual 2.335e-07
res 2.115e-04 (F-block 2.774e-04 p-block 2.225e-04) alpha 1 eta 1.00e-06 iter times 188
gmres iter 10 linear residual 4.480e-02
gmres iter 20 linear residual 1.713e-02
gmres iter 30 linear residual 1.174e-02
gmres iter 40 linear residual 5.684e-03
gmres iter 50 linear residual 1.998e-03
gmres iter 60 linear residual 7.990e-04
gmres iter 70 linear residual 3.442e-04
gmres iter 80 linear residual 1.384e-04
gmres iter 90 linear residual 5.372e-05
gmres iter 100 linear residual 2.146e-05
gmres iter 110 linear residual 1.078e-05
gmres iter 120 linear residual 5.042e-06
gmres iter 130 linear residual 2.954e-06
gmres iter 140 linear residual 1.784e-06
gmres iter 150 linear residual 8.783e-07
gmres iter 160 linear residual 4.445e-07
gmres iter 170 linear residual 2.545e-07
res 1.034e-05 (F-block 7.252e-07 p-block 6.035e-07) alpha 1 eta 1.00e-06 iter times 179
time this step...40.82810163497925
this increment is 0.006674194335938069 (target 0.30000000000000004) ------------------------
gmres iter 10 linear residual 9.688e-03
gmres iter 20 linear residual 1.466e-03
gmres iter 30 linear residual 4.184e-04
gmres iter 40 linear residual 2.159e-04
gmres iter 50 linear residual 1.661e-04
gmres iter 60 linear residual 1.257e-04
gmres iter 70 linear residual 7.631e-05
gmres iter 80 linear residual 3.939e-05
gmres iter 90 linear residual 2.106e-05
gmres iter 100 linear residual 9.751e-06
gmres iter 110 linear residual 5.735e-06
gmres iter 120 linear residual 3.049e-06
gmres iter 130 linear residual 1.512e-06
gmres iter 140 linear residual 9.074e-07
gmres iter 150 linear residual 6.847e-07
gmres iter 160 linear residual 5.483e-07
gmres iter 170 linear residual 3.572e-07
gmres iter 180 linear residual 2.555e-07
gmres iter 190 linear residual 1.720e-07
res 3.994e-03 (F-block 9.282e-03 p-block 6.649e-03) alpha 1 eta 1.00e-06 iter times 196
gmres iter 10 linear residual 4.627e-02
gmres iter 20 linear residual 2.621e-02
gmres iter 30 linear residual 1.459e-02
gmres iter 40 linear residual 5.835e-03
gmres iter 50 linear residual 2.377e-03
gmres iter 60 linear residual 1.004e-03
gmres iter 70 linear residual 4.027e-04
gmres iter 80 linear residual 1.500e-04
gmres iter 90 linear residual 6.416e-05
gmres iter 100 linear residual 2.726e-05
gmres iter 110 linear residual 1.468e-05
gmres iter 120 linear residual 8.056e-06
gmres iter 130 linear residual 3.814e-06
gmres iter 140 linear residual 1.540e-06
gmres iter 150 linear residual 7.443e-07
gmres iter 160 linear residual 4.237e-07
gmres iter 170 linear residual 2.749e-07
res 5.925e-04 (F-block 1.425e-03 p-block 1.147e-03) alpha 1 eta 1.00e-06 iter times 178
gmres iter 10 linear residual 4.658e-02
gmres iter 20 linear residual 2.041e-02
gmres iter 30 linear residual 1.343e-02
gmres iter 40 linear residual 5.655e-03
gmres iter 50 linear residual 1.964e-03
gmres iter 60 linear residual 8.291e-04
gmres iter 70 linear residual 3.667e-04
gmres iter 80 linear residual 1.491e-04
gmres iter 90 linear residual 5.895e-05
gmres iter 100 linear residual 2.409e-05
gmres iter 110 linear residual 1.232e-05
gmres iter 120 linear residual 5.316e-06
gmres iter 130 linear residual 2.607e-06
gmres iter 140 linear residual 1.611e-06
gmres iter 150 linear residual 7.026e-07
gmres iter 160 linear residual 2.747e-07
gmres iter 170 linear residual 1.654e-07
res 8.501e-05 (F-block 3.247e-05 p-block 2.693e-05) alpha 1 eta 1.00e-06 iter times 175
gmres iter 10 linear residual 4.623e-02
gmres iter 20 linear residual 1.928e-02
gmres iter 30 linear residual 1.274e-02
gmres iter 40 linear residual 5.643e-03
gmres iter 50 linear residual 1.991e-03
gmres iter 60 linear residual 8.066e-04
gmres iter 70 linear residual 3.451e-04
gmres iter 80 linear residual 1.421e-04
gmres iter 90 linear residual 5.613e-05
gmres iter 100 linear residual 2.278e-05
gmres iter 110 linear residual 1.166e-05
gmres iter 120 linear residual 5.432e-06
gmres iter 130 linear residual 3.131e-06
gmres iter 140 linear residual 2.043e-06
gmres iter 150 linear residual 8.718e-07
gmres iter 160 linear residual 4.015e-07
gmres iter 170 linear residual 2.362e-07
res 1.849e-06 (F-block 1.546e-08 p-block 1.300e-08) alpha 1 eta 1.00e-06 iter times 178
time this step...54.89375948905945
this increment is 0.010011291503907102 (target 0.30000000000000004) ------------------------
gmres iter 10 linear residual 9.714e-03
gmres iter 20 linear residual 1.490e-03
gmres iter 30 linear residual 4.571e-04
gmres iter 40 linear residual 2.667e-04
gmres iter 50 linear residual 2.179e-04
gmres iter 60 linear residual 1.730e-04
gmres iter 70 linear residual 1.184e-04
gmres iter 80 linear residual 7.392e-05
gmres iter 90 linear residual 4.491e-05
gmres iter 100 linear residual 2.257e-05
gmres iter 110 linear residual 1.553e-05
gmres iter 120 linear residual 9.629e-06
gmres iter 130 linear residual 5.610e-06
gmres iter 140 linear residual 3.845e-06
gmres iter 150 linear residual 3.214e-06
gmres iter 160 linear residual 2.852e-06
gmres iter 170 linear residual 2.107e-06
gmres iter 180 linear residual 1.421e-06
gmres iter 190 linear residual 1.034e-06
gmres iter 200 linear residual 6.608e-07
gmres iter 210 linear residual 5.290e-07
gmres iter 220 linear residual 3.994e-07
gmres iter 230 linear residual 3.087e-07
gmres iter 240 linear residual 2.342e-07
gmres iter 250 linear residual 1.788e-07
gmres iter 260 linear residual 1.410e-07
res 6.473e-03 (F-block 3.039e-02 p-block 2.404e-02) alpha 1 eta 1.00e-06 iter times 266
gmres iter 10 linear residual 4.583e-02
gmres iter 20 linear residual 2.242e-02
gmres iter 30 linear residual 1.060e-02
gmres iter 40 linear residual 3.403e-03
gmres iter 50 linear residual 1.276e-03
gmres iter 60 linear residual 5.940e-04
gmres iter 70 linear residual 2.595e-04
gmres iter 80 linear residual 1.051e-04
gmres iter 90 linear residual 4.638e-05
gmres iter 100 linear residual 2.023e-05
gmres iter 110 linear residual 1.204e-05
gmres iter 120 linear residual 6.351e-06
gmres iter 130 linear residual 3.259e-06
gmres iter 140 linear residual 1.793e-06
gmres iter 150 linear residual 7.101e-07
gmres iter 160 linear residual 2.950e-07
gmres iter 170 linear residual 1.768e-07
res 1.676e-03 (F-block 7.000e-03 p-block 5.748e-03) alpha 1 eta 1.00e-06 iter times 172
gmres iter 10 linear residual 5.134e-02
gmres iter 20 linear residual 2.640e-02
gmres iter 30 linear residual 1.447e-02
gmres iter 40 linear residual 4.833e-03
gmres iter 50 linear residual 1.710e-03
gmres iter 60 linear residual 7.768e-04
gmres iter 70 linear residual 3.484e-04
gmres iter 80 linear residual 1.446e-04
gmres iter 90 linear residual 6.081e-05
gmres iter 100 linear residual 2.502e-05
gmres iter 110 linear residual 1.317e-05
gmres iter 120 linear residual 6.268e-06
gmres iter 130 linear residual 2.648e-06
gmres iter 140 linear residual 1.298e-06
gmres iter 150 linear residual 5.749e-07
gmres iter 160 linear residual 1.894e-07
gmres iter 170 linear residual 1.255e-07
gmres iter 180 linear residual 8.969e-08
gmres iter 190 linear residual 3.572e-08
res 5.878e-04 (F-block 1.009e-03 p-block 8.353e-04) alpha 1 eta 1.00e-06 iter times 191
gmres iter 10 linear residual 4.852e-02
gmres iter 20 linear residual 2.300e-02
gmres iter 30 linear residual 1.402e-02
gmres iter 40 linear residual 5.291e-03
gmres iter 50 linear residual 1.873e-03
gmres iter 60 linear residual 8.250e-04
gmres iter 70 linear residual 3.731e-04
gmres iter 80 linear residual 1.561e-04
gmres iter 90 linear residual 6.357e-05
gmres iter 100 linear residual 2.643e-05
gmres iter 110 linear residual 1.400e-05
gmres iter 120 linear residual 6.151e-06
gmres iter 130 linear residual 2.949e-06
gmres iter 140 linear residual 1.785e-06
gmres iter 150 linear residual 7.126e-07
gmres iter 160 linear residual 2.087e-07
gmres iter 170 linear residual 1.085e-07
gmres iter 180 linear residual 8.256e-08
gmres iter 190 linear residual 5.523e-08
res 8.602e-05 (F-block 2.198e-05 p-block 1.844e-05) alpha 1 eta 1.00e-06 iter times 197
gmres iter 10 linear residual 4.776e-02
gmres iter 20 linear residual 2.193e-02
gmres iter 30 linear residual 1.355e-02
gmres iter 40 linear residual 5.299e-03
gmres iter 50 linear residual 1.896e-03
gmres iter 60 linear residual 8.258e-04
gmres iter 70 linear residual 3.727e-04
gmres iter 80 linear residual 1.581e-04
gmres iter 90 linear residual 6.378e-05
gmres iter 100 linear residual 2.616e-05
gmres iter 110 linear residual 1.387e-05
gmres iter 120 linear residual 6.117e-06
gmres iter 130 linear residual 3.037e-06
gmres iter 140 linear residual 1.922e-06
gmres iter 150 linear residual 7.669e-07
gmres iter 160 linear residual 2.416e-07
gmres iter 170 linear residual 1.259e-07
gmres iter 180 linear residual 1.035e-07
gmres iter 190 linear residual 8.255e-08
gmres iter 200 linear residual 3.144e-08
res 1.809e-06 (F-block 9.791e-09 p-block 8.270e-09) alpha 1 eta 1.00e-06 iter times 200
time this step...74.33508372306824
this increment is 0.010011291503907102 (target 0.30000000000000004) ------------------------
gmres iter 10 linear residual 9.748e-03
gmres iter 20 linear residual 1.531e-03
gmres iter 30 linear residual 4.962e-04
gmres iter 40 linear residual 2.927e-04
gmres iter 50 linear residual 2.216e-04
gmres iter 60 linear residual 1.459e-04
gmres iter 70 linear residual 8.034e-05
gmres iter 80 linear residual 4.412e-05
gmres iter 90 linear residual 2.598e-05
gmres iter 100 linear residual 1.329e-05
gmres iter 110 linear residual 8.995e-06
gmres iter 120 linear residual 5.579e-06
gmres iter 130 linear residual 3.185e-06
gmres iter 140 linear residual 2.005e-06
gmres iter 150 linear residual 1.554e-06
gmres iter 160 linear residual 1.288e-06
gmres iter 170 linear residual 7.938e-07
gmres iter 180 linear residual 4.313e-07
gmres iter 190 linear residual 2.596e-07
gmres iter 200 linear residual 1.406e-07
res 5.960e-03 (F-block 1.453e-02 p-block 1.050e-02) alpha 1 eta 1.00e-06 iter times 206
gmres iter 10 linear residual 5.184e-02
gmres iter 20 linear residual 2.864e-02
gmres iter 30 linear residual 1.266e-02
gmres iter 40 linear residual 4.490e-03
gmres iter 50 linear residual 1.778e-03
gmres iter 60 linear residual 8.423e-04
gmres iter 70 linear residual 3.724e-04
gmres iter 80 linear residual 1.613e-04
gmres iter 90 linear residual 8.068e-05
gmres iter 100 linear residual 3.888e-05
gmres iter 110 linear residual 2.494e-05
gmres iter 120 linear residual 1.491e-05
gmres iter 130 linear residual 7.421e-06
gmres iter 140 linear residual 4.123e-06
gmres iter 150 linear residual 1.905e-06
gmres iter 160 linear residual 6.411e-07
gmres iter 170 linear residual 3.354e-07
gmres iter 180 linear residual 1.729e-07
res 1.039e-03 (F-block 2.509e-03 p-block 2.066e-03) alpha 1 eta 1.00e-06 iter times 182
gmres iter 10 linear residual 5.001e-02
gmres iter 20 linear residual 2.567e-02
gmres iter 30 linear residual 1.413e-02
gmres iter 40 linear residual 4.841e-03
gmres iter 50 linear residual 1.778e-03
gmres iter 60 linear residual 8.557e-04
gmres iter 70 linear residual 4.005e-04
gmres iter 80 linear residual 1.704e-04
gmres iter 90 linear residual 7.430e-05
gmres iter 100 linear residual 3.112e-05
gmres iter 110 linear residual 1.691e-05
gmres iter 120 linear residual 9.127e-06
gmres iter 130 linear residual 3.905e-06
gmres iter 140 linear residual 1.830e-06
gmres iter 150 linear residual 8.693e-07
gmres iter 160 linear residual 3.262e-07
gmres iter 170 linear residual 2.179e-07
res 1.988e-04 (F-block 1.145e-04 p-block 9.560e-05) alpha 1 eta 1.00e-06 iter times 177
gmres iter 10 linear residual 4.946e-02
gmres iter 20 linear residual 2.399e-02
gmres iter 30 linear residual 1.384e-02
gmres iter 40 linear residual 4.955e-03
gmres iter 50 linear residual 1.806e-03
gmres iter 60 linear residual 8.469e-04
gmres iter 70 linear residual 3.964e-04
gmres iter 80 linear residual 1.702e-04
gmres iter 90 linear residual 7.188e-05
gmres iter 100 linear residual 3.051e-05
gmres iter 110 linear residual 1.669e-05
gmres iter 120 linear residual 7.896e-06
gmres iter 130 linear residual 3.577e-06
gmres iter 140 linear residual 1.991e-06
gmres iter 150 linear residual 8.247e-07
gmres iter 160 linear residual 3.005e-07
gmres iter 170 linear residual 2.011e-07
res 9.009e-06 (F-block 2.379e-07 p-block 2.014e-07) alpha 1 eta 1.00e-06 iter times 177
time this step...54.52427291870117
this increment is 0.010011291503907102 (target 0.30000000000000004) ------------------------
gmres iter 10 linear residual 9.789e-03
gmres iter 20 linear residual 1.580e-03
gmres iter 30 linear residual 5.274e-04
gmres iter 40 linear residual 2.996e-04
gmres iter 50 linear residual 2.059e-04
gmres iter 60 linear residual 1.175e-04
gmres iter 70 linear residual 5.796e-05
gmres iter 80 linear residual 3.034e-05
gmres iter 90 linear residual 1.812e-05
gmres iter 100 linear residual 9.906e-06
gmres iter 110 linear residual 6.715e-06
gmres iter 120 linear residual 4.379e-06
gmres iter 130 linear residual 2.803e-06
gmres iter 140 linear residual 1.834e-06
gmres iter 150 linear residual 1.398e-06
gmres iter 160 linear residual 9.909e-07
gmres iter 170 linear residual 4.812e-07
gmres iter 180 linear residual 2.719e-07
gmres iter 190 linear residual 1.849e-07
gmres iter 200 linear residual 1.268e-07
gmres iter 210 linear residual 9.601e-08
gmres iter 220 linear residual 6.752e-08
gmres iter 230 linear residual 4.413e-08
res 5.780e-03 (F-block 1.071e-02 p-block 6.904e-03) alpha 1 eta 1.00e-06 iter times 237
gmres iter 10 linear residual 5.420e-02
gmres iter 20 linear residual 2.961e-02
gmres iter 30 linear residual 1.201e-02
gmres iter 40 linear residual 4.573e-03
gmres iter 50 linear residual 1.967e-03
gmres iter 60 linear residual 9.756e-04
gmres iter 70 linear residual 4.660e-04
gmres iter 80 linear residual 2.336e-04
gmres iter 90 linear residual 1.321e-04
gmres iter 100 linear residual 6.845e-05
gmres iter 110 linear residual 4.631e-05
gmres iter 120 linear residual 2.796e-05
gmres iter 130 linear residual 1.413e-05
gmres iter 140 linear residual 8.712e-06
gmres iter 150 linear residual 4.491e-06
gmres iter 160 linear residual 1.549e-06
gmres iter 170 linear residual 8.728e-07
gmres iter 180 linear residual 4.385e-07
gmres iter 190 linear residual 1.834e-07
gmres iter 200 linear residual 1.134e-07
gmres iter 210 linear residual 7.854e-08
gmres iter 220 linear residual 3.839e-08
res 7.406e-04 (F-block 1.092e-03 p-block 9.162e-04) alpha 1 eta 1.00e-06 iter times 222
gmres iter 10 linear residual 4.987e-02
gmres iter 20 linear residual 2.597e-02
gmres iter 30 linear residual 1.347e-02
gmres iter 40 linear residual 4.593e-03
gmres iter 50 linear residual 1.743e-03
gmres iter 60 linear residual 8.799e-04
gmres iter 70 linear residual 4.270e-04
gmres iter 80 linear residual 1.886e-04
gmres iter 90 linear residual 8.551e-05
gmres iter 100 linear residual 3.649e-05
gmres iter 110 linear residual 2.037e-05
gmres iter 120 linear residual 1.272e-05
gmres iter 130 linear residual 5.462e-06
gmres iter 140 linear residual 2.610e-06
gmres iter 150 linear residual 1.334e-06
gmres iter 160 linear residual 5.440e-07
gmres iter 170 linear residual 3.570e-07
gmres iter 180 linear residual 1.952e-07
res 7.818e-05 (F-block 1.740e-05 p-block 1.466e-05) alpha 1 eta 1.00e-06 iter times 184
gmres iter 10 linear residual 5.079e-02
gmres iter 20 linear residual 2.520e-02
gmres iter 30 linear residual 1.362e-02
gmres iter 40 linear residual 4.696e-03
gmres iter 50 linear residual 1.782e-03
gmres iter 60 linear residual 8.899e-04
gmres iter 70 linear residual 4.330e-04
gmres iter 80 linear residual 1.894e-04
gmres iter 90 linear residual 8.326e-05
gmres iter 100 linear residual 3.593e-05
gmres iter 110 linear residual 2.022e-05
gmres iter 120 linear residual 1.091e-05
gmres iter 130 linear residual 4.891e-06
gmres iter 140 linear residual 2.607e-06
gmres iter 150 linear residual 1.229e-06
gmres iter 160 linear residual 5.452e-07
gmres iter 170 linear residual 3.852e-07
gmres iter 180 linear residual 1.914e-07
res 1.282e-06 (F-block 4.727e-09 p-block 4.036e-09) alpha 1 eta 1.00e-06 iter times 184
time this step...60.01297426223755
this increment is 0.015016937255860653 (target 0.30000000000000004) ------------------------
gmres iter 10 linear residual 9.850e-03
gmres iter 20 linear residual 1.647e-03
gmres iter 30 linear residual 5.860e-04
gmres iter 40 linear residual 3.516e-04
gmres iter 50 linear residual 2.488e-04
gmres iter 60 linear residual 1.536e-04
gmres iter 70 linear residual 9.182e-05
gmres iter 80 linear residual 6.174e-05
gmres iter 90 linear residual 4.732e-05
gmres iter 100 linear residual 3.737e-05
gmres iter 110 linear residual 3.423e-05
gmres iter 120 linear residual 3.268e-05
gmres iter 130 linear residual 3.211e-05
gmres iter 140 linear residual 3.191e-05
gmres iter 150 linear residual 3.183e-05
gmres iter 160 linear residual 3.167e-05
gmres iter 170 linear residual 3.135e-05
gmres iter 180 linear residual 3.047e-05
gmres iter 190 linear residual 2.658e-05
gmres iter 200 linear residual 2.115e-05
gmres iter 210 linear residual 1.869e-05
gmres iter 220 linear residual 1.735e-05
gmres iter 230 linear residual 1.672e-05
gmres iter 240 linear residual 1.625e-05
gmres iter 250 linear residual 1.588e-05
gmres iter 260 linear residual 1.570e-05
gmres iter 270 linear residual 1.559e-05
gmres iter 280 linear residual 1.557e-05
gmres iter 290 linear residual 1.552e-05
gmres iter 300 linear residual 1.530e-05
gmres iter 310 linear residual 1.522e-05
gmres iter 320 linear residual 1.518e-05
gmres iter 330 linear residual 1.518e-05
gmres iter 340 linear residual 1.514e-05
gmres iter 350 linear residual 1.508e-05
gmres iter 360 linear residual 1.481e-05
gmres iter 370 linear residual 1.438e-05
gmres iter 380 linear residual 1.390e-05
gmres iter 390 linear residual 1.320e-05
gmres iter 400 linear residual 1.232e-05
gmres iter 410 linear residual 1.175e-05
gmres iter 420 linear residual 1.103e-05
gmres iter 430 linear residual 1.074e-05
gmres iter 440 linear residual 1.051e-05
gmres iter 450 linear residual 1.036e-05
gmres iter 460 linear residual 1.022e-05
gmres iter 470 linear residual 1.014e-05
gmres iter 480 linear residual 1.011e-05
gmres iter 490 linear residual 1.010e-05
gmres iter 500 linear residual 1.002e-05
gmres iter 510 linear residual 9.985e-06
gmres iter 520 linear residual 9.963e-06
gmres iter 530 linear residual 9.950e-06
gmres iter 540 linear residual 9.902e-06
gmres iter 550 linear residual 9.801e-06
gmres iter 560 linear residual 9.626e-06
gmres iter 570 linear residual 9.336e-06
gmres iter 580 linear residual 8.887e-06
gmres iter 590 linear residual 8.167e-06
gmres iter 600 linear residual 7.673e-06
gmres iter 610 linear residual 7.286e-06
gmres iter 620 linear residual 6.666e-06
gmres iter 630 linear residual 6.404e-06
gmres iter 640 linear residual 6.278e-06
gmres iter 650 linear residual 6.162e-06
gmres iter 660 linear residual 6.101e-06
gmres iter 670 linear residual 6.032e-06
gmres iter 680 linear residual 5.978e-06
gmres iter 690 linear residual 5.965e-06
gmres iter 700 linear residual 5.926e-06
gmres iter 710 linear residual 5.888e-06
gmres iter 720 linear residual 5.883e-06
gmres iter 730 linear residual 5.864e-06
gmres iter 740 linear residual 5.787e-06
gmres iter 750 linear residual 5.728e-06
gmres iter 760 linear residual 5.606e-06
gmres iter 770 linear residual 5.439e-06
gmres iter 780 linear residual 5.106e-06
gmres iter 790 linear residual 4.515e-06
gmres iter 800 linear residual 4.050e-06
gmres iter 810 linear residual 3.806e-06
gmres iter 820 linear residual 3.414e-06
gmres iter 830 linear residual 3.207e-06
gmres iter 840 linear residual 3.120e-06
gmres iter 850 linear residual 3.039e-06
gmres iter 860 linear residual 2.941e-06
gmres iter 870 linear residual 2.851e-06
gmres iter 880 linear residual 2.808e-06
gmres iter 890 linear residual 2.783e-06
gmres iter 900 linear residual 2.767e-06
gmres iter 910 linear residual 2.766e-06
gmres iter 920 linear residual 2.754e-06
gmres iter 930 linear residual 2.724e-06
gmres iter 940 linear residual 2.672e-06
gmres iter 950 linear residual 2.564e-06
gmres iter 960 linear residual 2.478e-06
gmres iter 970 linear residual 2.390e-06
gmres iter 980 linear residual 2.268e-06
gmres iter 990 linear residual 1.910e-06
gmres iter 1000 linear residual 1.511e-06
linear solver hit the iteration cap (1000 iterations, flag 10)
increment failed (gmres_iteration_cap); cutting step to 0.007508
this increment is 0.007508468627930327 (target 0.30000000000000004) ------------------------
gmres iter 10 linear residual 9.830e-03
gmres iter 20 linear residual 1.624e-03
gmres iter 30 linear residual 5.327e-04
gmres iter 40 linear residual 2.711e-04
gmres iter 50 linear residual 1.614e-04
gmres iter 60 linear residual 8.103e-05
gmres iter 70 linear residual 3.662e-05
gmres iter 80 linear residual 1.764e-05
gmres iter 90 linear residual 1.045e-05
gmres iter 100 linear residual 6.189e-06
gmres iter 110 linear residual 4.532e-06
gmres iter 120 linear residual 3.172e-06
gmres iter 130 linear residual 2.161e-06
gmres iter 140 linear residual 1.382e-06
gmres iter 150 linear residual 9.705e-07
gmres iter 160 linear residual 5.225e-07
gmres iter 170 linear residual 2.812e-07
gmres iter 180 linear residual 1.880e-07
res 4.234e-03 (F-block 6.734e-03 p-block 3.836e-03) alpha 1 eta 1.00e-06 iter times 189
gmres iter 10 linear residual 4.854e-02
gmres iter 20 linear residual 2.570e-02
gmres iter 30 linear residual 9.910e-03
gmres iter 40 linear residual 4.034e-03
gmres iter 50 linear residual 1.868e-03
gmres iter 60 linear residual 9.426e-04
gmres iter 70 linear residual 4.887e-04
gmres iter 80 linear residual 2.725e-04
gmres iter 90 linear residual 1.619e-04
gmres iter 100 linear residual 8.416e-05
gmres iter 110 linear residual 5.640e-05
gmres iter 120 linear residual 3.326e-05
gmres iter 130 linear residual 1.857e-05
gmres iter 140 linear residual 1.182e-05
gmres iter 150 linear residual 6.456e-06
gmres iter 160 linear residual 2.520e-06
gmres iter 170 linear residual 1.560e-06
gmres iter 180 linear residual 7.843e-07
gmres iter 190 linear residual 3.134e-07
gmres iter 200 linear residual 1.638e-07
gmres iter 210 linear residual 1.192e-07
gmres iter 220 linear residual 6.979e-08
gmres iter 230 linear residual 3.663e-08
res 2.911e-04 (F-block 1.823e-04 p-block 1.563e-04) alpha 1 eta 1.00e-06 iter times 232
gmres iter 10 linear residual 4.924e-02
gmres iter 20 linear residual 2.569e-02
gmres iter 30 linear residual 1.262e-02
gmres iter 40 linear residual 4.342e-03
gmres iter 50 linear residual 1.673e-03
gmres iter 60 linear residual 8.692e-04
gmres iter 70 linear residual 4.363e-04
gmres iter 80 linear residual 2.000e-04
gmres iter 90 linear residual 9.497e-05
gmres iter 100 linear residual 4.160e-05
gmres iter 110 linear residual 2.469e-05
gmres iter 120 linear residual 1.633e-05
gmres iter 130 linear residual 7.647e-06
gmres iter 140 linear residual 4.246e-06
gmres iter 150 linear residual 2.353e-06
gmres iter 160 linear residual 1.133e-06
gmres iter 170 linear residual 7.463e-07
gmres iter 180 linear residual 3.572e-07
gmres iter 190 linear residual 1.672e-07
gmres iter 200 linear residual 1.035e-07
gmres iter 210 linear residual 6.741e-08
res 8.769e-06 (F-block 2.869e-07 p-block 2.448e-07) alpha 1 eta 1.00e-06 iter times 218
time this step...42.376702308654785
this increment is 0.007508468627930327 (target 0.30000000000000004) ------------------------
gmres iter 10 linear residual 9.869e-03
gmres iter 20 linear residual 1.661e-03
gmres iter 30 linear residual 5.428e-04
gmres iter 40 linear residual 2.646e-04
gmres iter 50 linear residual 1.498e-04
gmres iter 60 linear residual 7.414e-05
gmres iter 70 linear residual 3.482e-05
gmres iter 80 linear residual 1.793e-05
gmres iter 90 linear residual 1.160e-05
gmres iter 100 linear residual 7.637e-06
gmres iter 110 linear residual 6.156e-06
gmres iter 120 linear residual 4.736e-06
gmres iter 130 linear residual 3.432e-06
gmres iter 140 linear residual 2.142e-06
gmres iter 150 linear residual 1.457e-06
gmres iter 160 linear residual 8.082e-07
gmres iter 170 linear residual 4.470e-07
gmres iter 180 linear residual 3.119e-07
gmres iter 190 linear residual 2.186e-07
gmres iter 200 linear residual 1.287e-07
res 4.207e-03 (F-block 6.610e-03 p-block 3.683e-03) alpha 1 eta 1.00e-06 iter times 200
gmres iter 10 linear residual 4.800e-02
gmres iter 20 linear residual 2.422e-02
gmres iter 30 linear residual 9.220e-03
gmres iter 40 linear residual 4.021e-03
gmres iter 50 linear residual 2.062e-03
gmres iter 60 linear residual 1.170e-03
gmres iter 70 linear residual 6.585e-04
gmres iter 80 linear residual 3.987e-04
gmres iter 90 linear residual 2.343e-04
gmres iter 100 linear residual 1.194e-04
gmres iter 110 linear residual 7.974e-05
gmres iter 120 linear residual 4.654e-05
gmres iter 130 linear residual 2.647e-05
gmres iter 140 linear residual 1.774e-05
gmres iter 150 linear residual 1.061e-05
gmres iter 160 linear residual 4.741e-06
gmres iter 170 linear residual 3.141e-06
gmres iter 180 linear residual 1.551e-06
gmres iter 190 linear residual 6.199e-07
gmres iter 200 linear residual 2.937e-07
gmres iter 210 linear residual 1.854e-07
res 2.801e-04 (F-block 1.339e-04 p-block 1.171e-04) alpha 1 eta 1.00e-06 iter times 216
gmres iter 10 linear residual 4.935e-02
gmres iter 20 linear residual 2.635e-02
gmres iter 30 linear residual 1.158e-02
gmres iter 40 linear residual 3.991e-03
gmres iter 50 linear residual 1.571e-03
gmres iter 60 linear residual 8.475e-04
gmres iter 70 linear residual 4.461e-04
gmres iter 80 linear residual 2.177e-04
gmres iter 90 linear residual 1.100e-04
gmres iter 100 linear residual 5.597e-05
gmres iter 110 linear residual 3.801e-05
gmres iter 120 linear residual 2.696e-05
gmres iter 130 linear residual 1.503e-05
gmres iter 140 linear residual 9.577e-06
gmres iter 150 linear residual 4.697e-06
gmres iter 160 linear residual 1.960e-06
gmres iter 170 linear residual 1.196e-06
gmres iter 180 linear residual 5.387e-07
gmres iter 190 linear residual 2.391e-07
gmres iter 200 linear residual 1.346e-07
gmres iter 210 linear residual 9.504e-08
gmres iter 220 linear residual 4.688e-08
res 5.570e-06 (F-block 1.120e-07 p-block 9.660e-08) alpha 1 eta 1.00e-06 iter times 224
time this step...41.86456608772278
this increment is 0.01126270294189549 (target 0.30000000000000004) ------------------------
gmres iter 10 linear residual 9.922e-03
gmres iter 20 linear residual 1.710e-03
gmres iter 30 linear residual 5.732e-04
gmres iter 40 linear residual 2.901e-04
gmres iter 50 linear residual 1.711e-04
gmres iter 60 linear residual 9.242e-05
gmres iter 70 linear residual 5.264e-05
gmres iter 80 linear residual 3.491e-05
gmres iter 90 linear residual 2.791e-05
gmres iter 100 linear residual 2.357e-05
gmres iter 110 linear residual 2.257e-05
gmres iter 120 linear residual 2.157e-05
gmres iter 130 linear residual 2.093e-05
gmres iter 140 linear residual 2.023e-05
gmres iter 150 linear residual 1.976e-05
gmres iter 160 linear residual 1.891e-05
gmres iter 170 linear residual 1.854e-05
gmres iter 180 linear residual 1.834e-05
gmres iter 190 linear residual 1.819e-05
gmres iter 200 linear residual 1.800e-05
gmres iter 210 linear residual 1.799e-05
gmres iter 220 linear residual 1.798e-05
gmres iter 230 linear residual 1.797e-05
gmres iter 240 linear residual 1.796e-05
gmres iter 250 linear residual 1.795e-05
gmres iter 260 linear residual 1.792e-05
gmres iter 270 linear residual 1.786e-05
gmres iter 280 linear residual 1.781e-05
gmres iter 290 linear residual 1.772e-05
gmres iter 300 linear residual 1.739e-05
gmres iter 310 linear residual 1.728e-05
gmres iter 320 linear residual 1.704e-05
gmres iter 330 linear residual 1.690e-05
gmres iter 340 linear residual 1.680e-05
gmres iter 350 linear residual 1.677e-05
gmres iter 360 linear residual 1.676e-05
gmres iter 370 linear residual 1.671e-05
gmres iter 380 linear residual 1.666e-05
gmres iter 390 linear residual 1.656e-05
gmres iter 400 linear residual 1.649e-05
gmres iter 410 linear residual 1.649e-05
gmres iter 420 linear residual 1.646e-05
gmres iter 430 linear residual 1.645e-05
gmres iter 440 linear residual 1.645e-05
gmres iter 450 linear residual 1.644e-05
gmres iter 460 linear residual 1.644e-05
gmres iter 470 linear residual 1.643e-05
gmres iter 480 linear residual 1.638e-05
gmres iter 490 linear residual 1.634e-05
gmres iter 500 linear residual 1.629e-05
gmres iter 510 linear residual 1.629e-05
gmres iter 520 linear residual 1.628e-05
gmres iter 530 linear residual 1.628e-05
gmres iter 540 linear residual 1.627e-05
gmres iter 550 linear residual 1.626e-05
gmres iter 560 linear residual 1.626e-05
gmres iter 570 linear residual 1.625e-05
gmres iter 580 linear residual 1.624e-05
gmres iter 590 linear residual 1.624e-05
gmres iter 600 linear residual 1.622e-05
gmres iter 610 linear residual 1.622e-05
gmres iter 620 linear residual 1.622e-05
gmres iter 630 linear residual 1.622e-05
gmres iter 640 linear residual 1.621e-05
gmres iter 650 linear residual 1.621e-05
gmres iter 660 linear residual 1.621e-05
gmres iter 670 linear residual 1.621e-05
gmres iter 680 linear residual 1.620e-05
gmres iter 690 linear residual 1.620e-05
gmres iter 700 linear residual 1.619e-05
gmres iter 710 linear residual 1.619e-05
gmres iter 720 linear residual 1.619e-05
gmres iter 730 linear residual 1.619e-05
gmres iter 740 linear residual 1.619e-05
gmres iter 750 linear residual 1.618e-05
gmres iter 760 linear residual 1.618e-05
gmres iter 770 linear residual 1.618e-05
gmres iter 780 linear residual 1.618e-05
gmres iter 790 linear residual 1.617e-05
gmres iter 800 linear residual 1.617e-05
gmres iter 810 linear residual 1.617e-05
gmres iter 820 linear residual 1.616e-05
gmres iter 830 linear residual 1.615e-05
gmres iter 840 linear residual 1.615e-05
gmres iter 850 linear residual 1.615e-05
gmres iter 860 linear residual 1.615e-05
gmres iter 870 linear residual 1.615e-05
gmres iter 880 linear residual 1.614e-05
gmres iter 890 linear residual 1.613e-05
gmres iter 900 linear residual 1.611e-05
gmres iter 910 linear residual 1.610e-05
gmres iter 920 linear residual 1.609e-05
gmres iter 930 linear residual 1.608e-05
gmres iter 940 linear residual 1.608e-05
gmres iter 950 linear residual 1.607e-05
gmres iter 960 linear residual 1.606e-05
gmres iter 970 linear residual 1.606e-05
gmres iter 980 linear residual 1.602e-05
gmres iter 990 linear residual 1.580e-05
gmres iter 1000 linear residual 1.562e-05
linear solver hit the iteration cap (1000 iterations, flag 10)
increment failed (gmres_iteration_cap); cutting step to 0.005631
SOLVER FAILED: no convergence at load 0.2643 even with the
minimum sub-step; results are only saved up to the last
converged increment boundary.
solver stats are saved to solver_stats.json
F and P are saved to output.csv
