---------------------------------------------
-- mixed FFT based solver, by WANG Mingchuan
---------------------------------------------
gmres restart length: 100
Ghat4 is formed (fourier discretization)...
this increment is 0.1 (target 0.1) ------------------------
gmres iter 10 linear residual 7.087e-03
gmres iter 20 linear residual 2.864e-03
gmres iter 30 linear residual 2.415e-03
gmres iter 40 linear residual 2.092e-03
gmres iter 50 linear residual 1.920e-03
gmres iter 60 linear residual 1.810e-03
gmres iter 70 linear residual 1.663e-03
gmres iter 80 linear residual 1.535e-03
gmres iter 90 linear residual 1.421e-03
gmres iter 100 linear residual 1.361e-03
gmres iter 110 linear residual 1.354e-03
gmres iter 120 linear residual 1.335e-03
gmres iter 130 linear residual 1.318e-03
gmres iter 140 linear residual 1.305e-03
gmres iter 150 linear residual 1.280e-03
gmres iter 160 linear residual 1.260e-03
gmres iter 170 linear residual 1.244e-03
gmres iter 180 linear residual 1.218e-03
gmres iter 190 linear residual 1.167e-03
gmres iter 200 linear residual 1.098e-03
gmres iter 210 linear residual 1.096e-03
gmres iter 220 linear residual 1.072e-03
gmres iter 230 linear residual 1.054e-03
gmres iter 240 linear residual 1.041e-03
gmres iter 250 linear residual 1.028e-03
gmres iter 260 linear residual 1.011e-03
gmres iter 270 linear residual 9.988e-04
gmres iter 280 linear residual 9.892e-04
gmres iter 290 linear residual 9.731e-04
gmres iter 300 linear residual 9.553e-04
gmres iter 310 linear residual 9.548e-04
gmres iter 320 linear residual 9.469e-04
gmres iter 330 linear residual 9.419e-04
gmres iter 340 linear residual 9.393e-04
gmres iter 350 linear residual 9.330e-04
gmres iter 360 linear residual 9.277e-04
gmres iter 370 linear residual 9.231e-04
gmres iter 380 linear residual 9.137e-04
gmres iter 390 linear residual 8.991e-04
gmres iter 400 linear residual 8.725e-04
gmres iter 410 linear residual 8.718e-04
gmres iter 420 linear residual 8.569e-04
gmres iter 430 linear residual 8.484e-04
gmres iter 440 linear residual 8.404e-04
gmres iter 450 linear residual 8.362e-04
gmres iter 460 linear residual 8.284e-04
gmres iter 470 linear residual 8.193e-04
gmres iter 480 linear residual 8.129e-04
gmres iter 490 linear residual 8.001e-04
gmres iter 500 linear residual 7.804e-04
gmres iter 510 linear residual 7.784e-04
gmres iter 520 linear residual 7.660e-04
gmres iter 530 linear residual 7.574e-04
gmres iter 540 linear residual 7.513e-04
gmres iter 550 linear residual 7.474e-04
gmres iter 560 linear residual 7.394e-04
gmres iter 570 linear residual 7.319e-04
gmres iter 580 linear residual 7.206e-04
gmres iter 590 linear residual 7.129e-04
gmres iter 600 linear residual 7.000e-04
gmres iter 610 linear residual 6.980e-04
gmres iter 620 linear residual 6.901e-04
gmres iter 630 linear residual 6.741e-04
gmres iter 640 linear residual 6.659e-04
gmres iter 650 linear residual 6.592e-04
gmres iter 660 linear residual 6.509e-04
gmres iter 670 linear residual 6.367e-04
gmres iter 680 linear residual 6.235e-04
gmres iter 690 linear residual 6.127e-04
gmres iter 700 linear residual 6.063e-04
gmres iter 710 linear residual 6.055e-04
gmres iter 720 linear residual 5.920e-04
gmres iter 730 linear residual 5.802e-04
gmres iter 740 linear residual 5.675e-04
gmres iter 750 linear residual 5.623e-04
gmres iter 760 linear residual 5.564e-04
gmres iter 770 linear residual 5.418e-04
gmres iter 780 linear residual 5.196e-04
gmres iter 790 linear residual 4.992e-04
gmres iter 800 linear residual 4.807e-04
gmres iter 810 linear residual 4.721e-04
gmres iter 820 linear residual 4.485e-04
gmres iter 830 linear residual 4.385e-04
gmres iter 840 linear residual 4.320e-04
gmres iter 850 linear residual 4.265e-04
gmres iter 860 linear residual 4.168e-04
gmres iter 870 linear residual 4.116e-04
gmres iter 880 linear residual 4.025e-04
gmres iter 890 linear residual 3.948e-04
gmres iter 900 linear residual 3.892e-04
gmres iter 910 linear residual 3.886e-04
gmres iter 920 linear residual 3.863e-04
gmres iter 930 linear residual 3.823e-04
gmres iter 940 linear residual 3.786e-04
gmres iter 950 linear residual 3.767e-04
gmres iter 960 linear residual 3.750e-04
gmres iter 970 linear residual 3.699e-04
gmres iter 980 linear residual 3.614e-04
gmres iter 990 linear residual 3.518e-04
gmres iter 1000 linear residual 3.414e-04
linear solver hit the iteration cap (1000 iterations, flag 10)
increment failed (gmres_iteration_cap); cutting step to 0.05
this increment is 0.05 (target 0.1) ------------------------
gmres iter 10 linear residual 6.224e-03
gmres iter 20 linear residual 2.442e-03
gmres iter 30 linear residual 1.350e-03
gmres iter 40 linear residual 9.899e-04
gmres iter 50 linear residual 9.438e-04
gmres iter 60 linear residual 8.192e-04
gmres iter 70 linear residual 7.588e-04
gmres iter 80 linear residual 7.307e-04
gmres iter 90 linear residual 6.710e-04
gmres iter 100 linear residual 6.552e-04
gmres iter 110 linear residual 6.536e-04
gmres iter 120 linear residual 6.490e-04
gmres iter 130 linear residual 6.317e-04
gmres iter 140 linear residual 6.280e-04
gmres iter 150 linear residual 6.131e-04
gmres iter 160 linear residual 6.040e-04
gmres iter 170 linear residual 5.837e-04
gmres iter 180 linear residual 5.593e-04
gmres iter 190 linear residual 5.453e-04
gmres iter 200 linear residual 5.022e-04
gmres iter 210 linear residual 5.012e-04
gmres iter 220 linear residual 4.962e-04
gmres iter 230 linear residual 4.842e-04
gmres iter 240 linear residual 4.834e-04
gmres iter 250 linear residual 4.737e-04
gmres iter 260 linear residual 4.694e-04
gmres iter 270 linear residual 4.653e-04
gmres iter 280 linear residual 4.592e-04
gmres iter 290 linear residual 4.565e-04
gmres iter 300 linear residual 4.475e-04
gmres iter 310 linear residual 4.474e-04
gmres iter 320 linear residual 4.441e-04
gmres iter 330 linear residual 4.408e-04
gmres iter 340 linear residual 4.396e-04
gmres iter 350 linear residual 4.330e-04
gmres iter 360 linear residual 4.304e-04
gmres iter 370 linear residual 4.213e-04
gmres iter 380 linear residual 4.188e-04
gmres iter 390 linear residual 4.092e-04
gmres iter 400 linear residual 3.996e-04
gmres iter 410 linear residual 3.991e-04
gmres iter 420 linear residual 3.898e-04
gmres iter 430 linear residual 3.858e-04
gmres iter 440 linear residual 3.795e-04
gmres iter 450 linear residual 3.667e-04
gmres iter 460 linear residual 3.650e-04
gmres iter 470 linear residual 3.582e-04
gmres iter 480 linear residual 3.560e-04
gmres iter 490 linear residual 3.486e-04
gmres iter 500 linear residual 3.449e-04
gmres iter 510 linear residual 3.445e-04
gmres iter 520 linear residual 3.367e-04
gmres iter 530 linear residual 3.351e-04
gmres iter 540 linear residual 3.264e-04
gmres iter 550 linear residual 3.208e-04
gmres iter 560 linear residual 3.075e-04
gmres iter 570 linear residual 2.995e-04
gmres iter 580 linear residual 2.869e-04
gmres iter 590 linear residual 2.658e-04
gmres iter 600 linear residual 2.583e-04
gmres iter 610 linear residual 2.548e-04
gmres iter 620 linear residual 2.464e-04
gmres iter 630 linear residual 2.411e-04
gmres iter 640 linear residual 2.375e-04
gmres iter 650 linear residual 2.298e-04
gmres iter 660 linear residual 2.290e-04
gmres iter 670 linear residual 2.256e-04
gmres iter 680 linear residual 2.244e-04
gmres iter 690 linear residual 2.201e-04
gmres iter 700 linear residual 2.188e-04
gmres iter 710 linear residual 2.187e-04
gmres iter 720 linear residual 2.167e-04
gmres iter 730 linear residual 2.160e-04
gmres iter 740 linear residual 2.144e-04
gmres iter 750 linear residual 2.129e-04
gmres iter 760 linear residual 2.093e-04
gmres iter 770 linear residual 2.082e-04
gmres iter 780 linear residual 2.041e-04
gmres iter 790 linear residual 2.004e-04
gmres iter 800 linear residual 1.956e-04
gmres iter 810 linear residual 1.924e-04
gmres iter 820 linear residual 1.905e-04
gmres iter 830 linear residual 1.840e-04
gmres iter 840 linear residual 1.830e-04
gmres iter 850 linear residual 1.798e-04
gmres iter 860 linear residual 1.782e-04
gmres iter 870 linear residual 1.763e-04
gmres iter 880 linear residual 1.756e-04
gmres iter 890 linear residual 1.719e-04
gmres iter 900 linear residual 1.702e-04
gmres iter 910 linear residual 1.697e-04
gmres iter 920 linear residual 1.676e-04
gmres iter 930 linear residual 1.666e-04
gmres iter 940 linear residual 1.639e-04
gmres iter 950 linear residual 1.632e-04
gmres iter 960 linear residual 1.604e-04
gmres iter 970 linear residual 1.600e-04
gmres iter 980 linear residual 1.575e-04
gmres iter 990 linear residual 1.560e-04
gmres iter 1000 linear residual 1.532e-04
linear solver hit the iteration cap (1000 iterations, flag 10)
increment failed (gmres_iteration_cap); cutting step to 0.025
this increment is 0.025 (target 0.1) ------------------------
gmres iter 10 linear residual 5.839e-03
gmres iter 20 linear residual 2.361e-03
gmres iter 30 linear residual 1.215e-03
gmres iter 40 linear residual 7.294e-04
gmres iter 50 linear residual 4.678e-04
gmres iter 60 linear residual 3.371e-04
gmres iter 70 linear residual 2.731e-04
gmres iter 80 linear residual 2.606e-04
gmres iter 90 linear residual 2.485e-04
gmres iter 100 linear residual 2.097e-04
gmres iter 110 linear residual 2.085e-04
gmres iter 120 linear residual 2.067e-04
gmres iter 130 linear residual 2.052e-04
gmres iter 140 linear residual 2.042e-04
gmres iter 150 linear residual 1.986e-04
gmres iter 160 linear residual 1.872e-04
gmres iter 170 linear residual 1.786e-04
gmres iter 180 linear residual 1.757e-04
gmres iter 190 linear residual 1.728e-04
gmres iter 200 linear residual 1.617e-04
gmres iter 210 linear residual 1.612e-04
gmres iter 220 linear residual 1.610e-04
gmres iter 230 linear residual 1.603e-04
gmres iter 240 linear residual 1.579e-04
gmres iter 250 linear residual 1.550e-04
gmres iter 260 linear residual 1.546e-04
gmres iter 270 linear residual 1.532e-04
gmres iter 280 linear residual 1.505e-04
gmres iter 290 linear residual 1.465e-04
gmres iter 300 linear residual 1.453e-04
gmres iter 310 linear residual 1.453e-04
gmres iter 320 linear residual 1.452e-04
gmres iter 330 linear residual 1.443e-04
gmres iter 340 linear residual 1.420e-04
gmres iter 350 linear residual 1.399e-04
gmres iter 360 linear residual 1.391e-04
gmres iter 370 linear residual 1.386e-04
gmres iter 380 linear residual 1.362e-04
gmres iter 390 linear residual 1.332e-04
gmres iter 400 linear residual 1.327e-04
gmres iter 410 linear residual 1.327e-04
gmres iter 420 linear residual 1.325e-04
gmres iter 430 linear residual 1.307e-04
gmres iter 440 linear residual 1.285e-04
gmres iter 450 linear residual 1.280e-04
gmres iter 460 linear residual 1.270e-04
gmres iter 470 linear residual 1.235e-04
gmres iter 480 linear residual 1.198e-04
gmres iter 490 linear residual 1.192e-04
gmres iter 500 linear residual 1.153e-04
gmres iter 510 linear residual 1.122e-04
gmres iter 520 linear residual 1.117e-04
gmres iter 530 linear residual 1.085e-04
gmres iter 540 linear residual 1.025e-04
gmres iter 550 linear residual 1.012e-04
gmres iter 560 linear residual 1.001e-04
gmres iter 570 linear residual 9.535e-05
gmres iter 580 linear residual 9.327e-05
gmres iter 590 linear residual 9.193e-05
gmres iter 600 linear residual 8.363e-05
gmres iter 610 linear residual 7.811e-05
gmres iter 620 linear residual 7.657e-05
gmres iter 630 linear residual 7.610e-05
gmres iter 640 linear residual 7.372e-05
gmres iter 650 linear residual 7.249e-05
gmres iter 660 linear residual 7.233e-05
gmres iter 670 linear residual 7.046e-05
gmres iter 680 linear residual 6.836e-05
gmres iter 690 linear residual 6.807e-05
gmres iter 700 linear residual 6.599e-05
gmres iter 710 linear residual 6.454e-05
gmres iter 720 linear residual 6.438e-05
gmres iter 730 linear residual 6.328e-05
gmres iter 740 linear residual 6.187e-05
gmres iter 750 linear residual 6.134e-05
gmres iter 760 linear residual 6.078e-05
gmres iter 770 linear residual 5.900e-05
gmres iter 780 linear residual 5.840e-05
gmres iter 790 linear residual 5.802e-05
gmres iter 800 linear residual 5.597e-05
gmres iter 810 linear residual 5.461e-05
gmres iter 820 linear residual 5.432e-05
gmres iter 830 linear residual 5.400e-05
gmres iter 840 linear residual 5.306e-05
gmres iter 850 linear residual 5.266e-05
gmres iter 860 linear residual 5.253e-05
gmres iter 870 linear residual 5.180e-05
gmres iter 880 linear residual 5.119e-05
gmres iter 890 linear residual 5.107e-05
gmres iter 900 linear residual 5.039e-05
gmres iter 910 linear residual 4.993e-05
gmres iter 920 linear residual 4.971e-05
gmres iter 930 linear residual 4.935e-05
gmres iter 940 linear residual 4.819e-05
gmres iter 950 linear residual 4.808e-05
gmres iter 960 linear residual 4.787e-05
gmres iter 970 linear residual 4.710e-05
gmres iter 980 linear residual 4.661e-05
gmres iter 990 linear residual 4.651e-05
gmres iter 1000 linear residual 4.574e-05
linear solver hit the iteration cap (1000 iterations, flag 10)
increment failed (gmres_iteration_cap); cutting step to 0.0125
this increment is 0.0125 (target 0.1) ------------------------
gmres iter 10 linear residual 5.664e-03
gmres iter 20 linear residual 2.344e-03
gmres iter 30 linear residual 1.195e-03
gmres iter 40 linear residual 7.017e-04
gmres iter 50 linear residual 4.271e-04
gmres iter 60 linear residual 2.788e-04
gmres iter 70 linear residual 1.892e-04
gmres iter 80 linear residual 1.284e-04
gmres iter 90 linear residual 9.414e-05
gmres iter 100 linear residual 7.557e-05
gmres iter 110 linear residual 7.527e-05
gmres iter 120 linear residual 7.471e-05
gmres iter 130 linear residual 7.334e-05
gmres iter 140 linear residual 7.159e-05
gmres iter 150 linear residual 6.970e-05
gmres iter 160 linear residual 6.901e-05
gmres iter 170 linear residual 6.893e-05
gmres iter 180 linear residual 6.749e-05
gmres iter 190 linear residual 6.355e-05
gmres iter 200 linear residual 5.695e-05
gmres iter 210 linear residual 5.646e-05
gmres iter 220 linear residual 5.600e-05
gmres iter 230 linear residual 5.511e-05
gmres iter 240 linear residual 5.427e-05
gmres iter 250 linear residual 5.357e-05
gmres iter 260 linear residual 5.338e-05
gmres iter 270 linear residual 5.312e-05
gmres iter 280 linear residual 5.241e-05
gmres iter 290 linear residual 5.029e-05
gmres iter 300 linear residual 4.538e-05
gmres iter 310 linear residual 4.269e-05
gmres iter 320 linear residual 4.142e-05
gmres iter 330 linear residual 4.087e-05
gmres iter 340 linear residual 4.073e-05
gmres iter 350 linear residual 3.933e-05
gmres iter 360 linear residual 3.708e-05
gmres iter 370 linear residual 3.476e-05
gmres iter 380 linear residual 3.400e-05
gmres iter 390 linear residual 3.398e-05
gmres iter 400 linear residual 3.305e-05
gmres iter 410 linear residual 3.242e-05
gmres iter 420 linear residual 3.225e-05
gmres iter 430 linear residual 3.199e-05
gmres iter 440 linear residual 3.053e-05
gmres iter 450 linear residual 2.864e-05
gmres iter 460 linear residual 2.783e-05
gmres iter 470 linear residual 2.772e-05
gmres iter 480 linear residual 2.739e-05
gmres iter 490 linear residual 2.625e-05
gmres iter 500 linear residual 2.463e-05
gmres iter 510 linear residual 2.353e-05
gmres iter 520 linear residual 2.294e-05
gmres iter 530 linear residual 2.279e-05
gmres iter 540 linear residual 2.272e-05
gmres iter 550 linear residual 2.236e-05
gmres iter 560 linear residual 2.186e-05
gmres iter 570 linear residual 2.129e-05
gmres iter 580 linear residual 2.108e-05
gmres iter 590 linear residual 2.102e-05
gmres iter 600 linear residual 2.069e-05
gmres iter 610 linear residual 2.044e-05
gmres iter 620 linear residual 2.037e-05
gmres iter 630 linear residual 2.026e-05
gmres iter 640 linear residual 1.996e-05
gmres iter 650 linear residual 1.962e-05
gmres iter 660 linear residual 1.925e-05
gmres iter 670 linear residual 1.920e-05
gmres iter 680 linear residual 1.916e-05
gmres iter 690 linear residual 1.891e-05
gmres iter 700 linear residual 1.824e-05
gmres iter 710 linear residual 1.794e-05
gmres iter 720 linear residual 1.768e-05
gmres iter 730 linear residual 1.756e-05
gmres iter 740 linear residual 1.754e-05
gmres iter 750 linear residual 1.749e-05
gmres iter 760 linear residual 1.726e-05
gmres iter 770 linear residual 1.686e-05
gmres iter 780 linear residual 1.667e-05
gmres iter 790 linear residual 1.663e-05
gmres iter 800 linear residual 1.650e-05
gmres iter 810 linear residual 1.641e-05
gmres iter 820 linear residual 1.641e-05
gmres iter 830 linear residual 1.631e-05
gmres iter 840 linear residual 1.613e-05
gmres iter 850 linear residual 1.599e-05
gmres iter 860 linear residual 1.593e-05
gmres iter 870 linear residual 1.592e-05
gmres iter 880 linear residual 1.591e-05
gmres iter 890 linear residual 1.586e-05
gmres iter 900 linear residual 1.567e-05
gmres iter 910 linear residual 1.557e-05
gmres iter 920 linear residual 1.547e-05
gmres iter 930 linear residual 1.543e-05
gmres iter 940 linear residual 1.542e-05
gmres iter 950 linear residual 1.532e-05
gmres iter 960 linear residual 1.500e-05
gmres iter 970 linear residual 1.453e-05
gmres iter 980 linear residual 1.441e-05
gmres iter 990 linear residual 1.437e-05
gmres iter 1000 linear residual 1.426e-05
linear solver hit the iteration cap (1000 iterations, flag 10)
increment failed (gmres_iteration_cap); cutting step to 0.00625
this increment is 0.00625 (target 0.1) ------------------------
gmres iter 10 linear residual 5.582e-03
gmres iter 20 linear residual 2.341e-03
gmres iter 30 linear residual 1.192e-03
gmres iter 40 linear residual 6.988e-04
gmres iter 50 linear residual 4.230e-04
gmres iter 60 linear residual 2.724e-04
gmres iter 70 linear residual 1.834e-04
gmres iter 80 linear residual 1.217e-04
gmres iter 90 linear residual 8.391e-05
gmres iter 100 linear residual 6.163e-05
gmres iter 110 linear residual 6.123e-05
gmres iter 120 linear residual 6.038e-05
gmres iter 130 linear residual 5.804e-05
gmres iter 140 linear residual 5.455e-05
gmres iter 150 linear residual 4.870e-05
gmres iter 160 linear residual 4.025e-05
gmres iter 170 linear residual 3.222e-05
gmres iter 180 linear residual 2.399e-05
gmres iter 190 linear residual 1.631e-05
gmres iter 200 linear residual 9.766e-06
gmres iter 210 linear residual 9.734e-06
gmres iter 220 linear residual 9.719e-06
gmres iter 230 linear residual 9.696e-06
gmres iter 240 linear residual 9.654e-06
gmres iter 250 linear residual 9.588e-06
gmres iter 260 linear residual 9.507e-06
gmres iter 270 linear residual 9.410e-06
gmres iter 280 linear residual 9.310e-06
gmres iter 290 linear residual 9.252e-06
gmres iter 300 linear residual 9.207e-06
gmres iter 310 linear residual 9.205e-06
gmres iter 320 linear residual 9.203e-06
gmres iter 330 linear residual 9.203e-06
gmres iter 340 linear residual 9.202e-06
gmres iter 350 linear residual 9.199e-06
gmres iter 360 linear residual 9.195e-06
gmres iter 370 linear residual 9.182e-06
gmres iter 380 linear residual 9.152e-06
gmres iter 390 linear residual 9.103e-06
gmres iter 400 linear residual 9.047e-06
gmres iter 410 linear residual 9.047e-06
gmres iter 420 linear residual 9.046e-06
gmres iter 430 linear residual 9.046e-06
gmres iter 440 linear residual 9.045e-06
gmres iter 450 linear residual 9.042e-06
gmres iter 460 linear residual 9.034e-06
gmres iter 470 linear residual 9.018e-06
gmres iter 480 linear residual 8.990e-06
gmres iter 490 linear residual 8.958e-06
gmres iter 500 linear residual 8.928e-06
gmres iter 510 linear residual 8.927e-06
gmres iter 520 linear residual 8.927e-06
gmres iter 530 linear residual 8.927e-06
gmres iter 540 linear residual 8.926e-06
gmres iter 550 linear residual 8.924e-06
gmres iter 560 linear residual 8.919e-06
gmres iter 570 linear residual 8.906e-06
gmres iter 580 linear residual 8.886e-06
gmres iter 590 linear residual 8.859e-06
gmres iter 600 linear residual 8.835e-06
gmres iter 610 linear residual 8.834e-06
gmres iter 620 linear residual 8.834e-06
gmres iter 630 linear residual 8.834e-06
gmres iter 640 linear residual 8.834e-06
gmres iter 650 linear residual 8.832e-06
gmres iter 660 linear residual 8.828e-06
gmres iter 670 linear residual 8.820e-06
gmres iter 680 linear residual 8.800e-06
gmres iter 690 linear residual 8.779e-06
gmres iter 700 linear residual 8.761e-06
gmres iter 710 linear residual 8.761e-06
gmres iter 720 linear residual 8.761e-06
gmres iter 730 linear residual 8.761e-06
gmres iter 740 linear residual 8.760e-06
gmres iter 750 linear residual 8.759e-06
gmres iter 760 linear residual 8.756e-06
gmres iter 770 linear residual 8.749e-06
gmres iter 780 linear residual 8.736e-06
gmres iter 790 linear residual 8.721e-06
gmres iter 800 linear residual 8.709e-06
gmres iter 810 linear residual 8.709e-06
gmres iter 820 linear residual 8.709e-06
gmres iter 830 linear residual 8.709e-06
gmres iter 840 linear residual 8.708e-06
gmres iter 850 linear residual 8.707e-06
gmres iter 860 linear residual 8.705e-06
gmres iter 870 linear residual 8.699e-06
gmres iter 880 linear residual 8.688e-06
gmres iter 890 linear residual 8.675e-06
gmres iter 900 linear residual 8.665e-06
gmres iter 910 linear residual 8.665e-06
gmres iter 920 linear residual 8.665e-06
gmres iter 930 linear residual 8.664e-06
gmres iter 940 linear residual 8.664e-06
gmres iter 950 linear residual 8.664e-06
gmres iter 960 linear residual 8.662e-06
gmres iter 970 linear residual 8.657e-06
gmres iter 980 linear residual 8.649e-06
gmres iter 990 linear residual 8.638e-06
gmres iter 1000 linear residual 8.630e-06
linear solver hit the iteration cap (1000 iterations, flag 10)
increment failed (gmres_iteration_cap); cutting step to 0.003125
SOLVER FAILED: no convergence at load 0 even with the
minimum sub-step; results are only saved up to the last
converged increment boundary.
solver stats are saved to solver_stats.json
F and P are saved to output.csv
