---------------------------------------------
-- mixed FFT based solver, by WANG Mingchuan
---------------------------------------------
gmres restart length: 100
Ghat4 is formed (fourier discretization)...
this increment is 0.1 (target 0.1) ------------------------
gmres iter 10 linear residual 1.332e-04
gmres iter 20 linear residual 8.201e-05
gmres iter 30 linear residual 2.922e-05
gmres iter 40 linear residual 1.805e-05
gmres iter 50 linear residual 7.464e-06
res 1.846e-01 (F-block 1.098e-01 p-block 8.697e-01) alpha 1 eta 1.00e-02 iter times 58
gmres iter 10 linear residual 2.004e-03
gmres iter 20 linear residual 1.086e-03
gmres iter 30 linear residual 5.238e-04
gmres iter 40 linear residual 2.603e-04
gmres iter 50 linear residual 1.366e-04
gmres iter 60 linear residual 6.994e-05
gmres iter 70 linear residual 3.795e-05
gmres iter 80 linear residual 2.344e-05
gmres iter 90 linear residual 1.142e-05
gmres iter 100 linear residual 5.754e-06
gmres iter 110 linear residual 2.696e-06
res 2.255e-02 (F-block 1.008e-01 p-block 7.697e-01) alpha 0.125 eta 1.00e-02 iter times 111
gmres iter 10 linear residual 1.661e-03
gmres iter 20 linear residual 6.344e-04
gmres iter 30 linear residual 3.472e-04
gmres iter 40 linear residual 1.721e-04
gmres iter 50 linear residual 9.050e-05
gmres iter 60 linear residual 4.686e-05
gmres iter 70 linear residual 3.245e-05
gmres iter 80 linear residual 1.646e-05
gmres iter 90 linear residual 7.851e-06
gmres iter 100 linear residual 3.423e-06
res 1.215e-01 (F-block 3.987e-02 p-block 3.638e-01) alpha 1 eta 1.00e-02 iter times 103
gmres iter 10 linear residual 1.986e-03
gmres iter 20 linear residual 1.000e-03
gmres iter 30 linear residual 5.410e-04
gmres iter 40 linear residual 2.726e-04
gmres iter 50 linear residual 1.380e-04
gmres iter 60 linear residual 6.704e-05
gmres iter 70 linear residual 3.817e-05
gmres iter 80 linear residual 2.371e-05
gmres iter 90 linear residual 1.245e-05
gmres iter 100 linear residual 5.877e-06
res 7.519e-02 (F-block 1.417e-02 p-block 2.079e-01) alpha 1 eta 1.00e-02 iter times 109
gmres iter 10 linear residual 2.134e-03
gmres iter 20 linear residual 6.783e-04
gmres iter 30 linear residual 3.699e-04
gmres iter 40 linear residual 1.593e-04
gmres iter 50 linear residual 7.692e-05
gmres iter 60 linear residual 3.905e-05
gmres iter 70 linear residual 2.269e-05
gmres iter 80 linear residual 1.111e-05
gmres iter 90 linear residual 4.836e-06
res 2.444e-02 (F-block 5.156e-03 p-block 6.036e-02) alpha 1 eta 1.00e-02 iter times 99
gmres iter 10 linear residual 2.198e-03
gmres iter 20 linear residual 6.151e-04
gmres iter 30 linear residual 4.080e-04
gmres iter 40 linear residual 1.595e-04
gmres iter 50 linear residual 7.550e-05
res 1.183e-02 (F-block 1.592e-03 p-block 3.370e-02) alpha 1 eta 1.00e-02 iter times 59
gmres iter 10 linear residual 2.392e-03
gmres iter 20 linear residual 6.823e-04
gmres iter 30 linear residual 3.478e-04
gmres iter 40 linear residual 1.622e-04
gmres iter 50 linear residual 5.751e-05
gmres iter 60 linear residual 3.138e-05
gmres iter 70 linear residual 1.755e-05
gmres iter 80 linear residual 8.748e-06
gmres iter 90 linear residual 3.331e-06
res 5.197e-03 (F-block 2.616e-04 p-block 1.052e-02) alpha 1 eta 1.00e-02 iter times 92
gmres iter 10 linear residual 2.621e-03
gmres iter 20 linear residual 8.862e-04
gmres iter 30 linear residual 4.105e-04
gmres iter 40 linear residual 2.100e-04
gmres iter 50 linear residual 7.329e-05
res 1.158e-03 (F-block 1.164e-05 p-block 4.432e-04) alpha 1 eta 1.00e-02 iter times 56
gmres iter 10 linear residual 2.744e-03
gmres iter 20 linear residual 1.017e-03
gmres iter 30 linear residual 3.847e-04
gmres iter 40 linear residual 1.290e-04
gmres iter 50 linear residual 7.263e-05
gmres iter 60 linear residual 3.762e-05
gmres iter 70 linear residual 1.828e-05
gmres iter 80 linear residual 7.315e-06
res 5.636e-05 (F-block 3.345e-08 p-block 1.629e-06) alpha 1 eta 1.60e-03 iter times 82
time this step...203.11018443107605
now P is...
[[ 1.10785807e+00  3.43574852e-04 -1.17809310e-03]
 [ 3.61342928e-04 -2.67898867e-08  8.70139066e-03]
 [-1.16709978e-03  8.71547544e-03 -2.17261457e-08]]
now F is...
[[ 1.10000000e+00  1.63155195e-17 -1.32946515e-16]
 [-1.53301784e-16  9.56530317e-01  6.65422014e-17]
 [-3.00968787e-17 -2.85465690e-18  9.56318046e-01]]
intermediate results saved (1 increments in output.csv)
this increment is 0.1 (target 0.2) ------------------------
gmres iter 10 linear residual 1.308e-04
gmres iter 20 linear residual 8.294e-05
gmres iter 30 linear residual 2.995e-05
gmres iter 40 linear residual 1.858e-05
gmres iter 50 linear residual 7.944e-06
gmres iter 60 linear residual 2.647e-06
res 9.637e-02 (F-block 4.834e-01 p-block 4.511e-01) alpha 0.5 eta 1.00e-02 iter times 60
gmres iter 10 linear residual 7.837e-05
gmres iter 20 linear residual 4.988e-05
gmres iter 30 linear residual 3.203e-05
gmres iter 40 linear residual 9.927e-06
gmres iter 50 linear residual 6.361e-06
res 4.910e-02 (F-block 2.129e-02 p-block 6.879e-02) alpha 1 eta 1.00e-02 iter times 58
gmres iter 10 linear residual 1.196e-03
gmres iter 20 linear residual 7.370e-04
gmres iter 30 linear residual 3.759e-04
gmres iter 40 linear residual 1.150e-04
gmres iter 50 linear residual 7.312e-05
res 2.204e-02 (F-block 1.070e-02 p-block 5.239e-02) alpha 0.5 eta 1.00e-02 iter times 58
gmres iter 10 linear residual 1.244e-03
gmres iter 20 linear residual 4.356e-04
gmres iter 30 linear residual 1.664e-04
gmres iter 40 linear residual 9.963e-05
gmres iter 50 linear residual 5.005e-05
res 2.275e-02 (F-block 2.738e-04 p-block 2.185e-02) alpha 1 eta 1.00e-02 iter times 54
gmres iter 10 linear residual 2.116e-03
gmres iter 20 linear residual 1.127e-03
gmres iter 30 linear residual 5.346e-04
gmres iter 40 linear residual 2.373e-04
gmres iter 50 linear residual 1.310e-04
gmres iter 60 linear residual 7.358e-05
gmres iter 70 linear residual 4.163e-05
gmres iter 80 linear residual 2.278e-05
gmres iter 90 linear residual 1.367e-05
gmres iter 100 linear residual 7.023e-06
gmres iter 110 linear residual 3.243e-06
res 1.064e-03 (F-block 1.408e-06 p-block 1.171e-04) alpha 1 eta 1.00e-02 iter times 112
gmres iter 10 linear residual 3.199e-03
gmres iter 20 linear residual 9.967e-04
gmres iter 30 linear residual 3.792e-04
gmres iter 40 linear residual 2.423e-04
gmres iter 50 linear residual 1.287e-04
gmres iter 60 linear residual 7.700e-05
gmres iter 70 linear residual 4.698e-05
gmres iter 80 linear residual 1.972e-05
gmres iter 90 linear residual 9.417e-06
gmres iter 100 linear residual 5.256e-06
gmres iter 110 linear residual 3.259e-06
gmres iter 120 linear residual 2.050e-06
gmres iter 130 linear residual 1.091e-06
gmres iter 140 linear residual 4.930e-07
gmres iter 150 linear residual 2.679e-07
res 8.010e-06 (F-block 1.472e-10 p-block 2.353e-08) alpha 1 eta 1.00e-03 iter times 153
time this step...101.69103574752808
now P is...
[[ 2.01120318e+00  2.74113445e-04 -1.95203039e-03]
 [ 3.17929603e-04 -4.02677730e-10  1.54274606e-02]
 [-1.93114958e-03  1.54576826e-02 -5.12345583e-10]]
now F is...
[[ 1.20000000e+00 -1.78881894e-19 -1.24621053e-16]
 [-1.58608613e-16  9.19884225e-01  6.48894072e-17]
 [-8.12123801e-17  8.43353598e-18  9.19515638e-01]]
intermediate results saved (2 increments in output.csv)
this increment is 0.1 (target 0.30000000000000004) ------------------------
gmres iter 10 linear residual 1.300e-04
gmres iter 20 linear residual 8.332e-05
gmres iter 30 linear residual 3.199e-05
gmres iter 40 linear residual 2.037e-05
gmres iter 50 linear residual 8.831e-06
gmres iter 60 linear residual 3.364e-06
res 9.848e-02 (F-block 4.834e-01 p-block 4.603e-01) alpha 0.5 eta 1.00e-02 iter times 61
gmres iter 10 linear residual 7.553e-05
gmres iter 20 linear residual 4.998e-05
gmres iter 30 linear residual 3.299e-05
gmres iter 40 linear residual 1.101e-05
gmres iter 50 linear residual 7.121e-06
res 4.824e-02 (F-block 2.134e-02 p-block 7.648e-02) alpha 1 eta 1.00e-02 iter times 59
gmres iter 10 linear residual 1.217e-03
gmres iter 20 linear residual 6.197e-04
gmres iter 30 linear residual 4.091e-04
gmres iter 40 linear residual 1.449e-04
gmres iter 50 linear residual 7.832e-05
gmres iter 60 linear residual 4.794e-05
res 2.263e-02 (F-block 1.073e-02 p-block 5.949e-02) alpha 0.5 eta 1.00e-02 iter times 63
gmres iter 10 linear residual 1.272e-03
gmres iter 20 linear residual 4.873e-04
gmres iter 30 linear residual 2.207e-04
gmres iter 40 linear residual 1.311e-04
gmres iter 50 linear residual 6.219e-05
res 2.329e-02 (F-block 3.407e-04 p-block 2.537e-02) alpha 1 eta 1.00e-02 iter times 58
gmres iter 10 linear residual 1.963e-03
gmres iter 20 linear residual 1.025e-03
gmres iter 30 linear residual 4.575e-04
gmres iter 40 linear residual 2.679e-04
gmres iter 50 linear residual 1.556e-04
gmres iter 60 linear residual 8.452e-05
gmres iter 70 linear residual 4.182e-05
gmres iter 80 linear residual 2.837e-05
gmres iter 90 linear residual 1.623e-05
gmres iter 100 linear residual 8.759e-06
gmres iter 110 linear residual 4.886e-06
gmres iter 120 linear residual 2.596e-06
res 1.227e-03 (F-block 3.043e-06 p-block 1.440e-04) alpha 1 eta 1.00e-02 iter times 120
gmres iter 10 linear residual 2.903e-03
gmres iter 20 linear residual 9.354e-04
gmres iter 30 linear residual 4.074e-04
gmres iter 40 linear residual 2.548e-04
gmres iter 50 linear residual 1.168e-04
gmres iter 60 linear residual 5.987e-05
gmres iter 70 linear residual 3.830e-05
gmres iter 80 linear residual 2.557e-05
gmres iter 90 linear residual 1.249e-05
gmres iter 100 linear residual 6.616e-06
gmres iter 110 linear residual 3.873e-06
res 1.358e-05 (F-block 3.017e-09 p-block 5.819e-08) alpha 1 eta 1.00e-03 iter times 111
time this step...81.03620934486389
now P is...
[[ 2.78825221e+00  5.48137355e-05 -2.43354972e-03]
 [ 1.35925344e-04 -2.81056967e-09  2.17632351e-02]
 [-2.40340872e-03  2.18077733e-02 -1.50481239e-09]]
now F is...
[[ 1.30000000e+00  3.38981190e-17 -1.18956460e-16]
 [-1.66896808e-16  8.88729877e-01  8.09664175e-17]
 [-8.82484013e-17  2.01018529e-17  8.88185206e-01]]
intermediate results saved (3 increments in output.csv)
finish!
solver stats are saved to solver_stats.json
F and P are saved to output.csv
