---------------------------------------------
-- mixed FFT based solver, by WANG Mingchuan
---------------------------------------------
gmres restart length: 100
Ghat4 is formed (fourier discretization)...
this increment is 0.1 (target 0.1) ------------------------
gmres iter 10 linear residual 3.781e-03
gmres iter 20 linear residual 1.904e-03
gmres iter 30 linear residual 1.554e-03
gmres iter 40 linear residual 1.420e-03
gmres iter 50 linear residual 1.263e-03
gmres iter 60 linear residual 1.217e-03
gmres iter 70 linear residual 1.142e-03
gmres iter 80 linear residual 1.073e-03
gmres iter 90 linear residual 1.015e-03
gmres iter 100 linear residual 9.752e-04
gmres iter 110 linear residual 9.746e-04
gmres iter 120 linear residual 9.674e-04
gmres iter 130 linear residual 9.594e-04
gmres iter 140 linear residual 9.562e-04
gmres iter 150 linear residual 9.504e-04
gmres iter 160 linear residual 9.432e-04
gmres iter 170 linear residual 9.296e-04
gmres iter 180 linear residual 9.199e-04
gmres iter 190 linear residual 9.073e-04
gmres iter 200 linear residual 8.735e-04
gmres iter 210 linear residual 8.717e-04
gmres iter 220 linear residual 8.636e-04
gmres iter 230 linear residual 8.579e-04
gmres iter 240 linear residual 8.535e-04
gmres iter 250 linear residual 8.501e-04
gmres iter 260 linear residual 8.438e-04
gmres iter 270 linear residual 8.395e-04
gmres iter 280 linear residual 8.346e-04
gmres iter 290 linear residual 8.271e-04
gmres iter 300 linear residual 8.156e-04
gmres iter 310 linear residual 8.148e-04
gmres iter 320 linear residual 8.097e-04
gmres iter 330 linear residual 8.069e-04
gmres iter 340 linear residual 8.055e-04
gmres iter 350 linear residual 8.029e-04
gmres iter 360 linear residual 8.012e-04
gmres iter 370 linear residual 8.000e-04
gmres iter 380 linear residual 7.991e-04
gmres iter 390 linear residual 7.967e-04
gmres iter 400 linear residual 7.885e-04
gmres iter 410 linear residual 7.879e-04
gmres iter 420 linear residual 7.846e-04
gmres iter 430 linear residual 7.822e-04
gmres iter 440 linear residual 7.797e-04
gmres iter 450 linear residual 7.784e-04
gmres iter 460 linear residual 7.741e-04
gmres iter 470 linear residual 7.700e-04
gmres iter 480 linear residual 7.672e-04
gmres iter 490 linear residual 7.577e-04
gmres iter 500 linear residual 7.368e-04
gmres iter 510 linear residual 7.356e-04
gmres iter 520 linear residual 7.275e-04
gmres iter 530 linear residual 7.212e-04
gmres iter 540 linear residual 7.175e-04
gmres iter 550 linear residual 7.138e-04
gmres iter 560 linear residual 7.109e-04
gmres iter 570 linear residual 7.096e-04
gmres iter 580 linear residual 7.080e-04
gmres iter 590 linear residual 7.048e-04
gmres iter 600 linear residual 7.025e-04
gmres iter 610 linear residual 7.024e-04
gmres iter 620 linear residual 7.014e-04
gmres iter 630 linear residual 7.006e-04
gmres iter 640 linear residual 6.987e-04
gmres iter 650 linear residual 6.970e-04
gmres iter 660 linear residual 6.922e-04
gmres iter 670 linear residual 6.854e-04
gmres iter 680 linear residual 6.814e-04
gmres iter 690 linear residual 6.754e-04
gmres iter 700 linear residual 6.684e-04
gmres iter 710 linear residual 6.681e-04
gmres iter 720 linear residual 6.637e-04
gmres iter 730 linear residual 6.572e-04
gmres iter 740 linear residual 6.528e-04
gmres iter 750 linear residual 6.474e-04
gmres iter 760 linear residual 6.370e-04
gmres iter 770 linear residual 6.275e-04
gmres iter 780 linear residual 6.218e-04
gmres iter 790 linear residual 6.156e-04
gmres iter 800 linear residual 6.090e-04
gmres iter 810 linear residual 6.088e-04
gmres iter 820 linear residual 6.060e-04
gmres iter 830 linear residual 6.034e-04
gmres iter 840 linear residual 6.008e-04
gmres iter 850 linear residual 5.996e-04
gmres iter 860 linear residual 5.973e-04
gmres iter 870 linear residual 5.942e-04
gmres iter 880 linear residual 5.888e-04
gmres iter 890 linear residual 5.834e-04
gmres iter 900 linear residual 5.798e-04
gmres iter 910 linear residual 5.798e-04
gmres iter 920 linear residual 5.774e-04
gmres iter 930 linear residual 5.754e-04
gmres iter 940 linear residual 5.721e-04
gmres iter 950 linear residual 5.693e-04
gmres iter 960 linear residual 5.654e-04
gmres iter 970 linear residual 5.618e-04
gmres iter 980 linear residual 5.584e-04
gmres iter 990 linear residual 5.536e-04
gmres iter 1000 linear residual 5.496e-04
linear solver hit the iteration cap (1000 iterations, flag 10)
increment failed (gmres_iteration_cap); cutting step to 0.05
this increment is 0.05 (target 0.1) ------------------------
gmres iter 10 linear residual 3.283e-03
gmres iter 20 linear residual 1.613e-03
gmres iter 30 linear residual 1.000e-03
gmres iter 40 linear residual 7.879e-04
gmres iter 50 linear residual 7.714e-04
gmres iter 60 linear residual 6.886e-04
gmres iter 70 linear residual 6.720e-04
gmres iter 80 linear residual 6.436e-04
gmres iter 90 linear residual 6.177e-04
gmres iter 100 linear residual 5.962e-04
gmres iter 110 linear residual 5.942e-04
gmres iter 120 linear residual 5.928e-04
gmres iter 130 linear residual 5.829e-04
gmres iter 140 linear residual 5.803e-04
gmres iter 150 linear residual 5.724e-04
gmres iter 160 linear residual 5.655e-04
gmres iter 170 linear residual 5.436e-04
gmres iter 180 linear residual 5.315e-04
gmres iter 190 linear residual 5.240e-04
gmres iter 200 linear residual 4.861e-04
gmres iter 210 linear residual 4.853e-04
gmres iter 220 linear residual 4.815e-04
gmres iter 230 linear residual 4.740e-04
gmres iter 240 linear residual 4.717e-04
gmres iter 250 linear residual 4.675e-04
gmres iter 260 linear residual 4.655e-04
gmres iter 270 linear residual 4.621e-04
gmres iter 280 linear residual 4.603e-04
gmres iter 290 linear residual 4.590e-04
gmres iter 300 linear residual 4.536e-04
gmres iter 310 linear residual 4.536e-04
gmres iter 320 linear residual 4.529e-04
gmres iter 330 linear residual 4.520e-04
gmres iter 340 linear residual 4.519e-04
gmres iter 350 linear residual 4.506e-04
gmres iter 360 linear residual 4.498e-04
gmres iter 370 linear residual 4.480e-04
gmres iter 380 linear residual 4.476e-04
gmres iter 390 linear residual 4.460e-04
gmres iter 400 linear residual 4.436e-04
gmres iter 410 linear residual 4.436e-04
gmres iter 420 linear residual 4.432e-04
gmres iter 430 linear residual 4.422e-04
gmres iter 440 linear residual 4.421e-04
gmres iter 450 linear residual 4.406e-04
gmres iter 460 linear residual 4.396e-04
gmres iter 470 linear residual 4.374e-04
gmres iter 480 linear residual 4.359e-04
gmres iter 490 linear residual 4.350e-04
gmres iter 500 linear residual 4.302e-04
gmres iter 510 linear residual 4.302e-04
gmres iter 520 linear residual 4.290e-04
gmres iter 530 linear residual 4.278e-04
gmres iter 540 linear residual 4.275e-04
gmres iter 550 linear residual 4.263e-04
gmres iter 560 linear residual 4.255e-04
gmres iter 570 linear residual 4.242e-04
gmres iter 580 linear residual 4.239e-04
gmres iter 590 linear residual 4.234e-04
gmres iter 600 linear residual 4.219e-04
gmres iter 610 linear residual 4.219e-04
gmres iter 620 linear residual 4.216e-04
gmres iter 630 linear residual 4.214e-04
gmres iter 640 linear residual 4.212e-04
gmres iter 650 linear residual 4.196e-04
gmres iter 660 linear residual 4.191e-04
gmres iter 670 linear residual 4.165e-04
gmres iter 680 linear residual 4.140e-04
gmres iter 690 linear residual 4.133e-04
gmres iter 700 linear residual 4.070e-04
gmres iter 710 linear residual 4.067e-04
gmres iter 720 linear residual 4.051e-04
gmres iter 730 linear residual 4.038e-04
gmres iter 740 linear residual 4.035e-04
gmres iter 750 linear residual 4.012e-04
gmres iter 760 linear residual 3.993e-04
gmres iter 770 linear residual 3.977e-04
gmres iter 780 linear residual 3.968e-04
gmres iter 790 linear residual 3.956e-04
gmres iter 800 linear residual 3.928e-04
gmres iter 810 linear residual 3.928e-04
gmres iter 820 linear residual 3.919e-04
gmres iter 830 linear residual 3.917e-04
gmres iter 840 linear residual 3.912e-04
gmres iter 850 linear residual 3.902e-04
gmres iter 860 linear residual 3.895e-04
gmres iter 870 linear residual 3.851e-04
gmres iter 880 linear residual 3.833e-04
gmres iter 890 linear residual 3.817e-04
gmres iter 900 linear residual 3.782e-04
gmres iter 910 linear residual 3.782e-04
gmres iter 920 linear residual 3.773e-04
gmres iter 930 linear residual 3.764e-04
gmres iter 940 linear residual 3.763e-04
gmres iter 950 linear residual 3.745e-04
gmres iter 960 linear residual 3.736e-04
gmres iter 970 linear residual 3.717e-04
gmres iter 980 linear residual 3.706e-04
gmres iter 990 linear residual 3.696e-04
gmres iter 1000 linear residual 3.678e-04
linear solver hit the iteration cap (1000 iterations, flag 10)
increment failed (gmres_iteration_cap); cutting step to 0.025
this increment is 0.025 (target 0.1) ------------------------
gmres iter 10 linear residual 3.062e-03
gmres iter 20 linear residual 1.518e-03
gmres iter 30 linear residual 8.990e-04
gmres iter 40 linear residual 6.105e-04
gmres iter 50 linear residual 4.569e-04
gmres iter 60 linear residual 3.647e-04
gmres iter 70 linear residual 3.125e-04
gmres iter 80 linear residual 2.998e-04
gmres iter 90 linear residual 2.936e-04
gmres iter 100 linear residual 2.677e-04
gmres iter 110 linear residual 2.656e-04
gmres iter 120 linear residual 2.633e-04
gmres iter 130 linear residual 2.616e-04
gmres iter 140 linear residual 2.591e-04
gmres iter 150 linear residual 2.503e-04
gmres iter 160 linear residual 2.388e-04
gmres iter 170 linear residual 2.349e-04
gmres iter 180 linear residual 2.340e-04
gmres iter 190 linear residual 2.284e-04
gmres iter 200 linear residual 2.180e-04
gmres iter 210 linear residual 2.173e-04
gmres iter 220 linear residual 2.170e-04
gmres iter 230 linear residual 2.156e-04
gmres iter 240 linear residual 2.120e-04
gmres iter 250 linear residual 2.102e-04
gmres iter 260 linear residual 2.101e-04
gmres iter 270 linear residual 2.069e-04
gmres iter 280 linear residual 2.034e-04
gmres iter 290 linear residual 2.008e-04
gmres iter 300 linear residual 2.001e-04
gmres iter 310 linear residual 2.001e-04
gmres iter 320 linear residual 2.000e-04
gmres iter 330 linear residual 1.993e-04
gmres iter 340 linear residual 1.975e-04
gmres iter 350 linear residual 1.958e-04
gmres iter 360 linear residual 1.954e-04
gmres iter 370 linear residual 1.948e-04
gmres iter 380 linear residual 1.926e-04
gmres iter 390 linear residual 1.909e-04
gmres iter 400 linear residual 1.905e-04
gmres iter 410 linear residual 1.905e-04
gmres iter 420 linear residual 1.904e-04
gmres iter 430 linear residual 1.895e-04
gmres iter 440 linear residual 1.879e-04
gmres iter 450 linear residual 1.875e-04
gmres iter 460 linear residual 1.873e-04
gmres iter 470 linear residual 1.851e-04
gmres iter 480 linear residual 1.825e-04
gmres iter 490 linear residual 1.809e-04
gmres iter 500 linear residual 1.807e-04
gmres iter 510 linear residual 1.807e-04
gmres iter 520 linear residual 1.805e-04
gmres iter 530 linear residual 1.795e-04
gmres iter 540 linear residual 1.779e-04
gmres iter 550 linear residual 1.770e-04
gmres iter 560 linear residual 1.769e-04
gmres iter 570 linear residual 1.757e-04
gmres iter 580 linear residual 1.739e-04
gmres iter 590 linear residual 1.735e-04
gmres iter 600 linear residual 1.732e-04
gmres iter 610 linear residual 1.732e-04
gmres iter 620 linear residual 1.731e-04
gmres iter 630 linear residual 1.725e-04
gmres iter 640 linear residual 1.709e-04
gmres iter 650 linear residual 1.704e-04
gmres iter 660 linear residual 1.701e-04
gmres iter 670 linear residual 1.672e-04
gmres iter 680 linear residual 1.636e-04
gmres iter 690 linear residual 1.624e-04
gmres iter 700 linear residual 1.615e-04
gmres iter 710 linear residual 1.613e-04
gmres iter 720 linear residual 1.609e-04
gmres iter 730 linear residual 1.585e-04
gmres iter 740 linear residual 1.551e-04
gmres iter 750 linear residual 1.543e-04
gmres iter 760 linear residual 1.538e-04
gmres iter 770 linear residual 1.521e-04
gmres iter 780 linear residual 1.508e-04
gmres iter 790 linear residual 1.507e-04
gmres iter 800 linear residual 1.484e-04
gmres iter 810 linear residual 1.469e-04
gmres iter 820 linear residual 1.461e-04
gmres iter 830 linear residual 1.443e-04
gmres iter 840 linear residual 1.413e-04
gmres iter 850 linear residual 1.404e-04
gmres iter 860 linear residual 1.394e-04
gmres iter 870 linear residual 1.354e-04
gmres iter 880 linear residual 1.278e-04
gmres iter 890 linear residual 1.270e-04
gmres iter 900 linear residual 1.239e-04
gmres iter 910 linear residual 1.223e-04
gmres iter 920 linear residual 1.215e-04
gmres iter 930 linear residual 1.188e-04
gmres iter 940 linear residual 1.143e-04
gmres iter 950 linear residual 1.115e-04
gmres iter 960 linear residual 1.110e-04
gmres iter 970 linear residual 1.076e-04
gmres iter 980 linear residual 1.056e-04
gmres iter 990 linear residual 1.054e-04
gmres iter 1000 linear residual 1.044e-04
linear solver hit the iteration cap (1000 iterations, flag 10)
increment failed (gmres_iteration_cap); cutting step to 0.0125
this increment is 0.0125 (target 0.1) ------------------------
gmres iter 10 linear residual 2.963e-03
gmres iter 20 linear residual 1.483e-03
gmres iter 30 linear residual 8.723e-04
gmres iter 40 linear residual 5.872e-04
gmres iter 50 linear residual 4.257e-04
gmres iter 60 linear residual 3.150e-04
gmres iter 70 linear residual 2.363e-04
gmres iter 80 linear residual 1.854e-04
gmres iter 90 linear residual 1.461e-04
gmres iter 100 linear residual 1.159e-04
gmres iter 110 linear residual 1.143e-04
gmres iter 120 linear residual 1.118e-04
gmres iter 130 linear residual 1.069e-04
gmres iter 140 linear residual 1.037e-04
gmres iter 150 linear residual 1.013e-04
gmres iter 160 linear residual 1.003e-04
gmres iter 170 linear residual 1.001e-04
gmres iter 180 linear residual 9.708e-05
gmres iter 190 linear residual 9.442e-05
gmres iter 200 linear residual 8.550e-05
gmres iter 210 linear residual 8.478e-05
gmres iter 220 linear residual 8.402e-05
gmres iter 230 linear residual 8.300e-05
gmres iter 240 linear residual 8.282e-05
gmres iter 250 linear residual 8.276e-05
gmres iter 260 linear residual 8.208e-05
gmres iter 270 linear residual 8.189e-05
gmres iter 280 linear residual 8.035e-05
gmres iter 290 linear residual 7.959e-05
gmres iter 300 linear residual 7.751e-05
gmres iter 310 linear residual 7.726e-05
gmres iter 320 linear residual 7.689e-05
gmres iter 330 linear residual 7.644e-05
gmres iter 340 linear residual 7.623e-05
gmres iter 350 linear residual 7.616e-05
gmres iter 360 linear residual 7.604e-05
gmres iter 370 linear residual 7.588e-05
gmres iter 380 linear residual 7.492e-05
gmres iter 390 linear residual 7.406e-05
gmres iter 400 linear residual 7.249e-05
gmres iter 410 linear residual 7.232e-05
gmres iter 420 linear residual 7.217e-05
gmres iter 430 linear residual 7.210e-05
gmres iter 440 linear residual 7.203e-05
gmres iter 450 linear residual 7.149e-05
gmres iter 460 linear residual 7.083e-05
gmres iter 470 linear residual 7.033e-05
gmres iter 480 linear residual 6.952e-05
gmres iter 490 linear residual 6.939e-05
gmres iter 500 linear residual 6.930e-05
gmres iter 510 linear residual 6.930e-05
gmres iter 520 linear residual 6.929e-05
gmres iter 530 linear residual 6.928e-05
gmres iter 540 linear residual 6.919e-05
gmres iter 550 linear residual 6.872e-05
gmres iter 560 linear residual 6.813e-05
gmres iter 570 linear residual 6.730e-05
gmres iter 580 linear residual 6.669e-05
gmres iter 590 linear residual 6.652e-05
gmres iter 600 linear residual 6.649e-05
gmres iter 610 linear residual 6.649e-05
gmres iter 620 linear residual 6.648e-05
gmres iter 630 linear residual 6.637e-05
gmres iter 640 linear residual 6.595e-05
gmres iter 650 linear residual 6.517e-05
gmres iter 660 linear residual 6.452e-05
gmres iter 670 linear residual 6.400e-05
gmres iter 680 linear residual 6.385e-05
gmres iter 690 linear residual 6.384e-05
gmres iter 700 linear residual 6.346e-05
gmres iter 710 linear residual 6.335e-05
gmres iter 720 linear residual 6.321e-05
gmres iter 730 linear residual 6.312e-05
gmres iter 740 linear residual 6.293e-05
gmres iter 750 linear residual 6.209e-05
gmres iter 760 linear residual 6.064e-05
gmres iter 770 linear residual 5.921e-05
gmres iter 780 linear residual 5.883e-05
gmres iter 790 linear residual 5.874e-05
gmres iter 800 linear residual 5.778e-05
gmres iter 810 linear residual 5.720e-05
gmres iter 820 linear residual 5.666e-05
gmres iter 830 linear residual 5.636e-05
gmres iter 840 linear residual 5.480e-05
gmres iter 850 linear residual 5.307e-05
gmres iter 860 linear residual 5.138e-05
gmres iter 870 linear residual 5.076e-05
gmres iter 880 linear residual 5.070e-05
gmres iter 890 linear residual 4.913e-05
gmres iter 900 linear residual 4.634e-05
gmres iter 910 linear residual 4.484e-05
gmres iter 920 linear residual 4.291e-05
gmres iter 930 linear residual 4.249e-05
gmres iter 940 linear residual 4.237e-05
gmres iter 950 linear residual 4.188e-05
gmres iter 960 linear residual 4.064e-05
gmres iter 970 linear residual 3.925e-05
gmres iter 980 linear residual 3.864e-05
gmres iter 990 linear residual 3.847e-05
gmres iter 1000 linear residual 3.783e-05
linear solver hit the iteration cap (1000 iterations, flag 10)
increment failed (gmres_iteration_cap); cutting step to 0.00625
this increment is 0.00625 (target 0.1) ------------------------
gmres iter 10 linear residual 2.918e-03
gmres iter 20 linear residual 1.470e-03
gmres iter 30 linear residual 8.636e-04
gmres iter 40 linear residual 5.834e-04
gmres iter 50 linear residual 4.216e-04
gmres iter 60 linear residual 3.092e-04
gmres iter 70 linear residual 2.293e-04
gmres iter 80 linear residual 1.773e-04
gmres iter 90 linear residual 1.364e-04
gmres iter 100 linear residual 1.043e-04
gmres iter 110 linear residual 1.025e-04
gmres iter 120 linear residual 9.901e-05
gmres iter 130 linear residual 9.191e-05
gmres iter 140 linear residual 8.529e-05
gmres iter 150 linear residual 7.746e-05
gmres iter 160 linear residual 6.849e-05
gmres iter 170 linear residual 5.639e-05
gmres iter 180 linear residual 4.860e-05
gmres iter 190 linear residual 3.301e-05
gmres iter 200 linear residual 2.306e-05
gmres iter 210 linear residual 2.294e-05
gmres iter 220 linear residual 2.285e-05
gmres iter 230 linear residual 2.264e-05
gmres iter 240 linear residual 2.252e-05
gmres iter 250 linear residual 2.247e-05
gmres iter 260 linear residual 2.239e-05
gmres iter 270 linear residual 2.237e-05
gmres iter 280 linear residual 2.234e-05
gmres iter 290 linear residual 2.230e-05
gmres iter 300 linear residual 2.209e-05
gmres iter 310 linear residual 2.209e-05
gmres iter 320 linear residual 2.208e-05
gmres iter 330 linear residual 2.207e-05
gmres iter 340 linear residual 2.206e-05
gmres iter 350 linear residual 2.205e-05
gmres iter 360 linear residual 2.205e-05
gmres iter 370 linear residual 2.203e-05
gmres iter 380 linear residual 2.201e-05
gmres iter 390 linear residual 2.198e-05
gmres iter 400 linear residual 2.194e-05
gmres iter 410 linear residual 2.194e-05
gmres iter 420 linear residual 2.194e-05
gmres iter 430 linear residual 2.194e-05
gmres iter 440 linear residual 2.193e-05
gmres iter 450 linear residual 2.193e-05
gmres iter 460 linear residual 2.192e-05
gmres iter 470 linear residual 2.192e-05
gmres iter 480 linear residual 2.190e-05
gmres iter 490 linear residual 2.188e-05
gmres iter 500 linear residual 2.185e-05
gmres iter 510 linear residual 2.185e-05
gmres iter 520 linear residual 2.185e-05
gmres iter 530 linear residual 2.185e-05
gmres iter 540 linear residual 2.184e-05
gmres iter 550 linear residual 2.184e-05
gmres iter 560 linear residual 2.184e-05
gmres iter 570 linear residual 2.183e-05
gmres iter 580 linear residual 2.183e-05
gmres iter 590 linear residual 2.183e-05
gmres iter 600 linear residual 2.182e-05
gmres iter 610 linear residual 2.182e-05
gmres iter 620 linear residual 2.182e-05
gmres iter 630 linear residual 2.182e-05
gmres iter 640 linear residual 2.182e-05
gmres iter 650 linear residual 2.182e-05
gmres iter 660 linear residual 2.182e-05
gmres iter 670 linear residual 2.182e-05
gmres iter 680 linear residual 2.182e-05
gmres iter 690 linear residual 2.181e-05
gmres iter 700 linear residual 2.181e-05
gmres iter 710 linear residual 2.180e-05
gmres iter 720 linear residual 2.180e-05
gmres iter 730 linear residual 2.180e-05
gmres iter 740 linear residual 2.180e-05
gmres iter 750 linear residual 2.180e-05
gmres iter 760 linear residual 2.180e-05
gmres iter 770 linear residual 2.180e-05
gmres iter 780 linear residual 2.180e-05
gmres iter 790 linear residual 2.180e-05
gmres iter 800 linear residual 2.180e-05
gmres iter 810 linear residual 2.179e-05
gmres iter 820 linear residual 2.179e-05
gmres iter 830 linear residual 2.179e-05
gmres iter 840 linear residual 2.179e-05
gmres iter 850 linear residual 2.179e-05
gmres iter 860 linear residual 2.179e-05
gmres iter 870 linear residual 2.179e-05
gmres iter 880 linear residual 2.179e-05
gmres iter 890 linear residual 2.179e-05
gmres iter 900 linear residual 2.179e-05
gmres iter 910 linear residual 2.179e-05
gmres iter 920 linear residual 2.179e-05
gmres iter 930 linear residual 2.179e-05
gmres iter 940 linear residual 2.179e-05
gmres iter 950 linear residual 2.179e-05
gmres iter 960 linear residual 2.179e-05
gmres iter 970 linear residual 2.179e-05
gmres iter 980 linear residual 2.178e-05
gmres iter 990 linear residual 2.178e-05
gmres iter 1000 linear residual 2.178e-05
linear solver hit the iteration cap (1000 iterations, flag 10)
increment failed (gmres_iteration_cap); cutting step to 0.003125
SOLVER FAILED: no convergence at load 0 even with the
minimum sub-step; results are only saved up to the last
converged increment boundary.
solver stats are saved to solver_stats.json
F and P are saved to output.csv
