---------------------------------------------
-- mixed FFT based solver, by WANG Mingchuan
---------------------------------------------
gmres restart length: 100
Ghat4 is formed (fourier discretization)...
this increment is 0.1 (target 0.1) ------------------------
gmres iter 10 linear residual 3.950e-02
gmres iter 20 linear residual 3.119e-02
gmres iter 30 linear residual 2.788e-02
gmres iter 40 linear residual 2.461e-02
gmres iter 50 linear residual 2.137e-02
gmres iter 60 linear residual 1.891e-02
gmres iter 70 linear residual 1.652e-02
gmres iter 80 linear residual 1.463e-02
gmres iter 90 linear residual 1.313e-02
gmres iter 100 linear residual 1.202e-02
gmres iter 110 linear residual 1.174e-02
gmres iter 120 linear residual 1.141e-02
gmres iter 130 linear residual 1.094e-02
gmres iter 140 linear residual 1.045e-02
gmres iter 150 linear residual 9.975e-03
gmres iter 160 linear residual 9.758e-03
gmres iter 170 linear residual 9.545e-03
gmres iter 180 linear residual 9.295e-03
gmres iter 190 linear residual 8.974e-03
gmres iter 200 linear residual 8.721e-03
res 7.436e-02 (F-block 1.176e-01 p-block 1.475e-01) alpha 1 eta 1.00e-02 iter times 200
gmres iter 10 linear residual 2.504e-01
gmres iter 20 linear residual 1.133e-01
gmres iter 30 linear residual 5.157e-02
gmres iter 40 linear residual 3.914e-02
gmres iter 50 linear residual 2.870e-02
gmres iter 60 linear residual 2.333e-02
gmres iter 70 linear residual 2.199e-02
gmres iter 80 linear residual 2.188e-02
gmres iter 90 linear residual 2.110e-02
gmres iter 100 linear residual 1.951e-02
gmres iter 110 linear residual 1.882e-02
gmres iter 120 linear residual 1.843e-02
gmres iter 130 linear residual 1.840e-02
gmres iter 140 linear residual 1.805e-02
gmres iter 150 linear residual 1.700e-02
gmres iter 160 linear residual 1.596e-02
gmres iter 170 linear residual 1.558e-02
gmres iter 180 linear residual 1.535e-02
gmres iter 190 linear residual 1.529e-02
gmres iter 200 linear residual 1.465e-02
gmres iter 210 linear residual 1.443e-02
gmres iter 220 linear residual 1.427e-02
gmres iter 230 linear residual 1.426e-02
gmres iter 240 linear residual 1.399e-02
gmres iter 250 linear residual 1.362e-02
gmres iter 260 linear residual 1.324e-02
gmres iter 270 linear residual 1.314e-02
gmres iter 280 linear residual 1.314e-02
gmres iter 290 linear residual 1.296e-02
gmres iter 300 linear residual 1.259e-02
gmres iter 310 linear residual 1.246e-02
gmres iter 320 linear residual 1.228e-02
gmres iter 330 linear residual 1.225e-02
gmres iter 340 linear residual 1.218e-02
gmres iter 350 linear residual 1.192e-02
gmres iter 360 linear residual 1.165e-02
gmres iter 370 linear residual 1.156e-02
gmres iter 380 linear residual 1.155e-02
gmres iter 390 linear residual 1.134e-02
gmres iter 400 linear residual 1.103e-02
gmres iter 410 linear residual 1.088e-02
gmres iter 420 linear residual 1.073e-02
gmres iter 430 linear residual 1.071e-02
gmres iter 440 linear residual 1.069e-02
gmres iter 450 linear residual 1.063e-02
gmres iter 460 linear residual 1.052e-02
gmres iter 470 linear residual 1.042e-02
gmres iter 480 linear residual 1.039e-02
gmres iter 490 linear residual 1.037e-02
gmres iter 500 linear residual 1.029e-02
gmres iter 510 linear residual 1.026e-02
gmres iter 520 linear residual 1.024e-02
gmres iter 530 linear residual 1.024e-02
gmres iter 540 linear residual 1.019e-02
gmres iter 550 linear residual 1.008e-02
gmres iter 560 linear residual 9.970e-03
gmres iter 570 linear residual 9.947e-03
gmres iter 580 linear residual 9.938e-03
gmres iter 590 linear residual 9.824e-03
gmres iter 600 linear residual 9.623e-03
gmres iter 610 linear residual 9.567e-03
gmres iter 620 linear residual 9.474e-03
gmres iter 630 linear residual 9.434e-03
gmres iter 640 linear residual 9.429e-03
gmres iter 650 linear residual 9.386e-03
gmres iter 660 linear residual 9.306e-03
gmres iter 670 linear residual 9.241e-03
gmres iter 680 linear residual 9.230e-03
gmres iter 690 linear residual 9.214e-03
gmres iter 700 linear residual 9.139e-03
gmres iter 710 linear residual 9.113e-03
gmres iter 720 linear residual 9.081e-03
gmres iter 730 linear residual 9.074e-03
gmres iter 740 linear residual 9.033e-03
gmres iter 750 linear residual 8.973e-03
gmres iter 760 linear residual 8.854e-03
res 5.628e-02 (F-block 1.086e-01 p-block 8.093e-02) alpha 1 eta 1.00e-02 iter times 763
gmres iter 10 linear residual 6.318e-02
gmres iter 20 linear residual 4.374e-02
gmres iter 30 linear residual 2.842e-02
gmres iter 40 linear residual 2.512e-02
gmres iter 50 linear residual 1.972e-02
gmres iter 60 linear residual 1.522e-02
gmres iter 70 linear residual 1.417e-02
gmres iter 80 linear residual 1.335e-02
gmres iter 90 linear residual 1.242e-02
gmres iter 100 linear residual 1.226e-02
gmres iter 110 linear residual 1.225e-02
gmres iter 120 linear residual 1.202e-02
gmres iter 130 linear residual 1.181e-02
gmres iter 140 linear residual 1.163e-02
gmres iter 150 linear residual 1.068e-02
gmres iter 160 linear residual 1.052e-02
gmres iter 170 linear residual 1.009e-02
gmres iter 180 linear residual 9.893e-03
gmres iter 190 linear residual 9.730e-03
gmres iter 200 linear residual 9.533e-03
gmres iter 210 linear residual 9.520e-03
gmres iter 220 linear residual 9.395e-03
gmres iter 230 linear residual 9.348e-03
gmres iter 240 linear residual 9.195e-03
res 2.491e-02 (F-block 2.087e-02 p-block 1.560e-02) alpha 1 eta 1.00e-02 iter times 241
gmres iter 10 linear residual 2.070e-01
gmres iter 20 linear residual 1.613e-01
gmres iter 30 linear residual 1.410e-01
gmres iter 40 linear residual 1.339e-01
gmres iter 50 linear residual 1.191e-01
gmres iter 60 linear residual 1.042e-01
gmres iter 70 linear residual 8.936e-02
gmres iter 80 linear residual 7.473e-02
gmres iter 90 linear residual 6.041e-02
gmres iter 100 linear residual 4.943e-02
gmres iter 110 linear residual 4.584e-02
gmres iter 120 linear residual 4.293e-02
gmres iter 130 linear residual 4.273e-02
gmres iter 140 linear residual 4.146e-02
gmres iter 150 linear residual 3.958e-02
gmres iter 160 linear residual 3.724e-02
gmres iter 170 linear residual 3.285e-02
gmres iter 180 linear residual 2.539e-02
gmres iter 190 linear residual 1.932e-02
gmres iter 200 linear residual 1.535e-02
gmres iter 210 linear residual 1.420e-02
gmres iter 220 linear residual 1.217e-02
gmres iter 230 linear residual 1.158e-02
gmres iter 240 linear residual 1.148e-02
gmres iter 250 linear residual 1.095e-02
gmres iter 260 linear residual 1.002e-02
res 5.787e-03 (F-block 1.739e-02 p-block 1.579e-02) alpha 0.125 eta 1.00e-02 iter times 266
gmres iter 10 linear residual 2.227e-01
gmres iter 20 linear residual 1.593e-01
gmres iter 30 linear residual 1.201e-01
gmres iter 40 linear residual 9.872e-02
gmres iter 50 linear residual 7.919e-02
gmres iter 60 linear residual 6.492e-02
gmres iter 70 linear residual 5.155e-02
gmres iter 80 linear residual 4.193e-02
gmres iter 90 linear residual 3.418e-02
gmres iter 100 linear residual 2.955e-02
gmres iter 110 linear residual 2.701e-02
gmres iter 120 linear residual 2.243e-02
gmres iter 130 linear residual 1.856e-02
gmres iter 140 linear residual 1.492e-02
gmres iter 150 linear residual 1.262e-02
gmres iter 160 linear residual 9.845e-03
res 4.307e-03 (F-block 1.539e-02 p-block 1.540e-02) alpha 0.125 eta 1.00e-02 iter times 162
gmres iter 10 linear residual 2.221e-01
gmres iter 20 linear residual 1.509e-01
gmres iter 30 linear residual 1.032e-01
gmres iter 40 linear residual 8.361e-02
gmres iter 50 linear residual 6.369e-02
gmres iter 60 linear residual 5.318e-02
gmres iter 70 linear residual 4.724e-02
gmres iter 80 linear residual 4.353e-02
gmres iter 90 linear residual 4.089e-02
gmres iter 100 linear residual 3.838e-02
gmres iter 110 linear residual 3.661e-02
gmres iter 120 linear residual 3.134e-02
gmres iter 130 linear residual 2.566e-02
gmres iter 140 linear residual 1.920e-02
gmres iter 150 linear residual 1.350e-02
gmres iter 160 linear residual 1.013e-02
res 4.030e-03 (F-block 1.429e-02 p-block 1.634e-02) alpha 0.125 eta 1.00e-02 iter times 165
gmres iter 10 linear residual 2.098e-01
gmres iter 20 linear residual 1.424e-01
gmres iter 30 linear residual 1.010e-01
gmres iter 40 linear residual 8.983e-02
gmres iter 50 linear residual 8.255e-02
gmres iter 60 linear residual 7.855e-02
gmres iter 70 linear residual 7.283e-02
gmres iter 80 linear residual 6.635e-02
gmres iter 90 linear residual 6.041e-02
gmres iter 100 linear residual 5.342e-02
gmres iter 110 linear residual 4.951e-02
gmres iter 120 linear residual 4.024e-02
gmres iter 130 linear residual 3.395e-02
gmres iter 140 linear residual 2.796e-02
gmres iter 150 linear residual 2.315e-02
gmres iter 160 linear residual 1.428e-02
gmres iter 170 linear residual 9.936e-03
res 3.975e-03 (F-block 1.263e-02 p-block 1.746e-02) alpha 0.125 eta 1.00e-02 iter times 175
gmres iter 10 linear residual 2.099e-01
gmres iter 20 linear residual 1.427e-01
gmres iter 30 linear residual 1.042e-01
gmres iter 40 linear residual 9.265e-02
gmres iter 50 linear residual 7.978e-02
gmres iter 60 linear residual 6.772e-02
gmres iter 70 linear residual 5.190e-02
gmres iter 80 linear residual 3.526e-02
gmres iter 90 linear residual 2.532e-02
gmres iter 100 linear residual 1.937e-02
gmres iter 110 linear residual 1.701e-02
gmres iter 120 linear residual 1.375e-02
gmres iter 130 linear residual 1.174e-02
gmres iter 140 linear residual 1.041e-02
gmres iter 150 linear residual 9.108e-03
res 4.895e-03 (F-block 9.634e-03 p-block 1.643e-02) alpha 0.25 eta 1.00e-02 iter times 150
gmres iter 10 linear residual 2.125e-01
gmres iter 20 linear residual 1.339e-01
gmres iter 30 linear residual 7.347e-02
gmres iter 40 linear residual 5.671e-02
gmres iter 50 linear residual 4.094e-02
gmres iter 60 linear residual 3.009e-02
gmres iter 70 linear residual 2.375e-02
gmres iter 80 linear residual 1.854e-02
gmres iter 90 linear residual 1.502e-02
gmres iter 100 linear residual 1.230e-02
gmres iter 110 linear residual 1.091e-02
res 9.998e-03 (F-block 1.193e-02 p-block 8.541e-03) alpha 1 eta 1.00e-02 iter times 119
gmres iter 10 linear residual 3.807e-02
gmres iter 20 linear residual 2.371e-02
gmres iter 30 linear residual 1.803e-02
gmres iter 40 linear residual 1.722e-02
gmres iter 50 linear residual 1.715e-02
gmres iter 60 linear residual 1.682e-02
gmres iter 70 linear residual 1.636e-02
gmres iter 80 linear residual 1.555e-02
gmres iter 90 linear residual 1.409e-02
gmres iter 100 linear residual 1.247e-02
gmres iter 110 linear residual 1.200e-02
gmres iter 120 linear residual 1.126e-02
gmres iter 130 linear residual 1.085e-02
gmres iter 140 linear residual 1.077e-02
gmres iter 150 linear residual 1.074e-02
gmres iter 160 linear residual 1.044e-02
gmres iter 170 linear residual 9.642e-03
res 2.514e-03 (F-block 5.637e-03 p-block 6.141e-03) alpha 0.5 eta 1.00e-02 iter times 177
gmres iter 10 linear residual 1.072e-01
gmres iter 20 linear residual 7.069e-02
gmres iter 30 linear residual 4.131e-02
gmres iter 40 linear residual 2.990e-02
gmres iter 50 linear residual 2.117e-02
gmres iter 60 linear residual 1.706e-02
gmres iter 70 linear residual 1.317e-02
gmres iter 80 linear residual 1.075e-02
gmres iter 90 linear residual 9.027e-03
gmres iter 100 linear residual 7.621e-03
res 3.173e-03 (F-block 5.613e-03 p-block 3.807e-03) alpha 1 eta 1.00e-02 iter times 100
gmres iter 10 linear residual 3.829e-02
gmres iter 20 linear residual 2.969e-02
gmres iter 30 linear residual 2.123e-02
gmres iter 40 linear residual 1.457e-02
gmres iter 50 linear residual 1.138e-02
gmres iter 60 linear residual 9.008e-03
gmres iter 70 linear residual 7.182e-03
res 1.685e-03 (F-block 1.674e-03 p-block 1.136e-03) alpha 1 eta 1.00e-02 iter times 75
gmres iter 10 linear residual 1.072e-01
gmres iter 20 linear residual 4.861e-02
gmres iter 30 linear residual 2.485e-02
gmres iter 40 linear residual 1.878e-02
gmres iter 50 linear residual 1.471e-02
gmres iter 60 linear residual 1.199e-02
gmres iter 70 linear residual 1.084e-02
gmres iter 80 linear residual 9.525e-03
gmres iter 90 linear residual 8.226e-03
gmres iter 100 linear residual 6.761e-03
res 7.143e-04 (F-block 2.925e-04 p-block 2.279e-04) alpha 1 eta 1.00e-02 iter times 100
gmres iter 10 linear residual 1.417e-01
gmres iter 20 linear residual 7.930e-02
gmres iter 30 linear residual 4.232e-02
gmres iter 40 linear residual 3.608e-02
gmres iter 50 linear residual 3.070e-02
gmres iter 60 linear residual 2.625e-02
gmres iter 70 linear residual 2.388e-02
gmres iter 80 linear residual 2.067e-02
gmres iter 90 linear residual 1.747e-02
gmres iter 100 linear residual 1.468e-02
gmres iter 110 linear residual 1.364e-02
gmres iter 120 linear residual 1.172e-02
gmres iter 130 linear residual 1.041e-02
res 2.033e-04 (F-block 2.473e-05 p-block 3.028e-05) alpha 1 eta 1.00e-02 iter times 139
gmres iter 10 linear residual 1.308e-01
gmres iter 20 linear residual 1.083e-01
gmres iter 30 linear residual 9.571e-02
gmres iter 40 linear residual 8.972e-02
gmres iter 50 linear residual 7.917e-02
gmres iter 60 linear residual 6.501e-02
gmres iter 70 linear residual 5.140e-02
gmres iter 80 linear residual 3.550e-02
gmres iter 90 linear residual 2.594e-02
gmres iter 100 linear residual 2.048e-02
gmres iter 110 linear residual 1.876e-02
gmres iter 120 linear residual 1.601e-02
gmres iter 130 linear residual 1.349e-02
gmres iter 140 linear residual 1.170e-02
gmres iter 150 linear residual 9.973e-03
res 1.350e-05 (F-block 2.498e-07 p-block 2.176e-06) alpha 1 eta 1.00e-02 iter times 154
time this step...608.2442343235016
now P is...
[[ 1.34107632e+00  1.06314276e-03 -2.29061722e-02]
 [ 9.25122172e-04  2.38134162e-09  1.80175132e-02]
 [-1.98906246e-02  1.79797195e-02 -1.44038878e-08]]
now F is...
[[ 1.10000000e+00  2.39970061e-16  1.46100856e-16]
 [ 4.88511547e-16  9.57195061e-01  5.30422084e-17]
 [-2.14181255e-16 -5.05714022e-16  9.55187392e-01]]
intermediate results saved (1 increments in output.csv)
this increment is 0.1 (target 0.2) ------------------------
gmres iter 10 linear residual 3.942e-02
gmres iter 20 linear residual 3.119e-02
gmres iter 30 linear residual 2.757e-02
gmres iter 40 linear residual 2.423e-02
gmres iter 50 linear residual 2.100e-02
gmres iter 60 linear residual 1.846e-02
gmres iter 70 linear residual 1.623e-02
gmres iter 80 linear residual 1.440e-02
gmres iter 90 linear residual 1.304e-02
gmres iter 100 linear residual 1.196e-02
gmres iter 110 linear residual 1.165e-02
gmres iter 120 linear residual 1.134e-02
gmres iter 130 linear residual 1.094e-02
gmres iter 140 linear residual 1.045e-02
gmres iter 150 linear residual 9.981e-03
gmres iter 160 linear residual 9.713e-03
gmres iter 170 linear residual 9.442e-03
gmres iter 180 linear residual 9.153e-03
gmres iter 190 linear residual 8.827e-03
res 7.032e-02 (F-block 1.168e-01 p-block 1.602e-01) alpha 1 eta 1.00e-02 iter times 199
gmres iter 10 linear residual 2.534e-01
gmres iter 20 linear residual 1.174e-01
gmres iter 30 linear residual 5.649e-02
gmres iter 40 linear residual 4.312e-02
gmres iter 50 linear residual 3.172e-02
gmres iter 60 linear residual 2.657e-02
gmres iter 70 linear residual 2.561e-02
gmres iter 80 linear residual 2.524e-02
gmres iter 90 linear residual 2.366e-02
gmres iter 100 linear residual 2.113e-02
gmres iter 110 linear residual 2.044e-02
gmres iter 120 linear residual 2.002e-02
gmres iter 130 linear residual 1.998e-02
gmres iter 140 linear residual 1.961e-02
gmres iter 150 linear residual 1.863e-02
gmres iter 160 linear residual 1.792e-02
gmres iter 170 linear residual 1.771e-02
gmres iter 180 linear residual 1.770e-02
gmres iter 190 linear residual 1.739e-02
gmres iter 200 linear residual 1.659e-02
gmres iter 210 linear residual 1.639e-02
gmres iter 220 linear residual 1.614e-02
gmres iter 230 linear residual 1.612e-02
gmres iter 240 linear residual 1.594e-02
gmres iter 250 linear residual 1.561e-02
gmres iter 260 linear residual 1.535e-02
gmres iter 270 linear residual 1.529e-02
gmres iter 280 linear residual 1.527e-02
gmres iter 290 linear residual 1.502e-02
gmres iter 300 linear residual 1.455e-02
gmres iter 310 linear residual 1.442e-02
gmres iter 320 linear residual 1.429e-02
gmres iter 330 linear residual 1.427e-02
gmres iter 340 linear residual 1.422e-02
gmres iter 350 linear residual 1.393e-02
gmres iter 360 linear residual 1.364e-02
gmres iter 370 linear residual 1.352e-02
gmres iter 380 linear residual 1.350e-02
gmres iter 390 linear residual 1.343e-02
gmres iter 400 linear residual 1.328e-02
gmres iter 410 linear residual 1.324e-02
gmres iter 420 linear residual 1.318e-02
gmres iter 430 linear residual 1.317e-02
gmres iter 440 linear residual 1.306e-02
gmres iter 450 linear residual 1.284e-02
gmres iter 460 linear residual 1.258e-02
gmres iter 470 linear residual 1.253e-02
gmres iter 480 linear residual 1.252e-02
gmres iter 490 linear residual 1.248e-02
gmres iter 500 linear residual 1.229e-02
gmres iter 510 linear residual 1.220e-02
gmres iter 520 linear residual 1.214e-02
gmres iter 530 linear residual 1.213e-02
gmres iter 540 linear residual 1.210e-02
gmres iter 550 linear residual 1.193e-02
gmres iter 560 linear residual 1.179e-02
gmres iter 570 linear residual 1.176e-02
gmres iter 580 linear residual 1.176e-02
gmres iter 590 linear residual 1.174e-02
gmres iter 600 linear residual 1.166e-02
gmres iter 610 linear residual 1.163e-02
gmres iter 620 linear residual 1.160e-02
gmres iter 630 linear residual 1.160e-02
gmres iter 640 linear residual 1.154e-02
gmres iter 650 linear residual 1.145e-02
gmres iter 660 linear residual 1.137e-02
gmres iter 670 linear residual 1.128e-02
gmres iter 680 linear residual 1.127e-02
gmres iter 690 linear residual 1.125e-02
gmres iter 700 linear residual 1.106e-02
gmres iter 710 linear residual 1.098e-02
gmres iter 720 linear residual 1.092e-02
gmres iter 730 linear residual 1.091e-02
gmres iter 740 linear residual 1.090e-02
gmres iter 750 linear residual 1.084e-02
gmres iter 760 linear residual 1.073e-02
gmres iter 770 linear residual 1.068e-02
gmres iter 780 linear residual 1.068e-02
gmres iter 790 linear residual 1.067e-02
gmres iter 800 linear residual 1.061e-02
gmres iter 810 linear residual 1.059e-02
gmres iter 820 linear residual 1.058e-02
gmres iter 830 linear residual 1.058e-02
gmres iter 840 linear residual 1.057e-02
gmres iter 850 linear residual 1.054e-02
gmres iter 860 linear residual 1.042e-02
gmres iter 870 linear residual 1.038e-02
gmres iter 880 linear residual 1.037e-02
gmres iter 890 linear residual 1.036e-02
gmres iter 900 linear residual 1.026e-02
gmres iter 910 linear residual 1.023e-02
gmres iter 920 linear residual 1.019e-02
gmres iter 930 linear residual 1.018e-02
gmres iter 940 linear residual 1.015e-02
gmres iter 950 linear residual 1.009e-02
gmres iter 960 linear residual 1.001e-02
gmres iter 970 linear residual 9.998e-03
gmres iter 980 linear residual 9.994e-03
gmres iter 990 linear residual 9.970e-03
gmres iter 1000 linear residual 9.960e-03
linear solver hit the iteration cap (1000 iterations, flag 10)
increment failed (gmres_iteration_cap); cutting step to 0.05
this increment is 0.05 (target 0.2) ------------------------
gmres iter 10 linear residual 2.672e-02
gmres iter 20 linear residual 1.498e-02
gmres iter 30 linear residual 1.293e-02
gmres iter 40 linear residual 1.010e-02
gmres iter 50 linear residual 9.139e-03
gmres iter 60 linear residual 8.091e-03
gmres iter 70 linear residual 6.986e-03
res 3.403e-02 (F-block 5.370e-02 p-block 1.234e-01) alpha 1 eta 1.00e-02 iter times 77
gmres iter 10 linear residual 2.792e-01
gmres iter 20 linear residual 1.404e-01
gmres iter 30 linear residual 6.733e-02
gmres iter 40 linear residual 4.833e-02
gmres iter 50 linear residual 3.493e-02
gmres iter 60 linear residual 2.601e-02
gmres iter 70 linear residual 2.118e-02
gmres iter 80 linear residual 1.796e-02
gmres iter 90 linear residual 1.477e-02
gmres iter 100 linear residual 1.316e-02
gmres iter 110 linear residual 1.263e-02
gmres iter 120 linear residual 1.156e-02
gmres iter 130 linear residual 1.109e-02
gmres iter 140 linear residual 1.076e-02
gmres iter 150 linear residual 1.050e-02
gmres iter 160 linear residual 1.037e-02
gmres iter 170 linear residual 1.030e-02
gmres iter 180 linear residual 1.027e-02
gmres iter 190 linear residual 1.023e-02
gmres iter 200 linear residual 1.013e-02
gmres iter 210 linear residual 1.011e-02
gmres iter 220 linear residual 1.003e-02
gmres iter 230 linear residual 9.963e-03
gmres iter 240 linear residual 9.918e-03
gmres iter 250 linear residual 9.815e-03
gmres iter 260 linear residual 9.727e-03
gmres iter 270 linear residual 9.538e-03
gmres iter 280 linear residual 9.169e-03
gmres iter 290 linear residual 8.463e-03
res 1.507e-02 (F-block 9.235e-02 p-block 8.512e-02) alpha 0.5 eta 8.15e-03 iter times 298
gmres iter 10 linear residual 9.582e-02
gmres iter 20 linear residual 6.276e-02
gmres iter 30 linear residual 3.272e-02
gmres iter 40 linear residual 2.245e-02
gmres iter 50 linear residual 1.732e-02
gmres iter 60 linear residual 1.318e-02
gmres iter 70 linear residual 1.103e-02
gmres iter 80 linear residual 9.645e-03
gmres iter 90 linear residual 8.765e-03
res 8.775e-03 (F-block 1.117e-02 p-block 1.070e-02) alpha 1 eta 1.00e-02 iter times 95
gmres iter 10 linear residual 2.356e-01
gmres iter 20 linear residual 2.068e-01
gmres iter 30 linear residual 1.965e-01
gmres iter 40 linear residual 1.862e-01
gmres iter 50 linear residual 1.596e-01
gmres iter 60 linear residual 1.246e-01
gmres iter 70 linear residual 8.089e-02
gmres iter 80 linear residual 5.837e-02
gmres iter 90 linear residual 4.466e-02
gmres iter 100 linear residual 3.336e-02
gmres iter 110 linear residual 3.046e-02
gmres iter 120 linear residual 2.449e-02
gmres iter 130 linear residual 2.033e-02
gmres iter 140 linear residual 1.772e-02
gmres iter 150 linear residual 1.529e-02
gmres iter 160 linear residual 1.315e-02
gmres iter 170 linear residual 1.111e-02
gmres iter 180 linear residual 1.027e-02
gmres iter 190 linear residual 9.690e-03
res 5.947e-03 (F-block 1.096e-02 p-block 8.123e-03) alpha 1 eta 1.00e-02 iter times 198
gmres iter 10 linear residual 8.092e-02
gmres iter 20 linear residual 5.017e-02
gmres iter 30 linear residual 3.822e-02
gmres iter 40 linear residual 2.891e-02
gmres iter 50 linear residual 2.545e-02
gmres iter 60 linear residual 2.096e-02
gmres iter 70 linear residual 1.847e-02
gmres iter 80 linear residual 1.633e-02
gmres iter 90 linear residual 1.372e-02
gmres iter 100 linear residual 1.119e-02
gmres iter 110 linear residual 1.058e-02
gmres iter 120 linear residual 9.009e-03
gmres iter 130 linear residual 8.148e-03
gmres iter 140 linear residual 7.474e-03
gmres iter 150 linear residual 6.886e-03
gmres iter 160 linear residual 5.829e-03
gmres iter 170 linear residual 4.621e-03
gmres iter 180 linear residual 4.030e-03
gmres iter 190 linear residual 3.703e-03
gmres iter 200 linear residual 3.114e-03
gmres iter 210 linear residual 2.526e-03
res 1.293e-03 (F-block 4.911e-04 p-block 4.904e-04) alpha 1 eta 1.00e-02 iter times 219
gmres iter 10 linear residual 1.990e-01
gmres iter 20 linear residual 1.745e-01
gmres iter 30 linear residual 1.669e-01
gmres iter 40 linear residual 1.638e-01
gmres iter 50 linear residual 1.551e-01
gmres iter 60 linear residual 1.413e-01
gmres iter 70 linear residual 1.133e-01
gmres iter 80 linear residual 9.188e-02
gmres iter 90 linear residual 7.362e-02
gmres iter 100 linear residual 5.794e-02
gmres iter 110 linear residual 5.261e-02
gmres iter 120 linear residual 4.462e-02
gmres iter 130 linear residual 3.727e-02
gmres iter 140 linear residual 3.248e-02
gmres iter 150 linear residual 2.671e-02
gmres iter 160 linear residual 2.320e-02
gmres iter 170 linear residual 2.030e-02
gmres iter 180 linear residual 1.869e-02
gmres iter 190 linear residual 1.790e-02
gmres iter 200 linear residual 1.646e-02
gmres iter 210 linear residual 1.612e-02
gmres iter 220 linear residual 1.418e-02
gmres iter 230 linear residual 1.124e-02
gmres iter 240 linear residual 1.018e-02
gmres iter 250 linear residual 9.728e-03
gmres iter 260 linear residual 9.493e-03
gmres iter 270 linear residual 9.108e-03
gmres iter 280 linear residual 8.464e-03
gmres iter 290 linear residual 7.600e-03
gmres iter 300 linear residual 6.255e-03
gmres iter 310 linear residual 5.700e-03
gmres iter 320 linear residual 5.063e-03
gmres iter 330 linear residual 4.543e-03
gmres iter 340 linear residual 4.215e-03
gmres iter 350 linear residual 3.949e-03
gmres iter 360 linear residual 3.651e-03
gmres iter 370 linear residual 3.318e-03
gmres iter 380 linear residual 2.972e-03
gmres iter 390 linear residual 2.475e-03
gmres iter 400 linear residual 2.071e-03
gmres iter 410 linear residual 2.005e-03
res 3.053e-04 (F-block 3.668e-05 p-block 2.485e-05) alpha 1 eta 2.33e-03 iter times 410
gmres iter 10 linear residual 9.556e-02
gmres iter 20 linear residual 7.928e-02
gmres iter 30 linear residual 7.821e-02
gmres iter 40 linear residual 7.685e-02
gmres iter 50 linear residual 6.835e-02
gmres iter 60 linear residual 5.885e-02
gmres iter 70 linear residual 4.985e-02
gmres iter 80 linear residual 4.085e-02
gmres iter 90 linear residual 3.492e-02
gmres iter 100 linear residual 3.030e-02
gmres iter 110 linear residual 2.915e-02
gmres iter 120 linear residual 2.778e-02
gmres iter 130 linear residual 2.697e-02
gmres iter 140 linear residual 2.597e-02
gmres iter 150 linear residual 2.338e-02
gmres iter 160 linear residual 2.115e-02
gmres iter 170 linear residual 1.876e-02
gmres iter 180 linear residual 1.622e-02
gmres iter 190 linear residual 1.510e-02
gmres iter 200 linear residual 1.374e-02
gmres iter 210 linear residual 1.323e-02
gmres iter 220 linear residual 1.292e-02
gmres iter 230 linear residual 1.274e-02
gmres iter 240 linear residual 1.210e-02
gmres iter 250 linear residual 1.091e-02
gmres iter 260 linear residual 9.308e-03
gmres iter 270 linear residual 7.945e-03
gmres iter 280 linear residual 6.865e-03
gmres iter 290 linear residual 6.406e-03
gmres iter 300 linear residual 5.852e-03
gmres iter 310 linear residual 5.657e-03
gmres iter 320 linear residual 5.559e-03
gmres iter 330 linear residual 5.481e-03
gmres iter 340 linear residual 5.304e-03
gmres iter 350 linear residual 4.965e-03
gmres iter 360 linear residual 4.483e-03
gmres iter 370 linear residual 3.994e-03
gmres iter 380 linear residual 3.672e-03
gmres iter 390 linear residual 3.410e-03
gmres iter 400 linear residual 3.179e-03
gmres iter 410 linear residual 3.090e-03
res 1.513e-05 (F-block 1.678e-07 p-block 1.130e-06) alpha 1 eta 3.67e-03 iter times 412
time this step...181.3737370967865
this increment is 0.04999999999999999 (target 0.2) ------------------------
gmres iter 10 linear residual 2.658e-02
gmres iter 20 linear residual 1.524e-02
gmres iter 30 linear residual 1.343e-02
gmres iter 40 linear residual 1.026e-02
gmres iter 50 linear residual 9.306e-03
gmres iter 60 linear residual 8.214e-03
gmres iter 70 linear residual 7.103e-03
res 3.326e-02 (F-block 5.398e-02 p-block 1.356e-01) alpha 1 eta 1.00e-02 iter times 78
gmres iter 10 linear residual 2.771e-01
gmres iter 20 linear residual 1.426e-01
gmres iter 30 linear residual 7.327e-02
gmres iter 40 linear residual 5.554e-02
gmres iter 50 linear residual 4.576e-02
gmres iter 60 linear residual 4.193e-02
gmres iter 70 linear residual 4.091e-02
gmres iter 80 linear residual 3.987e-02
gmres iter 90 linear residual 3.791e-02
gmres iter 100 linear residual 3.295e-02
gmres iter 110 linear residual 2.979e-02
gmres iter 120 linear residual 2.324e-02
gmres iter 130 linear residual 1.883e-02
gmres iter 140 linear residual 1.672e-02
gmres iter 150 linear residual 1.511e-02
gmres iter 160 linear residual 1.443e-02
gmres iter 170 linear residual 1.337e-02
gmres iter 180 linear residual 1.207e-02
gmres iter 190 linear residual 1.125e-02
gmres iter 200 linear residual 1.048e-02
gmres iter 210 linear residual 1.037e-02
gmres iter 220 linear residual 1.033e-02
gmres iter 230 linear residual 1.028e-02
gmres iter 240 linear residual 1.010e-02
gmres iter 250 linear residual 9.745e-03
gmres iter 260 linear residual 9.142e-03
res 1.508e-02 (F-block 1.660e-02 p-block 1.367e-02) alpha 1 eta 9.59e-03 iter times 269
gmres iter 10 linear residual 8.182e-02
gmres iter 20 linear residual 6.435e-02
gmres iter 30 linear residual 5.559e-02
gmres iter 40 linear residual 5.023e-02
gmres iter 50 linear residual 4.148e-02
gmres iter 60 linear residual 3.481e-02
gmres iter 70 linear residual 2.788e-02
gmres iter 80 linear residual 2.314e-02
gmres iter 90 linear residual 2.002e-02
gmres iter 100 linear residual 1.696e-02
gmres iter 110 linear residual 1.628e-02
gmres iter 120 linear residual 1.438e-02
gmres iter 130 linear residual 1.321e-02
gmres iter 140 linear residual 1.256e-02
gmres iter 150 linear residual 1.174e-02
gmres iter 160 linear residual 1.085e-02
gmres iter 170 linear residual 9.916e-03
gmres iter 180 linear residual 9.325e-03
res 3.993e-03 (F-block 2.973e-03 p-block 2.811e-03) alpha 1 eta 1.00e-02 iter times 184
gmres iter 10 linear residual 1.177e-01
gmres iter 20 linear residual 1.097e-01
gmres iter 30 linear residual 1.091e-01
gmres iter 40 linear residual 1.023e-01
gmres iter 50 linear residual 8.607e-02
gmres iter 60 linear residual 7.129e-02
gmres iter 70 linear residual 5.284e-02
gmres iter 80 linear residual 4.177e-02
gmres iter 90 linear residual 3.560e-02
gmres iter 100 linear residual 2.943e-02
gmres iter 110 linear residual 2.760e-02
gmres iter 120 linear residual 2.410e-02
gmres iter 130 linear residual 2.136e-02
gmres iter 140 linear residual 1.912e-02
gmres iter 150 linear residual 1.781e-02
gmres iter 160 linear residual 1.623e-02
gmres iter 170 linear residual 1.443e-02
gmres iter 180 linear residual 1.283e-02
gmres iter 190 linear residual 1.076e-02
gmres iter 200 linear residual 9.072e-03
res 9.630e-04 (F-block 2.656e-04 p-block 3.737e-04) alpha 1 eta 1.00e-02 iter times 201
gmres iter 10 linear residual 1.289e-01
gmres iter 20 linear residual 1.117e-01
gmres iter 30 linear residual 1.082e-01
gmres iter 40 linear residual 1.061e-01
gmres iter 50 linear residual 1.029e-01
gmres iter 60 linear residual 9.732e-02
gmres iter 70 linear residual 9.066e-02
gmres iter 80 linear residual 8.518e-02
gmres iter 90 linear residual 7.991e-02
gmres iter 100 linear residual 7.552e-02
gmres iter 110 linear residual 7.439e-02
gmres iter 120 linear residual 6.964e-02
gmres iter 130 linear residual 6.308e-02
gmres iter 140 linear residual 5.397e-02
gmres iter 150 linear residual 4.719e-02
gmres iter 160 linear residual 4.204e-02
gmres iter 170 linear residual 3.930e-02
gmres iter 180 linear residual 3.722e-02
gmres iter 190 linear residual 3.359e-02
gmres iter 200 linear residual 2.992e-02
gmres iter 210 linear residual 2.875e-02
gmres iter 220 linear residual 2.483e-02
gmres iter 230 linear residual 2.264e-02
gmres iter 240 linear residual 2.180e-02
gmres iter 250 linear residual 2.081e-02
gmres iter 260 linear residual 1.937e-02
gmres iter 270 linear residual 1.774e-02
gmres iter 280 linear residual 1.574e-02
gmres iter 290 linear residual 1.434e-02
gmres iter 300 linear residual 1.377e-02
gmres iter 310 linear residual 1.343e-02
gmres iter 320 linear residual 1.281e-02
gmres iter 330 linear residual 1.207e-02
gmres iter 340 linear residual 1.060e-02
gmres iter 350 linear residual 9.238e-03
res 2.380e-04 (F-block 2.473e-05 p-block 2.927e-05) alpha 1 eta 1.00e-02 iter times 351
gmres iter 10 linear residual 1.147e-01
gmres iter 20 linear residual 9.948e-02
gmres iter 30 linear residual 9.478e-02
gmres iter 40 linear residual 9.093e-02
gmres iter 50 linear residual 8.491e-02
gmres iter 60 linear residual 7.416e-02
gmres iter 70 linear residual 6.898e-02
gmres iter 80 linear residual 6.516e-02
gmres iter 90 linear residual 6.175e-02
gmres iter 100 linear residual 5.805e-02
gmres iter 110 linear residual 5.703e-02
gmres iter 120 linear residual 5.137e-02
gmres iter 130 linear residual 4.616e-02
gmres iter 140 linear residual 4.145e-02
gmres iter 150 linear residual 3.835e-02
gmres iter 160 linear residual 3.635e-02
gmres iter 170 linear residual 3.355e-02
gmres iter 180 linear residual 2.972e-02
gmres iter 190 linear residual 2.688e-02
gmres iter 200 linear residual 2.500e-02
gmres iter 210 linear residual 2.448e-02
gmres iter 220 linear residual 2.357e-02
gmres iter 230 linear residual 2.272e-02
gmres iter 240 linear residual 2.047e-02
gmres iter 250 linear residual 1.826e-02
gmres iter 260 linear residual 1.691e-02
gmres iter 270 linear residual 1.575e-02
gmres iter 280 linear residual 1.514e-02
gmres iter 290 linear residual 1.399e-02
gmres iter 300 linear residual 1.307e-02
gmres iter 310 linear residual 1.233e-02
gmres iter 320 linear residual 1.140e-02
gmres iter 330 linear residual 1.072e-02
gmres iter 340 linear residual 1.010e-02
gmres iter 350 linear residual 9.372e-03
gmres iter 360 linear residual 8.478e-03
gmres iter 370 linear residual 7.456e-03
gmres iter 380 linear residual 6.376e-03
gmres iter 390 linear residual 5.924e-03
gmres iter 400 linear residual 5.803e-03
gmres iter 410 linear residual 5.657e-03
gmres iter 420 linear residual 5.522e-03
gmres iter 430 linear residual 4.772e-03
gmres iter 440 linear residual 4.199e-03
gmres iter 450 linear residual 3.956e-03
gmres iter 460 linear residual 3.711e-03
gmres iter 470 linear residual 3.451e-03
gmres iter 480 linear residual 3.176e-03
gmres iter 490 linear residual 2.837e-03
res 1.450e-05 (F-block 1.159e-07 p-block 7.197e-07) alpha 1 eta 6.28e-03 iter times 491
time this step...140.82274651527405
now P is...
[[ 2.46371950e+00  1.84549432e-03 -5.42620927e-02]
 [ 1.41553806e-03 -1.47974641e-08  2.61559842e-02]
 [-4.14043742e-02  2.60202577e-02  9.98874108e-09]]
now F is...
[[ 1.20000000e+00  9.84506320e-16  3.64981953e-16]
 [ 3.06573753e-16  9.20429171e-01  1.34881607e-16]
 [-9.88620603e-16 -7.12620747e-16  9.15653001e-01]]
intermediate results saved (2 increments in output.csv)
this increment is 0.04999999999999999 (target 0.30000000000000004) ------------------------
gmres iter 10 linear residual 2.659e-02
gmres iter 20 linear residual 1.546e-02
gmres iter 30 linear residual 1.379e-02
gmres iter 40 linear residual 1.051e-02
gmres iter 50 linear residual 9.577e-03
gmres iter 60 linear residual 8.343e-03
gmres iter 70 linear residual 7.301e-03
res 3.239e-02 (F-block 5.396e-02 p-block 1.483e-01) alpha 1 eta 1.00e-02 iter times 79
gmres iter 10 linear residual 2.756e-01
gmres iter 20 linear residual 1.468e-01
gmres iter 30 linear residual 8.465e-02
gmres iter 40 linear residual 6.836e-02
gmres iter 50 linear residual 5.940e-02
gmres iter 60 linear residual 5.381e-02
gmres iter 70 linear residual 4.687e-02
gmres iter 80 linear residual 3.686e-02
gmres iter 90 linear residual 3.035e-02
gmres iter 100 linear residual 2.622e-02
gmres iter 110 linear residual 2.469e-02
gmres iter 120 linear residual 2.399e-02
gmres iter 130 linear residual 2.365e-02
gmres iter 140 linear residual 2.269e-02
gmres iter 150 linear residual 2.047e-02
gmres iter 160 linear residual 1.876e-02
gmres iter 170 linear residual 1.801e-02
gmres iter 180 linear residual 1.777e-02
gmres iter 190 linear residual 1.768e-02
gmres iter 200 linear residual 1.757e-02
gmres iter 210 linear residual 1.754e-02
gmres iter 220 linear residual 1.748e-02
gmres iter 230 linear residual 1.739e-02
gmres iter 240 linear residual 1.705e-02
gmres iter 250 linear residual 1.659e-02
gmres iter 260 linear residual 1.618e-02
gmres iter 270 linear residual 1.550e-02
gmres iter 280 linear residual 1.502e-02
gmres iter 290 linear residual 1.460e-02
gmres iter 300 linear residual 1.356e-02
gmres iter 310 linear residual 1.318e-02
gmres iter 320 linear residual 1.246e-02
gmres iter 330 linear residual 1.200e-02
gmres iter 340 linear residual 1.175e-02
gmres iter 350 linear residual 1.163e-02
gmres iter 360 linear residual 1.152e-02
gmres iter 370 linear residual 1.144e-02
gmres iter 380 linear residual 1.137e-02
gmres iter 390 linear residual 1.128e-02
gmres iter 400 linear residual 1.127e-02
gmres iter 410 linear residual 1.127e-02
gmres iter 420 linear residual 1.127e-02
gmres iter 430 linear residual 1.127e-02
gmres iter 440 linear residual 1.121e-02
gmres iter 450 linear residual 1.109e-02
gmres iter 460 linear residual 1.094e-02
gmres iter 470 linear residual 1.080e-02
gmres iter 480 linear residual 1.067e-02
gmres iter 490 linear residual 1.055e-02
gmres iter 500 linear residual 1.047e-02
gmres iter 510 linear residual 1.045e-02
gmres iter 520 linear residual 1.032e-02
gmres iter 530 linear residual 1.021e-02
gmres iter 540 linear residual 1.017e-02
gmres iter 550 linear residual 1.011e-02
gmres iter 560 linear residual 1.007e-02
gmres iter 570 linear residual 1.003e-02
gmres iter 580 linear residual 9.944e-03
gmres iter 590 linear residual 9.917e-03
gmres iter 600 linear residual 9.903e-03
gmres iter 610 linear residual 9.903e-03
gmres iter 620 linear residual 9.902e-03
gmres iter 630 linear residual 9.901e-03
gmres iter 640 linear residual 9.899e-03
gmres iter 650 linear residual 9.895e-03
gmres iter 660 linear residual 9.892e-03
gmres iter 670 linear residual 9.883e-03
gmres iter 680 linear residual 9.871e-03
gmres iter 690 linear residual 9.847e-03
gmres iter 700 linear residual 9.834e-03
gmres iter 710 linear residual 9.834e-03
gmres iter 720 linear residual 9.833e-03
gmres iter 730 linear residual 9.831e-03
gmres iter 740 linear residual 9.831e-03
gmres iter 750 linear residual 9.830e-03
gmres iter 760 linear residual 9.829e-03
gmres iter 770 linear residual 9.826e-03
gmres iter 780 linear residual 9.822e-03
gmres iter 790 linear residual 9.794e-03
gmres iter 800 linear residual 9.765e-03
gmres iter 810 linear residual 9.760e-03
gmres iter 820 linear residual 9.746e-03
gmres iter 830 linear residual 9.742e-03
gmres iter 840 linear residual 9.736e-03
gmres iter 850 linear residual 9.735e-03
gmres iter 860 linear residual 9.732e-03
gmres iter 870 linear residual 9.723e-03
gmres iter 880 linear residual 9.719e-03
gmres iter 890 linear residual 9.691e-03
gmres iter 900 linear residual 9.657e-03
gmres iter 910 linear residual 9.653e-03
gmres iter 920 linear residual 9.646e-03
gmres iter 930 linear residual 9.640e-03
gmres iter 940 linear residual 9.638e-03
gmres iter 950 linear residual 9.638e-03
gmres iter 960 linear residual 9.637e-03
gmres iter 970 linear residual 9.631e-03
gmres iter 980 linear residual 9.623e-03
gmres iter 990 linear residual 9.584e-03
gmres iter 1000 linear residual 9.544e-03
linear solver hit the iteration cap (1000 iterations, flag 10)
increment failed (gmres_iteration_cap); cutting step to 0.025
this increment is 0.024999999999999994 (target 0.30000000000000004) ------------------------
gmres iter 10 linear residual 2.225e-02
gmres iter 20 linear residual 9.449e-03
res 1.250e-02 (F-block 1.927e-02 p-block 4.613e-01) alpha 1 eta 1.00e-02 iter times 29
gmres iter 10 linear residual 3.444e-01
gmres iter 20 linear residual 2.381e-01
gmres iter 30 linear residual 1.581e-01
gmres iter 40 linear residual 1.358e-01
gmres iter 50 linear residual 1.061e-01
gmres iter 60 linear residual 8.540e-02
gmres iter 70 linear residual 7.384e-02
gmres iter 80 linear residual 6.755e-02
gmres iter 90 linear residual 6.229e-02
gmres iter 100 linear residual 5.608e-02
gmres iter 110 linear residual 5.145e-02
gmres iter 120 linear residual 4.538e-02
gmres iter 130 linear residual 3.842e-02
gmres iter 140 linear residual 3.344e-02
gmres iter 150 linear residual 3.100e-02
gmres iter 160 linear residual 2.929e-02
gmres iter 170 linear residual 2.710e-02
gmres iter 180 linear residual 2.314e-02
gmres iter 190 linear residual 2.035e-02
gmres iter 200 linear residual 1.826e-02
gmres iter 210 linear residual 1.772e-02
gmres iter 220 linear residual 1.695e-02
gmres iter 230 linear residual 1.631e-02
gmres iter 240 linear residual 1.430e-02
gmres iter 250 linear residual 1.223e-02
gmres iter 260 linear residual 1.079e-02
gmres iter 270 linear residual 9.947e-03
res 6.844e-03 (F-block 1.054e-02 p-block 8.376e-03) alpha 1 eta 1.00e-02 iter times 275
gmres iter 10 linear residual 4.889e-02
gmres iter 20 linear residual 3.078e-02
gmres iter 30 linear residual 2.716e-02
gmres iter 40 linear residual 2.574e-02
gmres iter 50 linear residual 2.326e-02
gmres iter 60 linear residual 2.027e-02
gmres iter 70 linear residual 1.807e-02
gmres iter 80 linear residual 1.632e-02
gmres iter 90 linear residual 1.455e-02
gmres iter 100 linear residual 1.281e-02
gmres iter 110 linear residual 1.205e-02
gmres iter 120 linear residual 1.053e-02
gmres iter 130 linear residual 9.895e-03
gmres iter 140 linear residual 9.341e-03
gmres iter 150 linear residual 8.492e-03
gmres iter 160 linear residual 7.412e-03
gmres iter 170 linear residual 6.611e-03
gmres iter 180 linear residual 6.088e-03
gmres iter 190 linear residual 5.623e-03
gmres iter 200 linear residual 5.249e-03
gmres iter 210 linear residual 5.066e-03
gmres iter 220 linear residual 4.584e-03
gmres iter 230 linear residual 4.074e-03
gmres iter 240 linear residual 3.622e-03
gmres iter 250 linear residual 3.355e-03
gmres iter 260 linear residual 3.042e-03
gmres iter 270 linear residual 2.674e-03
gmres iter 280 linear residual 2.280e-03
gmres iter 290 linear residual 1.994e-03
gmres iter 300 linear residual 1.826e-03
gmres iter 310 linear residual 1.794e-03
gmres iter 320 linear residual 1.743e-03
gmres iter 330 linear residual 1.674e-03
gmres iter 340 linear residual 1.446e-03
gmres iter 350 linear residual 1.297e-03
gmres iter 360 linear residual 1.217e-03
gmres iter 370 linear residual 1.145e-03
gmres iter 380 linear residual 1.041e-03
gmres iter 390 linear residual 9.624e-04
res 7.373e-04 (F-block 3.234e-04 p-block 2.718e-04) alpha 1 eta 1.00e-03 iter times 394
gmres iter 10 linear residual 1.487e-01
gmres iter 20 linear residual 1.435e-01
gmres iter 30 linear residual 1.397e-01
gmres iter 40 linear residual 1.280e-01
gmres iter 50 linear residual 1.131e-01
gmres iter 60 linear residual 1.052e-01
gmres iter 70 linear residual 9.879e-02
gmres iter 80 linear residual 8.922e-02
gmres iter 90 linear residual 7.846e-02
gmres iter 100 linear residual 6.267e-02
gmres iter 110 linear residual 6.103e-02
gmres iter 120 linear residual 5.809e-02
gmres iter 130 linear residual 5.675e-02
gmres iter 140 linear residual 5.610e-02
gmres iter 150 linear residual 5.304e-02
gmres iter 160 linear residual 4.819e-02
gmres iter 170 linear residual 4.280e-02
gmres iter 180 linear residual 3.756e-02
gmres iter 190 linear residual 3.348e-02
gmres iter 200 linear residual 2.877e-02
gmres iter 210 linear residual 2.756e-02
gmres iter 220 linear residual 2.391e-02
gmres iter 230 linear residual 2.200e-02
gmres iter 240 linear residual 2.034e-02
gmres iter 250 linear residual 1.845e-02
gmres iter 260 linear residual 1.634e-02
gmres iter 270 linear residual 1.396e-02
gmres iter 280 linear residual 1.235e-02
gmres iter 290 linear residual 1.141e-02
gmres iter 300 linear residual 1.092e-02
gmres iter 310 linear residual 1.073e-02
gmres iter 320 linear residual 1.019e-02
gmres iter 330 linear residual 9.027e-03
gmres iter 340 linear residual 7.285e-03
gmres iter 350 linear residual 6.384e-03
gmres iter 360 linear residual 5.848e-03
gmres iter 370 linear residual 5.384e-03
gmres iter 380 linear residual 4.858e-03
gmres iter 390 linear residual 4.397e-03
gmres iter 400 linear residual 4.054e-03
gmres iter 410 linear residual 3.941e-03
gmres iter 420 linear residual 3.594e-03
gmres iter 430 linear residual 3.368e-03
gmres iter 440 linear residual 3.026e-03
gmres iter 450 linear residual 2.726e-03
gmres iter 460 linear residual 2.477e-03
gmres iter 470 linear residual 2.293e-03
gmres iter 480 linear residual 2.169e-03
gmres iter 490 linear residual 2.004e-03
gmres iter 500 linear residual 1.820e-03
gmres iter 510 linear residual 1.735e-03
gmres iter 520 linear residual 1.584e-03
gmres iter 530 linear residual 1.462e-03
gmres iter 540 linear residual 1.397e-03
gmres iter 550 linear residual 1.283e-03
gmres iter 560 linear residual 1.136e-03
gmres iter 570 linear residual 1.037e-03
gmres iter 580 linear residual 9.393e-04
gmres iter 590 linear residual 9.195e-04
gmres iter 600 linear residual 8.938e-04
gmres iter 610 linear residual 8.724e-04
gmres iter 620 linear residual 7.793e-04
gmres iter 630 linear residual 7.037e-04
gmres iter 640 linear residual 6.563e-04
gmres iter 650 linear residual 6.167e-04
gmres iter 660 linear residual 5.726e-04
gmres iter 670 linear residual 5.238e-04
gmres iter 680 linear residual 4.679e-04
res 2.496e-04 (F-block 5.580e-05 p-block 4.098e-05) alpha 1 eta 1.00e-03 iter times 683
gmres iter 10 linear residual 5.082e-02
gmres iter 20 linear residual 3.916e-02
gmres iter 30 linear residual 3.814e-02
gmres iter 40 linear residual 3.706e-02
gmres iter 50 linear residual 3.251e-02
gmres iter 60 linear residual 3.008e-02
gmres iter 70 linear residual 2.807e-02
gmres iter 80 linear residual 2.586e-02
gmres iter 90 linear residual 2.280e-02
gmres iter 100 linear residual 1.794e-02
gmres iter 110 linear residual 1.668e-02
gmres iter 120 linear residual 1.570e-02
gmres iter 130 linear residual 1.561e-02
gmres iter 140 linear residual 1.548e-02
gmres iter 150 linear residual 1.492e-02
gmres iter 160 linear residual 1.370e-02
gmres iter 170 linear residual 1.196e-02
gmres iter 180 linear residual 1.030e-02
gmres iter 190 linear residual 8.308e-03
res 1.355e-05 (F-block 5.376e-07 p-block 5.767e-06) alpha 1 eta 1.00e-02 iter times 193
time this step...128.23020768165588
this increment is 0.024999999999999994 (target 0.30000000000000004) ------------------------
gmres iter 10 linear residual 2.233e-02
gmres iter 20 linear residual 9.555e-03
gmres iter 30 linear residual 7.048e-03
res 1.248e-02 (F-block 1.977e-02 p-block 4.457e-01) alpha 1 eta 1.00e-02 iter times 30
gmres iter 10 linear residual 3.402e-01
gmres iter 20 linear residual 2.357e-01
gmres iter 30 linear residual 1.603e-01
gmres iter 40 linear residual 1.340e-01
gmres iter 50 linear residual 1.045e-01
gmres iter 60 linear residual 8.837e-02
gmres iter 70 linear residual 8.119e-02
gmres iter 80 linear residual 7.531e-02
gmres iter 90 linear residual 6.690e-02
gmres iter 100 linear residual 5.791e-02
gmres iter 110 linear residual 5.233e-02
gmres iter 120 linear residual 4.684e-02
gmres iter 130 linear residual 4.369e-02
gmres iter 140 linear residual 3.959e-02
gmres iter 150 linear residual 3.470e-02
gmres iter 160 linear residual 2.969e-02
gmres iter 170 linear residual 2.720e-02
gmres iter 180 linear residual 2.490e-02
gmres iter 190 linear residual 2.264e-02
gmres iter 200 linear residual 1.997e-02
gmres iter 210 linear residual 1.875e-02
gmres iter 220 linear residual 1.640e-02
gmres iter 230 linear residual 1.498e-02
gmres iter 240 linear residual 1.335e-02
gmres iter 250 linear residual 1.142e-02
gmres iter 260 linear residual 9.716e-03
gmres iter 270 linear residual 9.084e-03
gmres iter 280 linear residual 8.525e-03
gmres iter 290 linear residual 8.228e-03
gmres iter 300 linear residual 7.659e-03
gmres iter 310 linear residual 6.622e-03
gmres iter 320 linear residual 6.217e-03
gmres iter 330 linear residual 5.894e-03
gmres iter 340 linear residual 5.612e-03
gmres iter 350 linear residual 5.294e-03
gmres iter 360 linear residual 4.883e-03
res 6.420e-03 (F-block 5.660e-03 p-block 5.050e-03) alpha 1 eta 1.00e-02 iter times 361
gmres iter 10 linear residual 5.694e-02
gmres iter 20 linear residual 3.883e-02
gmres iter 30 linear residual 3.184e-02
gmres iter 40 linear residual 2.896e-02
gmres iter 50 linear residual 2.708e-02
gmres iter 60 linear residual 2.534e-02
gmres iter 70 linear residual 2.305e-02
gmres iter 80 linear residual 2.058e-02
gmres iter 90 linear residual 1.815e-02
gmres iter 100 linear residual 1.671e-02
gmres iter 110 linear residual 1.639e-02
gmres iter 120 linear residual 1.506e-02
gmres iter 130 linear residual 1.389e-02
gmres iter 140 linear residual 1.193e-02
gmres iter 150 linear residual 1.049e-02
gmres iter 160 linear residual 9.638e-03
gmres iter 170 linear residual 8.605e-03
gmres iter 180 linear residual 7.372e-03
gmres iter 190 linear residual 6.414e-03
gmres iter 200 linear residual 5.741e-03
gmres iter 210 linear residual 5.593e-03
gmres iter 220 linear residual 5.383e-03
gmres iter 230 linear residual 5.205e-03
gmres iter 240 linear residual 4.710e-03
gmres iter 250 linear residual 4.341e-03
gmres iter 260 linear residual 4.156e-03
gmres iter 270 linear residual 3.966e-03
gmres iter 280 linear residual 3.673e-03
gmres iter 290 linear residual 3.283e-03
gmres iter 300 linear residual 3.012e-03
gmres iter 310 linear residual 2.855e-03
gmres iter 320 linear residual 2.709e-03
gmres iter 330 linear residual 2.601e-03
gmres iter 340 linear residual 2.415e-03
gmres iter 350 linear residual 2.192e-03
gmres iter 360 linear residual 2.018e-03
gmres iter 370 linear residual 1.901e-03
gmres iter 380 linear residual 1.811e-03
gmres iter 390 linear residual 1.680e-03
gmres iter 400 linear residual 1.550e-03
gmres iter 410 linear residual 1.488e-03
gmres iter 420 linear residual 1.352e-03
gmres iter 430 linear residual 1.272e-03
gmres iter 440 linear residual 1.163e-03
gmres iter 450 linear residual 1.039e-03
gmres iter 460 linear residual 9.276e-04
gmres iter 470 linear residual 8.634e-04
gmres iter 480 linear residual 8.183e-04
gmres iter 490 linear residual 7.949e-04
gmres iter 500 linear residual 7.530e-04
gmres iter 510 linear residual 6.808e-04
gmres iter 520 linear residual 6.392e-04
gmres iter 530 linear residual 5.742e-04
gmres iter 540 linear residual 5.195e-04
gmres iter 550 linear residual 4.727e-04
gmres iter 560 linear residual 4.174e-04
res 5.084e-04 (F-block 1.003e-04 p-block 8.620e-05) alpha 1 eta 1.00e-03 iter times 560
gmres iter 10 linear residual 1.399e-01
gmres iter 20 linear residual 1.338e-01
gmres iter 30 linear residual 1.315e-01
gmres iter 40 linear residual 1.228e-01
gmres iter 50 linear residual 1.088e-01
gmres iter 60 linear residual 1.002e-01
gmres iter 70 linear residual 9.321e-02
gmres iter 80 linear residual 8.683e-02
gmres iter 90 linear residual 7.955e-02
gmres iter 100 linear residual 6.812e-02
gmres iter 110 linear residual 6.719e-02
gmres iter 120 linear residual 6.621e-02
gmres iter 130 linear residual 6.596e-02
gmres iter 140 linear residual 6.498e-02
gmres iter 150 linear residual 6.190e-02
gmres iter 160 linear residual 5.747e-02
gmres iter 170 linear residual 5.162e-02
gmres iter 180 linear residual 4.701e-02
gmres iter 190 linear residual 4.106e-02
gmres iter 200 linear residual 3.538e-02
gmres iter 210 linear residual 3.422e-02
gmres iter 220 linear residual 2.975e-02
gmres iter 230 linear residual 2.701e-02
gmres iter 240 linear residual 2.532e-02
gmres iter 250 linear residual 2.335e-02
gmres iter 260 linear residual 2.143e-02
gmres iter 270 linear residual 2.045e-02
gmres iter 280 linear residual 1.943e-02
gmres iter 290 linear residual 1.844e-02
gmres iter 300 linear residual 1.742e-02
gmres iter 310 linear residual 1.672e-02
gmres iter 320 linear residual 1.525e-02
gmres iter 330 linear residual 1.478e-02
gmres iter 340 linear residual 1.402e-02
gmres iter 350 linear residual 1.242e-02
gmres iter 360 linear residual 1.105e-02
gmres iter 370 linear residual 9.883e-03
gmres iter 380 linear residual 8.797e-03
gmres iter 390 linear residual 7.974e-03
gmres iter 400 linear residual 7.186e-03
gmres iter 410 linear residual 6.913e-03
gmres iter 420 linear residual 6.269e-03
gmres iter 430 linear residual 5.961e-03
gmres iter 440 linear residual 5.707e-03
gmres iter 450 linear residual 5.394e-03
gmres iter 460 linear residual 4.952e-03
gmres iter 470 linear residual 4.559e-03
gmres iter 480 linear residual 4.018e-03
gmres iter 490 linear residual 3.391e-03
gmres iter 500 linear residual 3.095e-03
gmres iter 510 linear residual 3.037e-03
gmres iter 520 linear residual 2.862e-03
gmres iter 530 linear residual 2.649e-03
gmres iter 540 linear residual 2.291e-03
gmres iter 550 linear residual 2.147e-03
gmres iter 560 linear residual 2.084e-03
gmres iter 570 linear residual 1.965e-03
gmres iter 580 linear residual 1.864e-03
gmres iter 590 linear residual 1.734e-03
gmres iter 600 linear residual 1.588e-03
gmres iter 610 linear residual 1.522e-03
gmres iter 620 linear residual 1.430e-03
gmres iter 630 linear residual 1.365e-03
gmres iter 640 linear residual 1.249e-03
gmres iter 650 linear residual 1.128e-03
gmres iter 660 linear residual 1.064e-03
gmres iter 670 linear residual 1.025e-03
gmres iter 680 linear residual 9.883e-04
gmres iter 690 linear residual 9.378e-04
gmres iter 700 linear residual 9.102e-04
gmres iter 710 linear residual 8.670e-04
gmres iter 720 linear residual 8.232e-04
gmres iter 730 linear residual 7.904e-04
gmres iter 740 linear residual 7.504e-04
gmres iter 750 linear residual 6.687e-04
gmres iter 760 linear residual 5.772e-04
gmres iter 770 linear residual 5.279e-04
gmres iter 780 linear residual 4.958e-04
gmres iter 790 linear residual 4.716e-04
res 5.666e-05 (F-block 1.521e-06 p-block 1.365e-06) alpha 1 eta 1.00e-03 iter times 795
time this step...138.88246178627014
this increment is 0.024999999999999994 (target 0.30000000000000004) ------------------------
gmres iter 10 linear residual 2.241e-02
gmres iter 20 linear residual 9.654e-03
gmres iter 30 linear residual 7.237e-03
res 1.242e-02 (F-block 2.027e-02 p-block 4.343e-01) alpha 1 eta 1.00e-02 iter times 31
gmres iter 10 linear residual 3.366e-01
gmres iter 20 linear residual 2.324e-01
gmres iter 30 linear residual 1.634e-01
gmres iter 40 linear residual 1.338e-01
gmres iter 50 linear residual 1.074e-01
gmres iter 60 linear residual 9.498e-02
gmres iter 70 linear residual 8.773e-02
gmres iter 80 linear residual 7.932e-02
gmres iter 90 linear residual 6.682e-02
gmres iter 100 linear residual 5.716e-02
gmres iter 110 linear residual 5.256e-02
gmres iter 120 linear residual 4.782e-02
gmres iter 130 linear residual 4.506e-02
gmres iter 140 linear residual 3.875e-02
gmres iter 150 linear residual 3.269e-02
gmres iter 160 linear residual 2.869e-02
gmres iter 170 linear residual 2.653e-02
gmres iter 180 linear residual 2.289e-02
gmres iter 190 linear residual 1.960e-02
gmres iter 200 linear residual 1.696e-02
gmres iter 210 linear residual 1.606e-02
gmres iter 220 linear residual 1.472e-02
gmres iter 230 linear residual 1.418e-02
gmres iter 240 linear residual 1.324e-02
gmres iter 250 linear residual 1.226e-02
gmres iter 260 linear residual 1.168e-02
gmres iter 270 linear residual 1.107e-02
gmres iter 280 linear residual 1.042e-02
gmres iter 290 linear residual 9.229e-03
res 6.216e-03 (F-block 3.745e-03 p-block 4.345e-03) alpha 1 eta 1.00e-02 iter times 293
gmres iter 10 linear residual 7.914e-02
gmres iter 20 linear residual 6.372e-02
gmres iter 30 linear residual 5.657e-02
gmres iter 40 linear residual 5.303e-02
gmres iter 50 linear residual 4.907e-02
gmres iter 60 linear residual 4.400e-02
gmres iter 70 linear residual 3.947e-02
gmres iter 80 linear residual 3.614e-02
gmres iter 90 linear residual 3.225e-02
gmres iter 100 linear residual 2.801e-02
gmres iter 110 linear residual 2.614e-02
gmres iter 120 linear residual 2.358e-02
gmres iter 130 linear residual 2.228e-02
gmres iter 140 linear residual 2.102e-02
gmres iter 150 linear residual 1.901e-02
gmres iter 160 linear residual 1.729e-02
gmres iter 170 linear residual 1.592e-02
gmres iter 180 linear residual 1.501e-02
gmres iter 190 linear residual 1.411e-02
gmres iter 200 linear residual 1.307e-02
gmres iter 210 linear residual 1.269e-02
gmres iter 220 linear residual 1.155e-02
gmres iter 230 linear residual 1.108e-02
gmres iter 240 linear residual 1.028e-02
gmres iter 250 linear residual 9.353e-03
gmres iter 260 linear residual 8.683e-03
gmres iter 270 linear residual 8.085e-03
gmres iter 280 linear residual 7.632e-03
gmres iter 290 linear residual 7.285e-03
gmres iter 300 linear residual 6.714e-03
gmres iter 310 linear residual 6.454e-03
gmres iter 320 linear residual 5.862e-03
gmres iter 330 linear residual 5.578e-03
gmres iter 340 linear residual 5.179e-03
gmres iter 350 linear residual 4.607e-03
gmres iter 360 linear residual 4.026e-03
gmres iter 370 linear residual 3.605e-03
gmres iter 380 linear residual 3.381e-03
gmres iter 390 linear residual 3.206e-03
gmres iter 400 linear residual 2.923e-03
gmres iter 410 linear residual 2.808e-03
gmres iter 420 linear residual 2.646e-03
gmres iter 430 linear residual 2.507e-03
gmres iter 440 linear residual 2.324e-03
gmres iter 450 linear residual 2.149e-03
gmres iter 460 linear residual 1.948e-03
gmres iter 470 linear residual 1.717e-03
gmres iter 480 linear residual 1.575e-03
gmres iter 490 linear residual 1.441e-03
gmres iter 500 linear residual 1.388e-03
gmres iter 510 linear residual 1.357e-03
gmres iter 520 linear residual 1.275e-03
gmres iter 530 linear residual 1.225e-03
gmres iter 540 linear residual 1.169e-03
gmres iter 550 linear residual 1.116e-03
gmres iter 560 linear residual 1.036e-03
gmres iter 570 linear residual 9.506e-04
res 4.431e-04 (F-block 9.471e-05 p-block 7.987e-05) alpha 1 eta 1.00e-03 iter times 575
gmres iter 10 linear residual 8.737e-02
gmres iter 20 linear residual 7.193e-02
gmres iter 30 linear residual 7.130e-02
gmres iter 40 linear residual 7.054e-02
gmres iter 50 linear residual 6.670e-02
gmres iter 60 linear residual 6.165e-02
gmres iter 70 linear residual 5.940e-02
gmres iter 80 linear residual 5.637e-02
gmres iter 90 linear residual 5.373e-02
gmres iter 100 linear residual 4.964e-02
gmres iter 110 linear residual 4.873e-02
gmres iter 120 linear residual 4.833e-02
gmres iter 130 linear residual 4.825e-02
gmres iter 140 linear residual 4.734e-02
gmres iter 150 linear residual 4.591e-02
gmres iter 160 linear residual 4.545e-02
gmres iter 170 linear residual 4.505e-02
gmres iter 180 linear residual 4.406e-02
gmres iter 190 linear residual 4.276e-02
gmres iter 200 linear residual 4.088e-02
gmres iter 210 linear residual 4.056e-02
gmres iter 220 linear residual 4.000e-02
gmres iter 230 linear residual 3.975e-02
gmres iter 240 linear residual 3.912e-02
gmres iter 250 linear residual 3.799e-02
gmres iter 260 linear residual 3.683e-02
gmres iter 270 linear residual 3.626e-02
gmres iter 280 linear residual 3.493e-02
gmres iter 290 linear residual 3.188e-02
gmres iter 300 linear residual 3.017e-02
gmres iter 310 linear residual 2.991e-02
gmres iter 320 linear residual 2.710e-02
gmres iter 330 linear residual 2.546e-02
gmres iter 340 linear residual 2.192e-02
gmres iter 350 linear residual 1.898e-02
gmres iter 360 linear residual 1.712e-02
gmres iter 370 linear residual 1.514e-02
gmres iter 380 linear residual 1.312e-02
gmres iter 390 linear residual 1.138e-02
gmres iter 400 linear residual 1.060e-02
gmres iter 410 linear residual 1.045e-02
gmres iter 420 linear residual 9.895e-03
gmres iter 430 linear residual 9.570e-03
gmres iter 440 linear residual 8.923e-03
gmres iter 450 linear residual 8.301e-03
gmres iter 460 linear residual 7.605e-03
gmres iter 470 linear residual 7.279e-03
gmres iter 480 linear residual 6.684e-03
gmres iter 490 linear residual 6.200e-03
gmres iter 500 linear residual 5.899e-03
gmres iter 510 linear residual 5.811e-03
gmres iter 520 linear residual 5.576e-03
gmres iter 530 linear residual 5.397e-03
gmres iter 540 linear residual 5.063e-03
gmres iter 550 linear residual 4.765e-03
gmres iter 560 linear residual 4.662e-03
gmres iter 570 linear residual 4.439e-03
gmres iter 580 linear residual 4.294e-03
gmres iter 590 linear residual 4.069e-03
gmres iter 600 linear residual 3.816e-03
gmres iter 610 linear residual 3.773e-03
gmres iter 620 linear residual 3.624e-03
gmres iter 630 linear residual 3.435e-03
gmres iter 640 linear residual 3.235e-03
gmres iter 650 linear residual 2.969e-03
gmres iter 660 linear residual 2.649e-03
gmres iter 670 linear residual 2.485e-03
gmres iter 680 linear residual 2.338e-03
gmres iter 690 linear residual 2.110e-03
gmres iter 700 linear residual 1.705e-03
gmres iter 710 linear residual 1.611e-03
gmres iter 720 linear residual 1.444e-03
gmres iter 730 linear residual 1.306e-03
gmres iter 740 linear residual 1.199e-03
gmres iter 750 linear residual 9.566e-04
gmres iter 760 linear residual 8.358e-04
res 4.440e-05 (F-block 1.852e-06 p-block 1.654e-06) alpha 1 eta 1.00e-03 iter times 760
time this step...126.11750650405884
this increment is 0.025000000000000022 (target 0.30000000000000004) ------------------------
gmres iter 10 linear residual 2.249e-02
gmres iter 20 linear residual 9.749e-03
gmres iter 30 linear residual 7.407e-03
res 1.230e-02 (F-block 2.056e-02 p-block 4.322e-01) alpha 1 eta 1.00e-02 iter times 32
gmres iter 10 linear residual 3.346e-01
gmres iter 20 linear residual 2.301e-01
gmres iter 30 linear residual 1.676e-01
gmres iter 40 linear residual 1.364e-01
gmres iter 50 linear residual 1.126e-01
gmres iter 60 linear residual 1.013e-01
gmres iter 70 linear residual 9.152e-02
gmres iter 80 linear residual 8.016e-02
gmres iter 90 linear residual 6.627e-02
gmres iter 100 linear residual 5.760e-02
gmres iter 110 linear residual 5.368e-02
gmres iter 120 linear residual 4.851e-02
gmres iter 130 linear residual 4.456e-02
gmres iter 140 linear residual 3.702e-02
gmres iter 150 linear residual 3.151e-02
gmres iter 160 linear residual 2.814e-02
gmres iter 170 linear residual 2.626e-02
gmres iter 180 linear residual 2.344e-02
gmres iter 190 linear residual 2.136e-02
gmres iter 200 linear residual 2.002e-02
gmres iter 210 linear residual 1.958e-02
gmres iter 220 linear residual 1.828e-02
gmres iter 230 linear residual 1.723e-02
gmres iter 240 linear residual 1.489e-02
gmres iter 250 linear residual 1.282e-02
gmres iter 260 linear residual 1.170e-02
gmres iter 270 linear residual 1.016e-02
gmres iter 280 linear residual 9.047e-03
gmres iter 290 linear residual 8.114e-03
gmres iter 300 linear residual 7.701e-03
gmres iter 310 linear residual 7.408e-03
gmres iter 320 linear residual 7.092e-03
gmres iter 330 linear residual 6.693e-03
gmres iter 340 linear residual 6.419e-03
gmres iter 350 linear residual 6.161e-03
gmres iter 360 linear residual 5.664e-03
gmres iter 370 linear residual 5.153e-03
res 6.447e-03 (F-block 4.015e-03 p-block 4.893e-03) alpha 1 eta 1.00e-02 iter times 377
gmres iter 10 linear residual 7.116e-02
gmres iter 20 linear residual 5.399e-02
gmres iter 30 linear residual 4.407e-02
gmres iter 40 linear residual 3.942e-02
gmres iter 50 linear residual 3.602e-02
gmres iter 60 linear residual 3.330e-02
gmres iter 70 linear residual 3.133e-02
gmres iter 80 linear residual 2.943e-02
gmres iter 90 linear residual 2.775e-02
gmres iter 100 linear residual 2.562e-02
gmres iter 110 linear residual 2.499e-02
gmres iter 120 linear residual 2.396e-02
gmres iter 130 linear residual 2.278e-02
gmres iter 140 linear residual 2.044e-02
gmres iter 150 linear residual 1.875e-02
gmres iter 160 linear residual 1.782e-02
gmres iter 170 linear residual 1.654e-02
gmres iter 180 linear residual 1.528e-02
gmres iter 190 linear residual 1.426e-02
gmres iter 200 linear residual 1.355e-02
gmres iter 210 linear residual 1.328e-02
gmres iter 220 linear residual 1.248e-02
gmres iter 230 linear residual 1.157e-02
gmres iter 240 linear residual 1.022e-02
gmres iter 250 linear residual 9.280e-03
gmres iter 260 linear residual 8.709e-03
gmres iter 270 linear residual 8.131e-03
gmres iter 280 linear residual 7.421e-03
gmres iter 290 linear residual 6.948e-03
gmres iter 300 linear residual 6.597e-03
gmres iter 310 linear residual 6.445e-03
gmres iter 320 linear residual 6.035e-03
gmres iter 330 linear residual 5.563e-03
gmres iter 340 linear residual 4.780e-03
gmres iter 350 linear residual 4.344e-03
gmres iter 360 linear residual 3.958e-03
gmres iter 370 linear residual 3.580e-03
gmres iter 380 linear residual 3.266e-03
gmres iter 390 linear residual 3.069e-03
gmres iter 400 linear residual 2.927e-03
gmres iter 410 linear residual 2.868e-03
gmres iter 420 linear residual 2.728e-03
gmres iter 430 linear residual 2.615e-03
gmres iter 440 linear residual 2.437e-03
gmres iter 450 linear residual 2.241e-03
gmres iter 460 linear residual 2.095e-03
gmres iter 470 linear residual 1.918e-03
gmres iter 480 linear residual 1.810e-03
gmres iter 490 linear residual 1.732e-03
gmres iter 500 linear residual 1.684e-03
gmres iter 510 linear residual 1.658e-03
gmres iter 520 linear residual 1.588e-03
gmres iter 530 linear residual 1.530e-03
gmres iter 540 linear residual 1.432e-03
gmres iter 550 linear residual 1.365e-03
gmres iter 560 linear residual 1.278e-03
gmres iter 570 linear residual 1.174e-03
gmres iter 580 linear residual 1.077e-03
gmres iter 590 linear residual 1.018e-03
gmres iter 600 linear residual 9.778e-04
gmres iter 610 linear residual 9.579e-04
res 5.285e-04 (F-block 1.155e-04 p-block 9.963e-05) alpha 1 eta 1.00e-03 iter times 618
gmres iter 10 linear residual 6.979e-02
gmres iter 20 linear residual 5.272e-02
gmres iter 30 linear residual 4.981e-02
gmres iter 40 linear residual 4.843e-02
gmres iter 50 linear residual 4.724e-02
gmres iter 60 linear residual 4.523e-02
gmres iter 70 linear residual 4.398e-02
gmres iter 80 linear residual 4.257e-02
gmres iter 90 linear residual 4.135e-02
gmres iter 100 linear residual 3.959e-02
gmres iter 110 linear residual 3.925e-02
gmres iter 120 linear residual 3.891e-02
gmres iter 130 linear residual 3.887e-02
gmres iter 140 linear residual 3.841e-02
gmres iter 150 linear residual 3.770e-02
gmres iter 160 linear residual 3.714e-02
gmres iter 170 linear residual 3.670e-02
gmres iter 180 linear residual 3.640e-02
gmres iter 190 linear residual 3.542e-02
gmres iter 200 linear residual 3.354e-02
gmres iter 210 linear residual 3.318e-02
gmres iter 220 linear residual 3.258e-02
gmres iter 230 linear residual 3.244e-02
gmres iter 240 linear residual 3.223e-02
gmres iter 250 linear residual 3.132e-02
gmres iter 260 linear residual 3.089e-02
gmres iter 270 linear residual 3.049e-02
gmres iter 280 linear residual 2.987e-02
gmres iter 290 linear residual 2.818e-02
gmres iter 300 linear residual 2.698e-02
gmres iter 310 linear residual 2.665e-02
gmres iter 320 linear residual 2.472e-02
gmres iter 330 linear residual 2.342e-02
gmres iter 340 linear residual 2.098e-02
gmres iter 350 linear residual 1.853e-02
gmres iter 360 linear residual 1.706e-02
gmres iter 370 linear residual 1.543e-02
gmres iter 380 linear residual 1.335e-02
gmres iter 390 linear residual 1.152e-02
gmres iter 400 linear residual 1.015e-02
gmres iter 410 linear residual 9.833e-03
gmres iter 420 linear residual 9.009e-03
gmres iter 430 linear residual 8.246e-03
gmres iter 440 linear residual 7.480e-03
gmres iter 450 linear residual 6.907e-03
gmres iter 460 linear residual 6.447e-03
gmres iter 470 linear residual 6.149e-03
gmres iter 480 linear residual 5.756e-03
gmres iter 490 linear residual 5.317e-03
gmres iter 500 linear residual 5.133e-03
gmres iter 510 linear residual 5.079e-03
gmres iter 520 linear residual 4.975e-03
gmres iter 530 linear residual 4.817e-03
gmres iter 540 linear residual 4.566e-03
gmres iter 550 linear residual 4.433e-03
gmres iter 560 linear residual 4.341e-03
gmres iter 570 linear residual 4.221e-03
gmres iter 580 linear residual 4.126e-03
gmres iter 590 linear residual 3.985e-03
gmres iter 600 linear residual 3.817e-03
gmres iter 610 linear residual 3.766e-03
gmres iter 620 linear residual 3.661e-03
gmres iter 630 linear residual 3.453e-03
gmres iter 640 linear residual 3.315e-03
gmres iter 650 linear residual 3.102e-03
gmres iter 660 linear residual 2.928e-03
gmres iter 670 linear residual 2.725e-03
gmres iter 680 linear residual 2.444e-03
gmres iter 690 linear residual 2.081e-03
gmres iter 700 linear residual 1.900e-03
gmres iter 710 linear residual 1.840e-03
gmres iter 720 linear residual 1.752e-03
gmres iter 730 linear residual 1.599e-03
gmres iter 740 linear residual 1.379e-03
gmres iter 750 linear residual 1.224e-03
gmres iter 760 linear residual 1.099e-03
gmres iter 770 linear residual 9.700e-04
gmres iter 780 linear residual 8.265e-04
gmres iter 790 linear residual 7.534e-04
gmres iter 800 linear residual 7.033e-04
gmres iter 810 linear residual 6.586e-04
gmres iter 820 linear residual 6.244e-04
gmres iter 830 linear residual 5.771e-04
gmres iter 840 linear residual 5.105e-04
gmres iter 850 linear residual 4.836e-04
gmres iter 860 linear residual 4.528e-04
gmres iter 870 linear residual 4.279e-04
res 4.410e-05 (F-block 1.715e-06 p-block 1.351e-06) alpha 1 eta 1.00e-03 iter times 878
time this step...143.52049255371094
now P is...
[[ 3.42561689e+00  2.33406860e-03 -8.75049223e-02]
 [ 1.59499084e-03  5.74614672e-08  2.90883776e-02]
 [-5.92742303e-02  2.88342558e-02 -1.69514530e-07]]
now F is...
[[ 1.30000000e+00  1.07090627e-15  3.71109124e-16]
 [ 1.90896795e-16  8.88356238e-01  1.27414219e-16]
 [-1.14293605e-15 -7.96412008e-16  8.80595918e-01]]
intermediate results saved (3 increments in output.csv)
finish! (with 2 load-step cuts)
solver stats are saved to solver_stats.json
F and P are saved to output.csv
