---------------------------------------------
-- mixed FFT based solver, by WANG Mingchuan
---------------------------------------------
gmres restart length: 100
Ghat4 is formed (fourier discretization)...
this increment is 0.1 (target 0.1) ------------------------
gmres iter 10 linear residual 4.138e-02
gmres iter 20 linear residual 3.487e-02
gmres iter 30 linear residual 3.297e-02
gmres iter 40 linear residual 3.115e-02
gmres iter 50 linear residual 2.909e-02
gmres iter 60 linear residual 2.720e-02
gmres iter 70 linear residual 2.503e-02
gmres iter 80 linear residual 2.296e-02
gmres iter 90 linear residual 2.096e-02
gmres iter 100 linear residual 1.915e-02
gmres iter 110 linear residual 1.852e-02
gmres iter 120 linear residual 1.781e-02
gmres iter 130 linear residual 1.693e-02
gmres iter 140 linear residual 1.613e-02
gmres iter 150 linear residual 1.534e-02
gmres iter 160 linear residual 1.489e-02
gmres iter 170 linear residual 1.448e-02
gmres iter 180 linear residual 1.411e-02
gmres iter 190 linear residual 1.376e-02
gmres iter 200 linear residual 1.346e-02
gmres iter 210 linear residual 1.337e-02
gmres iter 220 linear residual 1.324e-02
gmres iter 230 linear residual 1.305e-02
gmres iter 240 linear residual 1.284e-02
gmres iter 250 linear residual 1.254e-02
gmres iter 260 linear residual 1.227e-02
gmres iter 270 linear residual 1.180e-02
gmres iter 280 linear residual 1.124e-02
gmres iter 290 linear residual 1.069e-02
gmres iter 300 linear residual 1.028e-02
gmres iter 310 linear residual 1.005e-02
gmres iter 320 linear residual 9.757e-03
gmres iter 330 linear residual 9.432e-03
gmres iter 340 linear residual 9.244e-03
gmres iter 350 linear residual 9.147e-03
gmres iter 360 linear residual 9.033e-03
res 7.841e-02 (F-block 1.304e-01 p-block 2.027e-01) alpha 1 eta 1.00e-02 iter times 364
gmres iter 10 linear residual 2.297e-01
gmres iter 20 linear residual 1.664e-01
gmres iter 30 linear residual 7.845e-02
gmres iter 40 linear residual 5.580e-02
gmres iter 50 linear residual 5.168e-02
gmres iter 60 linear residual 5.134e-02
gmres iter 70 linear residual 4.921e-02
gmres iter 80 linear residual 4.453e-02
gmres iter 90 linear residual 4.203e-02
gmres iter 100 linear residual 4.174e-02
gmres iter 110 linear residual 4.169e-02
gmres iter 120 linear residual 4.125e-02
gmres iter 130 linear residual 3.943e-02
gmres iter 140 linear residual 3.813e-02
gmres iter 150 linear residual 3.798e-02
gmres iter 160 linear residual 3.535e-02
gmres iter 170 linear residual 3.372e-02
gmres iter 180 linear residual 3.303e-02
gmres iter 190 linear residual 3.299e-02
gmres iter 200 linear residual 3.267e-02
gmres iter 210 linear residual 3.261e-02
gmres iter 220 linear residual 3.254e-02
gmres iter 230 linear residual 3.228e-02
gmres iter 240 linear residual 3.173e-02
gmres iter 250 linear residual 3.163e-02
gmres iter 260 linear residual 3.144e-02
gmres iter 270 linear residual 3.104e-02
gmres iter 280 linear residual 3.068e-02
gmres iter 290 linear residual 3.060e-02
gmres iter 300 linear residual 3.038e-02
gmres iter 310 linear residual 3.032e-02
gmres iter 320 linear residual 3.028e-02
gmres iter 330 linear residual 3.007e-02
gmres iter 340 linear residual 2.987e-02
gmres iter 350 linear residual 2.984e-02
gmres iter 360 linear residual 2.965e-02
gmres iter 370 linear residual 2.935e-02
gmres iter 380 linear residual 2.901e-02
gmres iter 390 linear residual 2.897e-02
gmres iter 400 linear residual 2.888e-02
gmres iter 410 linear residual 2.886e-02
gmres iter 420 linear residual 2.884e-02
gmres iter 430 linear residual 2.874e-02
gmres iter 440 linear residual 2.849e-02
gmres iter 450 linear residual 2.840e-02
gmres iter 460 linear residual 2.835e-02
gmres iter 470 linear residual 2.821e-02
gmres iter 480 linear residual 2.814e-02
gmres iter 490 linear residual 2.813e-02
gmres iter 500 linear residual 2.804e-02
gmres iter 510 linear residual 2.803e-02
gmres iter 520 linear residual 2.803e-02
gmres iter 530 linear residual 2.797e-02
gmres iter 540 linear residual 2.782e-02
gmres iter 550 linear residual 2.781e-02
gmres iter 560 linear residual 2.775e-02
gmres iter 570 linear residual 2.760e-02
gmres iter 580 linear residual 2.751e-02
gmres iter 590 linear residual 2.748e-02
gmres iter 600 linear residual 2.741e-02
gmres iter 610 linear residual 2.740e-02
gmres iter 620 linear residual 2.738e-02
gmres iter 630 linear residual 2.732e-02
gmres iter 640 linear residual 2.724e-02
gmres iter 650 linear residual 2.719e-02
gmres iter 660 linear residual 2.718e-02
gmres iter 670 linear residual 2.712e-02
gmres iter 680 linear residual 2.704e-02
gmres iter 690 linear residual 2.702e-02
gmres iter 700 linear residual 2.700e-02
gmres iter 710 linear residual 2.700e-02
gmres iter 720 linear residual 2.699e-02
gmres iter 730 linear residual 2.698e-02
gmres iter 740 linear residual 2.693e-02
gmres iter 750 linear residual 2.691e-02
gmres iter 760 linear residual 2.690e-02
gmres iter 770 linear residual 2.684e-02
gmres iter 780 linear residual 2.676e-02
gmres iter 790 linear residual 2.673e-02
gmres iter 800 linear residual 2.672e-02
gmres iter 810 linear residual 2.672e-02
gmres iter 820 linear residual 2.671e-02
gmres iter 830 linear residual 2.669e-02
gmres iter 840 linear residual 2.662e-02
gmres iter 850 linear residual 2.660e-02
gmres iter 860 linear residual 2.660e-02
gmres iter 870 linear residual 2.658e-02
gmres iter 880 linear residual 2.653e-02
gmres iter 890 linear residual 2.651e-02
gmres iter 900 linear residual 2.649e-02
gmres iter 910 linear residual 2.649e-02
gmres iter 920 linear residual 2.648e-02
gmres iter 930 linear residual 2.648e-02
gmres iter 940 linear residual 2.645e-02
gmres iter 950 linear residual 2.644e-02
gmres iter 960 linear residual 2.643e-02
gmres iter 970 linear residual 2.641e-02
gmres iter 980 linear residual 2.636e-02
gmres iter 990 linear residual 2.635e-02
gmres iter 1000 linear residual 2.634e-02
linear solver hit the iteration cap (1000 iterations, flag 10)
increment failed (gmres_iteration_cap); cutting step to 0.05
this increment is 0.05 (target 0.1) ------------------------
gmres iter 10 linear residual 2.799e-02
gmres iter 20 linear residual 1.711e-02
gmres iter 30 linear residual 1.608e-02
gmres iter 40 linear residual 1.422e-02
gmres iter 50 linear residual 1.330e-02
gmres iter 60 linear residual 1.221e-02
gmres iter 70 linear residual 1.065e-02
gmres iter 80 linear residual 9.622e-03
gmres iter 90 linear residual 8.992e-03
gmres iter 100 linear residual 8.283e-03
res 3.692e-02 (F-block 5.972e-02 p-block 2.063e-01) alpha 1 eta 1.00e-02 iter times 100
gmres iter 10 linear residual 2.394e-01
gmres iter 20 linear residual 1.794e-01
gmres iter 30 linear residual 1.012e-01
gmres iter 40 linear residual 5.424e-02
gmres iter 50 linear residual 3.716e-02
gmres iter 60 linear residual 3.010e-02
gmres iter 70 linear residual 2.458e-02
gmres iter 80 linear residual 1.878e-02
gmres iter 90 linear residual 1.535e-02
gmres iter 100 linear residual 1.337e-02
gmres iter 110 linear residual 1.307e-02
gmres iter 120 linear residual 1.178e-02
gmres iter 130 linear residual 1.023e-02
res 2.102e-02 (F-block 1.890e-02 p-block 2.391e-02) alpha 1 eta 1.00e-02 iter times 135
gmres iter 10 linear residual 6.593e-02
gmres iter 20 linear residual 5.358e-02
gmres iter 30 linear residual 4.218e-02
gmres iter 40 linear residual 2.999e-02
gmres iter 50 linear residual 2.595e-02
gmres iter 60 linear residual 2.358e-02
gmres iter 70 linear residual 2.098e-02
gmres iter 80 linear residual 1.874e-02
gmres iter 90 linear residual 1.696e-02
gmres iter 100 linear residual 1.471e-02
gmres iter 110 linear residual 1.395e-02
gmres iter 120 linear residual 1.284e-02
gmres iter 130 linear residual 1.187e-02
gmres iter 140 linear residual 1.077e-02
gmres iter 150 linear residual 9.826e-03
res 5.781e-03 (F-block 2.545e-03 p-block 3.439e-03) alpha 1 eta 1.00e-02 iter times 153
gmres iter 10 linear residual 1.050e-01
gmres iter 20 linear residual 9.706e-02
gmres iter 30 linear residual 8.239e-02
gmres iter 40 linear residual 6.750e-02
gmres iter 50 linear residual 6.176e-02
gmres iter 60 linear residual 5.837e-02
gmres iter 70 linear residual 5.328e-02
gmres iter 80 linear residual 4.786e-02
gmres iter 90 linear residual 4.388e-02
gmres iter 100 linear residual 3.978e-02
gmres iter 110 linear residual 3.773e-02
gmres iter 120 linear residual 3.492e-02
gmres iter 130 linear residual 3.209e-02
gmres iter 140 linear residual 3.009e-02
gmres iter 150 linear residual 2.840e-02
gmres iter 160 linear residual 2.621e-02
gmres iter 170 linear residual 2.253e-02
gmres iter 180 linear residual 1.951e-02
gmres iter 190 linear residual 1.676e-02
gmres iter 200 linear residual 1.414e-02
gmres iter 210 linear residual 1.291e-02
gmres iter 220 linear residual 1.176e-02
gmres iter 230 linear residual 1.066e-02
gmres iter 240 linear residual 9.819e-03
res 1.370e-03 (F-block 3.438e-04 p-block 3.988e-04) alpha 1 eta 1.00e-02 iter times 244
gmres iter 10 linear residual 7.525e-02
gmres iter 20 linear residual 7.133e-02
gmres iter 30 linear residual 6.779e-02
gmres iter 40 linear residual 6.372e-02
gmres iter 50 linear residual 6.049e-02
gmres iter 60 linear residual 5.789e-02
gmres iter 70 linear residual 5.366e-02
gmres iter 80 linear residual 4.754e-02
gmres iter 90 linear residual 4.162e-02
gmres iter 100 linear residual 3.673e-02
gmres iter 110 linear residual 3.456e-02
gmres iter 120 linear residual 3.154e-02
gmres iter 130 linear residual 2.819e-02
gmres iter 140 linear residual 2.607e-02
gmres iter 150 linear residual 2.487e-02
gmres iter 160 linear residual 2.344e-02
gmres iter 170 linear residual 2.195e-02
gmres iter 180 linear residual 2.077e-02
gmres iter 190 linear residual 1.959e-02
gmres iter 200 linear residual 1.806e-02
gmres iter 210 linear residual 1.711e-02
gmres iter 220 linear residual 1.620e-02
gmres iter 230 linear residual 1.550e-02
gmres iter 240 linear residual 1.456e-02
gmres iter 250 linear residual 1.375e-02
gmres iter 260 linear residual 1.298e-02
gmres iter 270 linear residual 1.212e-02
gmres iter 280 linear residual 1.127e-02
gmres iter 290 linear residual 1.030e-02
res 9.829e-05 (F-block 3.588e-06 p-block 6.946e-05) alpha 1 eta 1.00e-02 iter times 299
gmres iter 10 linear residual 8.847e-01
gmres iter 20 linear residual 8.274e-01
gmres iter 30 linear residual 7.557e-01
gmres iter 40 linear residual 7.040e-01
gmres iter 50 linear residual 6.708e-01
gmres iter 60 linear residual 6.374e-01
gmres iter 70 linear residual 5.974e-01
gmres iter 80 linear residual 5.638e-01
gmres iter 90 linear residual 5.327e-01
gmres iter 100 linear residual 5.078e-01
gmres iter 110 linear residual 4.912e-01
gmres iter 120 linear residual 4.632e-01
gmres iter 130 linear residual 4.440e-01
gmres iter 140 linear residual 4.164e-01
gmres iter 150 linear residual 3.950e-01
gmres iter 160 linear residual 3.757e-01
gmres iter 170 linear residual 3.522e-01
gmres iter 180 linear residual 3.260e-01
gmres iter 190 linear residual 3.045e-01
gmres iter 200 linear residual 2.828e-01
gmres iter 210 linear residual 2.661e-01
gmres iter 220 linear residual 2.516e-01
gmres iter 230 linear residual 2.342e-01
gmres iter 240 linear residual 2.161e-01
gmres iter 250 linear residual 2.062e-01
gmres iter 260 linear residual 1.969e-01
gmres iter 270 linear residual 1.855e-01
gmres iter 280 linear residual 1.764e-01
gmres iter 290 linear residual 1.664e-01
gmres iter 300 linear residual 1.585e-01
gmres iter 310 linear residual 1.535e-01
gmres iter 320 linear residual 1.446e-01
gmres iter 330 linear residual 1.381e-01
gmres iter 340 linear residual 1.305e-01
gmres iter 350 linear residual 1.242e-01
gmres iter 360 linear residual 1.186e-01
gmres iter 370 linear residual 1.108e-01
gmres iter 380 linear residual 1.035e-01
gmres iter 390 linear residual 9.801e-02
gmres iter 400 linear residual 9.112e-02
gmres iter 410 linear residual 8.585e-02
gmres iter 420 linear residual 8.185e-02
gmres iter 430 linear residual 7.659e-02
gmres iter 440 linear residual 7.088e-02
gmres iter 450 linear residual 6.786e-02
gmres iter 460 linear residual 6.470e-02
gmres iter 470 linear residual 6.124e-02
gmres iter 480 linear residual 5.824e-02
gmres iter 490 linear residual 5.497e-02
gmres iter 500 linear residual 5.248e-02
gmres iter 510 linear residual 5.088e-02
gmres iter 520 linear residual 4.768e-02
gmres iter 530 linear residual 4.581e-02
gmres iter 540 linear residual 4.325e-02
gmres iter 550 linear residual 4.128e-02
gmres iter 560 linear residual 3.930e-02
gmres iter 570 linear residual 3.685e-02
gmres iter 580 linear residual 3.432e-02
gmres iter 590 linear residual 3.291e-02
gmres iter 600 linear residual 3.070e-02
gmres iter 610 linear residual 2.912e-02
gmres iter 620 linear residual 2.780e-02
gmres iter 630 linear residual 2.613e-02
gmres iter 640 linear residual 2.438e-02
gmres iter 650 linear residual 2.311e-02
gmres iter 660 linear residual 2.206e-02
gmres iter 670 linear residual 2.115e-02
gmres iter 680 linear residual 2.003e-02
gmres iter 690 linear residual 1.882e-02
gmres iter 700 linear residual 1.791e-02
gmres iter 710 linear residual 1.736e-02
gmres iter 720 linear residual 1.620e-02
gmres iter 730 linear residual 1.555e-02
gmres iter 740 linear residual 1.477e-02
gmres iter 750 linear residual 1.409e-02
gmres iter 760 linear residual 1.332e-02
gmres iter 770 linear residual 1.261e-02
gmres iter 780 linear residual 1.174e-02
gmres iter 790 linear residual 1.131e-02
gmres iter 800 linear residual 1.053e-02
gmres iter 810 linear residual 9.970e-03
res 1.272e-05 (F-block 3.922e-08 p-block 5.529e-07) alpha 1 eta 1.00e-02 iter times 816
time this step...273.87553119659424
this increment is 0.05 (target 0.1) ------------------------
gmres iter 10 linear residual 2.783e-02
gmres iter 20 linear residual 1.717e-02
gmres iter 30 linear residual 1.611e-02
gmres iter 40 linear residual 1.418e-02
gmres iter 50 linear residual 1.328e-02
gmres iter 60 linear residual 1.215e-02
gmres iter 70 linear residual 1.057e-02
gmres iter 80 linear residual 9.539e-03
gmres iter 90 linear residual 8.934e-03
gmres iter 100 linear residual 8.238e-03
res 3.656e-02 (F-block 6.095e-02 p-block 2.119e-01) alpha 1 eta 1.00e-02 iter times 100
gmres iter 10 linear residual 2.354e-01
gmres iter 20 linear residual 1.766e-01
gmres iter 30 linear residual 9.892e-02
gmres iter 40 linear residual 5.381e-02
gmres iter 50 linear residual 3.711e-02
gmres iter 60 linear residual 2.995e-02
gmres iter 70 linear residual 2.418e-02
gmres iter 80 linear residual 1.844e-02
gmres iter 90 linear residual 1.507e-02
gmres iter 100 linear residual 1.311e-02
gmres iter 110 linear residual 1.274e-02
gmres iter 120 linear residual 1.145e-02
gmres iter 130 linear residual 9.866e-03
res 2.180e-02 (F-block 1.939e-02 p-block 2.449e-02) alpha 1 eta 1.00e-02 iter times 133
gmres iter 10 linear residual 6.731e-02
gmres iter 20 linear residual 5.464e-02
gmres iter 30 linear residual 4.341e-02
gmres iter 40 linear residual 3.086e-02
gmres iter 50 linear residual 2.676e-02
gmres iter 60 linear residual 2.414e-02
gmres iter 70 linear residual 2.108e-02
gmres iter 80 linear residual 1.890e-02
gmres iter 90 linear residual 1.736e-02
gmres iter 100 linear residual 1.543e-02
gmres iter 110 linear residual 1.476e-02
gmres iter 120 linear residual 1.377e-02
gmres iter 130 linear residual 1.288e-02
gmres iter 140 linear residual 1.167e-02
gmres iter 150 linear residual 1.077e-02
gmres iter 160 linear residual 9.858e-03
res 6.373e-03 (F-block 3.547e-03 p-block 3.821e-03) alpha 1 eta 1.00e-02 iter times 163
gmres iter 10 linear residual 9.005e-02
gmres iter 20 linear residual 8.026e-02
gmres iter 30 linear residual 7.269e-02
gmres iter 40 linear residual 6.347e-02
gmres iter 50 linear residual 6.032e-02
gmres iter 60 linear residual 5.824e-02
gmres iter 70 linear residual 5.578e-02
gmres iter 80 linear residual 5.406e-02
gmres iter 90 linear residual 5.255e-02
gmres iter 100 linear residual 5.043e-02
gmres iter 110 linear residual 5.011e-02
gmres iter 120 linear residual 4.831e-02
gmres iter 130 linear residual 4.520e-02
gmres iter 140 linear residual 4.122e-02
gmres iter 150 linear residual 3.592e-02
gmres iter 160 linear residual 3.297e-02
gmres iter 170 linear residual 3.030e-02
gmres iter 180 linear residual 2.776e-02
gmres iter 190 linear residual 2.618e-02
gmres iter 200 linear residual 2.369e-02
gmres iter 210 linear residual 2.269e-02
gmres iter 220 linear residual 2.154e-02
gmres iter 230 linear residual 2.013e-02
gmres iter 240 linear residual 1.922e-02
gmres iter 250 linear residual 1.862e-02
gmres iter 260 linear residual 1.803e-02
gmres iter 270 linear residual 1.757e-02
gmres iter 280 linear residual 1.717e-02
gmres iter 290 linear residual 1.659e-02
gmres iter 300 linear residual 1.603e-02
gmres iter 310 linear residual 1.547e-02
gmres iter 320 linear residual 1.507e-02
gmres iter 330 linear residual 1.461e-02
gmres iter 340 linear residual 1.415e-02
gmres iter 350 linear residual 1.369e-02
gmres iter 360 linear residual 1.333e-02
gmres iter 370 linear residual 1.252e-02
gmres iter 380 linear residual 1.198e-02
gmres iter 390 linear residual 1.113e-02
gmres iter 400 linear residual 1.005e-02
gmres iter 410 linear residual 9.660e-03
res 2.056e-03 (F-block 7.565e-04 p-block 7.307e-04) alpha 1 eta 1.00e-02 iter times 412
gmres iter 10 linear residual 5.909e-02
gmres iter 20 linear residual 4.357e-02
gmres iter 30 linear residual 3.973e-02
gmres iter 40 linear residual 3.506e-02
gmres iter 50 linear residual 3.203e-02
gmres iter 60 linear residual 3.086e-02
gmres iter 70 linear residual 2.886e-02
gmres iter 80 linear residual 2.730e-02
gmres iter 90 linear residual 2.608e-02
gmres iter 100 linear residual 2.517e-02
gmres iter 110 linear residual 2.513e-02
gmres iter 120 linear residual 2.458e-02
gmres iter 130 linear residual 2.334e-02
gmres iter 140 linear residual 2.196e-02
gmres iter 150 linear residual 2.057e-02
gmres iter 160 linear residual 1.933e-02
gmres iter 170 linear residual 1.789e-02
gmres iter 180 linear residual 1.748e-02
gmres iter 190 linear residual 1.680e-02
gmres iter 200 linear residual 1.608e-02
gmres iter 210 linear residual 1.591e-02
gmres iter 220 linear residual 1.564e-02
gmres iter 230 linear residual 1.522e-02
gmres iter 240 linear residual 1.476e-02
gmres iter 250 linear residual 1.462e-02
gmres iter 260 linear residual 1.437e-02
gmres iter 270 linear residual 1.372e-02
gmres iter 280 linear residual 1.281e-02
gmres iter 290 linear residual 1.189e-02
gmres iter 300 linear residual 1.105e-02
gmres iter 310 linear residual 1.079e-02
gmres iter 320 linear residual 1.014e-02
gmres iter 330 linear residual 9.612e-03
res 2.037e-04 (F-block 1.372e-05 p-block 1.096e-04) alpha 1 eta 1.00e-02 iter times 333
gmres iter 10 linear residual 5.264e-01
gmres iter 20 linear residual 5.166e-01
gmres iter 30 linear residual 5.059e-01
gmres iter 40 linear residual 4.974e-01
gmres iter 50 linear residual 4.919e-01
gmres iter 60 linear residual 4.876e-01
gmres iter 70 linear residual 4.806e-01
gmres iter 80 linear residual 4.671e-01
gmres iter 90 linear residual 4.452e-01
gmres iter 100 linear residual 4.272e-01
gmres iter 110 linear residual 4.231e-01
gmres iter 120 linear residual 4.069e-01
gmres iter 130 linear residual 3.919e-01
gmres iter 140 linear residual 3.751e-01
gmres iter 150 linear residual 3.576e-01
gmres iter 160 linear residual 3.297e-01
gmres iter 170 linear residual 2.966e-01
gmres iter 180 linear residual 2.772e-01
gmres iter 190 linear residual 2.671e-01
gmres iter 200 linear residual 2.628e-01
gmres iter 210 linear residual 2.621e-01
gmres iter 220 linear residual 2.602e-01
gmres iter 230 linear residual 2.598e-01
gmres iter 240 linear residual 2.585e-01
gmres iter 250 linear residual 2.576e-01
gmres iter 260 linear residual 2.522e-01
gmres iter 270 linear residual 2.421e-01
gmres iter 280 linear residual 2.252e-01
gmres iter 290 linear residual 1.988e-01
gmres iter 300 linear residual 1.832e-01
gmres iter 310 linear residual 1.769e-01
gmres iter 320 linear residual 1.683e-01
gmres iter 330 linear residual 1.611e-01
gmres iter 340 linear residual 1.522e-01
gmres iter 350 linear residual 1.469e-01
gmres iter 360 linear residual 1.395e-01
gmres iter 370 linear residual 1.334e-01
gmres iter 380 linear residual 1.290e-01
gmres iter 390 linear residual 1.270e-01
gmres iter 400 linear residual 1.247e-01
gmres iter 410 linear residual 1.243e-01
gmres iter 420 linear residual 1.226e-01
gmres iter 430 linear residual 1.176e-01
gmres iter 440 linear residual 1.109e-01
gmres iter 450 linear residual 1.013e-01
gmres iter 460 linear residual 9.519e-02
gmres iter 470 linear residual 8.986e-02
gmres iter 480 linear residual 8.680e-02
gmres iter 490 linear residual 8.469e-02
gmres iter 500 linear residual 8.146e-02
gmres iter 510 linear residual 8.089e-02
gmres iter 520 linear residual 8.002e-02
gmres iter 530 linear residual 7.960e-02
gmres iter 540 linear residual 7.907e-02
gmres iter 550 linear residual 7.839e-02
gmres iter 560 linear residual 7.625e-02
gmres iter 570 linear residual 7.282e-02
gmres iter 580 linear residual 6.826e-02
gmres iter 590 linear residual 6.360e-02
gmres iter 600 linear residual 5.798e-02
gmres iter 610 linear residual 5.623e-02
gmres iter 620 linear residual 5.462e-02
gmres iter 630 linear residual 5.249e-02
gmres iter 640 linear residual 5.035e-02
gmres iter 650 linear residual 4.788e-02
gmres iter 660 linear residual 4.569e-02
gmres iter 670 linear residual 4.335e-02
gmres iter 680 linear residual 4.167e-02
gmres iter 690 linear residual 4.077e-02
gmres iter 700 linear residual 3.992e-02
gmres iter 710 linear residual 3.977e-02
gmres iter 720 linear residual 3.892e-02
gmres iter 730 linear residual 3.785e-02
gmres iter 740 linear residual 3.574e-02
gmres iter 750 linear residual 3.317e-02
gmres iter 760 linear residual 3.079e-02
gmres iter 770 linear residual 2.913e-02
gmres iter 780 linear residual 2.801e-02
gmres iter 790 linear residual 2.700e-02
gmres iter 800 linear residual 2.669e-02
gmres iter 810 linear residual 2.652e-02
gmres iter 820 linear residual 2.625e-02
gmres iter 830 linear residual 2.605e-02
gmres iter 840 linear residual 2.586e-02
gmres iter 850 linear residual 2.564e-02
gmres iter 860 linear residual 2.453e-02
gmres iter 870 linear residual 2.270e-02
gmres iter 880 linear residual 2.015e-02
gmres iter 890 linear residual 1.902e-02
gmres iter 900 linear residual 1.863e-02
gmres iter 910 linear residual 1.848e-02
gmres iter 920 linear residual 1.777e-02
gmres iter 930 linear residual 1.672e-02
gmres iter 940 linear residual 1.620e-02
gmres iter 950 linear residual 1.585e-02
gmres iter 960 linear residual 1.556e-02
gmres iter 970 linear residual 1.533e-02
gmres iter 980 linear residual 1.489e-02
gmres iter 990 linear residual 1.470e-02
gmres iter 1000 linear residual 1.416e-02
linear solver hit the iteration cap (1000 iterations, flag 10)
increment failed (gmres_iteration_cap); cutting step to 0.025
this increment is 0.025 (target 0.1) ------------------------
gmres iter 10 linear residual 2.286e-02
gmres iter 20 linear residual 9.528e-03
gmres iter 30 linear residual 7.331e-03
res 1.343e-02 (F-block 1.801e-02 p-block 5.289e-01) alpha 1 eta 1.00e-02 iter times 36
gmres iter 10 linear residual 2.902e-01
gmres iter 20 linear residual 2.379e-01
gmres iter 30 linear residual 1.523e-01
gmres iter 40 linear residual 9.216e-02
gmres iter 50 linear residual 7.470e-02
gmres iter 60 linear residual 6.688e-02
gmres iter 70 linear residual 5.582e-02
gmres iter 80 linear residual 4.498e-02
gmres iter 90 linear residual 3.896e-02
gmres iter 100 linear residual 3.477e-02
gmres iter 110 linear residual 3.354e-02
gmres iter 120 linear residual 2.996e-02
gmres iter 130 linear residual 2.629e-02
gmres iter 140 linear residual 2.362e-02
gmres iter 150 linear residual 2.148e-02
gmres iter 160 linear residual 1.769e-02
gmres iter 170 linear residual 1.363e-02
gmres iter 180 linear residual 1.127e-02
gmres iter 190 linear residual 1.009e-02
res 7.347e-03 (F-block 2.321e-03 p-block 5.036e-03) alpha 1 eta 1.00e-02 iter times 195
gmres iter 10 linear residual 9.722e-02
gmres iter 20 linear residual 8.534e-02
gmres iter 30 linear residual 7.478e-02
gmres iter 40 linear residual 6.318e-02
gmres iter 50 linear residual 5.845e-02
gmres iter 60 linear residual 5.553e-02
gmres iter 70 linear residual 5.043e-02
gmres iter 80 linear residual 4.501e-02
gmres iter 90 linear residual 4.089e-02
gmres iter 100 linear residual 3.791e-02
gmres iter 110 linear residual 3.626e-02
gmres iter 120 linear residual 3.361e-02
gmres iter 130 linear residual 3.075e-02
gmres iter 140 linear residual 2.883e-02
gmres iter 150 linear residual 2.724e-02
gmres iter 160 linear residual 2.529e-02
gmres iter 170 linear residual 2.215e-02
gmres iter 180 linear residual 1.999e-02
gmres iter 190 linear residual 1.807e-02
gmres iter 200 linear residual 1.462e-02
gmres iter 210 linear residual 1.338e-02
gmres iter 220 linear residual 1.236e-02
gmres iter 230 linear residual 1.147e-02
gmres iter 240 linear residual 1.027e-02
gmres iter 250 linear residual 9.652e-03
gmres iter 260 linear residual 9.242e-03
gmres iter 270 linear residual 8.670e-03
gmres iter 280 linear residual 8.110e-03
gmres iter 290 linear residual 7.499e-03
gmres iter 300 linear residual 7.078e-03
gmres iter 310 linear residual 6.831e-03
gmres iter 320 linear residual 6.442e-03
gmres iter 330 linear residual 6.053e-03
gmres iter 340 linear residual 5.682e-03
gmres iter 350 linear residual 5.449e-03
gmres iter 360 linear residual 5.108e-03
gmres iter 370 linear residual 4.689e-03
gmres iter 380 linear residual 4.376e-03
gmres iter 390 linear residual 4.045e-03
gmres iter 400 linear residual 3.707e-03
gmres iter 410 linear residual 3.488e-03
gmres iter 420 linear residual 3.261e-03
gmres iter 430 linear residual 2.998e-03
gmres iter 440 linear residual 2.762e-03
gmres iter 450 linear residual 2.613e-03
gmres iter 460 linear residual 2.513e-03
gmres iter 470 linear residual 2.375e-03
gmres iter 480 linear residual 2.245e-03
gmres iter 490 linear residual 2.108e-03
gmres iter 500 linear residual 1.981e-03
gmres iter 510 linear residual 1.914e-03
gmres iter 520 linear residual 1.824e-03
gmres iter 530 linear residual 1.709e-03
gmres iter 540 linear residual 1.617e-03
gmres iter 550 linear residual 1.550e-03
gmres iter 560 linear residual 1.462e-03
gmres iter 570 linear residual 1.365e-03
gmres iter 580 linear residual 1.269e-03
gmres iter 590 linear residual 1.175e-03
gmres iter 600 linear residual 1.094e-03
gmres iter 610 linear residual 1.029e-03
gmres iter 620 linear residual 9.625e-04
res 4.387e-04 (F-block 2.189e-05 p-block 3.995e-05) alpha 1 eta 1.00e-03 iter times 620
gmres iter 10 linear residual 1.291e-01
gmres iter 20 linear residual 1.151e-01
gmres iter 30 linear residual 1.069e-01
gmres iter 40 linear residual 9.746e-02
gmres iter 50 linear residual 9.260e-02
gmres iter 60 linear residual 8.990e-02
gmres iter 70 linear residual 8.525e-02
gmres iter 80 linear residual 8.072e-02
gmres iter 90 linear residual 7.802e-02
gmres iter 100 linear residual 7.441e-02
gmres iter 110 linear residual 7.192e-02
gmres iter 120 linear residual 6.862e-02
gmres iter 130 linear residual 6.522e-02
gmres iter 140 linear residual 6.125e-02
gmres iter 150 linear residual 5.786e-02
gmres iter 160 linear residual 5.449e-02
gmres iter 170 linear residual 4.954e-02
gmres iter 180 linear residual 4.593e-02
gmres iter 190 linear residual 4.369e-02
gmres iter 200 linear residual 3.904e-02
gmres iter 210 linear residual 3.724e-02
gmres iter 220 linear residual 3.568e-02
gmres iter 230 linear residual 3.393e-02
gmres iter 240 linear residual 3.160e-02
gmres iter 250 linear residual 2.953e-02
gmres iter 260 linear residual 2.794e-02
gmres iter 270 linear residual 2.605e-02
gmres iter 280 linear residual 2.407e-02
gmres iter 290 linear residual 2.275e-02
gmres iter 300 linear residual 2.170e-02
gmres iter 310 linear residual 2.121e-02
gmres iter 320 linear residual 2.007e-02
gmres iter 330 linear residual 1.899e-02
gmres iter 340 linear residual 1.815e-02
gmres iter 350 linear residual 1.722e-02
gmres iter 360 linear residual 1.616e-02
gmres iter 370 linear residual 1.505e-02
gmres iter 380 linear residual 1.411e-02
gmres iter 390 linear residual 1.334e-02
gmres iter 400 linear residual 1.227e-02
gmres iter 410 linear residual 1.164e-02
gmres iter 420 linear residual 1.117e-02
gmres iter 430 linear residual 1.053e-02
gmres iter 440 linear residual 9.841e-03
gmres iter 450 linear residual 9.294e-03
gmres iter 460 linear residual 8.863e-03
gmres iter 470 linear residual 8.380e-03
gmres iter 480 linear residual 7.829e-03
gmres iter 490 linear residual 7.413e-03
gmres iter 500 linear residual 7.102e-03
gmres iter 510 linear residual 6.907e-03
gmres iter 520 linear residual 6.591e-03
gmres iter 530 linear residual 6.227e-03
gmres iter 540 linear residual 5.955e-03
gmres iter 550 linear residual 5.681e-03
gmres iter 560 linear residual 5.351e-03
gmres iter 570 linear residual 5.031e-03
gmres iter 580 linear residual 4.737e-03
gmres iter 590 linear residual 4.467e-03
gmres iter 600 linear residual 4.144e-03
gmres iter 610 linear residual 3.949e-03
gmres iter 620 linear residual 3.761e-03
gmres iter 630 linear residual 3.545e-03
gmres iter 640 linear residual 3.329e-03
gmres iter 650 linear residual 3.177e-03
gmres iter 660 linear residual 3.051e-03
gmres iter 670 linear residual 2.911e-03
gmres iter 680 linear residual 2.742e-03
gmres iter 690 linear residual 2.571e-03
gmres iter 700 linear residual 2.432e-03
gmres iter 710 linear residual 2.351e-03
gmres iter 720 linear residual 2.215e-03
gmres iter 730 linear residual 2.093e-03
gmres iter 740 linear residual 2.010e-03
gmres iter 750 linear residual 1.934e-03
gmres iter 760 linear residual 1.844e-03
gmres iter 770 linear residual 1.748e-03
gmres iter 780 linear residual 1.661e-03
gmres iter 790 linear residual 1.566e-03
gmres iter 800 linear residual 1.454e-03
gmres iter 810 linear residual 1.393e-03
gmres iter 820 linear residual 1.321e-03
gmres iter 830 linear residual 1.245e-03
gmres iter 840 linear residual 1.169e-03
gmres iter 850 linear residual 1.121e-03
gmres iter 860 linear residual 1.075e-03
gmres iter 870 linear residual 1.034e-03
gmres iter 880 linear residual 9.705e-04
res 1.028e-05 (F-block 7.261e-08 p-block 3.523e-07) alpha 1 eta 1.00e-03 iter times 881
time this step...164.56055307388306
this increment is 0.024999999999999994 (target 0.1) ------------------------
gmres iter 10 linear residual 2.277e-02
gmres iter 20 linear residual 9.546e-03
gmres iter 30 linear residual 7.388e-03
res 1.329e-02 (F-block 1.830e-02 p-block 5.291e-01) alpha 1 eta 1.00e-02 iter times 36
gmres iter 10 linear residual 2.836e-01
gmres iter 20 linear residual 2.326e-01
gmres iter 30 linear residual 1.498e-01
gmres iter 40 linear residual 9.122e-02
gmres iter 50 linear residual 7.398e-02
gmres iter 60 linear residual 6.576e-02
gmres iter 70 linear residual 5.476e-02
gmres iter 80 linear residual 4.434e-02
gmres iter 90 linear residual 3.859e-02
gmres iter 100 linear residual 3.448e-02
gmres iter 110 linear residual 3.316e-02
gmres iter 120 linear residual 2.970e-02
gmres iter 130 linear residual 2.618e-02
gmres iter 140 linear residual 2.358e-02
gmres iter 150 linear residual 2.142e-02
gmres iter 160 linear residual 1.797e-02
gmres iter 170 linear residual 1.432e-02
gmres iter 180 linear residual 1.233e-02
gmres iter 190 linear residual 1.121e-02
gmres iter 200 linear residual 9.852e-03
res 7.486e-03 (F-block 4.331e-03 p-block 4.853e-03) alpha 1 eta 1.00e-02 iter times 207
gmres iter 10 linear residual 8.081e-02
gmres iter 20 linear residual 6.825e-02
gmres iter 30 linear residual 6.768e-02
gmres iter 40 linear residual 6.733e-02
gmres iter 50 linear residual 6.727e-02
gmres iter 60 linear residual 6.721e-02
gmres iter 70 linear residual 6.705e-02
gmres iter 80 linear residual 6.699e-02
gmres iter 90 linear residual 6.674e-02
gmres iter 100 linear residual 6.513e-02
gmres iter 110 linear residual 6.493e-02
gmres iter 120 linear residual 6.450e-02
gmres iter 130 linear residual 6.441e-02
gmres iter 140 linear residual 6.430e-02
gmres iter 150 linear residual 6.425e-02
gmres iter 160 linear residual 6.404e-02
gmres iter 170 linear residual 6.381e-02
gmres iter 180 linear residual 6.305e-02
gmres iter 190 linear residual 6.117e-02
gmres iter 200 linear residual 5.585e-02
gmres iter 210 linear residual 5.491e-02
gmres iter 220 linear residual 5.299e-02
gmres iter 230 linear residual 5.198e-02
gmres iter 240 linear residual 5.150e-02
gmres iter 250 linear residual 5.135e-02
gmres iter 260 linear residual 5.130e-02
gmres iter 270 linear residual 5.089e-02
gmres iter 280 linear residual 4.951e-02
gmres iter 290 linear residual 4.807e-02
gmres iter 300 linear residual 4.553e-02
gmres iter 310 linear residual 4.514e-02
gmres iter 320 linear residual 4.303e-02
gmres iter 330 linear residual 4.005e-02
gmres iter 340 linear residual 3.706e-02
gmres iter 350 linear residual 3.360e-02
gmres iter 360 linear residual 2.973e-02
gmres iter 370 linear residual 2.673e-02
gmres iter 380 linear residual 2.468e-02
gmres iter 390 linear residual 2.346e-02
gmres iter 400 linear residual 2.294e-02
gmres iter 410 linear residual 2.273e-02
gmres iter 420 linear residual 2.226e-02
gmres iter 430 linear residual 2.185e-02
gmres iter 440 linear residual 2.167e-02
gmres iter 450 linear residual 2.149e-02
gmres iter 460 linear residual 2.074e-02
gmres iter 470 linear residual 1.942e-02
gmres iter 480 linear residual 1.809e-02
gmres iter 490 linear residual 1.603e-02
gmres iter 500 linear residual 1.356e-02
gmres iter 510 linear residual 1.237e-02
gmres iter 520 linear residual 1.130e-02
gmres iter 530 linear residual 1.079e-02
gmres iter 540 linear residual 1.043e-02
gmres iter 550 linear residual 1.038e-02
gmres iter 560 linear residual 1.026e-02
gmres iter 570 linear residual 1.018e-02
gmres iter 580 linear residual 1.001e-02
gmres iter 590 linear residual 9.919e-03
gmres iter 600 linear residual 9.519e-03
gmres iter 610 linear residual 9.469e-03
gmres iter 620 linear residual 9.237e-03
gmres iter 630 linear residual 9.031e-03
gmres iter 640 linear residual 8.800e-03
gmres iter 650 linear residual 8.505e-03
gmres iter 660 linear residual 7.983e-03
gmres iter 670 linear residual 7.265e-03
gmres iter 680 linear residual 6.725e-03
gmres iter 690 linear residual 5.962e-03
gmres iter 700 linear residual 5.499e-03
gmres iter 710 linear residual 5.398e-03
gmres iter 720 linear residual 5.023e-03
gmres iter 730 linear residual 4.617e-03
gmres iter 740 linear residual 4.191e-03
gmres iter 750 linear residual 3.974e-03
gmres iter 760 linear residual 3.809e-03
gmres iter 770 linear residual 3.735e-03
gmres iter 780 linear residual 3.654e-03
gmres iter 790 linear residual 3.536e-03
gmres iter 800 linear residual 3.464e-03
gmres iter 810 linear residual 3.412e-03
gmres iter 820 linear residual 3.361e-03
gmres iter 830 linear residual 3.326e-03
gmres iter 840 linear residual 3.311e-03
gmres iter 850 linear residual 3.304e-03
gmres iter 860 linear residual 3.278e-03
gmres iter 870 linear residual 3.238e-03
gmres iter 880 linear residual 3.203e-03
gmres iter 890 linear residual 3.087e-03
gmres iter 900 linear residual 2.871e-03
gmres iter 910 linear residual 2.764e-03
gmres iter 920 linear residual 2.690e-03
gmres iter 930 linear residual 2.594e-03
gmres iter 940 linear residual 2.570e-03
gmres iter 950 linear residual 2.540e-03
gmres iter 960 linear residual 2.532e-03
gmres iter 970 linear residual 2.497e-03
gmres iter 980 linear residual 2.474e-03
gmres iter 990 linear residual 2.418e-03
gmres iter 1000 linear residual 2.338e-03
linear solver hit the iteration cap (1000 iterations, flag 10)
increment failed (gmres_iteration_cap); cutting step to 0.0125
this increment is 0.012499999999999997 (target 0.1) ------------------------
gmres iter 10 linear residual 2.132e-02
gmres iter 20 linear residual 6.466e-03
res 5.192e-03 (F-block 8.232e-03 p-block 8.691e-01) alpha 1 eta 1.00e-02 iter times 20
gmres iter 10 linear residual 5.302e-01
gmres iter 20 linear residual 3.272e-01
gmres iter 30 linear residual 2.427e-01
gmres iter 40 linear residual 1.922e-01
gmres iter 50 linear residual 1.494e-01
gmres iter 60 linear residual 1.399e-01
gmres iter 70 linear residual 1.167e-01
gmres iter 80 linear residual 9.417e-02
gmres iter 90 linear residual 8.296e-02
gmres iter 100 linear residual 7.470e-02
gmres iter 110 linear residual 7.201e-02
gmres iter 120 linear residual 6.448e-02
gmres iter 130 linear residual 5.524e-02
gmres iter 140 linear residual 4.899e-02
gmres iter 150 linear residual 4.444e-02
gmres iter 160 linear residual 3.772e-02
gmres iter 170 linear residual 3.095e-02
gmres iter 180 linear residual 2.596e-02
gmres iter 190 linear residual 2.316e-02
gmres iter 200 linear residual 2.014e-02
gmres iter 210 linear residual 1.889e-02
gmres iter 220 linear residual 1.791e-02
gmres iter 230 linear residual 1.638e-02
gmres iter 240 linear residual 1.458e-02
gmres iter 250 linear residual 1.326e-02
gmres iter 260 linear residual 1.201e-02
gmres iter 270 linear residual 1.068e-02
res 4.931e-03 (F-block 1.537e-03 p-block 2.927e-03) alpha 1 eta 1.00e-02 iter times 279
gmres iter 10 linear residual 8.443e-02
gmres iter 20 linear residual 7.146e-02
gmres iter 30 linear residual 6.828e-02
gmres iter 40 linear residual 6.612e-02
gmres iter 50 linear residual 6.570e-02
gmres iter 60 linear residual 6.561e-02
gmres iter 70 linear residual 6.552e-02
gmres iter 80 linear residual 6.538e-02
gmres iter 90 linear residual 6.513e-02
gmres iter 100 linear residual 6.473e-02
gmres iter 110 linear residual 6.471e-02
gmres iter 120 linear residual 6.460e-02
gmres iter 130 linear residual 6.455e-02
gmres iter 140 linear residual 6.453e-02
gmres iter 150 linear residual 6.452e-02
gmres iter 160 linear residual 6.440e-02
gmres iter 170 linear residual 6.334e-02
gmres iter 180 linear residual 6.197e-02
gmres iter 190 linear residual 5.920e-02
gmres iter 200 linear residual 5.534e-02
gmres iter 210 linear residual 5.462e-02
gmres iter 220 linear residual 5.203e-02
gmres iter 230 linear residual 5.071e-02
gmres iter 240 linear residual 5.042e-02
gmres iter 250 linear residual 5.006e-02
gmres iter 260 linear residual 4.934e-02
gmres iter 270 linear residual 4.877e-02
gmres iter 280 linear residual 4.611e-02
gmres iter 290 linear residual 4.324e-02
gmres iter 300 linear residual 4.084e-02
gmres iter 310 linear residual 4.013e-02
gmres iter 320 linear residual 3.755e-02
gmres iter 330 linear residual 3.372e-02
gmres iter 340 linear residual 3.153e-02
gmres iter 350 linear residual 2.853e-02
gmres iter 360 linear residual 2.516e-02
gmres iter 370 linear residual 2.259e-02
gmres iter 380 linear residual 2.092e-02
gmres iter 390 linear residual 1.965e-02
gmres iter 400 linear residual 1.890e-02
gmres iter 410 linear residual 1.855e-02
gmres iter 420 linear residual 1.803e-02
gmres iter 430 linear residual 1.731e-02
gmres iter 440 linear residual 1.648e-02
gmres iter 450 linear residual 1.601e-02
gmres iter 460 linear residual 1.557e-02
gmres iter 470 linear residual 1.517e-02
gmres iter 480 linear residual 1.502e-02
gmres iter 490 linear residual 1.474e-02
gmres iter 500 linear residual 1.425e-02
gmres iter 510 linear residual 1.411e-02
gmres iter 520 linear residual 1.388e-02
gmres iter 530 linear residual 1.362e-02
gmres iter 540 linear residual 1.333e-02
gmres iter 550 linear residual 1.311e-02
gmres iter 560 linear residual 1.278e-02
gmres iter 570 linear residual 1.250e-02
gmres iter 580 linear residual 1.214e-02
gmres iter 590 linear residual 1.172e-02
gmres iter 600 linear residual 1.133e-02
gmres iter 610 linear residual 1.119e-02
gmres iter 620 linear residual 1.085e-02
gmres iter 630 linear residual 1.041e-02
gmres iter 640 linear residual 9.962e-03
gmres iter 650 linear residual 9.275e-03
gmres iter 660 linear residual 8.298e-03
gmres iter 670 linear residual 7.169e-03
gmres iter 680 linear residual 6.375e-03
gmres iter 690 linear residual 5.806e-03
gmres iter 700 linear residual 5.491e-03
gmres iter 710 linear residual 5.383e-03
gmres iter 720 linear residual 5.049e-03
gmres iter 730 linear residual 4.571e-03
gmres iter 740 linear residual 4.163e-03
gmres iter 750 linear residual 3.836e-03
gmres iter 760 linear residual 3.584e-03
gmres iter 770 linear residual 3.405e-03
gmres iter 780 linear residual 3.285e-03
gmres iter 790 linear residual 3.195e-03
gmres iter 800 linear residual 3.148e-03
gmres iter 810 linear residual 3.126e-03
gmres iter 820 linear residual 3.070e-03
gmres iter 830 linear residual 3.003e-03
gmres iter 840 linear residual 2.954e-03
gmres iter 850 linear residual 2.930e-03
gmres iter 860 linear residual 2.879e-03
gmres iter 870 linear residual 2.853e-03
gmres iter 880 linear residual 2.759e-03
gmres iter 890 linear residual 2.641e-03
gmres iter 900 linear residual 2.528e-03
gmres iter 910 linear residual 2.446e-03
gmres iter 920 linear residual 2.321e-03
gmres iter 930 linear residual 2.266e-03
gmres iter 940 linear residual 2.220e-03
gmres iter 950 linear residual 2.189e-03
gmres iter 960 linear residual 2.144e-03
gmres iter 970 linear residual 2.070e-03
gmres iter 980 linear residual 1.987e-03
gmres iter 990 linear residual 1.933e-03
gmres iter 1000 linear residual 1.827e-03
linear solver hit the iteration cap (1000 iterations, flag 10)
increment failed (gmres_iteration_cap); cutting step to 0.00625
this increment is 0.006249999999999999 (target 0.1) ------------------------
gmres iter 10 linear residual 2.095e-02
res 2.556e-03 (F-block 8.119e-03 p-block 8.921e-01) alpha 1 eta 1.00e-02 iter times 18
gmres iter 10 linear residual 5.731e-01
gmres iter 20 linear residual 3.350e-01
gmres iter 30 linear residual 2.688e-01
gmres iter 40 linear residual 1.851e-01
gmres iter 50 linear residual 1.536e-01
gmres iter 60 linear residual 1.411e-01
gmres iter 70 linear residual 1.166e-01
gmres iter 80 linear residual 9.765e-02
gmres iter 90 linear residual 8.397e-02
gmres iter 100 linear residual 7.596e-02
gmres iter 110 linear residual 7.273e-02
gmres iter 120 linear residual 6.536e-02
gmres iter 130 linear residual 5.615e-02
gmres iter 140 linear residual 4.949e-02
gmres iter 150 linear residual 4.592e-02
gmres iter 160 linear residual 3.733e-02
gmres iter 170 linear residual 3.140e-02
gmres iter 180 linear residual 2.626e-02
gmres iter 190 linear residual 2.341e-02
gmres iter 200 linear residual 2.003e-02
gmres iter 210 linear residual 1.869e-02
gmres iter 220 linear residual 1.753e-02
gmres iter 230 linear residual 1.616e-02
gmres iter 240 linear residual 1.444e-02
gmres iter 250 linear residual 1.314e-02
gmres iter 260 linear residual 1.192e-02
gmres iter 270 linear residual 1.074e-02
gmres iter 280 linear residual 9.437e-03
res 2.538e-03 (F-block 6.170e-04 p-block 1.868e-03) alpha 1 eta 1.00e-02 iter times 280
gmres iter 10 linear residual 1.410e-01
gmres iter 20 linear residual 1.265e-01
gmres iter 30 linear residual 1.175e-01
gmres iter 40 linear residual 1.101e-01
gmres iter 50 linear residual 1.059e-01
gmres iter 60 linear residual 1.029e-01
gmres iter 70 linear residual 9.858e-02
gmres iter 80 linear residual 9.394e-02
gmres iter 90 linear residual 8.841e-02
gmres iter 100 linear residual 8.359e-02
gmres iter 110 linear residual 8.254e-02
gmres iter 120 linear residual 7.724e-02
gmres iter 130 linear residual 7.148e-02
gmres iter 140 linear residual 6.595e-02
gmres iter 150 linear residual 5.931e-02
gmres iter 160 linear residual 5.264e-02
gmres iter 170 linear residual 4.574e-02
gmres iter 180 linear residual 4.233e-02
gmres iter 190 linear residual 4.013e-02
gmres iter 200 linear residual 3.691e-02
gmres iter 210 linear residual 3.577e-02
gmres iter 220 linear residual 3.440e-02
gmres iter 230 linear residual 3.214e-02
gmres iter 240 linear residual 2.988e-02
gmres iter 250 linear residual 2.709e-02
gmres iter 260 linear residual 2.512e-02
gmres iter 270 linear residual 2.345e-02
gmres iter 280 linear residual 2.199e-02
gmres iter 290 linear residual 2.080e-02
gmres iter 300 linear residual 2.007e-02
gmres iter 310 linear residual 1.975e-02
gmres iter 320 linear residual 1.886e-02
gmres iter 330 linear residual 1.788e-02
gmres iter 340 linear residual 1.652e-02
gmres iter 350 linear residual 1.505e-02
gmres iter 360 linear residual 1.316e-02
gmres iter 370 linear residual 1.162e-02
gmres iter 380 linear residual 1.037e-02
gmres iter 390 linear residual 9.678e-03
gmres iter 400 linear residual 9.083e-03
gmres iter 410 linear residual 8.859e-03
gmres iter 420 linear residual 8.317e-03
gmres iter 430 linear residual 7.869e-03
gmres iter 440 linear residual 7.458e-03
gmres iter 450 linear residual 7.128e-03
gmres iter 460 linear residual 6.868e-03
gmres iter 470 linear residual 6.512e-03
gmres iter 480 linear residual 6.162e-03
gmres iter 490 linear residual 5.872e-03
gmres iter 500 linear residual 5.556e-03
gmres iter 510 linear residual 5.391e-03
gmres iter 520 linear residual 5.095e-03
gmres iter 530 linear residual 4.887e-03
gmres iter 540 linear residual 4.657e-03
gmres iter 550 linear residual 4.393e-03
gmres iter 560 linear residual 3.966e-03
gmres iter 570 linear residual 3.518e-03
gmres iter 580 linear residual 3.119e-03
gmres iter 590 linear residual 2.866e-03
gmres iter 600 linear residual 2.739e-03
gmres iter 610 linear residual 2.668e-03
gmres iter 620 linear residual 2.555e-03
gmres iter 630 linear residual 2.397e-03
gmres iter 640 linear residual 2.229e-03
gmres iter 650 linear residual 2.111e-03
gmres iter 660 linear residual 2.001e-03
gmres iter 670 linear residual 1.886e-03
gmres iter 680 linear residual 1.782e-03
gmres iter 690 linear residual 1.711e-03
gmres iter 700 linear residual 1.641e-03
gmres iter 710 linear residual 1.611e-03
gmres iter 720 linear residual 1.558e-03
gmres iter 730 linear residual 1.478e-03
gmres iter 740 linear residual 1.380e-03
gmres iter 750 linear residual 1.288e-03
gmres iter 760 linear residual 1.178e-03
gmres iter 770 linear residual 1.076e-03
gmres iter 780 linear residual 9.755e-04
res 1.093e-04 (F-block 3.690e-05 p-block 2.682e-05) alpha 1 eta 1.00e-03 iter times 783
gmres iter 10 linear residual 5.081e-02
gmres iter 20 linear residual 2.586e-02
gmres iter 30 linear residual 2.393e-02
gmres iter 40 linear residual 2.233e-02
gmres iter 50 linear residual 2.127e-02
gmres iter 60 linear residual 2.052e-02
gmres iter 70 linear residual 1.975e-02
gmres iter 80 linear residual 1.888e-02
gmres iter 90 linear residual 1.781e-02
gmres iter 100 linear residual 1.726e-02
gmres iter 110 linear residual 1.725e-02
gmres iter 120 linear residual 1.687e-02
gmres iter 130 linear residual 1.613e-02
gmres iter 140 linear residual 1.569e-02
gmres iter 150 linear residual 1.483e-02
gmres iter 160 linear residual 1.388e-02
gmres iter 170 linear residual 1.245e-02
gmres iter 180 linear residual 1.145e-02
gmres iter 190 linear residual 1.066e-02
gmres iter 200 linear residual 1.021e-02
gmres iter 210 linear residual 1.006e-02
gmres iter 220 linear residual 9.667e-03
gmres iter 230 linear residual 9.096e-03
gmres iter 240 linear residual 8.488e-03
gmres iter 250 linear residual 7.740e-03
gmres iter 260 linear residual 7.314e-03
gmres iter 270 linear residual 7.052e-03
gmres iter 280 linear residual 6.712e-03
gmres iter 290 linear residual 6.482e-03
gmres iter 300 linear residual 6.270e-03
gmres iter 310 linear residual 6.144e-03
gmres iter 320 linear residual 6.022e-03
gmres iter 330 linear residual 5.771e-03
gmres iter 340 linear residual 5.489e-03
gmres iter 350 linear residual 5.185e-03
gmres iter 360 linear residual 4.703e-03
gmres iter 370 linear residual 4.169e-03
gmres iter 380 linear residual 3.900e-03
gmres iter 390 linear residual 3.556e-03
gmres iter 400 linear residual 3.374e-03
gmres iter 410 linear residual 3.328e-03
gmres iter 420 linear residual 3.167e-03
gmres iter 430 linear residual 2.946e-03
gmres iter 440 linear residual 2.737e-03
gmres iter 450 linear residual 2.410e-03
gmres iter 460 linear residual 2.267e-03
gmres iter 470 linear residual 2.133e-03
gmres iter 480 linear residual 1.989e-03
gmres iter 490 linear residual 1.939e-03
gmres iter 500 linear residual 1.873e-03
gmres iter 510 linear residual 1.858e-03
gmres iter 520 linear residual 1.797e-03
gmres iter 530 linear residual 1.723e-03
gmres iter 540 linear residual 1.655e-03
gmres iter 550 linear residual 1.578e-03
gmres iter 560 linear residual 1.415e-03
gmres iter 570 linear residual 1.264e-03
gmres iter 580 linear residual 1.170e-03
gmres iter 590 linear residual 1.098e-03
gmres iter 600 linear residual 1.057e-03
gmres iter 610 linear residual 1.044e-03
gmres iter 620 linear residual 1.009e-03
gmres iter 630 linear residual 9.707e-04
gmres iter 640 linear residual 9.406e-04
gmres iter 650 linear residual 8.998e-04
gmres iter 660 linear residual 8.333e-04
gmres iter 670 linear residual 7.596e-04
gmres iter 680 linear residual 7.103e-04
gmres iter 690 linear residual 6.864e-04
gmres iter 700 linear residual 6.735e-04
gmres iter 710 linear residual 6.341e-04
gmres iter 720 linear residual 5.809e-04
res 1.809e-06 (F-block 2.327e-08 p-block 4.962e-07) alpha 1 eta 1.00e-03 iter times 726
time this step...144.2553071975708
this increment is 0.006249999999999999 (target 0.1) ------------------------
gmres iter 10 linear residual 2.093e-02
res 2.551e-03 (F-block 8.124e-03 p-block 8.924e-01) alpha 1 eta 1.00e-02 iter times 18
gmres iter 10 linear residual 5.713e-01
gmres iter 20 linear residual 3.351e-01
gmres iter 30 linear residual 2.694e-01
gmres iter 40 linear residual 1.861e-01
gmres iter 50 linear residual 1.541e-01
gmres iter 60 linear residual 1.411e-01
gmres iter 70 linear residual 1.165e-01
gmres iter 80 linear residual 9.786e-02
gmres iter 90 linear residual 8.467e-02
gmres iter 100 linear residual 7.683e-02
gmres iter 110 linear residual 7.377e-02
gmres iter 120 linear residual 6.668e-02
gmres iter 130 linear residual 5.805e-02
gmres iter 140 linear residual 5.185e-02
gmres iter 150 linear residual 4.850e-02
gmres iter 160 linear residual 4.137e-02
gmres iter 170 linear residual 3.645e-02
gmres iter 180 linear residual 3.281e-02
gmres iter 190 linear residual 3.057e-02
gmres iter 200 linear residual 2.783e-02
gmres iter 210 linear residual 2.690e-02
gmres iter 220 linear residual 2.601e-02
gmres iter 230 linear residual 2.434e-02
gmres iter 240 linear residual 2.244e-02
gmres iter 250 linear residual 2.031e-02
gmres iter 260 linear residual 1.809e-02
gmres iter 270 linear residual 1.593e-02
gmres iter 280 linear residual 1.386e-02
gmres iter 290 linear residual 1.243e-02
gmres iter 300 linear residual 1.142e-02
gmres iter 310 linear residual 1.096e-02
gmres iter 320 linear residual 1.024e-02
res 2.736e-03 (F-block 4.838e-03 p-block 3.731e-03) alpha 1 eta 1.00e-02 iter times 327
gmres iter 10 linear residual 4.635e-02
gmres iter 20 linear residual 2.488e-02
gmres iter 30 linear residual 2.251e-02
gmres iter 40 linear residual 2.070e-02
gmres iter 50 linear residual 1.978e-02
gmres iter 60 linear residual 1.903e-02
gmres iter 70 linear residual 1.845e-02
gmres iter 80 linear residual 1.737e-02
gmres iter 90 linear residual 1.569e-02
gmres iter 100 linear residual 1.491e-02
gmres iter 110 linear residual 1.485e-02
gmres iter 120 linear residual 1.431e-02
gmres iter 130 linear residual 1.343e-02
gmres iter 140 linear residual 1.257e-02
gmres iter 150 linear residual 1.190e-02
gmres iter 160 linear residual 1.130e-02
gmres iter 170 linear residual 1.088e-02
gmres iter 180 linear residual 1.056e-02
gmres iter 190 linear residual 1.003e-02
gmres iter 200 linear residual 9.218e-03
gmres iter 210 linear residual 8.973e-03
gmres iter 220 linear residual 8.623e-03
gmres iter 230 linear residual 8.322e-03
gmres iter 240 linear residual 8.058e-03
gmres iter 250 linear residual 7.748e-03
gmres iter 260 linear residual 7.434e-03
gmres iter 270 linear residual 7.043e-03
gmres iter 280 linear residual 6.541e-03
gmres iter 290 linear residual 6.222e-03
gmres iter 300 linear residual 5.843e-03
gmres iter 310 linear residual 5.770e-03
gmres iter 320 linear residual 5.414e-03
gmres iter 330 linear residual 5.067e-03
gmres iter 340 linear residual 4.531e-03
gmres iter 350 linear residual 3.907e-03
gmres iter 360 linear residual 3.469e-03
gmres iter 370 linear residual 3.093e-03
gmres iter 380 linear residual 2.831e-03
gmres iter 390 linear residual 2.686e-03
gmres iter 400 linear residual 2.597e-03
gmres iter 410 linear residual 2.568e-03
gmres iter 420 linear residual 2.450e-03
gmres iter 430 linear residual 2.348e-03
gmres iter 440 linear residual 2.242e-03
gmres iter 450 linear residual 2.203e-03
gmres iter 460 linear residual 2.118e-03
gmres iter 470 linear residual 2.026e-03
gmres iter 480 linear residual 1.963e-03
gmres iter 490 linear residual 1.846e-03
gmres iter 500 linear residual 1.732e-03
gmres iter 510 linear residual 1.675e-03
gmres iter 520 linear residual 1.593e-03
gmres iter 530 linear residual 1.524e-03
gmres iter 540 linear residual 1.471e-03
gmres iter 550 linear residual 1.395e-03
gmres iter 560 linear residual 1.309e-03
gmres iter 570 linear residual 1.198e-03
gmres iter 580 linear residual 1.091e-03
gmres iter 590 linear residual 1.011e-03
gmres iter 600 linear residual 9.767e-04
gmres iter 610 linear residual 9.708e-04
gmres iter 620 linear residual 9.485e-04
res 1.275e-04 (F-block 4.304e-05 p-block 7.370e-05) alpha 1 eta 1.00e-03 iter times 624
gmres iter 10 linear residual 1.831e-01
gmres iter 20 linear residual 1.802e-01
gmres iter 30 linear residual 1.800e-01
gmres iter 40 linear residual 1.793e-01
gmres iter 50 linear residual 1.789e-01
gmres iter 60 linear residual 1.777e-01
gmres iter 70 linear residual 1.746e-01
gmres iter 80 linear residual 1.699e-01
gmres iter 90 linear residual 1.647e-01
gmres iter 100 linear residual 1.553e-01
gmres iter 110 linear residual 1.532e-01
gmres iter 120 linear residual 1.510e-01
gmres iter 130 linear residual 1.504e-01
gmres iter 140 linear residual 1.501e-01
gmres iter 150 linear residual 1.500e-01
gmres iter 160 linear residual 1.499e-01
gmres iter 170 linear residual 1.497e-01
gmres iter 180 linear residual 1.485e-01
gmres iter 190 linear residual 1.463e-01
gmres iter 200 linear residual 1.403e-01
gmres iter 210 linear residual 1.395e-01
gmres iter 220 linear residual 1.376e-01
gmres iter 230 linear residual 1.373e-01
gmres iter 240 linear residual 1.369e-01
gmres iter 250 linear residual 1.367e-01
gmres iter 260 linear residual 1.365e-01
gmres iter 270 linear residual 1.363e-01
gmres iter 280 linear residual 1.352e-01
gmres iter 290 linear residual 1.320e-01
gmres iter 300 linear residual 1.262e-01
gmres iter 310 linear residual 1.254e-01
gmres iter 320 linear residual 1.229e-01
gmres iter 330 linear residual 1.218e-01
gmres iter 340 linear residual 1.215e-01
gmres iter 350 linear residual 1.214e-01
gmres iter 360 linear residual 1.211e-01
gmres iter 370 linear residual 1.201e-01
gmres iter 380 linear residual 1.173e-01
gmres iter 390 linear residual 1.131e-01
gmres iter 400 linear residual 1.073e-01
gmres iter 410 linear residual 1.066e-01
gmres iter 420 linear residual 1.030e-01
gmres iter 430 linear residual 9.857e-02
gmres iter 440 linear residual 9.453e-02
gmres iter 450 linear residual 8.785e-02
gmres iter 460 linear residual 8.042e-02
gmres iter 470 linear residual 7.209e-02
gmres iter 480 linear residual 6.248e-02
gmres iter 490 linear residual 5.566e-02
gmres iter 500 linear residual 5.303e-02
gmres iter 510 linear residual 5.230e-02
gmres iter 520 linear residual 5.028e-02
gmres iter 530 linear residual 4.854e-02
gmres iter 540 linear residual 4.778e-02
gmres iter 550 linear residual 4.639e-02
gmres iter 560 linear residual 4.459e-02
gmres iter 570 linear residual 4.235e-02
gmres iter 580 linear residual 4.033e-02
gmres iter 590 linear residual 3.822e-02
gmres iter 600 linear residual 3.620e-02
gmres iter 610 linear residual 3.524e-02
gmres iter 620 linear residual 3.335e-02
gmres iter 630 linear residual 3.300e-02
gmres iter 640 linear residual 3.249e-02
gmres iter 650 linear residual 3.216e-02
gmres iter 660 linear residual 3.139e-02
gmres iter 670 linear residual 3.075e-02
gmres iter 680 linear residual 2.970e-02
gmres iter 690 linear residual 2.878e-02
gmres iter 700 linear residual 2.788e-02
gmres iter 710 linear residual 2.770e-02
gmres iter 720 linear residual 2.677e-02
gmres iter 730 linear residual 2.560e-02
gmres iter 740 linear residual 2.506e-02
gmres iter 750 linear residual 2.367e-02
gmres iter 760 linear residual 2.215e-02
gmres iter 770 linear residual 1.995e-02
gmres iter 780 linear residual 1.797e-02
gmres iter 790 linear residual 1.693e-02
gmres iter 800 linear residual 1.607e-02
gmres iter 810 linear residual 1.582e-02
gmres iter 820 linear residual 1.480e-02
gmres iter 830 linear residual 1.385e-02
gmres iter 840 linear residual 1.283e-02
gmres iter 850 linear residual 1.212e-02
gmres iter 860 linear residual 1.170e-02
gmres iter 870 linear residual 1.149e-02
gmres iter 880 linear residual 1.110e-02
gmres iter 890 linear residual 1.074e-02
gmres iter 900 linear residual 1.050e-02
gmres iter 910 linear residual 1.043e-02
gmres iter 920 linear residual 1.004e-02
gmres iter 930 linear residual 9.668e-03
gmres iter 940 linear residual 9.454e-03
gmres iter 950 linear residual 9.258e-03
gmres iter 960 linear residual 9.035e-03
gmres iter 970 linear residual 8.918e-03
gmres iter 980 linear residual 8.681e-03
gmres iter 990 linear residual 8.350e-03
gmres iter 1000 linear residual 7.870e-03
linear solver hit the iteration cap (1000 iterations, flag 10)
increment failed (gmres_iteration_cap); cutting step to 0.003125
SOLVER FAILED: no convergence at load 0.08125 even with the
minimum sub-step; results are only saved up to the last
converged increment boundary.
solver stats are saved to solver_stats.json
F and P are saved to output.csv
