---------------------------------------------
-- mixed FFT based solver, by WANG Mingchuan
---------------------------------------------
gmres restart length: 100
Ghat4 is formed (fourier discretization)...
this increment is 0.1 (target 0.1) ------------------------
gmres iter 10 linear residual 5.261e-03
gmres iter 20 linear residual 6.354e-04
gmres iter 30 linear residual 5.087e-04
gmres iter 40 linear residual 3.347e-04
gmres iter 50 linear residual 2.202e-04
gmres iter 60 linear residual 2.034e-04
gmres iter 70 linear residual 1.757e-04
gmres iter 80 linear residual 1.585e-04
gmres iter 90 linear residual 1.487e-04
gmres iter 100 linear residual 1.341e-04
gmres iter 110 linear residual 1.223e-04
gmres iter 120 linear residual 1.187e-04
res 6.714e-02 (F-block 8.531e-02 p-block 4.944e-02) alpha 1 eta 1.00e-02 iter times 122
gmres iter 10 linear residual 7.728e-03
gmres iter 20 linear residual 1.928e-03
gmres iter 30 linear residual 5.155e-04
gmres iter 40 linear residual 1.593e-04
gmres iter 50 linear residual 6.415e-05
gmres iter 60 linear residual 2.032e-05
res 1.491e-02 (F-block 5.861e-03 p-block 4.565e-03) alpha 1 eta 4.37e-03 iter times 64
gmres iter 10 linear residual 9.227e-03
gmres iter 20 linear residual 3.012e-03
gmres iter 30 linear residual 7.689e-04
gmres iter 40 linear residual 2.136e-04
gmres iter 50 linear residual 7.877e-05
gmres iter 60 linear residual 2.527e-05
res 1.170e-03 (F-block 6.882e-05 p-block 4.340e-05) alpha 1 eta 5.11e-03 iter times 65
gmres iter 10 linear residual 9.271e-03
gmres iter 20 linear residual 1.908e-03
gmres iter 30 linear residual 6.214e-04
gmres iter 40 linear residual 2.602e-04
gmres iter 50 linear residual 8.457e-05
gmres iter 60 linear residual 3.303e-05
res 1.365e-05 (F-block 5.597e-08 p-block 9.457e-09) alpha 1 eta 1.00e-03 iter times 64
time this step...100.00265645980835
now P is...
[[ 1.27260453e+00  6.64809205e-04 -1.53878465e-02]
 [ 5.78175196e-04  1.27521371e-09  1.11577045e-02]
 [-1.33650027e-02  1.11430351e-02 -5.03249851e-09]]
now F is...
[[ 1.10000000e+00  8.94409472e-19 -4.17856925e-19]
 [ 7.75154876e-19  9.56654750e-01 -4.29968720e-19]
 [-1.19254596e-19  6.78260517e-19  9.55397027e-01]]
intermediate results saved (1 increments in output.csv)
this increment is 0.1 (target 0.2) ------------------------
gmres iter 10 linear residual 5.060e-03
gmres iter 20 linear residual 6.357e-04
gmres iter 30 linear residual 5.108e-04
gmres iter 40 linear residual 3.756e-04
gmres iter 50 linear residual 2.269e-04
gmres iter 60 linear residual 2.085e-04
gmres iter 70 linear residual 1.833e-04
gmres iter 80 linear residual 1.608e-04
gmres iter 90 linear residual 1.498e-04
gmres iter 100 linear residual 1.368e-04
gmres iter 110 linear residual 1.224e-04
gmres iter 120 linear residual 1.178e-04
res 6.202e-02 (F-block 8.392e-02 p-block 4.716e-02) alpha 1 eta 1.00e-02 iter times 122
gmres iter 10 linear residual 7.819e-03
gmres iter 20 linear residual 1.940e-03
gmres iter 30 linear residual 6.146e-04
gmres iter 40 linear residual 1.977e-04
gmres iter 50 linear residual 1.006e-04
gmres iter 60 linear residual 4.766e-05
gmres iter 70 linear residual 2.701e-05
gmres iter 80 linear residual 1.904e-05
gmres iter 90 linear residual 1.143e-05
res 1.473e-02 (F-block 6.262e-03 p-block 5.137e-03) alpha 1 eta 4.17e-03 iter times 92
gmres iter 10 linear residual 9.671e-03
gmres iter 20 linear residual 3.618e-03
gmres iter 30 linear residual 9.627e-04
gmres iter 40 linear residual 4.124e-04
gmres iter 50 linear residual 3.146e-04
gmres iter 60 linear residual 2.613e-04
gmres iter 70 linear residual 1.715e-04
gmres iter 80 linear residual 1.002e-04
gmres iter 90 linear residual 4.307e-05
res 1.507e-03 (F-block 2.748e-04 p-block 1.874e-04) alpha 1 eta 6.37e-03 iter times 99
gmres iter 10 linear residual 9.763e-03
gmres iter 20 linear residual 2.338e-03
gmres iter 30 linear residual 1.281e-03
gmres iter 40 linear residual 1.035e-03
gmres iter 50 linear residual 7.766e-04
gmres iter 60 linear residual 2.892e-04
gmres iter 70 linear residual 1.266e-04
gmres iter 80 linear residual 6.437e-05
res 1.106e-04 (F-block 3.906e-06 p-block 2.826e-06) alpha 1 eta 1.52e-03 iter times 83
time this step...85.95255517959595
now P is...
[[ 2.34609229e+00  1.11568509e-03 -3.60877493e-02]
 [ 8.54797412e-04  4.43777664e-07  1.91930486e-02]
 [-2.75507898e-02  1.91250363e-02  4.19342223e-07]]
now F is...
[[ 1.20000000e+00  1.99751449e-18 -5.62732626e-19]
 [ 1.78881894e-19  9.19384746e-01 -8.26397085e-19]
 [ 1.43105516e-18  0.00000000e+00  9.16126849e-01]]
intermediate results saved (2 increments in output.csv)
this increment is 0.1 (target 0.30000000000000004) ------------------------
gmres iter 10 linear residual 5.058e-03
gmres iter 20 linear residual 6.743e-04
gmres iter 30 linear residual 5.253e-04
gmres iter 40 linear residual 4.913e-04
gmres iter 50 linear residual 2.567e-04
gmres iter 60 linear residual 2.239e-04
gmres iter 70 linear residual 2.009e-04
gmres iter 80 linear residual 1.691e-04
gmres iter 90 linear residual 1.541e-04
gmres iter 100 linear residual 1.427e-04
gmres iter 110 linear residual 1.294e-04
gmres iter 120 linear residual 1.206e-04
res 5.762e-02 (F-block 8.257e-02 p-block 4.542e-02) alpha 1 eta 1.00e-02 iter times 123
gmres iter 10 linear residual 8.362e-03
gmres iter 20 linear residual 1.997e-03
gmres iter 30 linear residual 8.436e-04
gmres iter 40 linear residual 5.735e-04
gmres iter 50 linear residual 5.513e-04
gmres iter 60 linear residual 3.944e-04
gmres iter 70 linear residual 2.087e-04
gmres iter 80 linear residual 1.321e-04
gmres iter 90 linear residual 8.394e-05
gmres iter 100 linear residual 5.876e-05
gmres iter 110 linear residual 5.484e-05
gmres iter 120 linear residual 4.980e-05
gmres iter 130 linear residual 3.438e-05
gmres iter 140 linear residual 2.236e-05
gmres iter 150 linear residual 1.426e-05
res 1.546e-02 (F-block 9.758e-03 p-block 8.699e-03) alpha 1 eta 4.00e-03 iter times 159
gmres iter 10 linear residual 1.067e-02
gmres iter 20 linear residual 4.194e-03
gmres iter 30 linear residual 1.078e-03
gmres iter 40 linear residual 6.827e-04
gmres iter 50 linear residual 6.444e-04
gmres iter 60 linear residual 5.645e-04
gmres iter 70 linear residual 2.940e-04
gmres iter 80 linear residual 1.810e-04
gmres iter 90 linear residual 1.099e-04
gmres iter 100 linear residual 8.030e-05
gmres iter 110 linear residual 6.175e-05
gmres iter 120 linear residual 4.885e-05
res 1.712e-03 (F-block 1.809e-04 p-block 1.780e-04) alpha 1 eta 1.00e-02 iter times 124
gmres iter 10 linear residual 1.472e-02
gmres iter 20 linear residual 5.349e-03
gmres iter 30 linear residual 4.149e-03
gmres iter 40 linear residual 3.858e-03
gmres iter 50 linear residual 2.796e-03
gmres iter 60 linear residual 1.958e-03
gmres iter 70 linear residual 1.519e-03
gmres iter 80 linear residual 1.213e-03
gmres iter 90 linear residual 8.704e-04
gmres iter 100 linear residual 7.210e-04
gmres iter 110 linear residual 5.923e-04
gmres iter 120 linear residual 4.553e-04
gmres iter 130 linear residual 3.438e-04
gmres iter 140 linear residual 2.675e-04
gmres iter 150 linear residual 2.204e-04
gmres iter 160 linear residual 2.146e-04
gmres iter 170 linear residual 1.510e-04
gmres iter 180 linear residual 8.988e-05
gmres iter 190 linear residual 5.225e-05
gmres iter 200 linear residual 3.913e-05
gmres iter 210 linear residual 2.505e-05
gmres iter 220 linear residual 2.033e-05
gmres iter 230 linear residual 1.971e-05
res 2.503e-04 (F-block 1.647e-05 p-block 1.111e-05) alpha 1 eta 1.00e-03 iter times 232
gmres iter 10 linear residual 9.225e-03
gmres iter 20 linear residual 2.893e-03
gmres iter 30 linear residual 5.481e-04
gmres iter 40 linear residual 3.638e-04
gmres iter 50 linear residual 2.426e-04
gmres iter 60 linear residual 1.973e-04
gmres iter 70 linear residual 1.933e-04
gmres iter 80 linear residual 1.885e-04
gmres iter 90 linear residual 1.541e-04
gmres iter 100 linear residual 1.158e-04
gmres iter 110 linear residual 8.105e-05
gmres iter 120 linear residual 4.597e-05
gmres iter 130 linear residual 2.602e-05
res 2.491e-06 (F-block 1.662e-08 p-block 1.432e-09) alpha 1 eta 5.51e-03 iter times 132
time this step...160.47945165634155
now P is...
[[ 3.27890958e+00  1.53445666e-03 -5.96279214e-02]
 [ 1.04689290e-03 -1.04101027e-09  2.47536986e-02]
 [-4.04210126e-02  2.45951777e-02  1.35005560e-09]]
now F is...
[[ 1.30000000e+00  1.19254596e-18 -1.31180056e-18]
 [ 1.90807354e-18  8.86933386e-01 -1.43664521e-18]
 [ 2.38509193e-18 -6.26086631e-19  8.81253536e-01]]
intermediate results saved (3 increments in output.csv)
finish!
solver stats are saved to solver_stats.json
F and P are saved to output.csv
