---------------------------------------------
-- mixed FFT based solver, by WANG Mingchuan
---------------------------------------------
gmres restart length: 100
Ghat4 is formed (willot discretization)...
this increment is 0.1 (target 0.1) ------------------------
gmres iter 10 linear residual 4.263e-02
gmres iter 20 linear residual 3.738e-02
gmres iter 30 linear residual 3.627e-02
gmres iter 40 linear residual 3.569e-02
gmres iter 50 linear residual 3.506e-02
gmres iter 60 linear residual 3.428e-02
gmres iter 70 linear residual 3.346e-02
gmres iter 80 linear residual 3.261e-02
gmres iter 90 linear residual 3.159e-02
gmres iter 100 linear residual 3.059e-02
gmres iter 110 linear residual 3.021e-02
gmres iter 120 linear residual 2.981e-02
gmres iter 130 linear residual 2.937e-02
gmres iter 140 linear residual 2.893e-02
gmres iter 150 linear residual 2.850e-02
gmres iter 160 linear residual 2.808e-02
gmres iter 170 linear residual 2.767e-02
gmres iter 180 linear residual 2.740e-02
gmres iter 190 linear residual 2.717e-02
gmres iter 200 linear residual 2.690e-02
gmres iter 210 linear residual 2.675e-02
gmres iter 220 linear residual 2.646e-02
gmres iter 230 linear residual 2.627e-02
gmres iter 240 linear residual 2.607e-02
gmres iter 250 linear residual 2.559e-02
gmres iter 260 linear residual 2.505e-02
gmres iter 270 linear residual 2.445e-02
gmres iter 280 linear residual 2.379e-02
gmres iter 290 linear residual 2.284e-02
gmres iter 300 linear residual 2.221e-02
gmres iter 310 linear residual 2.194e-02
gmres iter 320 linear residual 2.139e-02
gmres iter 330 linear residual 2.114e-02
gmres iter 340 linear residual 2.093e-02
gmres iter 350 linear residual 2.063e-02
gmres iter 360 linear residual 2.041e-02
gmres iter 370 linear residual 2.024e-02
gmres iter 380 linear residual 2.013e-02
gmres iter 390 linear residual 2.004e-02
gmres iter 400 linear residual 1.995e-02
gmres iter 410 linear residual 1.993e-02
gmres iter 420 linear residual 1.987e-02
gmres iter 430 linear residual 1.975e-02
gmres iter 440 linear residual 1.962e-02
gmres iter 450 linear residual 1.938e-02
gmres iter 460 linear residual 1.910e-02
gmres iter 470 linear residual 1.865e-02
gmres iter 480 linear residual 1.804e-02
gmres iter 490 linear residual 1.739e-02
gmres iter 500 linear residual 1.675e-02
gmres iter 510 linear residual 1.660e-02
gmres iter 520 linear residual 1.632e-02
gmres iter 530 linear residual 1.613e-02
gmres iter 540 linear residual 1.594e-02
gmres iter 550 linear residual 1.576e-02
gmres iter 560 linear residual 1.557e-02
gmres iter 570 linear residual 1.534e-02
gmres iter 580 linear residual 1.516e-02
gmres iter 590 linear residual 1.499e-02
gmres iter 600 linear residual 1.487e-02
gmres iter 610 linear residual 1.486e-02
gmres iter 620 linear residual 1.480e-02
gmres iter 630 linear residual 1.463e-02
gmres iter 640 linear residual 1.446e-02
gmres iter 650 linear residual 1.438e-02
gmres iter 660 linear residual 1.431e-02
gmres iter 670 linear residual 1.427e-02
gmres iter 680 linear residual 1.417e-02
gmres iter 690 linear residual 1.401e-02
gmres iter 700 linear residual 1.379e-02
gmres iter 710 linear residual 1.373e-02
gmres iter 720 linear residual 1.364e-02
gmres iter 730 linear residual 1.358e-02
gmres iter 740 linear residual 1.352e-02
gmres iter 750 linear residual 1.346e-02
gmres iter 760 linear residual 1.342e-02
gmres iter 770 linear residual 1.338e-02
gmres iter 780 linear residual 1.334e-02
gmres iter 790 linear residual 1.332e-02
gmres iter 800 linear residual 1.330e-02
gmres iter 810 linear residual 1.330e-02
gmres iter 820 linear residual 1.329e-02
gmres iter 830 linear residual 1.327e-02
gmres iter 840 linear residual 1.321e-02
gmres iter 850 linear residual 1.309e-02
gmres iter 860 linear residual 1.288e-02
gmres iter 870 linear residual 1.269e-02
gmres iter 880 linear residual 1.253e-02
gmres iter 890 linear residual 1.235e-02
gmres iter 900 linear residual 1.210e-02
gmres iter 910 linear residual 1.200e-02
gmres iter 920 linear residual 1.187e-02
gmres iter 930 linear residual 1.170e-02
gmres iter 940 linear residual 1.159e-02
gmres iter 950 linear residual 1.153e-02
gmres iter 960 linear residual 1.148e-02
gmres iter 970 linear residual 1.146e-02
gmres iter 980 linear residual 1.145e-02
gmres iter 990 linear residual 1.142e-02
gmres iter 1000 linear residual 1.140e-02
linear solver hit the iteration cap (1000 iterations, flag 10)
increment failed (gmres_iteration_cap); cutting step to 0.05
this increment is 0.05 (target 0.1) ------------------------
gmres iter 10 linear residual 2.856e-02
gmres iter 20 linear residual 1.911e-02
gmres iter 30 linear residual 1.849e-02
gmres iter 40 linear residual 1.762e-02
gmres iter 50 linear residual 1.715e-02
gmres iter 60 linear residual 1.671e-02
gmres iter 70 linear residual 1.607e-02
gmres iter 80 linear residual 1.532e-02
gmres iter 90 linear residual 1.483e-02
gmres iter 100 linear residual 1.436e-02
gmres iter 110 linear residual 1.424e-02
gmres iter 120 linear residual 1.394e-02
gmres iter 130 linear residual 1.354e-02
gmres iter 140 linear residual 1.313e-02
gmres iter 150 linear residual 1.288e-02
gmres iter 160 linear residual 1.263e-02
gmres iter 170 linear residual 1.239e-02
gmres iter 180 linear residual 1.227e-02
gmres iter 190 linear residual 1.207e-02
gmres iter 200 linear residual 1.175e-02
gmres iter 210 linear residual 1.166e-02
gmres iter 220 linear residual 1.159e-02
gmres iter 230 linear residual 1.136e-02
gmres iter 240 linear residual 1.119e-02
gmres iter 250 linear residual 1.107e-02
gmres iter 260 linear residual 1.090e-02
gmres iter 270 linear residual 1.064e-02
gmres iter 280 linear residual 1.041e-02
gmres iter 290 linear residual 1.019e-02
gmres iter 300 linear residual 9.968e-03
gmres iter 310 linear residual 9.898e-03
gmres iter 320 linear residual 9.772e-03
gmres iter 330 linear residual 9.483e-03
gmres iter 340 linear residual 9.286e-03
gmres iter 350 linear residual 9.232e-03
gmres iter 360 linear residual 9.169e-03
gmres iter 370 linear residual 9.053e-03
res 3.693e-02 (F-block 6.459e-02 p-block 3.924e-01) alpha 1 eta 1.00e-02 iter times 377
gmres iter 10 linear residual 1.781e-01
gmres iter 20 linear residual 1.610e-01
gmres iter 30 linear residual 1.335e-01
gmres iter 40 linear residual 9.257e-02
gmres iter 50 linear residual 5.920e-02
gmres iter 60 linear residual 3.872e-02
gmres iter 70 linear residual 2.873e-02
gmres iter 80 linear residual 2.332e-02
gmres iter 90 linear residual 2.014e-02
gmres iter 100 linear residual 1.826e-02
gmres iter 110 linear residual 1.790e-02
gmres iter 120 linear residual 1.673e-02
gmres iter 130 linear residual 1.563e-02
gmres iter 140 linear residual 1.468e-02
gmres iter 150 linear residual 1.437e-02
gmres iter 160 linear residual 1.433e-02
gmres iter 170 linear residual 1.414e-02
gmres iter 180 linear residual 1.364e-02
gmres iter 190 linear residual 1.299e-02
gmres iter 200 linear residual 1.247e-02
gmres iter 210 linear residual 1.229e-02
gmres iter 220 linear residual 1.205e-02
gmres iter 230 linear residual 1.190e-02
gmres iter 240 linear residual 1.183e-02
gmres iter 250 linear residual 1.179e-02
gmres iter 260 linear residual 1.163e-02
gmres iter 270 linear residual 1.123e-02
gmres iter 280 linear residual 1.081e-02
gmres iter 290 linear residual 1.063e-02
gmres iter 300 linear residual 1.059e-02
gmres iter 310 linear residual 1.059e-02
gmres iter 320 linear residual 1.058e-02
gmres iter 330 linear residual 1.058e-02
gmres iter 340 linear residual 1.055e-02
gmres iter 350 linear residual 1.049e-02
gmres iter 360 linear residual 1.033e-02
gmres iter 370 linear residual 1.023e-02
gmres iter 380 linear residual 1.013e-02
gmres iter 390 linear residual 1.011e-02
gmres iter 400 linear residual 1.010e-02
gmres iter 410 linear residual 1.010e-02
gmres iter 420 linear residual 1.010e-02
gmres iter 430 linear residual 1.009e-02
gmres iter 440 linear residual 1.008e-02
gmres iter 450 linear residual 1.007e-02
gmres iter 460 linear residual 1.003e-02
gmres iter 470 linear residual 9.976e-03
gmres iter 480 linear residual 9.879e-03
gmres iter 490 linear residual 9.866e-03
gmres iter 500 linear residual 9.844e-03
gmres iter 510 linear residual 9.844e-03
gmres iter 520 linear residual 9.843e-03
gmres iter 530 linear residual 9.843e-03
gmres iter 540 linear residual 9.829e-03
gmres iter 550 linear residual 9.820e-03
gmres iter 560 linear residual 9.783e-03
gmres iter 570 linear residual 9.735e-03
gmres iter 580 linear residual 9.682e-03
gmres iter 590 linear residual 9.657e-03
gmres iter 600 linear residual 9.649e-03
gmres iter 610 linear residual 9.649e-03
gmres iter 620 linear residual 9.649e-03
gmres iter 630 linear residual 9.648e-03
gmres iter 640 linear residual 9.646e-03
gmres iter 650 linear residual 9.641e-03
gmres iter 660 linear residual 9.624e-03
gmres iter 670 linear residual 9.581e-03
gmres iter 680 linear residual 9.522e-03
gmres iter 690 linear residual 9.493e-03
gmres iter 700 linear residual 9.486e-03
gmres iter 710 linear residual 9.486e-03
gmres iter 720 linear residual 9.486e-03
gmres iter 730 linear residual 9.485e-03
gmres iter 740 linear residual 9.483e-03
gmres iter 750 linear residual 9.474e-03
gmres iter 760 linear residual 9.453e-03
gmres iter 770 linear residual 9.385e-03
gmres iter 780 linear residual 9.323e-03
gmres iter 790 linear residual 9.299e-03
gmres iter 800 linear residual 9.296e-03
gmres iter 810 linear residual 9.296e-03
gmres iter 820 linear residual 9.296e-03
gmres iter 830 linear residual 9.295e-03
gmres iter 840 linear residual 9.294e-03
gmres iter 850 linear residual 9.285e-03
gmres iter 860 linear residual 9.243e-03
gmres iter 870 linear residual 9.171e-03
gmres iter 880 linear residual 9.093e-03
gmres iter 890 linear residual 9.053e-03
gmres iter 900 linear residual 9.048e-03
gmres iter 910 linear residual 9.048e-03
gmres iter 920 linear residual 9.046e-03
gmres iter 930 linear residual 9.041e-03
gmres iter 940 linear residual 9.034e-03
gmres iter 950 linear residual 9.000e-03
gmres iter 960 linear residual 8.931e-03
gmres iter 970 linear residual 8.834e-03
gmres iter 980 linear residual 8.791e-03
gmres iter 990 linear residual 8.787e-03
gmres iter 1000 linear residual 8.778e-03
res 3.522e-02 (F-block 5.531e-02 p-block 5.051e-02) alpha 1 eta 1.00e-02 iter times 1000
gmres iter 10 linear residual 5.758e-02
gmres iter 20 linear residual 2.834e-02
gmres iter 30 linear residual 2.181e-02
gmres iter 40 linear residual 1.832e-02
gmres iter 50 linear residual 1.483e-02
gmres iter 60 linear residual 1.266e-02
gmres iter 70 linear residual 1.114e-02
gmres iter 80 linear residual 1.019e-02
gmres iter 90 linear residual 9.756e-03
gmres iter 100 linear residual 9.720e-03
gmres iter 110 linear residual 9.719e-03
gmres iter 120 linear residual 9.649e-03
gmres iter 130 linear residual 9.349e-03
gmres iter 140 linear residual 8.952e-03
res 1.173e-02 (F-block 6.692e-03 p-block 1.729e-02) alpha 1 eta 1.00e-02 iter times 144
gmres iter 10 linear residual 1.475e-01
gmres iter 20 linear residual 1.366e-01
gmres iter 30 linear residual 1.282e-01
gmres iter 40 linear residual 1.094e-01
gmres iter 50 linear residual 8.847e-02
gmres iter 60 linear residual 7.527e-02
gmres iter 70 linear residual 6.473e-02
gmres iter 80 linear residual 6.043e-02
gmres iter 90 linear residual 5.622e-02
gmres iter 100 linear residual 5.304e-02
gmres iter 110 linear residual 5.211e-02
gmres iter 120 linear residual 5.007e-02
gmres iter 130 linear residual 4.652e-02
gmres iter 140 linear residual 4.264e-02
gmres iter 150 linear residual 3.844e-02
gmres iter 160 linear residual 3.524e-02
gmres iter 170 linear residual 3.381e-02
gmres iter 180 linear residual 3.247e-02
gmres iter 190 linear residual 3.098e-02
gmres iter 200 linear residual 2.975e-02
gmres iter 210 linear residual 2.909e-02
gmres iter 220 linear residual 2.837e-02
gmres iter 230 linear residual 2.764e-02
gmres iter 240 linear residual 2.673e-02
gmres iter 250 linear residual 2.541e-02
gmres iter 260 linear residual 2.349e-02
gmres iter 270 linear residual 2.249e-02
gmres iter 280 linear residual 2.154e-02
gmres iter 290 linear residual 2.087e-02
gmres iter 300 linear residual 2.002e-02
gmres iter 310 linear residual 1.971e-02
gmres iter 320 linear residual 1.908e-02
gmres iter 330 linear residual 1.824e-02
gmres iter 340 linear residual 1.773e-02
gmres iter 350 linear residual 1.725e-02
gmres iter 360 linear residual 1.652e-02
gmres iter 370 linear residual 1.600e-02
gmres iter 380 linear residual 1.556e-02
gmres iter 390 linear residual 1.518e-02
gmres iter 400 linear residual 1.480e-02
gmres iter 410 linear residual 1.468e-02
gmres iter 420 linear residual 1.446e-02
gmres iter 430 linear residual 1.426e-02
gmres iter 440 linear residual 1.395e-02
gmres iter 450 linear residual 1.327e-02
gmres iter 460 linear residual 1.275e-02
gmres iter 470 linear residual 1.237e-02
gmres iter 480 linear residual 1.191e-02
gmres iter 490 linear residual 1.163e-02
gmres iter 500 linear residual 1.127e-02
gmres iter 510 linear residual 1.116e-02
gmres iter 520 linear residual 1.085e-02
gmres iter 530 linear residual 1.046e-02
gmres iter 540 linear residual 1.024e-02
gmres iter 550 linear residual 1.005e-02
res 5.935e-03 (F-block 6.738e-03 p-block 1.005e-02) alpha 0.5 eta 1.00e-02 iter times 556
gmres iter 10 linear residual 7.923e-02
gmres iter 20 linear residual 6.977e-02
gmres iter 30 linear residual 6.491e-02
gmres iter 40 linear residual 5.604e-02
gmres iter 50 linear residual 4.415e-02
gmres iter 60 linear residual 3.617e-02
gmres iter 70 linear residual 3.143e-02
gmres iter 80 linear residual 2.894e-02
gmres iter 90 linear residual 2.724e-02
gmres iter 100 linear residual 2.592e-02
gmres iter 110 linear residual 2.545e-02
gmres iter 120 linear residual 2.462e-02
gmres iter 130 linear residual 2.341e-02
gmres iter 140 linear residual 2.215e-02
gmres iter 150 linear residual 2.097e-02
gmres iter 160 linear residual 2.034e-02
gmres iter 170 linear residual 1.908e-02
gmres iter 180 linear residual 1.822e-02
gmres iter 190 linear residual 1.691e-02
gmres iter 200 linear residual 1.574e-02
gmres iter 210 linear residual 1.544e-02
gmres iter 220 linear residual 1.506e-02
gmres iter 230 linear residual 1.483e-02
gmres iter 240 linear residual 1.446e-02
gmres iter 250 linear residual 1.376e-02
gmres iter 260 linear residual 1.313e-02
gmres iter 270 linear residual 1.258e-02
gmres iter 280 linear residual 1.227e-02
gmres iter 290 linear residual 1.175e-02
gmres iter 300 linear residual 1.131e-02
gmres iter 310 linear residual 1.114e-02
gmres iter 320 linear residual 1.088e-02
gmres iter 330 linear residual 1.056e-02
gmres iter 340 linear residual 1.029e-02
gmres iter 350 linear residual 9.921e-03
res 5.332e-03 (F-block 2.560e-03 p-block 2.796e-03) alpha 1 eta 1.00e-02 iter times 353
gmres iter 10 linear residual 6.869e-02
gmres iter 20 linear residual 4.139e-02
gmres iter 30 linear residual 3.723e-02
gmres iter 40 linear residual 3.519e-02
gmres iter 50 linear residual 3.129e-02
gmres iter 60 linear residual 2.769e-02
gmres iter 70 linear residual 2.655e-02
gmres iter 80 linear residual 2.585e-02
gmres iter 90 linear residual 2.522e-02
gmres iter 100 linear residual 2.469e-02
gmres iter 110 linear residual 2.461e-02
gmres iter 120 linear residual 2.435e-02
gmres iter 130 linear residual 2.397e-02
gmres iter 140 linear residual 2.326e-02
gmres iter 150 linear residual 2.264e-02
gmres iter 160 linear residual 2.225e-02
gmres iter 170 linear residual 2.132e-02
gmres iter 180 linear residual 2.051e-02
gmres iter 190 linear residual 1.902e-02
gmres iter 200 linear residual 1.710e-02
gmres iter 210 linear residual 1.660e-02
gmres iter 220 linear residual 1.613e-02
gmres iter 230 linear residual 1.577e-02
gmres iter 240 linear residual 1.529e-02
gmres iter 250 linear residual 1.467e-02
gmres iter 260 linear residual 1.407e-02
gmres iter 270 linear residual 1.373e-02
gmres iter 280 linear residual 1.351e-02
gmres iter 290 linear residual 1.332e-02
gmres iter 300 linear residual 1.294e-02
gmres iter 310 linear residual 1.288e-02
gmres iter 320 linear residual 1.274e-02
gmres iter 330 linear residual 1.257e-02
gmres iter 340 linear residual 1.238e-02
gmres iter 350 linear residual 1.216e-02
gmres iter 360 linear residual 1.187e-02
gmres iter 370 linear residual 1.163e-02
gmres iter 380 linear residual 1.133e-02
gmres iter 390 linear residual 1.107e-02
gmres iter 400 linear residual 1.068e-02
gmres iter 410 linear residual 1.054e-02
gmres iter 420 linear residual 1.031e-02
gmres iter 430 linear residual 1.015e-02
gmres iter 440 linear residual 9.933e-03
res 1.125e-03 (F-block 3.164e-04 p-block 8.661e-04) alpha 1 eta 1.00e-02 iter times 445
gmres iter 10 linear residual 9.128e-02
gmres iter 20 linear residual 8.764e-02
gmres iter 30 linear residual 8.505e-02
gmres iter 40 linear residual 8.066e-02
gmres iter 50 linear residual 7.844e-02
gmres iter 60 linear residual 7.645e-02
gmres iter 70 linear residual 7.579e-02
gmres iter 80 linear residual 7.490e-02
gmres iter 90 linear residual 7.432e-02
gmres iter 100 linear residual 7.321e-02
gmres iter 110 linear residual 7.291e-02
gmres iter 120 linear residual 7.208e-02
gmres iter 130 linear residual 7.157e-02
gmres iter 140 linear residual 7.054e-02
gmres iter 150 linear residual 6.927e-02
gmres iter 160 linear residual 6.834e-02
gmres iter 170 linear residual 6.613e-02
gmres iter 180 linear residual 6.416e-02
gmres iter 190 linear residual 6.217e-02
gmres iter 200 linear residual 5.626e-02
gmres iter 210 linear residual 5.408e-02
gmres iter 220 linear residual 5.136e-02
gmres iter 230 linear residual 4.992e-02
gmres iter 240 linear residual 4.852e-02
gmres iter 250 linear residual 4.739e-02
gmres iter 260 linear residual 4.673e-02
gmres iter 270 linear residual 4.602e-02
gmres iter 280 linear residual 4.549e-02
gmres iter 290 linear residual 4.530e-02
gmres iter 300 linear residual 4.459e-02
gmres iter 310 linear residual 4.451e-02
gmres iter 320 linear residual 4.412e-02
gmres iter 330 linear residual 4.387e-02
gmres iter 340 linear residual 4.325e-02
gmres iter 350 linear residual 4.273e-02
gmres iter 360 linear residual 4.210e-02
gmres iter 370 linear residual 4.131e-02
gmres iter 380 linear residual 4.012e-02
gmres iter 390 linear residual 3.902e-02
gmres iter 400 linear residual 3.699e-02
gmres iter 410 linear residual 3.602e-02
gmres iter 420 linear residual 3.464e-02
gmres iter 430 linear residual 3.382e-02
gmres iter 440 linear residual 3.321e-02
gmres iter 450 linear residual 3.258e-02
gmres iter 460 linear residual 3.225e-02
gmres iter 470 linear residual 3.156e-02
gmres iter 480 linear residual 3.136e-02
gmres iter 490 linear residual 3.114e-02
gmres iter 500 linear residual 3.075e-02
gmres iter 510 linear residual 3.067e-02
gmres iter 520 linear residual 3.037e-02
gmres iter 530 linear residual 3.022e-02
gmres iter 540 linear residual 2.993e-02
gmres iter 550 linear residual 2.946e-02
gmres iter 560 linear residual 2.904e-02
gmres iter 570 linear residual 2.865e-02
gmres iter 580 linear residual 2.788e-02
gmres iter 590 linear residual 2.707e-02
gmres iter 600 linear residual 2.582e-02
gmres iter 610 linear residual 2.531e-02
gmres iter 620 linear residual 2.439e-02
gmres iter 630 linear residual 2.362e-02
gmres iter 640 linear residual 2.337e-02
gmres iter 650 linear residual 2.295e-02
gmres iter 660 linear residual 2.274e-02
gmres iter 670 linear residual 2.238e-02
gmres iter 680 linear residual 2.222e-02
gmres iter 690 linear residual 2.213e-02
gmres iter 700 linear residual 2.186e-02
gmres iter 710 linear residual 2.181e-02
gmres iter 720 linear residual 2.163e-02
gmres iter 730 linear residual 2.152e-02
gmres iter 740 linear residual 2.129e-02
gmres iter 750 linear residual 2.106e-02
gmres iter 760 linear residual 2.073e-02
gmres iter 770 linear residual 2.049e-02
gmres iter 780 linear residual 1.986e-02
gmres iter 790 linear residual 1.931e-02
gmres iter 800 linear residual 1.847e-02
gmres iter 810 linear residual 1.820e-02
gmres iter 820 linear residual 1.746e-02
gmres iter 830 linear residual 1.697e-02
gmres iter 840 linear residual 1.674e-02
gmres iter 850 linear residual 1.651e-02
gmres iter 860 linear residual 1.625e-02
gmres iter 870 linear residual 1.612e-02
gmres iter 880 linear residual 1.595e-02
gmres iter 890 linear residual 1.588e-02
gmres iter 900 linear residual 1.574e-02
gmres iter 910 linear residual 1.571e-02
gmres iter 920 linear residual 1.559e-02
gmres iter 930 linear residual 1.550e-02
gmres iter 940 linear residual 1.539e-02
gmres iter 950 linear residual 1.514e-02
gmres iter 960 linear residual 1.498e-02
gmres iter 970 linear residual 1.480e-02
gmres iter 980 linear residual 1.441e-02
gmres iter 990 linear residual 1.391e-02
gmres iter 1000 linear residual 1.342e-02
linear solver hit the iteration cap (1000 iterations, flag 10)
increment failed (gmres_iteration_cap); cutting step to 0.025
this increment is 0.025 (target 0.1) ------------------------
gmres iter 10 linear residual 2.325e-02
gmres iter 20 linear residual 1.069e-02
gmres iter 30 linear residual 9.028e-03
gmres iter 40 linear residual 8.571e-03
gmres iter 50 linear residual 8.192e-03
gmres iter 60 linear residual 7.687e-03
gmres iter 70 linear residual 7.427e-03
gmres iter 80 linear residual 6.937e-03
res 1.504e-02 (F-block 2.083e-02 p-block 5.464e-01) alpha 1 eta 1.00e-02 iter times 86
gmres iter 10 linear residual 2.391e-01
gmres iter 20 linear residual 1.985e-01
gmres iter 30 linear residual 1.671e-01
gmres iter 40 linear residual 1.370e-01
gmres iter 50 linear residual 1.015e-01
gmres iter 60 linear residual 6.756e-02
gmres iter 70 linear residual 4.688e-02
gmres iter 80 linear residual 3.732e-02
gmres iter 90 linear residual 3.162e-02
gmres iter 100 linear residual 2.912e-02
gmres iter 110 linear residual 2.841e-02
gmres iter 120 linear residual 2.656e-02
gmres iter 130 linear residual 2.382e-02
gmres iter 140 linear residual 2.193e-02
gmres iter 150 linear residual 1.974e-02
gmres iter 160 linear residual 1.846e-02
gmres iter 170 linear residual 1.740e-02
gmres iter 180 linear residual 1.628e-02
gmres iter 190 linear residual 1.519e-02
gmres iter 200 linear residual 1.415e-02
gmres iter 210 linear residual 1.388e-02
gmres iter 220 linear residual 1.334e-02
gmres iter 230 linear residual 1.270e-02
gmres iter 240 linear residual 1.231e-02
gmres iter 250 linear residual 1.179e-02
gmres iter 260 linear residual 1.113e-02
gmres iter 270 linear residual 1.054e-02
gmres iter 280 linear residual 9.904e-03
res 9.824e-03 (F-block 6.623e-03 p-block 1.689e-02) alpha 1 eta 1.00e-02 iter times 284
gmres iter 10 linear residual 5.926e-02
gmres iter 20 linear residual 4.020e-02
gmres iter 30 linear residual 3.736e-02
gmres iter 40 linear residual 3.545e-02
gmres iter 50 linear residual 3.279e-02
gmres iter 60 linear residual 3.027e-02
gmres iter 70 linear residual 2.886e-02
gmres iter 80 linear residual 2.725e-02
gmres iter 90 linear residual 2.652e-02
gmres iter 100 linear residual 2.569e-02
gmres iter 110 linear residual 2.557e-02
gmres iter 120 linear residual 2.523e-02
gmres iter 130 linear residual 2.458e-02
gmres iter 140 linear residual 2.379e-02
gmres iter 150 linear residual 2.277e-02
gmres iter 160 linear residual 2.206e-02
gmres iter 170 linear residual 2.109e-02
gmres iter 180 linear residual 1.985e-02
gmres iter 190 linear residual 1.727e-02
gmres iter 200 linear residual 1.511e-02
gmres iter 210 linear residual 1.462e-02
gmres iter 220 linear residual 1.388e-02
gmres iter 230 linear residual 1.318e-02
gmres iter 240 linear residual 1.259e-02
gmres iter 250 linear residual 1.232e-02
gmres iter 260 linear residual 1.203e-02
gmres iter 270 linear residual 1.171e-02
gmres iter 280 linear residual 1.151e-02
gmres iter 290 linear residual 1.118e-02
gmres iter 300 linear residual 1.081e-02
gmres iter 310 linear residual 1.073e-02
gmres iter 320 linear residual 1.057e-02
gmres iter 330 linear residual 1.039e-02
gmres iter 340 linear residual 1.018e-02
gmres iter 350 linear residual 9.962e-03
gmres iter 360 linear residual 9.755e-03
gmres iter 370 linear residual 9.546e-03
gmres iter 380 linear residual 9.239e-03
gmres iter 390 linear residual 8.948e-03
gmres iter 400 linear residual 8.510e-03
gmres iter 410 linear residual 8.370e-03
gmres iter 420 linear residual 8.110e-03
gmres iter 430 linear residual 7.877e-03
gmres iter 440 linear residual 7.670e-03
gmres iter 450 linear residual 7.545e-03
gmres iter 460 linear residual 7.385e-03
gmres iter 470 linear residual 7.279e-03
gmres iter 480 linear residual 7.126e-03
gmres iter 490 linear residual 7.011e-03
gmres iter 500 linear residual 6.836e-03
gmres iter 510 linear residual 6.774e-03
gmres iter 520 linear residual 6.673e-03
gmres iter 530 linear residual 6.580e-03
gmres iter 540 linear residual 6.454e-03
gmres iter 550 linear residual 6.356e-03
gmres iter 560 linear residual 6.222e-03
gmres iter 570 linear residual 6.126e-03
gmres iter 580 linear residual 5.939e-03
gmres iter 590 linear residual 5.818e-03
gmres iter 600 linear residual 5.628e-03
gmres iter 610 linear residual 5.570e-03
gmres iter 620 linear residual 5.437e-03
gmres iter 630 linear residual 5.294e-03
gmres iter 640 linear residual 5.200e-03
gmres iter 650 linear residual 5.094e-03
gmres iter 660 linear residual 5.021e-03
gmres iter 670 linear residual 4.947e-03
gmres iter 680 linear residual 4.840e-03
gmres iter 690 linear residual 4.779e-03
gmres iter 700 linear residual 4.659e-03
gmres iter 710 linear residual 4.631e-03
gmres iter 720 linear residual 4.550e-03
gmres iter 730 linear residual 4.489e-03
gmres iter 740 linear residual 4.419e-03
gmres iter 750 linear residual 4.346e-03
gmres iter 760 linear residual 4.270e-03
gmres iter 770 linear residual 4.210e-03
gmres iter 780 linear residual 4.105e-03
gmres iter 790 linear residual 4.031e-03
gmres iter 800 linear residual 3.908e-03
gmres iter 810 linear residual 3.871e-03
gmres iter 820 linear residual 3.796e-03
gmres iter 830 linear residual 3.707e-03
gmres iter 840 linear residual 3.649e-03
gmres iter 850 linear residual 3.588e-03
gmres iter 860 linear residual 3.542e-03
gmres iter 870 linear residual 3.467e-03
gmres iter 880 linear residual 3.433e-03
gmres iter 890 linear residual 3.373e-03
gmres iter 900 linear residual 3.314e-03
gmres iter 910 linear residual 3.304e-03
gmres iter 920 linear residual 3.250e-03
gmres iter 930 linear residual 3.205e-03
gmres iter 940 linear residual 3.153e-03
gmres iter 950 linear residual 3.112e-03
gmres iter 960 linear residual 3.073e-03
gmres iter 970 linear residual 3.019e-03
gmres iter 980 linear residual 2.971e-03
gmres iter 990 linear residual 2.914e-03
gmres iter 1000 linear residual 2.866e-03
linear solver hit the iteration cap (1000 iterations, flag 10)
increment failed (gmres_iteration_cap); cutting step to 0.0125
this increment is 0.0125 (target 0.1) ------------------------
gmres iter 10 linear residual 2.162e-02
gmres iter 20 linear residual 7.152e-03
res 5.324e-03 (F-block 7.181e-03 p-block 9.403e-01) alpha 1 eta 1.00e-02 iter times 21
gmres iter 10 linear residual 4.590e-01
gmres iter 20 linear residual 2.719e-01
gmres iter 30 linear residual 2.235e-01
gmres iter 40 linear residual 1.795e-01
gmres iter 50 linear residual 1.389e-01
gmres iter 60 linear residual 1.195e-01
gmres iter 70 linear residual 9.390e-02
gmres iter 80 linear residual 8.279e-02
gmres iter 90 linear residual 7.720e-02
gmres iter 100 linear residual 7.200e-02
gmres iter 110 linear residual 7.179e-02
gmres iter 120 linear residual 7.091e-02
gmres iter 130 linear residual 6.806e-02
gmres iter 140 linear residual 6.047e-02
gmres iter 150 linear residual 5.043e-02
gmres iter 160 linear residual 4.626e-02
gmres iter 170 linear residual 4.412e-02
gmres iter 180 linear residual 4.200e-02
gmres iter 190 linear residual 3.926e-02
gmres iter 200 linear residual 3.715e-02
gmres iter 210 linear residual 3.690e-02
gmres iter 220 linear residual 3.585e-02
gmres iter 230 linear residual 3.433e-02
gmres iter 240 linear residual 3.220e-02
gmres iter 250 linear residual 3.090e-02
gmres iter 260 linear residual 2.920e-02
gmres iter 270 linear residual 2.689e-02
gmres iter 280 linear residual 2.531e-02
gmres iter 290 linear residual 2.423e-02
gmres iter 300 linear residual 2.318e-02
gmres iter 310 linear residual 2.303e-02
gmres iter 320 linear residual 2.232e-02
gmres iter 330 linear residual 2.139e-02
gmres iter 340 linear residual 2.012e-02
gmres iter 350 linear residual 1.954e-02
gmres iter 360 linear residual 1.890e-02
gmres iter 370 linear residual 1.807e-02
gmres iter 380 linear residual 1.765e-02
gmres iter 390 linear residual 1.723e-02
gmres iter 400 linear residual 1.682e-02
gmres iter 410 linear residual 1.672e-02
gmres iter 420 linear residual 1.623e-02
gmres iter 430 linear residual 1.607e-02
gmres iter 440 linear residual 1.557e-02
gmres iter 450 linear residual 1.484e-02
gmres iter 460 linear residual 1.429e-02
gmres iter 470 linear residual 1.343e-02
gmres iter 480 linear residual 1.306e-02
gmres iter 490 linear residual 1.244e-02
gmres iter 500 linear residual 1.147e-02
gmres iter 510 linear residual 1.135e-02
gmres iter 520 linear residual 1.084e-02
gmres iter 530 linear residual 1.036e-02
gmres iter 540 linear residual 1.005e-02
gmres iter 550 linear residual 9.870e-03
res 5.971e-03 (F-block 1.219e-03 p-block 4.117e-03) alpha 1 eta 1.00e-02 iter times 554
gmres iter 10 linear residual 9.017e-02
gmres iter 20 linear residual 6.872e-02
gmres iter 30 linear residual 6.558e-02
gmres iter 40 linear residual 6.404e-02
gmres iter 50 linear residual 5.997e-02
gmres iter 60 linear residual 5.775e-02
gmres iter 70 linear residual 5.637e-02
gmres iter 80 linear residual 5.437e-02
gmres iter 90 linear residual 5.386e-02
gmres iter 100 linear residual 5.257e-02
gmres iter 110 linear residual 5.252e-02
gmres iter 120 linear residual 5.233e-02
gmres iter 130 linear residual 5.154e-02
gmres iter 140 linear residual 5.049e-02
gmres iter 150 linear residual 4.863e-02
gmres iter 160 linear residual 4.788e-02
gmres iter 170 linear residual 4.681e-02
gmres iter 180 linear residual 4.538e-02
gmres iter 190 linear residual 4.178e-02
gmres iter 200 linear residual 3.694e-02
gmres iter 210 linear residual 3.586e-02
gmres iter 220 linear residual 3.371e-02
gmres iter 230 linear residual 3.208e-02
gmres iter 240 linear residual 3.143e-02
gmres iter 250 linear residual 3.051e-02
gmres iter 260 linear residual 2.949e-02
gmres iter 270 linear residual 2.913e-02
gmres iter 280 linear residual 2.851e-02
gmres iter 290 linear residual 2.822e-02
gmres iter 300 linear residual 2.734e-02
gmres iter 310 linear residual 2.726e-02
gmres iter 320 linear residual 2.710e-02
gmres iter 330 linear residual 2.655e-02
gmres iter 340 linear residual 2.631e-02
gmres iter 350 linear residual 2.587e-02
gmres iter 360 linear residual 2.531e-02
gmres iter 370 linear residual 2.488e-02
gmres iter 380 linear residual 2.427e-02
gmres iter 390 linear residual 2.351e-02
gmres iter 400 linear residual 2.257e-02
gmres iter 410 linear residual 2.237e-02
gmres iter 420 linear residual 2.169e-02
gmres iter 430 linear residual 2.115e-02
gmres iter 440 linear residual 2.078e-02
gmres iter 450 linear residual 2.027e-02
gmres iter 460 linear residual 1.990e-02
gmres iter 470 linear residual 1.956e-02
gmres iter 480 linear residual 1.941e-02
gmres iter 490 linear residual 1.912e-02
gmres iter 500 linear residual 1.874e-02
gmres iter 510 linear residual 1.865e-02
gmres iter 520 linear residual 1.848e-02
gmres iter 530 linear residual 1.823e-02
gmres iter 540 linear residual 1.799e-02
gmres iter 550 linear residual 1.770e-02
gmres iter 560 linear residual 1.740e-02
gmres iter 570 linear residual 1.709e-02
gmres iter 580 linear residual 1.669e-02
gmres iter 590 linear residual 1.618e-02
gmres iter 600 linear residual 1.580e-02
gmres iter 610 linear residual 1.571e-02
gmres iter 620 linear residual 1.523e-02
gmres iter 630 linear residual 1.494e-02
gmres iter 640 linear residual 1.468e-02
gmres iter 650 linear residual 1.429e-02
gmres iter 660 linear residual 1.415e-02
gmres iter 670 linear residual 1.387e-02
gmres iter 680 linear residual 1.374e-02
gmres iter 690 linear residual 1.362e-02
gmres iter 700 linear residual 1.335e-02
gmres iter 710 linear residual 1.329e-02
gmres iter 720 linear residual 1.318e-02
gmres iter 730 linear residual 1.303e-02
gmres iter 740 linear residual 1.287e-02
gmres iter 750 linear residual 1.269e-02
gmres iter 760 linear residual 1.252e-02
gmres iter 770 linear residual 1.227e-02
gmres iter 780 linear residual 1.199e-02
gmres iter 790 linear residual 1.167e-02
gmres iter 800 linear residual 1.146e-02
gmres iter 810 linear residual 1.142e-02
gmres iter 820 linear residual 1.110e-02
gmres iter 830 linear residual 1.086e-02
gmres iter 840 linear residual 1.070e-02
gmres iter 850 linear residual 1.050e-02
gmres iter 860 linear residual 1.030e-02
gmres iter 870 linear residual 1.022e-02
gmres iter 880 linear residual 1.006e-02
gmres iter 890 linear residual 9.994e-03
gmres iter 900 linear residual 9.874e-03
gmres iter 910 linear residual 9.846e-03
gmres iter 920 linear residual 9.744e-03
gmres iter 930 linear residual 9.626e-03
gmres iter 940 linear residual 9.532e-03
gmres iter 950 linear residual 9.381e-03
gmres iter 960 linear residual 9.276e-03
gmres iter 970 linear residual 9.066e-03
gmres iter 980 linear residual 8.829e-03
gmres iter 990 linear residual 8.633e-03
gmres iter 1000 linear residual 8.375e-03
linear solver hit the iteration cap (1000 iterations, flag 10)
increment failed (gmres_iteration_cap); cutting step to 0.00625
this increment is 0.00625 (target 0.1) ------------------------
gmres iter 10 linear residual 2.116e-02
res 2.642e-03 (F-block 7.444e-03 p-block 9.512e-01) alpha 1 eta 1.00e-02 iter times 19
gmres iter 10 linear residual 4.600e-01
gmres iter 20 linear residual 2.535e-01
gmres iter 30 linear residual 2.110e-01
gmres iter 40 linear residual 1.611e-01
gmres iter 50 linear residual 1.300e-01
gmres iter 60 linear residual 1.057e-01
gmres iter 70 linear residual 8.407e-02
gmres iter 80 linear residual 7.662e-02
gmres iter 90 linear residual 6.948e-02
gmres iter 100 linear residual 6.690e-02
gmres iter 110 linear residual 6.683e-02
gmres iter 120 linear residual 6.634e-02
gmres iter 130 linear residual 6.488e-02
gmres iter 140 linear residual 5.985e-02
gmres iter 150 linear residual 4.899e-02
gmres iter 160 linear residual 4.443e-02
gmres iter 170 linear residual 4.187e-02
gmres iter 180 linear residual 4.059e-02
gmres iter 190 linear residual 3.909e-02
gmres iter 200 linear residual 3.752e-02
gmres iter 210 linear residual 3.738e-02
gmres iter 220 linear residual 3.671e-02
gmres iter 230 linear residual 3.538e-02
gmres iter 240 linear residual 3.211e-02
gmres iter 250 linear residual 2.887e-02
gmres iter 260 linear residual 2.732e-02
gmres iter 270 linear residual 2.645e-02
gmres iter 280 linear residual 2.505e-02
gmres iter 290 linear residual 2.282e-02
gmres iter 300 linear residual 2.099e-02
gmres iter 310 linear residual 2.082e-02
gmres iter 320 linear residual 2.001e-02
gmres iter 330 linear residual 1.904e-02
gmres iter 340 linear residual 1.849e-02
gmres iter 350 linear residual 1.811e-02
gmres iter 360 linear residual 1.715e-02
gmres iter 370 linear residual 1.648e-02
gmres iter 380 linear residual 1.600e-02
gmres iter 390 linear residual 1.575e-02
gmres iter 400 linear residual 1.566e-02
gmres iter 410 linear residual 1.564e-02
gmres iter 420 linear residual 1.541e-02
gmres iter 430 linear residual 1.467e-02
gmres iter 440 linear residual 1.411e-02
gmres iter 450 linear residual 1.332e-02
gmres iter 460 linear residual 1.283e-02
gmres iter 470 linear residual 1.233e-02
gmres iter 480 linear residual 1.164e-02
gmres iter 490 linear residual 1.073e-02
gmres iter 500 linear residual 9.931e-03
gmres iter 510 linear residual 9.735e-03
res 3.045e-03 (F-block 6.080e-04 p-block 4.410e-03) alpha 1 eta 1.00e-02 iter times 511
gmres iter 10 linear residual 1.423e-01
gmres iter 20 linear residual 1.259e-01
gmres iter 30 linear residual 1.212e-01
gmres iter 40 linear residual 1.156e-01
gmres iter 50 linear residual 1.067e-01
gmres iter 60 linear residual 1.030e-01
gmres iter 70 linear residual 9.851e-02
gmres iter 80 linear residual 9.376e-02
gmres iter 90 linear residual 9.277e-02
gmres iter 100 linear residual 9.127e-02
gmres iter 110 linear residual 9.124e-02
gmres iter 120 linear residual 9.102e-02
gmres iter 130 linear residual 8.941e-02
gmres iter 140 linear residual 8.786e-02
gmres iter 150 linear residual 8.564e-02
gmres iter 160 linear residual 8.444e-02
gmres iter 170 linear residual 8.116e-02
gmres iter 180 linear residual 7.681e-02
gmres iter 190 linear residual 7.224e-02
gmres iter 200 linear residual 6.845e-02
gmres iter 210 linear residual 6.797e-02
gmres iter 220 linear residual 6.545e-02
gmres iter 230 linear residual 6.190e-02
gmres iter 240 linear residual 5.900e-02
gmres iter 250 linear residual 5.732e-02
gmres iter 260 linear residual 5.620e-02
gmres iter 270 linear residual 5.555e-02
gmres iter 280 linear residual 5.435e-02
gmres iter 290 linear residual 5.384e-02
gmres iter 300 linear residual 5.260e-02
gmres iter 310 linear residual 5.246e-02
gmres iter 320 linear residual 5.218e-02
gmres iter 330 linear residual 5.106e-02
gmres iter 340 linear residual 5.046e-02
gmres iter 350 linear residual 4.978e-02
gmres iter 360 linear residual 4.900e-02
gmres iter 370 linear residual 4.782e-02
gmres iter 380 linear residual 4.641e-02
gmres iter 390 linear residual 4.488e-02
gmres iter 400 linear residual 4.375e-02
gmres iter 410 linear residual 4.359e-02
gmres iter 420 linear residual 4.256e-02
gmres iter 430 linear residual 4.136e-02
gmres iter 440 linear residual 4.042e-02
gmres iter 450 linear residual 3.935e-02
gmres iter 460 linear residual 3.858e-02
gmres iter 470 linear residual 3.814e-02
gmres iter 480 linear residual 3.767e-02
gmres iter 490 linear residual 3.691e-02
gmres iter 500 linear residual 3.640e-02
gmres iter 510 linear residual 3.630e-02
gmres iter 520 linear residual 3.590e-02
gmres iter 530 linear residual 3.521e-02
gmres iter 540 linear residual 3.490e-02
gmres iter 550 linear residual 3.453e-02
gmres iter 560 linear residual 3.386e-02
gmres iter 570 linear residual 3.291e-02
gmres iter 580 linear residual 3.246e-02
gmres iter 590 linear residual 3.143e-02
gmres iter 600 linear residual 3.057e-02
gmres iter 610 linear residual 3.045e-02
gmres iter 620 linear residual 2.984e-02
gmres iter 630 linear residual 2.928e-02
gmres iter 640 linear residual 2.864e-02
gmres iter 650 linear residual 2.808e-02
gmres iter 660 linear residual 2.761e-02
gmres iter 670 linear residual 2.721e-02
gmres iter 680 linear residual 2.679e-02
gmres iter 690 linear residual 2.641e-02
gmres iter 700 linear residual 2.610e-02
gmres iter 710 linear residual 2.604e-02
gmres iter 720 linear residual 2.571e-02
gmres iter 730 linear residual 2.536e-02
gmres iter 740 linear residual 2.520e-02
gmres iter 750 linear residual 2.493e-02
gmres iter 760 linear residual 2.415e-02
gmres iter 770 linear residual 2.391e-02
gmres iter 780 linear residual 2.361e-02
gmres iter 790 linear residual 2.316e-02
gmres iter 800 linear residual 2.246e-02
gmres iter 810 linear residual 2.236e-02
gmres iter 820 linear residual 2.204e-02
gmres iter 830 linear residual 2.167e-02
gmres iter 840 linear residual 2.132e-02
gmres iter 850 linear residual 2.091e-02
gmres iter 860 linear residual 2.066e-02
gmres iter 870 linear residual 2.042e-02
gmres iter 880 linear residual 1.999e-02
gmres iter 890 linear residual 1.960e-02
gmres iter 900 linear residual 1.951e-02
gmres iter 910 linear residual 1.949e-02
gmres iter 920 linear residual 1.924e-02
gmres iter 930 linear residual 1.889e-02
gmres iter 940 linear residual 1.867e-02
gmres iter 950 linear residual 1.850e-02
gmres iter 960 linear residual 1.815e-02
gmres iter 970 linear residual 1.787e-02
gmres iter 980 linear residual 1.767e-02
gmres iter 990 linear residual 1.733e-02
gmres iter 1000 linear residual 1.709e-02
linear solver hit the iteration cap (1000 iterations, flag 10)
increment failed (gmres_iteration_cap); cutting step to 0.003125
SOLVER FAILED: no convergence at load 0 even with the
minimum sub-step; results are only saved up to the last
converged increment boundary.
solver stats are saved to solver_stats.json
F and P are saved to output.csv
