---------------------------------------------
-- mixed FFT based solver, by WANG Mingchuan
---------------------------------------------
gmres restart length: 100
Ghat4 is formed (willot discretization)...
this increment is 0.1 (target 0.1) ------------------------
gmres iter 10 linear residual 4.139e-02
gmres iter 20 linear residual 3.513e-02
gmres iter 30 linear residual 3.328e-02
gmres iter 40 linear residual 3.196e-02
gmres iter 50 linear residual 3.033e-02
gmres iter 60 linear residual 2.831e-02
gmres iter 70 linear residual 2.633e-02
gmres iter 80 linear residual 2.420e-02
gmres iter 90 linear residual 2.192e-02
gmres iter 100 linear residual 2.001e-02
gmres iter 110 linear residual 1.931e-02
gmres iter 120 linear residual 1.858e-02
gmres iter 130 linear residual 1.778e-02
gmres iter 140 linear residual 1.695e-02
gmres iter 150 linear residual 1.629e-02
gmres iter 160 linear residual 1.566e-02
gmres iter 170 linear residual 1.520e-02
gmres iter 180 linear residual 1.494e-02
gmres iter 190 linear residual 1.475e-02
gmres iter 200 linear residual 1.458e-02
gmres iter 210 linear residual 1.450e-02
gmres iter 220 linear residual 1.431e-02
gmres iter 230 linear residual 1.406e-02
gmres iter 240 linear residual 1.385e-02
gmres iter 250 linear residual 1.331e-02
gmres iter 260 linear residual 1.283e-02
gmres iter 270 linear residual 1.228e-02
gmres iter 280 linear residual 1.160e-02
gmres iter 290 linear residual 1.095e-02
gmres iter 300 linear residual 1.051e-02
gmres iter 310 linear residual 1.040e-02
gmres iter 320 linear residual 1.009e-02
gmres iter 330 linear residual 9.907e-03
gmres iter 340 linear residual 9.742e-03
gmres iter 350 linear residual 9.507e-03
gmres iter 360 linear residual 9.253e-03
res 7.936e-02 (F-block 1.306e-01 p-block 2.042e-01) alpha 1 eta 1.00e-02 iter times 365
gmres iter 10 linear residual 2.324e-01
gmres iter 20 linear residual 1.778e-01
gmres iter 30 linear residual 9.674e-02
gmres iter 40 linear residual 5.730e-02
gmres iter 50 linear residual 4.875e-02
gmres iter 60 linear residual 4.767e-02
gmres iter 70 linear residual 4.588e-02
gmres iter 80 linear residual 4.267e-02
gmres iter 90 linear residual 4.092e-02
gmres iter 100 linear residual 4.066e-02
gmres iter 110 linear residual 4.065e-02
gmres iter 120 linear residual 4.044e-02
gmres iter 130 linear residual 3.938e-02
gmres iter 140 linear residual 3.887e-02
gmres iter 150 linear residual 3.876e-02
gmres iter 160 linear residual 3.695e-02
gmres iter 170 linear residual 3.592e-02
gmres iter 180 linear residual 3.581e-02
gmres iter 190 linear residual 3.531e-02
gmres iter 200 linear residual 3.429e-02
gmres iter 210 linear residual 3.419e-02
gmres iter 220 linear residual 3.412e-02
gmres iter 230 linear residual 3.386e-02
gmres iter 240 linear residual 3.376e-02
gmres iter 250 linear residual 3.368e-02
gmres iter 260 linear residual 3.349e-02
gmres iter 270 linear residual 3.314e-02
gmres iter 280 linear residual 3.293e-02
gmres iter 290 linear residual 3.287e-02
gmres iter 300 linear residual 3.270e-02
gmres iter 310 linear residual 3.267e-02
gmres iter 320 linear residual 3.264e-02
gmres iter 330 linear residual 3.250e-02
gmres iter 340 linear residual 3.245e-02
gmres iter 350 linear residual 3.245e-02
gmres iter 360 linear residual 3.238e-02
gmres iter 370 linear residual 3.211e-02
gmres iter 380 linear residual 3.187e-02
gmres iter 390 linear residual 3.182e-02
gmres iter 400 linear residual 3.172e-02
gmres iter 410 linear residual 3.170e-02
gmres iter 420 linear residual 3.169e-02
gmres iter 430 linear residual 3.160e-02
gmres iter 440 linear residual 3.159e-02
gmres iter 450 linear residual 3.157e-02
gmres iter 460 linear residual 3.147e-02
gmres iter 470 linear residual 3.131e-02
gmres iter 480 linear residual 3.124e-02
gmres iter 490 linear residual 3.120e-02
gmres iter 500 linear residual 3.110e-02
gmres iter 510 linear residual 3.106e-02
gmres iter 520 linear residual 3.104e-02
gmres iter 530 linear residual 3.100e-02
gmres iter 540 linear residual 3.099e-02
gmres iter 550 linear residual 3.098e-02
gmres iter 560 linear residual 3.096e-02
gmres iter 570 linear residual 3.085e-02
gmres iter 580 linear residual 3.078e-02
gmres iter 590 linear residual 3.073e-02
gmres iter 600 linear residual 3.069e-02
gmres iter 610 linear residual 3.068e-02
gmres iter 620 linear residual 3.067e-02
gmres iter 630 linear residual 3.062e-02
gmres iter 640 linear residual 3.062e-02
gmres iter 650 linear residual 3.060e-02
gmres iter 660 linear residual 3.059e-02
gmres iter 670 linear residual 3.042e-02
gmres iter 680 linear residual 3.037e-02
gmres iter 690 linear residual 3.034e-02
gmres iter 700 linear residual 3.017e-02
gmres iter 710 linear residual 3.012e-02
gmres iter 720 linear residual 3.010e-02
gmres iter 730 linear residual 3.008e-02
gmres iter 740 linear residual 3.006e-02
gmres iter 750 linear residual 3.005e-02
gmres iter 760 linear residual 3.004e-02
gmres iter 770 linear residual 2.999e-02
gmres iter 780 linear residual 2.997e-02
gmres iter 790 linear residual 2.990e-02
gmres iter 800 linear residual 2.988e-02
gmres iter 810 linear residual 2.988e-02
gmres iter 820 linear residual 2.987e-02
gmres iter 830 linear residual 2.986e-02
gmres iter 840 linear residual 2.986e-02
gmres iter 850 linear residual 2.986e-02
gmres iter 860 linear residual 2.983e-02
gmres iter 870 linear residual 2.978e-02
gmres iter 880 linear residual 2.972e-02
gmres iter 890 linear residual 2.970e-02
gmres iter 900 linear residual 2.963e-02
gmres iter 910 linear residual 2.962e-02
gmres iter 920 linear residual 2.961e-02
gmres iter 930 linear residual 2.959e-02
gmres iter 940 linear residual 2.958e-02
gmres iter 950 linear residual 2.957e-02
gmres iter 960 linear residual 2.956e-02
gmres iter 970 linear residual 2.953e-02
gmres iter 980 linear residual 2.943e-02
gmres iter 990 linear residual 2.938e-02
gmres iter 1000 linear residual 2.937e-02
linear solver hit the iteration cap (1000 iterations, flag 10)
increment failed (gmres_iteration_cap); cutting step to 0.05
this increment is 0.05 (target 0.1) ------------------------
gmres iter 10 linear residual 2.787e-02
gmres iter 20 linear residual 1.740e-02
gmres iter 30 linear residual 1.617e-02
gmres iter 40 linear residual 1.433e-02
gmres iter 50 linear residual 1.338e-02
gmres iter 60 linear residual 1.246e-02
gmres iter 70 linear residual 1.124e-02
gmres iter 80 linear residual 1.011e-02
gmres iter 90 linear residual 9.453e-03
gmres iter 100 linear residual 8.844e-03
res 3.666e-02 (F-block 5.853e-02 p-block 2.299e-01) alpha 1 eta 1.00e-02 iter times 101
gmres iter 10 linear residual 2.410e-01
gmres iter 20 linear residual 1.824e-01
gmres iter 30 linear residual 1.124e-01
gmres iter 40 linear residual 6.144e-02
gmres iter 50 linear residual 3.817e-02
gmres iter 60 linear residual 2.829e-02
gmres iter 70 linear residual 2.438e-02
gmres iter 80 linear residual 2.051e-02
gmres iter 90 linear residual 1.657e-02
gmres iter 100 linear residual 1.425e-02
gmres iter 110 linear residual 1.383e-02
gmres iter 120 linear residual 1.266e-02
gmres iter 130 linear residual 1.145e-02
gmres iter 140 linear residual 1.037e-02
res 2.060e-02 (F-block 2.245e-02 p-block 2.828e-02) alpha 1 eta 1.00e-02 iter times 147
gmres iter 10 linear residual 6.695e-02
gmres iter 20 linear residual 4.747e-02
gmres iter 30 linear residual 3.777e-02
gmres iter 40 linear residual 2.896e-02
gmres iter 50 linear residual 2.383e-02
gmres iter 60 linear residual 2.167e-02
gmres iter 70 linear residual 1.980e-02
gmres iter 80 linear residual 1.815e-02
gmres iter 90 linear residual 1.667e-02
gmres iter 100 linear residual 1.518e-02
gmres iter 110 linear residual 1.459e-02
gmres iter 120 linear residual 1.365e-02
gmres iter 130 linear residual 1.287e-02
gmres iter 140 linear residual 1.189e-02
gmres iter 150 linear residual 1.069e-02
gmres iter 160 linear residual 9.733e-03
res 5.586e-03 (F-block 2.766e-03 p-block 3.896e-03) alpha 1 eta 1.00e-02 iter times 161
gmres iter 10 linear residual 1.276e-01
gmres iter 20 linear residual 1.162e-01
gmres iter 30 linear residual 9.586e-02
gmres iter 40 linear residual 8.022e-02
gmres iter 50 linear residual 7.343e-02
gmres iter 60 linear residual 6.904e-02
gmres iter 70 linear residual 6.440e-02
gmres iter 80 linear residual 5.962e-02
gmres iter 90 linear residual 5.441e-02
gmres iter 100 linear residual 5.093e-02
gmres iter 110 linear residual 4.937e-02
gmres iter 120 linear residual 4.701e-02
gmres iter 130 linear residual 4.480e-02
gmres iter 140 linear residual 4.168e-02
gmres iter 150 linear residual 3.913e-02
gmres iter 160 linear residual 3.669e-02
gmres iter 170 linear residual 3.201e-02
gmres iter 180 linear residual 2.680e-02
gmres iter 190 linear residual 2.258e-02
gmres iter 200 linear residual 1.917e-02
gmres iter 210 linear residual 1.775e-02
gmres iter 220 linear residual 1.591e-02
gmres iter 230 linear residual 1.458e-02
gmres iter 240 linear residual 1.358e-02
gmres iter 250 linear residual 1.290e-02
gmres iter 260 linear residual 1.251e-02
gmres iter 270 linear residual 1.162e-02
gmres iter 280 linear residual 1.081e-02
gmres iter 290 linear residual 1.003e-02
res 1.790e-03 (F-block 6.872e-04 p-block 9.473e-04) alpha 1 eta 1.00e-02 iter times 295
gmres iter 10 linear residual 5.065e-02
gmres iter 20 linear residual 4.262e-02
gmres iter 30 linear residual 3.919e-02
gmres iter 40 linear residual 3.459e-02
gmres iter 50 linear residual 3.274e-02
gmres iter 60 linear residual 3.170e-02
gmres iter 70 linear residual 3.058e-02
gmres iter 80 linear residual 2.879e-02
gmres iter 90 linear residual 2.708e-02
gmres iter 100 linear residual 2.555e-02
gmres iter 110 linear residual 2.495e-02
gmres iter 120 linear residual 2.370e-02
gmres iter 130 linear residual 2.245e-02
gmres iter 140 linear residual 2.150e-02
gmres iter 150 linear residual 2.080e-02
gmres iter 160 linear residual 1.992e-02
gmres iter 170 linear residual 1.829e-02
gmres iter 180 linear residual 1.659e-02
gmres iter 190 linear residual 1.508e-02
gmres iter 200 linear residual 1.306e-02
gmres iter 210 linear residual 1.203e-02
gmres iter 220 linear residual 1.086e-02
gmres iter 230 linear residual 1.010e-02
res 1.725e-04 (F-block 1.205e-05 p-block 1.018e-04) alpha 1 eta 1.00e-02 iter times 236
gmres iter 10 linear residual 5.286e-01
gmres iter 20 linear residual 5.120e-01
gmres iter 30 linear residual 4.976e-01
gmres iter 40 linear residual 4.781e-01
gmres iter 50 linear residual 4.453e-01
gmres iter 60 linear residual 4.267e-01
gmres iter 70 linear residual 4.089e-01
gmres iter 80 linear residual 3.676e-01
gmres iter 90 linear residual 3.351e-01
gmres iter 100 linear residual 2.818e-01
gmres iter 110 linear residual 2.587e-01
gmres iter 120 linear residual 2.355e-01
gmres iter 130 linear residual 2.127e-01
gmres iter 140 linear residual 1.988e-01
gmres iter 150 linear residual 1.881e-01
gmres iter 160 linear residual 1.777e-01
gmres iter 170 linear residual 1.703e-01
gmres iter 180 linear residual 1.637e-01
gmres iter 190 linear residual 1.577e-01
gmres iter 200 linear residual 1.514e-01
gmres iter 210 linear residual 1.482e-01
gmres iter 220 linear residual 1.438e-01
gmres iter 230 linear residual 1.387e-01
gmres iter 240 linear residual 1.324e-01
gmres iter 250 linear residual 1.260e-01
gmres iter 260 linear residual 1.202e-01
gmres iter 270 linear residual 1.115e-01
gmres iter 280 linear residual 1.029e-01
gmres iter 290 linear residual 9.402e-02
gmres iter 300 linear residual 8.192e-02
gmres iter 310 linear residual 7.587e-02
gmres iter 320 linear residual 7.015e-02
gmres iter 330 linear residual 6.306e-02
gmres iter 340 linear residual 5.861e-02
gmres iter 350 linear residual 5.594e-02
gmres iter 360 linear residual 5.313e-02
gmres iter 370 linear residual 5.040e-02
gmres iter 380 linear residual 4.833e-02
gmres iter 390 linear residual 4.716e-02
gmres iter 400 linear residual 4.579e-02
gmres iter 410 linear residual 4.502e-02
gmres iter 420 linear residual 4.379e-02
gmres iter 430 linear residual 4.240e-02
gmres iter 440 linear residual 4.022e-02
gmres iter 450 linear residual 3.848e-02
gmres iter 460 linear residual 3.655e-02
gmres iter 470 linear residual 3.394e-02
gmres iter 480 linear residual 3.101e-02
gmres iter 490 linear residual 2.830e-02
gmres iter 500 linear residual 2.531e-02
gmres iter 510 linear residual 2.341e-02
gmres iter 520 linear residual 2.174e-02
gmres iter 530 linear residual 1.941e-02
gmres iter 540 linear residual 1.792e-02
gmres iter 550 linear residual 1.710e-02
gmres iter 560 linear residual 1.625e-02
gmres iter 570 linear residual 1.543e-02
gmres iter 580 linear residual 1.491e-02
gmres iter 590 linear residual 1.446e-02
gmres iter 600 linear residual 1.401e-02
gmres iter 610 linear residual 1.381e-02
gmres iter 620 linear residual 1.341e-02
gmres iter 630 linear residual 1.301e-02
gmres iter 640 linear residual 1.241e-02
gmres iter 650 linear residual 1.176e-02
gmres iter 660 linear residual 1.122e-02
gmres iter 670 linear residual 1.052e-02
gmres iter 680 linear residual 9.585e-03
gmres iter 690 linear residual 8.672e-03
gmres iter 700 linear residual 7.804e-03
gmres iter 710 linear residual 7.233e-03
gmres iter 720 linear residual 6.676e-03
res 1.199e-05 (F-block 8.116e-08 p-block 1.300e-06) alpha 1 eta 6.90e-03 iter times 722
time this step...242.67498922348022
this increment is 0.05 (target 0.1) ------------------------
gmres iter 10 linear residual 2.768e-02
gmres iter 20 linear residual 1.745e-02
gmres iter 30 linear residual 1.620e-02
gmres iter 40 linear residual 1.436e-02
gmres iter 50 linear residual 1.339e-02
gmres iter 60 linear residual 1.242e-02
gmres iter 70 linear residual 1.119e-02
gmres iter 80 linear residual 1.007e-02
gmres iter 90 linear residual 9.424e-03
gmres iter 100 linear residual 8.784e-03
res 3.635e-02 (F-block 5.984e-02 p-block 2.311e-01) alpha 1 eta 1.00e-02 iter times 101
gmres iter 10 linear residual 2.367e-01
gmres iter 20 linear residual 1.797e-01
gmres iter 30 linear residual 1.099e-01
gmres iter 40 linear residual 6.044e-02
gmres iter 50 linear residual 3.790e-02
gmres iter 60 linear residual 2.800e-02
gmres iter 70 linear residual 2.395e-02
gmres iter 80 linear residual 2.012e-02
gmres iter 90 linear residual 1.635e-02
gmres iter 100 linear residual 1.403e-02
gmres iter 110 linear residual 1.361e-02
gmres iter 120 linear residual 1.252e-02
gmres iter 130 linear residual 1.132e-02
gmres iter 140 linear residual 1.016e-02
res 2.151e-02 (F-block 2.431e-02 p-block 3.005e-02) alpha 1 eta 1.00e-02 iter times 145
gmres iter 10 linear residual 6.496e-02
gmres iter 20 linear residual 4.633e-02
gmres iter 30 linear residual 3.701e-02
gmres iter 40 linear residual 2.835e-02
gmres iter 50 linear residual 2.313e-02
gmres iter 60 linear residual 2.103e-02
gmres iter 70 linear residual 1.909e-02
gmres iter 80 linear residual 1.752e-02
gmres iter 90 linear residual 1.610e-02
gmres iter 100 linear residual 1.475e-02
gmres iter 110 linear residual 1.429e-02
gmres iter 120 linear residual 1.333e-02
gmres iter 130 linear residual 1.254e-02
gmres iter 140 linear residual 1.142e-02
gmres iter 150 linear residual 1.026e-02
res 6.029e-03 (F-block 3.249e-03 p-block 5.098e-03) alpha 1 eta 1.00e-02 iter times 157
gmres iter 10 linear residual 1.218e-01
gmres iter 20 linear residual 1.134e-01
gmres iter 30 linear residual 9.613e-02
gmres iter 40 linear residual 8.558e-02
gmres iter 50 linear residual 7.783e-02
gmres iter 60 linear residual 7.050e-02
gmres iter 70 linear residual 6.378e-02
gmres iter 80 linear residual 5.907e-02
gmres iter 90 linear residual 5.523e-02
gmres iter 100 linear residual 5.254e-02
gmres iter 110 linear residual 5.150e-02
gmres iter 120 linear residual 4.876e-02
gmres iter 130 linear residual 4.669e-02
gmres iter 140 linear residual 4.275e-02
gmres iter 150 linear residual 3.921e-02
gmres iter 160 linear residual 3.693e-02
gmres iter 170 linear residual 3.240e-02
gmres iter 180 linear residual 2.800e-02
gmres iter 190 linear residual 2.392e-02
gmres iter 200 linear residual 2.028e-02
gmres iter 210 linear residual 1.909e-02
gmres iter 220 linear residual 1.762e-02
gmres iter 230 linear residual 1.642e-02
gmres iter 240 linear residual 1.526e-02
gmres iter 250 linear residual 1.448e-02
gmres iter 260 linear residual 1.381e-02
gmres iter 270 linear residual 1.281e-02
gmres iter 280 linear residual 1.217e-02
gmres iter 290 linear residual 1.155e-02
gmres iter 300 linear residual 1.058e-02
gmres iter 310 linear residual 1.030e-02
res 2.174e-03 (F-block 9.423e-04 p-block 6.923e-04) alpha 1 eta 1.00e-02 iter times 318
gmres iter 10 linear residual 5.313e-02
gmres iter 20 linear residual 4.160e-02
gmres iter 30 linear residual 3.824e-02
gmres iter 40 linear residual 3.442e-02
gmres iter 50 linear residual 3.272e-02
gmres iter 60 linear residual 3.119e-02
gmres iter 70 linear residual 3.017e-02
gmres iter 80 linear residual 2.858e-02
gmres iter 90 linear residual 2.691e-02
gmres iter 100 linear residual 2.551e-02
gmres iter 110 linear residual 2.506e-02
gmres iter 120 linear residual 2.403e-02
gmres iter 130 linear residual 2.294e-02
gmres iter 140 linear residual 2.205e-02
gmres iter 150 linear residual 2.127e-02
gmres iter 160 linear residual 2.022e-02
gmres iter 170 linear residual 1.826e-02
gmres iter 180 linear residual 1.671e-02
gmres iter 190 linear residual 1.527e-02
gmres iter 200 linear residual 1.315e-02
gmres iter 210 linear residual 1.222e-02
gmres iter 220 linear residual 1.126e-02
gmres iter 230 linear residual 1.038e-02
gmres iter 240 linear residual 9.640e-03
res 2.260e-04 (F-block 2.269e-05 p-block 1.431e-04) alpha 1 eta 1.00e-02 iter times 245
gmres iter 10 linear residual 3.892e-01
gmres iter 20 linear residual 3.797e-01
gmres iter 30 linear residual 3.638e-01
gmres iter 40 linear residual 3.489e-01
gmres iter 50 linear residual 3.332e-01
gmres iter 60 linear residual 3.163e-01
gmres iter 70 linear residual 3.000e-01
gmres iter 80 linear residual 2.799e-01
gmres iter 90 linear residual 2.682e-01
gmres iter 100 linear residual 2.561e-01
gmres iter 110 linear residual 2.505e-01
gmres iter 120 linear residual 2.413e-01
gmres iter 130 linear residual 2.280e-01
gmres iter 140 linear residual 2.170e-01
gmres iter 150 linear residual 2.086e-01
gmres iter 160 linear residual 2.006e-01
gmres iter 170 linear residual 1.903e-01
gmres iter 180 linear residual 1.788e-01
gmres iter 190 linear residual 1.724e-01
gmres iter 200 linear residual 1.650e-01
gmres iter 210 linear residual 1.621e-01
gmres iter 220 linear residual 1.570e-01
gmres iter 230 linear residual 1.506e-01
gmres iter 240 linear residual 1.423e-01
gmres iter 250 linear residual 1.368e-01
gmres iter 260 linear residual 1.308e-01
gmres iter 270 linear residual 1.244e-01
gmres iter 280 linear residual 1.172e-01
gmres iter 290 linear residual 1.126e-01
gmres iter 300 linear residual 1.082e-01
gmres iter 310 linear residual 1.064e-01
gmres iter 320 linear residual 1.023e-01
gmres iter 330 linear residual 9.820e-02
gmres iter 340 linear residual 9.405e-02
gmres iter 350 linear residual 8.995e-02
gmres iter 360 linear residual 8.572e-02
gmres iter 370 linear residual 8.162e-02
gmres iter 380 linear residual 7.755e-02
gmres iter 390 linear residual 7.524e-02
gmres iter 400 linear residual 7.237e-02
gmres iter 410 linear residual 7.123e-02
gmres iter 420 linear residual 6.918e-02
gmres iter 430 linear residual 6.659e-02
gmres iter 440 linear residual 6.359e-02
gmres iter 450 linear residual 6.100e-02
gmres iter 460 linear residual 5.834e-02
gmres iter 470 linear residual 5.534e-02
gmres iter 480 linear residual 5.157e-02
gmres iter 490 linear residual 4.933e-02
gmres iter 500 linear residual 4.777e-02
gmres iter 510 linear residual 4.721e-02
gmres iter 520 linear residual 4.523e-02
gmres iter 530 linear residual 4.308e-02
gmres iter 540 linear residual 4.091e-02
gmres iter 550 linear residual 3.971e-02
gmres iter 560 linear residual 3.755e-02
gmres iter 570 linear residual 3.589e-02
gmres iter 580 linear residual 3.447e-02
gmres iter 590 linear residual 3.325e-02
gmres iter 600 linear residual 3.205e-02
gmres iter 610 linear residual 3.156e-02
gmres iter 620 linear residual 3.069e-02
gmres iter 630 linear residual 2.969e-02
gmres iter 640 linear residual 2.829e-02
gmres iter 650 linear residual 2.694e-02
gmres iter 660 linear residual 2.578e-02
gmres iter 670 linear residual 2.451e-02
gmres iter 680 linear residual 2.320e-02
gmres iter 690 linear residual 2.234e-02
gmres iter 700 linear residual 2.151e-02
gmres iter 710 linear residual 2.109e-02
gmres iter 720 linear residual 2.023e-02
gmres iter 730 linear residual 1.947e-02
gmres iter 740 linear residual 1.843e-02
gmres iter 750 linear residual 1.779e-02
gmres iter 760 linear residual 1.683e-02
gmres iter 770 linear residual 1.595e-02
gmres iter 780 linear residual 1.530e-02
gmres iter 790 linear residual 1.490e-02
gmres iter 800 linear residual 1.446e-02
gmres iter 810 linear residual 1.424e-02
gmres iter 820 linear residual 1.388e-02
gmres iter 830 linear residual 1.327e-02
gmres iter 840 linear residual 1.271e-02
gmres iter 850 linear residual 1.225e-02
gmres iter 860 linear residual 1.174e-02
gmres iter 870 linear residual 1.116e-02
gmres iter 880 linear residual 1.042e-02
gmres iter 890 linear residual 9.964e-03
res 3.065e-05 (F-block 3.712e-07 p-block 3.650e-06) alpha 1 eta 1.00e-02 iter times 898
time this step...222.17340183258057
now P is...
[[ 1.39697100e+00  4.20668295e-03 -2.62543048e-02]
 [ 3.66177919e-03 -3.78925038e-07  2.24611986e-02]
 [-2.27961946e-02  2.24048758e-02  1.19551670e-07]]
now F is...
[[ 1.10000000e+00  4.01410971e-16 -5.80808549e-16]
 [ 4.62051933e-16  9.57513113e-01 -2.55984649e-16]
 [ 1.68241403e-15  6.86205854e-16  9.55112264e-01]]
intermediate results saved (1 increments in output.csv)
this increment is 0.05 (target 0.2) ------------------------
gmres iter 10 linear residual 2.752e-02
gmres iter 20 linear residual 1.745e-02
gmres iter 30 linear residual 1.620e-02
gmres iter 40 linear residual 1.440e-02
gmres iter 50 linear residual 1.343e-02
gmres iter 60 linear residual 1.240e-02
gmres iter 70 linear residual 1.115e-02
gmres iter 80 linear residual 1.007e-02
gmres iter 90 linear residual 9.463e-03
gmres iter 100 linear residual 8.759e-03
res 3.593e-02 (F-block 6.054e-02 p-block 2.441e-01) alpha 1 eta 1.00e-02 iter times 109
gmres iter 10 linear residual 2.329e-01
gmres iter 20 linear residual 1.777e-01
gmres iter 30 linear residual 1.095e-01
gmres iter 40 linear residual 6.135e-02
gmres iter 50 linear residual 3.903e-02
gmres iter 60 linear residual 2.868e-02
gmres iter 70 linear residual 2.430e-02
gmres iter 80 linear residual 2.039e-02
gmres iter 90 linear residual 1.676e-02
gmres iter 100 linear residual 1.447e-02
gmres iter 110 linear residual 1.405e-02
gmres iter 120 linear residual 1.309e-02
gmres iter 130 linear residual 1.203e-02
gmres iter 140 linear residual 1.118e-02
gmres iter 150 linear residual 1.055e-02
gmres iter 160 linear residual 1.031e-02
gmres iter 170 linear residual 1.028e-02
gmres iter 180 linear residual 1.026e-02
gmres iter 190 linear residual 1.001e-02
gmres iter 200 linear residual 9.533e-03
gmres iter 210 linear residual 9.439e-03
gmres iter 220 linear residual 9.320e-03
gmres iter 230 linear residual 9.183e-03
gmres iter 240 linear residual 9.084e-03
gmres iter 250 linear residual 9.040e-03
gmres iter 260 linear residual 8.974e-03
gmres iter 270 linear residual 8.617e-03
gmres iter 280 linear residual 8.345e-03
gmres iter 290 linear residual 7.839e-03
gmres iter 300 linear residual 7.456e-03
gmres iter 310 linear residual 7.093e-03
res 2.343e-02 (F-block 3.399e-02 p-block 2.869e-02) alpha 1 eta 1.00e-02 iter times 315
gmres iter 10 linear residual 5.683e-02
gmres iter 20 linear residual 3.683e-02
gmres iter 30 linear residual 2.934e-02
gmres iter 40 linear residual 2.247e-02
gmres iter 50 linear residual 1.749e-02
gmres iter 60 linear residual 1.530e-02
gmres iter 70 linear residual 1.372e-02
gmres iter 80 linear residual 1.237e-02
gmres iter 90 linear residual 1.114e-02
gmres iter 100 linear residual 9.995e-03
gmres iter 110 linear residual 9.730e-03
res 7.128e-03 (F-block 5.562e-03 p-block 8.065e-03) alpha 1 eta 1.00e-02 iter times 115
gmres iter 10 linear residual 1.104e-01
gmres iter 20 linear residual 1.023e-01
gmres iter 30 linear residual 9.049e-02
gmres iter 40 linear residual 8.348e-02
gmres iter 50 linear residual 7.895e-02
gmres iter 60 linear residual 7.117e-02
gmres iter 70 linear residual 6.254e-02
gmres iter 80 linear residual 5.648e-02
gmres iter 90 linear residual 5.130e-02
gmres iter 100 linear residual 4.798e-02
gmres iter 110 linear residual 4.747e-02
gmres iter 120 linear residual 4.533e-02
gmres iter 130 linear residual 4.243e-02
gmres iter 140 linear residual 3.966e-02
gmres iter 150 linear residual 3.687e-02
gmres iter 160 linear residual 3.488e-02
gmres iter 170 linear residual 3.218e-02
gmres iter 180 linear residual 2.976e-02
gmres iter 190 linear residual 2.775e-02
gmres iter 200 linear residual 2.647e-02
gmres iter 210 linear residual 2.606e-02
gmres iter 220 linear residual 2.533e-02
gmres iter 230 linear residual 2.448e-02
gmres iter 240 linear residual 2.366e-02
gmres iter 250 linear residual 2.288e-02
gmres iter 260 linear residual 2.238e-02
gmres iter 270 linear residual 2.213e-02
gmres iter 280 linear residual 2.196e-02
gmres iter 290 linear residual 2.177e-02
gmres iter 300 linear residual 2.162e-02
gmres iter 310 linear residual 2.159e-02
gmres iter 320 linear residual 2.150e-02
gmres iter 330 linear residual 2.147e-02
gmres iter 340 linear residual 2.144e-02
gmres iter 350 linear residual 2.141e-02
gmres iter 360 linear residual 2.139e-02
gmres iter 370 linear residual 2.138e-02
gmres iter 380 linear residual 2.136e-02
gmres iter 390 linear residual 2.134e-02
gmres iter 400 linear residual 2.126e-02
gmres iter 410 linear residual 2.126e-02
gmres iter 420 linear residual 2.125e-02
gmres iter 430 linear residual 2.124e-02
gmres iter 440 linear residual 2.123e-02
gmres iter 450 linear residual 2.122e-02
gmres iter 460 linear residual 2.121e-02
gmres iter 470 linear residual 2.116e-02
gmres iter 480 linear residual 2.113e-02
gmres iter 490 linear residual 2.101e-02
gmres iter 500 linear residual 2.091e-02
gmres iter 510 linear residual 2.091e-02
gmres iter 520 linear residual 2.082e-02
gmres iter 530 linear residual 2.074e-02
gmres iter 540 linear residual 2.069e-02
gmres iter 550 linear residual 2.067e-02
gmres iter 560 linear residual 2.066e-02
gmres iter 570 linear residual 2.065e-02
gmres iter 580 linear residual 2.064e-02
gmres iter 590 linear residual 2.064e-02
gmres iter 600 linear residual 2.060e-02
gmres iter 610 linear residual 2.060e-02
gmres iter 620 linear residual 2.060e-02
gmres iter 630 linear residual 2.059e-02
gmres iter 640 linear residual 2.058e-02
gmres iter 650 linear residual 2.057e-02
gmres iter 660 linear residual 2.056e-02
gmres iter 670 linear residual 2.050e-02
gmres iter 680 linear residual 2.043e-02
gmres iter 690 linear residual 2.031e-02
gmres iter 700 linear residual 2.019e-02
gmres iter 710 linear residual 2.018e-02
gmres iter 720 linear residual 2.007e-02
gmres iter 730 linear residual 1.998e-02
gmres iter 740 linear residual 1.996e-02
gmres iter 750 linear residual 1.995e-02
gmres iter 760 linear residual 1.994e-02
gmres iter 770 linear residual 1.993e-02
gmres iter 780 linear residual 1.992e-02
gmres iter 790 linear residual 1.992e-02
gmres iter 800 linear residual 1.991e-02
gmres iter 810 linear residual 1.991e-02
gmres iter 820 linear residual 1.991e-02
gmres iter 830 linear residual 1.990e-02
gmres iter 840 linear residual 1.990e-02
gmres iter 850 linear residual 1.990e-02
gmres iter 860 linear residual 1.989e-02
gmres iter 870 linear residual 1.989e-02
gmres iter 880 linear residual 1.988e-02
gmres iter 890 linear residual 1.984e-02
gmres iter 900 linear residual 1.980e-02
gmres iter 910 linear residual 1.980e-02
gmres iter 920 linear residual 1.977e-02
gmres iter 930 linear residual 1.975e-02
gmres iter 940 linear residual 1.974e-02
gmres iter 950 linear residual 1.973e-02
gmres iter 960 linear residual 1.973e-02
gmres iter 970 linear residual 1.972e-02
gmres iter 980 linear residual 1.970e-02
gmres iter 990 linear residual 1.965e-02
gmres iter 1000 linear residual 1.959e-02
linear solver hit the iteration cap (1000 iterations, flag 10)
increment failed (gmres_iteration_cap); cutting step to 0.025
this increment is 0.025 (target 0.2) ------------------------
gmres iter 10 linear residual 2.250e-02
gmres iter 20 linear residual 9.852e-03
gmres iter 30 linear residual 7.621e-03
res 1.296e-02 (F-block 1.732e-02 p-block 5.897e-01) alpha 1 eta 1.00e-02 iter times 33
gmres iter 10 linear residual 2.843e-01
gmres iter 20 linear residual 2.321e-01
gmres iter 30 linear residual 1.562e-01
gmres iter 40 linear residual 9.659e-02
gmres iter 50 linear residual 8.079e-02
gmres iter 60 linear residual 6.833e-02
gmres iter 70 linear residual 6.100e-02
gmres iter 80 linear residual 5.091e-02
gmres iter 90 linear residual 4.432e-02
gmres iter 100 linear residual 3.930e-02
gmres iter 110 linear residual 3.846e-02
gmres iter 120 linear residual 3.568e-02
gmres iter 130 linear residual 3.170e-02
gmres iter 140 linear residual 2.913e-02
gmres iter 150 linear residual 2.635e-02
gmres iter 160 linear residual 2.269e-02
gmres iter 170 linear residual 1.937e-02
gmres iter 180 linear residual 1.663e-02
gmres iter 190 linear residual 1.461e-02
gmres iter 200 linear residual 1.298e-02
gmres iter 210 linear residual 1.259e-02
gmres iter 220 linear residual 1.179e-02
gmres iter 230 linear residual 1.100e-02
gmres iter 240 linear residual 1.008e-02
res 7.390e-03 (F-block 2.643e-03 p-block 6.119e-03) alpha 1 eta 1.00e-02 iter times 247
gmres iter 10 linear residual 9.103e-02
gmres iter 20 linear residual 7.677e-02
gmres iter 30 linear residual 6.771e-02
gmres iter 40 linear residual 6.138e-02
gmres iter 50 linear residual 5.599e-02
gmres iter 60 linear residual 5.423e-02
gmres iter 70 linear residual 5.211e-02
gmres iter 80 linear residual 4.877e-02
gmres iter 90 linear residual 4.576e-02
gmres iter 100 linear residual 4.203e-02
gmres iter 110 linear residual 4.138e-02
gmres iter 120 linear residual 3.857e-02
gmres iter 130 linear residual 3.614e-02
gmres iter 140 linear residual 3.361e-02
gmres iter 150 linear residual 3.221e-02
gmres iter 160 linear residual 3.113e-02
gmres iter 170 linear residual 2.929e-02
gmres iter 180 linear residual 2.795e-02
gmres iter 190 linear residual 2.638e-02
gmres iter 200 linear residual 2.369e-02
gmres iter 210 linear residual 2.280e-02
gmres iter 220 linear residual 2.107e-02
gmres iter 230 linear residual 2.010e-02
gmres iter 240 linear residual 1.891e-02
gmres iter 250 linear residual 1.832e-02
gmres iter 260 linear residual 1.782e-02
gmres iter 270 linear residual 1.719e-02
gmres iter 280 linear residual 1.651e-02
gmres iter 290 linear residual 1.560e-02
gmres iter 300 linear residual 1.468e-02
gmres iter 310 linear residual 1.433e-02
gmres iter 320 linear residual 1.346e-02
gmres iter 330 linear residual 1.301e-02
gmres iter 340 linear residual 1.247e-02
gmres iter 350 linear residual 1.203e-02
gmres iter 360 linear residual 1.171e-02
gmres iter 370 linear residual 1.113e-02
gmres iter 380 linear residual 1.060e-02
gmres iter 390 linear residual 9.965e-03
gmres iter 400 linear residual 9.367e-03
gmres iter 410 linear residual 9.147e-03
gmres iter 420 linear residual 8.572e-03
gmres iter 430 linear residual 8.198e-03
gmres iter 440 linear residual 7.828e-03
gmres iter 450 linear residual 7.682e-03
gmres iter 460 linear residual 7.482e-03
gmres iter 470 linear residual 7.168e-03
gmres iter 480 linear residual 6.728e-03
gmres iter 490 linear residual 6.350e-03
gmres iter 500 linear residual 6.115e-03
gmres iter 510 linear residual 6.040e-03
gmres iter 520 linear residual 5.755e-03
gmres iter 530 linear residual 5.538e-03
gmres iter 540 linear residual 5.338e-03
gmres iter 550 linear residual 5.213e-03
gmres iter 560 linear residual 5.068e-03
gmres iter 570 linear residual 4.846e-03
gmres iter 580 linear residual 4.600e-03
gmres iter 590 linear residual 4.292e-03
gmres iter 600 linear residual 4.076e-03
gmres iter 610 linear residual 3.974e-03
gmres iter 620 linear residual 3.806e-03
gmres iter 630 linear residual 3.725e-03
gmres iter 640 linear residual 3.630e-03
gmres iter 650 linear residual 3.570e-03
gmres iter 660 linear residual 3.410e-03
gmres iter 670 linear residual 3.289e-03
gmres iter 680 linear residual 3.116e-03
gmres iter 690 linear residual 3.013e-03
gmres iter 700 linear residual 2.812e-03
gmres iter 710 linear residual 2.750e-03
gmres iter 720 linear residual 2.648e-03
gmres iter 730 linear residual 2.579e-03
gmres iter 740 linear residual 2.505e-03
gmres iter 750 linear residual 2.446e-03
gmres iter 760 linear residual 2.372e-03
gmres iter 770 linear residual 2.277e-03
gmres iter 780 linear residual 2.114e-03
gmres iter 790 linear residual 1.996e-03
gmres iter 800 linear residual 1.918e-03
gmres iter 810 linear residual 1.899e-03
gmres iter 820 linear residual 1.792e-03
gmres iter 830 linear residual 1.740e-03
gmres iter 840 linear residual 1.705e-03
gmres iter 850 linear residual 1.666e-03
gmres iter 860 linear residual 1.606e-03
gmres iter 870 linear residual 1.500e-03
gmres iter 880 linear residual 1.410e-03
gmres iter 890 linear residual 1.363e-03
gmres iter 900 linear residual 1.321e-03
gmres iter 910 linear residual 1.308e-03
gmres iter 920 linear residual 1.272e-03
gmres iter 930 linear residual 1.240e-03
gmres iter 940 linear residual 1.203e-03
gmres iter 950 linear residual 1.172e-03
gmres iter 960 linear residual 1.134e-03
gmres iter 970 linear residual 1.069e-03
gmres iter 980 linear residual 1.017e-03
res 4.564e-04 (F-block 7.996e-05 p-block 7.298e-05) alpha 1 eta 1.00e-03 iter times 989
gmres iter 10 linear residual 5.637e-02
gmres iter 20 linear residual 4.600e-02
gmres iter 30 linear residual 4.235e-02
gmres iter 40 linear residual 4.133e-02
gmres iter 50 linear residual 4.003e-02
gmres iter 60 linear residual 3.934e-02
gmres iter 70 linear residual 3.849e-02
gmres iter 80 linear residual 3.635e-02
gmres iter 90 linear residual 3.512e-02
gmres iter 100 linear residual 3.338e-02
gmres iter 110 linear residual 3.318e-02
gmres iter 120 linear residual 3.210e-02
gmres iter 130 linear residual 3.060e-02
gmres iter 140 linear residual 2.931e-02
gmres iter 150 linear residual 2.852e-02
gmres iter 160 linear residual 2.652e-02
gmres iter 170 linear residual 2.517e-02
gmres iter 180 linear residual 2.418e-02
gmres iter 190 linear residual 2.346e-02
gmres iter 200 linear residual 2.222e-02
gmres iter 210 linear residual 2.202e-02
gmres iter 220 linear residual 2.160e-02
gmres iter 230 linear residual 2.052e-02
gmres iter 240 linear residual 1.904e-02
gmres iter 250 linear residual 1.773e-02
gmres iter 260 linear residual 1.702e-02
gmres iter 270 linear residual 1.630e-02
gmres iter 280 linear residual 1.567e-02
gmres iter 290 linear residual 1.511e-02
gmres iter 300 linear residual 1.472e-02
gmres iter 310 linear residual 1.466e-02
gmres iter 320 linear residual 1.427e-02
gmres iter 330 linear residual 1.377e-02
gmres iter 340 linear residual 1.284e-02
gmres iter 350 linear residual 1.224e-02
gmres iter 360 linear residual 1.176e-02
gmres iter 370 linear residual 1.120e-02
gmres iter 380 linear residual 1.078e-02
gmres iter 390 linear residual 1.052e-02
gmres iter 400 linear residual 1.028e-02
gmres iter 410 linear residual 1.018e-02
gmres iter 420 linear residual 9.972e-03
gmres iter 430 linear residual 9.567e-03
gmres iter 440 linear residual 9.129e-03
gmres iter 450 linear residual 8.778e-03
gmres iter 460 linear residual 8.347e-03
gmres iter 470 linear residual 7.970e-03
gmres iter 480 linear residual 7.577e-03
gmres iter 490 linear residual 7.426e-03
gmres iter 500 linear residual 7.247e-03
gmres iter 510 linear residual 7.203e-03
gmres iter 520 linear residual 7.056e-03
gmres iter 530 linear residual 6.889e-03
gmres iter 540 linear residual 6.617e-03
gmres iter 550 linear residual 6.409e-03
gmres iter 560 linear residual 6.126e-03
gmres iter 570 linear residual 5.725e-03
gmres iter 580 linear residual 5.431e-03
gmres iter 590 linear residual 5.282e-03
gmres iter 600 linear residual 5.187e-03
gmres iter 610 linear residual 5.165e-03
gmres iter 620 linear residual 5.028e-03
gmres iter 630 linear residual 4.893e-03
gmres iter 640 linear residual 4.709e-03
gmres iter 650 linear residual 4.584e-03
gmres iter 660 linear residual 4.316e-03
gmres iter 670 linear residual 4.060e-03
gmres iter 680 linear residual 3.868e-03
gmres iter 690 linear residual 3.764e-03
gmres iter 700 linear residual 3.689e-03
gmres iter 710 linear residual 3.662e-03
gmres iter 720 linear residual 3.576e-03
gmres iter 730 linear residual 3.502e-03
gmres iter 740 linear residual 3.400e-03
gmres iter 750 linear residual 3.295e-03
gmres iter 760 linear residual 3.175e-03
gmres iter 770 linear residual 2.930e-03
gmres iter 780 linear residual 2.794e-03
gmres iter 790 linear residual 2.681e-03
gmres iter 800 linear residual 2.641e-03
gmres iter 810 linear residual 2.634e-03
gmres iter 820 linear residual 2.572e-03
gmres iter 830 linear residual 2.498e-03
gmres iter 840 linear residual 2.423e-03
gmres iter 850 linear residual 2.342e-03
gmres iter 860 linear residual 2.219e-03
gmres iter 870 linear residual 2.077e-03
gmres iter 880 linear residual 1.980e-03
gmres iter 890 linear residual 1.946e-03
gmres iter 900 linear residual 1.887e-03
gmres iter 910 linear residual 1.861e-03
gmres iter 920 linear residual 1.820e-03
gmres iter 930 linear residual 1.780e-03
gmres iter 940 linear residual 1.727e-03
gmres iter 950 linear residual 1.683e-03
gmres iter 960 linear residual 1.623e-03
gmres iter 970 linear residual 1.503e-03
gmres iter 980 linear residual 1.429e-03
gmres iter 990 linear residual 1.364e-03
gmres iter 1000 linear residual 1.344e-03
linear solver hit the iteration cap (1000 iterations, flag 10)
increment failed (gmres_iteration_cap); cutting step to 0.0125
this increment is 0.0125 (target 0.2) ------------------------
gmres iter 10 linear residual 2.104e-02
gmres iter 20 linear residual 6.820e-03
res 5.348e-03 (F-block 8.617e-03 p-block 8.725e-01) alpha 1 eta 1.00e-02 iter times 20
gmres iter 10 linear residual 5.135e-01
gmres iter 20 linear residual 3.258e-01
gmres iter 30 linear residual 2.559e-01
gmres iter 40 linear residual 1.895e-01
gmres iter 50 linear residual 1.480e-01
gmres iter 60 linear residual 1.368e-01
gmres iter 70 linear residual 1.166e-01
gmres iter 80 linear residual 9.878e-02
gmres iter 90 linear residual 8.627e-02
gmres iter 100 linear residual 7.760e-02
gmres iter 110 linear residual 7.623e-02
gmres iter 120 linear residual 7.074e-02
gmres iter 130 linear residual 6.420e-02
gmres iter 140 linear residual 5.767e-02
gmres iter 150 linear residual 5.139e-02
gmres iter 160 linear residual 4.492e-02
gmres iter 170 linear residual 3.919e-02
gmres iter 180 linear residual 3.336e-02
gmres iter 190 linear residual 2.814e-02
gmres iter 200 linear residual 2.591e-02
gmres iter 210 linear residual 2.532e-02
gmres iter 220 linear residual 2.378e-02
gmres iter 230 linear residual 2.240e-02
gmres iter 240 linear residual 2.005e-02
gmres iter 250 linear residual 1.859e-02
gmres iter 260 linear residual 1.730e-02
gmres iter 270 linear residual 1.585e-02
gmres iter 280 linear residual 1.418e-02
gmres iter 290 linear residual 1.285e-02
gmres iter 300 linear residual 1.202e-02
gmres iter 310 linear residual 1.180e-02
gmres iter 320 linear residual 1.129e-02
gmres iter 330 linear residual 1.076e-02
gmres iter 340 linear residual 1.010e-02
res 4.807e-03 (F-block 1.151e-03 p-block 3.543e-03) alpha 1 eta 1.00e-02 iter times 349
gmres iter 10 linear residual 1.122e-01
gmres iter 20 linear residual 9.395e-02
gmres iter 30 linear residual 7.967e-02
gmres iter 40 linear residual 7.254e-02
gmres iter 50 linear residual 6.578e-02
gmres iter 60 linear residual 6.418e-02
gmres iter 70 linear residual 6.116e-02
gmres iter 80 linear residual 5.669e-02
gmres iter 90 linear residual 5.287e-02
gmres iter 100 linear residual 4.992e-02
gmres iter 110 linear residual 4.973e-02
gmres iter 120 linear residual 4.784e-02
gmres iter 130 linear residual 4.498e-02
gmres iter 140 linear residual 4.173e-02
gmres iter 150 linear residual 3.945e-02
gmres iter 160 linear residual 3.761e-02
gmres iter 170 linear residual 3.437e-02
gmres iter 180 linear residual 3.242e-02
gmres iter 190 linear residual 3.116e-02
gmres iter 200 linear residual 2.945e-02
gmres iter 210 linear residual 2.907e-02
gmres iter 220 linear residual 2.777e-02
gmres iter 230 linear residual 2.579e-02
gmres iter 240 linear residual 2.375e-02
gmres iter 250 linear residual 2.287e-02
gmres iter 260 linear residual 2.182e-02
gmres iter 270 linear residual 2.052e-02
gmres iter 280 linear residual 1.964e-02
gmres iter 290 linear residual 1.886e-02
gmres iter 300 linear residual 1.828e-02
gmres iter 310 linear residual 1.822e-02
gmres iter 320 linear residual 1.771e-02
gmres iter 330 linear residual 1.686e-02
gmres iter 340 linear residual 1.564e-02
gmres iter 350 linear residual 1.459e-02
gmres iter 360 linear residual 1.402e-02
gmres iter 370 linear residual 1.320e-02
gmres iter 380 linear residual 1.280e-02
gmres iter 390 linear residual 1.229e-02
gmres iter 400 linear residual 1.194e-02
gmres iter 410 linear residual 1.186e-02
gmres iter 420 linear residual 1.150e-02
gmres iter 430 linear residual 1.053e-02
gmres iter 440 linear residual 9.895e-03
gmres iter 450 linear residual 9.533e-03
gmres iter 460 linear residual 9.159e-03
gmres iter 470 linear residual 8.635e-03
gmres iter 480 linear residual 8.338e-03
gmres iter 490 linear residual 8.146e-03
gmres iter 500 linear residual 7.842e-03
gmres iter 510 linear residual 7.795e-03
gmres iter 520 linear residual 7.566e-03
gmres iter 530 linear residual 7.228e-03
gmres iter 540 linear residual 6.804e-03
gmres iter 550 linear residual 6.368e-03
gmres iter 560 linear residual 6.092e-03
gmres iter 570 linear residual 5.774e-03
gmres iter 580 linear residual 5.533e-03
gmres iter 590 linear residual 5.345e-03
gmres iter 600 linear residual 5.233e-03
gmres iter 610 linear residual 5.208e-03
gmres iter 620 linear residual 5.045e-03
gmres iter 630 linear residual 4.590e-03
gmres iter 640 linear residual 4.347e-03
gmres iter 650 linear residual 4.182e-03
gmres iter 660 linear residual 4.037e-03
gmres iter 670 linear residual 3.820e-03
gmres iter 680 linear residual 3.681e-03
gmres iter 690 linear residual 3.604e-03
gmres iter 700 linear residual 3.518e-03
gmres iter 710 linear residual 3.500e-03
gmres iter 720 linear residual 3.406e-03
gmres iter 730 linear residual 3.245e-03
gmres iter 740 linear residual 3.037e-03
gmres iter 750 linear residual 2.863e-03
gmres iter 760 linear residual 2.767e-03
gmres iter 770 linear residual 2.645e-03
gmres iter 780 linear residual 2.543e-03
gmres iter 790 linear residual 2.436e-03
gmres iter 800 linear residual 2.380e-03
gmres iter 810 linear residual 2.361e-03
gmres iter 820 linear residual 2.274e-03
gmres iter 830 linear residual 2.077e-03
gmres iter 840 linear residual 1.953e-03
gmres iter 850 linear residual 1.887e-03
gmres iter 860 linear residual 1.825e-03
gmres iter 870 linear residual 1.761e-03
gmres iter 880 linear residual 1.721e-03
gmres iter 890 linear residual 1.670e-03
gmres iter 900 linear residual 1.609e-03
gmres iter 910 linear residual 1.591e-03
gmres iter 920 linear residual 1.548e-03
gmres iter 930 linear residual 1.485e-03
gmres iter 940 linear residual 1.410e-03
gmres iter 950 linear residual 1.339e-03
gmres iter 960 linear residual 1.287e-03
gmres iter 970 linear residual 1.238e-03
gmres iter 980 linear residual 1.199e-03
gmres iter 990 linear residual 1.167e-03
gmres iter 1000 linear residual 1.112e-03
linear solver hit the iteration cap (1000 iterations, flag 10)
increment failed (gmres_iteration_cap); cutting step to 0.00625
this increment is 0.00625 (target 0.2) ------------------------
gmres iter 10 linear residual 2.067e-02
res 2.637e-03 (F-block 8.450e-03 p-block 8.947e-01) alpha 1 eta 1.00e-02 iter times 18
gmres iter 10 linear residual 5.504e-01
gmres iter 20 linear residual 3.297e-01
gmres iter 30 linear residual 2.706e-01
gmres iter 40 linear residual 1.875e-01
gmres iter 50 linear residual 1.523e-01
gmres iter 60 linear residual 1.330e-01
gmres iter 70 linear residual 1.159e-01
gmres iter 80 linear residual 1.014e-01
gmres iter 90 linear residual 8.674e-02
gmres iter 100 linear residual 7.953e-02
gmres iter 110 linear residual 7.806e-02
gmres iter 120 linear residual 7.234e-02
gmres iter 130 linear residual 6.601e-02
gmres iter 140 linear residual 5.955e-02
gmres iter 150 linear residual 5.282e-02
gmres iter 160 linear residual 4.604e-02
gmres iter 170 linear residual 4.097e-02
gmres iter 180 linear residual 3.316e-02
gmres iter 190 linear residual 2.900e-02
gmres iter 200 linear residual 2.651e-02
gmres iter 210 linear residual 2.578e-02
gmres iter 220 linear residual 2.429e-02
gmres iter 230 linear residual 2.278e-02
gmres iter 240 linear residual 2.069e-02
gmres iter 250 linear residual 1.910e-02
gmres iter 260 linear residual 1.759e-02
gmres iter 270 linear residual 1.627e-02
gmres iter 280 linear residual 1.459e-02
gmres iter 290 linear residual 1.314e-02
gmres iter 300 linear residual 1.222e-02
gmres iter 310 linear residual 1.195e-02
gmres iter 320 linear residual 1.142e-02
gmres iter 330 linear residual 1.098e-02
gmres iter 340 linear residual 1.022e-02
gmres iter 350 linear residual 9.662e-03
res 2.478e-03 (F-block 5.798e-04 p-block 2.502e-03) alpha 1 eta 1.00e-02 iter times 350
gmres iter 10 linear residual 1.643e-01
gmres iter 20 linear residual 1.501e-01
gmres iter 30 linear residual 1.338e-01
gmres iter 40 linear residual 1.266e-01
gmres iter 50 linear residual 1.181e-01
gmres iter 60 linear residual 1.147e-01
gmres iter 70 linear residual 1.075e-01
gmres iter 80 linear residual 9.989e-02
gmres iter 90 linear residual 9.390e-02
gmres iter 100 linear residual 8.833e-02
gmres iter 110 linear residual 8.786e-02
gmres iter 120 linear residual 8.412e-02
gmres iter 130 linear residual 7.833e-02
gmres iter 140 linear residual 7.246e-02
gmres iter 150 linear residual 6.924e-02
gmres iter 160 linear residual 6.642e-02
gmres iter 170 linear residual 6.200e-02
gmres iter 180 linear residual 5.948e-02
gmres iter 190 linear residual 5.771e-02
gmres iter 200 linear residual 5.415e-02
gmres iter 210 linear residual 5.338e-02
gmres iter 220 linear residual 5.131e-02
gmres iter 230 linear residual 4.774e-02
gmres iter 240 linear residual 4.401e-02
gmres iter 250 linear residual 4.225e-02
gmres iter 260 linear residual 4.033e-02
gmres iter 270 linear residual 3.844e-02
gmres iter 280 linear residual 3.698e-02
gmres iter 290 linear residual 3.493e-02
gmres iter 300 linear residual 3.379e-02
gmres iter 310 linear residual 3.362e-02
gmres iter 320 linear residual 3.247e-02
gmres iter 330 linear residual 3.059e-02
gmres iter 340 linear residual 2.828e-02
gmres iter 350 linear residual 2.692e-02
gmres iter 360 linear residual 2.628e-02
gmres iter 370 linear residual 2.488e-02
gmres iter 380 linear residual 2.420e-02
gmres iter 390 linear residual 2.293e-02
gmres iter 400 linear residual 2.215e-02
gmres iter 410 linear residual 2.193e-02
gmres iter 420 linear residual 2.127e-02
gmres iter 430 linear residual 1.970e-02
gmres iter 440 linear residual 1.868e-02
gmres iter 450 linear residual 1.779e-02
gmres iter 460 linear residual 1.720e-02
gmres iter 470 linear residual 1.639e-02
gmres iter 480 linear residual 1.604e-02
gmres iter 490 linear residual 1.530e-02
gmres iter 500 linear residual 1.457e-02
gmres iter 510 linear residual 1.441e-02
gmres iter 520 linear residual 1.387e-02
gmres iter 530 linear residual 1.335e-02
gmres iter 540 linear residual 1.241e-02
gmres iter 550 linear residual 1.185e-02
gmres iter 560 linear residual 1.140e-02
gmres iter 570 linear residual 1.081e-02
gmres iter 580 linear residual 1.052e-02
gmres iter 590 linear residual 1.015e-02
gmres iter 600 linear residual 9.769e-03
gmres iter 610 linear residual 9.613e-03
gmres iter 620 linear residual 9.331e-03
gmres iter 630 linear residual 8.733e-03
gmres iter 640 linear residual 8.292e-03
gmres iter 650 linear residual 7.987e-03
gmres iter 660 linear residual 7.695e-03
gmres iter 670 linear residual 7.351e-03
gmres iter 680 linear residual 6.968e-03
gmres iter 690 linear residual 6.778e-03
gmres iter 700 linear residual 6.466e-03
gmres iter 710 linear residual 6.421e-03
gmres iter 720 linear residual 6.213e-03
gmres iter 730 linear residual 5.893e-03
gmres iter 740 linear residual 5.410e-03
gmres iter 750 linear residual 5.240e-03
gmres iter 760 linear residual 5.082e-03
gmres iter 770 linear residual 4.910e-03
gmres iter 780 linear residual 4.728e-03
gmres iter 790 linear residual 4.480e-03
gmres iter 800 linear residual 4.366e-03
gmres iter 810 linear residual 4.339e-03
gmres iter 820 linear residual 4.165e-03
gmres iter 830 linear residual 3.914e-03
gmres iter 840 linear residual 3.717e-03
gmres iter 850 linear residual 3.594e-03
gmres iter 860 linear residual 3.458e-03
gmres iter 870 linear residual 3.376e-03
gmres iter 880 linear residual 3.286e-03
gmres iter 890 linear residual 3.101e-03
gmres iter 900 linear residual 2.922e-03
gmres iter 910 linear residual 2.862e-03
gmres iter 920 linear residual 2.758e-03
gmres iter 930 linear residual 2.637e-03
gmres iter 940 linear residual 2.494e-03
gmres iter 950 linear residual 2.390e-03
gmres iter 960 linear residual 2.291e-03
gmres iter 970 linear residual 2.221e-03
gmres iter 980 linear residual 2.157e-03
gmres iter 990 linear residual 2.098e-03
gmres iter 1000 linear residual 2.022e-03
linear solver hit the iteration cap (1000 iterations, flag 10)
increment failed (gmres_iteration_cap); cutting step to 0.003125
SOLVER FAILED: no convergence at load 0.1 even with the
minimum sub-step; results are only saved up to the last
converged increment boundary.
solver stats are saved to solver_stats.json
F and P are saved to output.csv
