---------------------------------------------
-- mixed FFT based solver, by WANG Mingchuan
---------------------------------------------
gmres restart length: 100
Ghat4 is formed (fourier discretization)...
this increment is 0.1 (target 0.1) ------------------------
gmres iter 10 linear residual 3.781e-03
gmres iter 20 linear residual 1.904e-03
gmres iter 30 linear residual 1.554e-03
gmres iter 40 linear residual 1.420e-03
gmres iter 50 linear residual 1.263e-03
gmres iter 60 linear residual 1.217e-03
gmres iter 70 linear residual 1.142e-03
gmres iter 80 linear residual 1.073e-03
gmres iter 90 linear residual 1.015e-03
gmres iter 100 linear residual 9.752e-04
gmres iter 110 linear residual 9.746e-04
gmres iter 120 linear residual 9.674e-04
gmres iter 130 linear residual 9.594e-04
gmres iter 140 linear residual 9.562e-04
gmres iter 150 linear residual 9.504e-04
gmres iter 160 linear residual 9.432e-04
gmres iter 170 linear residual 9.296e-04
gmres iter 180 linear residual 9.199e-04
gmres iter 190 linear residual 9.073e-04
gmres iter 200 linear residual 8.735e-04
gmres iter 210 linear residual 8.717e-04
gmres iter 220 linear residual 8.636e-04
gmres iter 230 linear residual 8.579e-04
gmres iter 240 linear residual 8.535e-04
gmres iter 250 linear residual 8.501e-04
gmres iter 260 linear residual 8.438e-04
gmres iter 270 linear residual 8.395e-04
gmres iter 280 linear residual 8.346e-04
gmres iter 290 linear residual 8.271e-04
gmres iter 300 linear residual 8.156e-04
gmres iter 310 linear residual 8.148e-04
gmres iter 320 linear residual 8.097e-04
gmres iter 330 linear residual 8.069e-04
gmres iter 340 linear residual 8.055e-04
gmres iter 350 linear residual 8.029e-04
gmres iter 360 linear residual 8.012e-04
gmres iter 370 linear residual 8.000e-04
gmres iter 380 linear residual 7.991e-04
gmres iter 390 linear residual 7.967e-04
gmres iter 400 linear residual 7.885e-04
gmres iter 410 linear residual 7.879e-04
gmres iter 420 linear residual 7.846e-04
gmres iter 430 linear residual 7.822e-04
gmres iter 440 linear residual 7.797e-04
gmres iter 450 linear residual 7.784e-04
gmres iter 460 linear residual 7.741e-04
gmres iter 470 linear residual 7.700e-04
gmres iter 480 linear residual 7.672e-04
gmres iter 490 linear residual 7.577e-04
gmres iter 500 linear residual 7.368e-04
gmres iter 510 linear residual 7.356e-04
gmres iter 520 linear residual 7.275e-04
gmres iter 530 linear residual 7.212e-04
gmres iter 540 linear residual 7.175e-04
gmres iter 550 linear residual 7.138e-04
gmres iter 560 linear residual 7.109e-04
gmres iter 570 linear residual 7.096e-04
gmres iter 580 linear residual 7.080e-04
gmres iter 590 linear residual 7.048e-04
gmres iter 600 linear residual 7.025e-04
res 5.951e-02 (F-block 8.641e-02 p-block 5.488e-02) alpha 1 eta 1.00e-02 iter times 600
gmres iter 10 linear residual 2.324e-02
gmres iter 20 linear residual 1.105e-02
gmres iter 30 linear residual 6.914e-03
gmres iter 40 linear residual 5.150e-03
gmres iter 50 linear residual 4.212e-03
gmres iter 60 linear residual 3.262e-03
gmres iter 70 linear residual 2.620e-03
gmres iter 80 linear residual 2.264e-03
gmres iter 90 linear residual 1.948e-03
gmres iter 100 linear residual 1.702e-03
gmres iter 110 linear residual 1.677e-03
gmres iter 120 linear residual 1.655e-03
gmres iter 130 linear residual 1.593e-03
gmres iter 140 linear residual 1.566e-03
gmres iter 150 linear residual 1.555e-03
gmres iter 160 linear residual 1.549e-03
gmres iter 170 linear residual 1.532e-03
gmres iter 180 linear residual 1.461e-03
gmres iter 190 linear residual 1.398e-03
gmres iter 200 linear residual 1.334e-03
gmres iter 210 linear residual 1.317e-03
gmres iter 220 linear residual 1.299e-03
gmres iter 230 linear residual 1.279e-03
gmres iter 240 linear residual 1.277e-03
gmres iter 250 linear residual 1.267e-03
gmres iter 260 linear residual 1.242e-03
gmres iter 270 linear residual 1.199e-03
gmres iter 280 linear residual 1.169e-03
gmres iter 290 linear residual 1.149e-03
gmres iter 300 linear residual 1.144e-03
gmres iter 310 linear residual 1.144e-03
gmres iter 320 linear residual 1.140e-03
gmres iter 330 linear residual 1.116e-03
gmres iter 340 linear residual 1.080e-03
gmres iter 350 linear residual 1.040e-03
gmres iter 360 linear residual 1.020e-03
gmres iter 370 linear residual 1.018e-03
gmres iter 380 linear residual 1.014e-03
gmres iter 390 linear residual 9.825e-04
gmres iter 400 linear residual 9.305e-04
gmres iter 410 linear residual 8.978e-04
gmres iter 420 linear residual 8.653e-04
gmres iter 430 linear residual 8.565e-04
gmres iter 440 linear residual 8.543e-04
gmres iter 450 linear residual 8.435e-04
gmres iter 460 linear residual 8.184e-04
gmres iter 470 linear residual 7.914e-04
gmres iter 480 linear residual 7.727e-04
gmres iter 490 linear residual 7.665e-04
gmres iter 500 linear residual 7.646e-04
gmres iter 510 linear residual 7.643e-04
gmres iter 520 linear residual 7.624e-04
gmres iter 530 linear residual 7.510e-04
gmres iter 540 linear residual 7.277e-04
gmres iter 550 linear residual 7.102e-04
gmres iter 560 linear residual 6.987e-04
gmres iter 570 linear residual 6.976e-04
gmres iter 580 linear residual 6.928e-04
gmres iter 590 linear residual 6.735e-04
gmres iter 600 linear residual 6.433e-04
gmres iter 610 linear residual 6.264e-04
gmres iter 620 linear residual 5.985e-04
gmres iter 630 linear residual 5.912e-04
gmres iter 640 linear residual 5.902e-04
gmres iter 650 linear residual 5.871e-04
gmres iter 660 linear residual 5.765e-04
gmres iter 670 linear residual 5.597e-04
gmres iter 680 linear residual 5.514e-04
gmres iter 690 linear residual 5.474e-04
gmres iter 700 linear residual 5.455e-04
gmres iter 710 linear residual 5.455e-04
gmres iter 720 linear residual 5.444e-04
gmres iter 730 linear residual 5.336e-04
gmres iter 740 linear residual 5.178e-04
gmres iter 750 linear residual 5.039e-04
gmres iter 760 linear residual 4.978e-04
gmres iter 770 linear residual 4.970e-04
gmres iter 780 linear residual 4.901e-04
gmres iter 790 linear residual 4.746e-04
gmres iter 800 linear residual 4.559e-04
gmres iter 810 linear residual 4.412e-04
gmres iter 820 linear residual 4.241e-04
gmres iter 830 linear residual 4.182e-04
gmres iter 840 linear residual 4.178e-04
gmres iter 850 linear residual 4.160e-04
gmres iter 860 linear residual 4.077e-04
gmres iter 870 linear residual 3.957e-04
gmres iter 880 linear residual 3.892e-04
gmres iter 890 linear residual 3.852e-04
gmres iter 900 linear residual 3.831e-04
gmres iter 910 linear residual 3.830e-04
gmres iter 920 linear residual 3.822e-04
gmres iter 930 linear residual 3.789e-04
gmres iter 940 linear residual 3.731e-04
gmres iter 950 linear residual 3.626e-04
gmres iter 960 linear residual 3.579e-04
gmres iter 970 linear residual 3.576e-04
gmres iter 980 linear residual 3.563e-04
gmres iter 990 linear residual 3.534e-04
gmres iter 1000 linear residual 3.462e-04
linear solver hit the iteration cap (1000 iterations, flag 10)
increment failed (gmres_iteration_cap); cutting step to 0.05
this increment is 0.05 (target 0.1) ------------------------
gmres iter 10 linear residual 3.283e-03
gmres iter 20 linear residual 1.613e-03
gmres iter 30 linear residual 1.000e-03
gmres iter 40 linear residual 8.709e-04
gmres iter 50 linear residual 8.437e-04
gmres iter 60 linear residual 8.273e-04
gmres iter 70 linear residual 7.578e-04
gmres iter 80 linear residual 7.156e-04
gmres iter 90 linear residual 6.503e-04
gmres iter 100 linear residual 6.193e-04
gmres iter 110 linear residual 5.807e-04
gmres iter 120 linear residual 5.739e-04
gmres iter 130 linear residual 5.437e-04
res 2.899e-02 (F-block 4.410e-02 p-block 4.269e-02) alpha 1 eta 1.00e-02 iter times 134
gmres iter 10 linear residual 2.337e-02
gmres iter 20 linear residual 1.264e-02
gmres iter 30 linear residual 8.453e-03
gmres iter 40 linear residual 6.855e-03
gmres iter 50 linear residual 5.554e-03
gmres iter 60 linear residual 4.193e-03
gmres iter 70 linear residual 3.347e-03
gmres iter 80 linear residual 2.746e-03
gmres iter 90 linear residual 2.224e-03
gmres iter 100 linear residual 1.906e-03
gmres iter 110 linear residual 1.878e-03
gmres iter 120 linear residual 1.810e-03
gmres iter 130 linear residual 1.705e-03
gmres iter 140 linear residual 1.610e-03
gmres iter 150 linear residual 1.478e-03
gmres iter 160 linear residual 1.304e-03
gmres iter 170 linear residual 1.183e-03
gmres iter 180 linear residual 1.052e-03
gmres iter 190 linear residual 8.808e-04
gmres iter 200 linear residual 6.969e-04
gmres iter 210 linear residual 6.508e-04
gmres iter 220 linear residual 6.209e-04
gmres iter 230 linear residual 5.761e-04
gmres iter 240 linear residual 5.455e-04
gmres iter 250 linear residual 5.086e-04
gmres iter 260 linear residual 4.635e-04
gmres iter 270 linear residual 4.237e-04
gmres iter 280 linear residual 3.709e-04
gmres iter 290 linear residual 3.103e-04
gmres iter 300 linear residual 2.590e-04
gmres iter 310 linear residual 2.428e-04
gmres iter 320 linear residual 2.233e-04
gmres iter 330 linear residual 2.015e-04
gmres iter 340 linear residual 1.840e-04
gmres iter 350 linear residual 1.714e-04
gmres iter 360 linear residual 1.642e-04
gmres iter 370 linear residual 1.593e-04
gmres iter 380 linear residual 1.576e-04
gmres iter 390 linear residual 1.568e-04
gmres iter 400 linear residual 1.565e-04
gmres iter 410 linear residual 1.565e-04
gmres iter 420 linear residual 1.564e-04
gmres iter 430 linear residual 1.560e-04
gmres iter 440 linear residual 1.547e-04
gmres iter 450 linear residual 1.522e-04
gmres iter 460 linear residual 1.474e-04
gmres iter 470 linear residual 1.413e-04
gmres iter 480 linear residual 1.342e-04
gmres iter 490 linear residual 1.275e-04
gmres iter 500 linear residual 1.215e-04
gmres iter 510 linear residual 1.192e-04
gmres iter 520 linear residual 1.170e-04
gmres iter 530 linear residual 1.156e-04
gmres iter 540 linear residual 1.143e-04
gmres iter 550 linear residual 1.136e-04
gmres iter 560 linear residual 1.131e-04
gmres iter 570 linear residual 1.130e-04
gmres iter 580 linear residual 1.129e-04
gmres iter 590 linear residual 1.128e-04
gmres iter 600 linear residual 1.124e-04
gmres iter 610 linear residual 1.122e-04
gmres iter 620 linear residual 1.122e-04
gmres iter 630 linear residual 1.122e-04
gmres iter 640 linear residual 1.121e-04
gmres iter 650 linear residual 1.119e-04
gmres iter 660 linear residual 1.115e-04
gmres iter 670 linear residual 1.107e-04
gmres iter 680 linear residual 1.100e-04
gmres iter 690 linear residual 1.089e-04
gmres iter 700 linear residual 1.072e-04
gmres iter 710 linear residual 1.066e-04
gmres iter 720 linear residual 1.049e-04
gmres iter 730 linear residual 1.037e-04
gmres iter 740 linear residual 1.026e-04
gmres iter 750 linear residual 1.022e-04
gmres iter 760 linear residual 1.022e-04
gmres iter 770 linear residual 1.021e-04
gmres iter 780 linear residual 1.021e-04
gmres iter 790 linear residual 1.019e-04
gmres iter 800 linear residual 1.014e-04
gmres iter 810 linear residual 1.013e-04
gmres iter 820 linear residual 1.010e-04
gmres iter 830 linear residual 1.009e-04
gmres iter 840 linear residual 1.009e-04
gmres iter 850 linear residual 1.008e-04
gmres iter 860 linear residual 1.007e-04
gmres iter 870 linear residual 1.003e-04
gmres iter 880 linear residual 9.967e-05
gmres iter 890 linear residual 9.868e-05
gmres iter 900 linear residual 9.706e-05
gmres iter 910 linear residual 9.645e-05
gmres iter 920 linear residual 9.546e-05
gmres iter 930 linear residual 9.502e-05
gmres iter 940 linear residual 9.458e-05
gmres iter 950 linear residual 9.427e-05
gmres iter 960 linear residual 9.416e-05
gmres iter 970 linear residual 9.411e-05
gmres iter 980 linear residual 9.402e-05
gmres iter 990 linear residual 9.383e-05
gmres iter 1000 linear residual 9.341e-05
linear solver hit the iteration cap (1000 iterations, flag 10)
increment failed (gmres_iteration_cap); cutting step to 0.025
this increment is 0.025 (target 0.1) ------------------------
gmres iter 10 linear residual 3.062e-03
gmres iter 20 linear residual 1.518e-03
gmres iter 30 linear residual 8.990e-04
gmres iter 40 linear residual 7.781e-04
gmres iter 50 linear residual 6.202e-04
gmres iter 60 linear residual 3.918e-04
gmres iter 70 linear residual 3.325e-04
gmres iter 80 linear residual 3.129e-04
gmres iter 90 linear residual 3.082e-04
gmres iter 100 linear residual 2.834e-04
gmres iter 110 linear residual 2.509e-04
gmres iter 120 linear residual 2.374e-04
gmres iter 130 linear residual 2.339e-04
res 1.664e-02 (F-block 2.312e-02 p-block 2.037e-02) alpha 1 eta 1.00e-02 iter times 131
gmres iter 10 linear residual 2.310e-02
gmres iter 20 linear residual 1.200e-02
gmres iter 30 linear residual 8.192e-03
gmres iter 40 linear residual 7.028e-03
gmres iter 50 linear residual 6.035e-03
gmres iter 60 linear residual 5.001e-03
gmres iter 70 linear residual 4.323e-03
gmres iter 80 linear residual 3.752e-03
gmres iter 90 linear residual 3.055e-03
gmres iter 100 linear residual 2.571e-03
gmres iter 110 linear residual 2.518e-03
gmres iter 120 linear residual 2.439e-03
gmres iter 130 linear residual 2.287e-03
gmres iter 140 linear residual 2.207e-03
gmres iter 150 linear residual 2.041e-03
gmres iter 160 linear residual 1.831e-03
gmres iter 170 linear residual 1.648e-03
gmres iter 180 linear residual 1.462e-03
gmres iter 190 linear residual 1.233e-03
gmres iter 200 linear residual 1.015e-03
gmres iter 210 linear residual 9.186e-04
gmres iter 220 linear residual 8.400e-04
gmres iter 230 linear residual 7.510e-04
gmres iter 240 linear residual 6.796e-04
gmres iter 250 linear residual 5.951e-04
gmres iter 260 linear residual 5.127e-04
gmres iter 270 linear residual 4.415e-04
gmres iter 280 linear residual 3.564e-04
gmres iter 290 linear residual 2.891e-04
gmres iter 300 linear residual 2.378e-04
gmres iter 310 linear residual 2.137e-04
gmres iter 320 linear residual 1.881e-04
gmres iter 330 linear residual 1.628e-04
gmres iter 340 linear residual 1.410e-04
gmres iter 350 linear residual 1.213e-04
gmres iter 360 linear residual 1.035e-04
gmres iter 370 linear residual 8.907e-05
gmres iter 380 linear residual 7.647e-05
gmres iter 390 linear residual 6.538e-05
gmres iter 400 linear residual 5.690e-05
gmres iter 410 linear residual 5.251e-05
gmres iter 420 linear residual 4.776e-05
gmres iter 430 linear residual 4.329e-05
gmres iter 440 linear residual 3.940e-05
gmres iter 450 linear residual 3.587e-05
gmres iter 460 linear residual 3.254e-05
gmres iter 470 linear residual 2.965e-05
gmres iter 480 linear residual 2.694e-05
gmres iter 490 linear residual 2.424e-05
gmres iter 500 linear residual 2.218e-05
gmres iter 510 linear residual 2.067e-05
gmres iter 520 linear residual 1.907e-05
gmres iter 530 linear residual 1.773e-05
gmres iter 540 linear residual 1.626e-05
gmres iter 550 linear residual 1.517e-05
gmres iter 560 linear residual 1.433e-05
gmres iter 570 linear residual 1.350e-05
gmres iter 580 linear residual 1.263e-05
gmres iter 590 linear residual 1.193e-05
gmres iter 600 linear residual 1.162e-05
gmres iter 610 linear residual 1.108e-05
gmres iter 620 linear residual 1.064e-05
gmres iter 630 linear residual 1.026e-05
gmres iter 640 linear residual 9.984e-06
gmres iter 650 linear residual 9.739e-06
gmres iter 660 linear residual 9.466e-06
gmres iter 670 linear residual 9.177e-06
gmres iter 680 linear residual 8.880e-06
gmres iter 690 linear residual 8.585e-06
res 6.618e-03 (F-block 3.399e-03 p-block 2.896e-03) alpha 1 eta 1.00e-03 iter times 690
gmres iter 10 linear residual 5.960e-03
gmres iter 20 linear residual 3.859e-03
gmres iter 30 linear residual 2.727e-03
gmres iter 40 linear residual 2.072e-03
gmres iter 50 linear residual 1.683e-03
gmres iter 60 linear residual 1.377e-03
gmres iter 70 linear residual 1.181e-03
gmres iter 80 linear residual 1.028e-03
gmres iter 90 linear residual 8.923e-04
gmres iter 100 linear residual 7.929e-04
gmres iter 110 linear residual 7.570e-04
gmres iter 120 linear residual 7.016e-04
gmres iter 130 linear residual 6.395e-04
gmres iter 140 linear residual 5.758e-04
gmres iter 150 linear residual 5.024e-04
gmres iter 160 linear residual 4.320e-04
gmres iter 170 linear residual 3.770e-04
gmres iter 180 linear residual 3.288e-04
gmres iter 190 linear residual 2.833e-04
gmres iter 200 linear residual 2.479e-04
gmres iter 210 linear residual 2.174e-04
gmres iter 220 linear residual 1.835e-04
gmres iter 230 linear residual 1.555e-04
gmres iter 240 linear residual 1.354e-04
gmres iter 250 linear residual 1.179e-04
gmres iter 260 linear residual 1.044e-04
res 6.687e-04 (F-block 8.020e-05 p-block 5.111e-05) alpha 1 eta 1.00e-02 iter times 269
gmres iter 10 linear residual 8.163e-03
gmres iter 20 linear residual 5.682e-03
gmres iter 30 linear residual 4.432e-03
gmres iter 40 linear residual 3.734e-03
gmres iter 50 linear residual 3.322e-03
gmres iter 60 linear residual 3.008e-03
gmres iter 70 linear residual 2.756e-03
gmres iter 80 linear residual 2.568e-03
gmres iter 90 linear residual 2.388e-03
gmres iter 100 linear residual 2.216e-03
gmres iter 110 linear residual 2.123e-03
gmres iter 120 linear residual 1.917e-03
gmres iter 130 linear residual 1.794e-03
gmres iter 140 linear residual 1.621e-03
gmres iter 150 linear residual 1.403e-03
gmres iter 160 linear residual 1.216e-03
gmres iter 170 linear residual 1.065e-03
gmres iter 180 linear residual 9.332e-04
gmres iter 190 linear residual 8.300e-04
gmres iter 200 linear residual 7.336e-04
gmres iter 210 linear residual 6.843e-04
gmres iter 220 linear residual 6.224e-04
gmres iter 230 linear residual 5.749e-04
gmres iter 240 linear residual 5.257e-04
gmres iter 250 linear residual 4.831e-04
gmres iter 260 linear residual 4.479e-04
gmres iter 270 linear residual 4.174e-04
gmres iter 280 linear residual 3.856e-04
gmres iter 290 linear residual 3.509e-04
gmres iter 300 linear residual 3.263e-04
gmres iter 310 linear residual 3.124e-04
gmres iter 320 linear residual 2.923e-04
gmres iter 330 linear residual 2.728e-04
gmres iter 340 linear residual 2.523e-04
gmres iter 350 linear residual 2.353e-04
gmres iter 360 linear residual 2.187e-04
gmres iter 370 linear residual 1.973e-04
gmres iter 380 linear residual 1.779e-04
gmres iter 390 linear residual 1.624e-04
gmres iter 400 linear residual 1.485e-04
gmres iter 410 linear residual 1.390e-04
gmres iter 420 linear residual 1.292e-04
gmres iter 430 linear residual 1.213e-04
gmres iter 440 linear residual 1.125e-04
gmres iter 450 linear residual 1.063e-04
gmres iter 460 linear residual 9.814e-05
gmres iter 470 linear residual 9.175e-05
gmres iter 480 linear residual 8.687e-05
gmres iter 490 linear residual 8.181e-05
gmres iter 500 linear residual 7.658e-05
gmres iter 510 linear residual 7.278e-05
gmres iter 520 linear residual 6.878e-05
gmres iter 530 linear residual 6.548e-05
gmres iter 540 linear residual 6.061e-05
gmres iter 550 linear residual 5.646e-05
gmres iter 560 linear residual 5.293e-05
gmres iter 570 linear residual 5.017e-05
gmres iter 580 linear residual 4.707e-05
gmres iter 590 linear residual 4.369e-05
gmres iter 600 linear residual 4.016e-05
gmres iter 610 linear residual 3.739e-05
gmres iter 620 linear residual 3.419e-05
gmres iter 630 linear residual 3.207e-05
gmres iter 640 linear residual 2.964e-05
gmres iter 650 linear residual 2.809e-05
gmres iter 660 linear residual 2.695e-05
gmres iter 670 linear residual 2.579e-05
gmres iter 680 linear residual 2.448e-05
gmres iter 690 linear residual 2.317e-05
gmres iter 700 linear residual 2.168e-05
gmres iter 710 linear residual 2.063e-05
gmres iter 720 linear residual 1.958e-05
gmres iter 730 linear residual 1.864e-05
gmres iter 740 linear residual 1.770e-05
gmres iter 750 linear residual 1.688e-05
gmres iter 760 linear residual 1.578e-05
gmres iter 770 linear residual 1.473e-05
gmres iter 780 linear residual 1.355e-05
gmres iter 790 linear residual 1.225e-05
gmres iter 800 linear residual 1.132e-05
gmres iter 810 linear residual 1.064e-05
gmres iter 820 linear residual 9.964e-06
gmres iter 830 linear residual 9.376e-06
gmres iter 840 linear residual 8.858e-06
gmres iter 850 linear residual 8.292e-06
gmres iter 860 linear residual 7.905e-06
gmres iter 870 linear residual 7.702e-06
gmres iter 880 linear residual 7.351e-06
gmres iter 890 linear residual 7.081e-06
gmres iter 900 linear residual 6.840e-06
gmres iter 910 linear residual 6.417e-06
gmres iter 920 linear residual 6.095e-06
gmres iter 930 linear residual 5.411e-06
gmres iter 940 linear residual 4.887e-06
gmres iter 950 linear residual 4.204e-06
gmres iter 960 linear residual 3.618e-06
res 3.150e-04 (F-block 1.766e-05 p-block 1.175e-05) alpha 1 eta 1.00e-03 iter times 961
gmres iter 10 linear residual 7.008e-03
gmres iter 20 linear residual 5.666e-03
gmres iter 30 linear residual 4.271e-03
gmres iter 40 linear residual 3.036e-03
gmres iter 50 linear residual 2.194e-03
gmres iter 60 linear residual 1.680e-03
gmres iter 70 linear residual 1.318e-03
gmres iter 80 linear residual 1.051e-03
gmres iter 90 linear residual 8.585e-04
gmres iter 100 linear residual 7.155e-04
res 5.871e-07 (F-block 1.694e-07 p-block 4.076e-07) alpha 1 eta 1.00e-02 iter times 100
time this step...263.7246034145355
this increment is 0.025 (target 0.1) ------------------------
gmres iter 10 linear residual 3.081e-03
gmres iter 20 linear residual 1.509e-03
gmres iter 30 linear residual 8.893e-04
gmres iter 40 linear residual 7.686e-04
gmres iter 50 linear residual 6.124e-04
gmres iter 60 linear residual 3.854e-04
gmres iter 70 linear residual 3.273e-04
gmres iter 80 linear residual 3.093e-04
gmres iter 90 linear residual 3.049e-04
gmres iter 100 linear residual 2.784e-04
gmres iter 110 linear residual 2.456e-04
gmres iter 120 linear residual 2.327e-04
gmres iter 130 linear residual 2.294e-04
res 1.630e-02 (F-block 2.297e-02 p-block 2.042e-02) alpha 1 eta 1.00e-02 iter times 131
gmres iter 10 linear residual 2.323e-02
gmres iter 20 linear residual 1.206e-02
gmres iter 30 linear residual 8.201e-03
gmres iter 40 linear residual 7.047e-03
gmres iter 50 linear residual 6.048e-03
gmres iter 60 linear residual 5.001e-03
gmres iter 70 linear residual 4.322e-03
gmres iter 80 linear residual 3.759e-03
gmres iter 90 linear residual 3.054e-03
gmres iter 100 linear residual 2.568e-03
gmres iter 110 linear residual 2.513e-03
gmres iter 120 linear residual 2.437e-03
gmres iter 130 linear residual 2.282e-03
gmres iter 140 linear residual 2.197e-03
gmres iter 150 linear residual 2.032e-03
gmres iter 160 linear residual 1.820e-03
gmres iter 170 linear residual 1.635e-03
gmres iter 180 linear residual 1.448e-03
gmres iter 190 linear residual 1.220e-03
gmres iter 200 linear residual 1.006e-03
gmres iter 210 linear residual 9.060e-04
gmres iter 220 linear residual 8.254e-04
gmres iter 230 linear residual 7.355e-04
gmres iter 240 linear residual 6.620e-04
gmres iter 250 linear residual 5.761e-04
gmres iter 260 linear residual 4.964e-04
gmres iter 270 linear residual 4.266e-04
gmres iter 280 linear residual 3.449e-04
gmres iter 290 linear residual 2.807e-04
gmres iter 300 linear residual 2.315e-04
gmres iter 310 linear residual 2.076e-04
gmres iter 320 linear residual 1.821e-04
gmres iter 330 linear residual 1.580e-04
gmres iter 340 linear residual 1.372e-04
gmres iter 350 linear residual 1.182e-04
gmres iter 360 linear residual 1.017e-04
gmres iter 370 linear residual 8.834e-05
gmres iter 380 linear residual 7.656e-05
gmres iter 390 linear residual 6.640e-05
gmres iter 400 linear residual 5.865e-05
gmres iter 410 linear residual 5.466e-05
gmres iter 420 linear residual 5.040e-05
gmres iter 430 linear residual 4.648e-05
gmres iter 440 linear residual 4.307e-05
gmres iter 450 linear residual 3.999e-05
gmres iter 460 linear residual 3.715e-05
gmres iter 470 linear residual 3.464e-05
gmres iter 480 linear residual 3.241e-05
gmres iter 490 linear residual 3.017e-05
gmres iter 500 linear residual 2.864e-05
gmres iter 510 linear residual 2.759e-05
gmres iter 520 linear residual 2.656e-05
gmres iter 530 linear residual 2.582e-05
gmres iter 540 linear residual 2.510e-05
gmres iter 550 linear residual 2.466e-05
gmres iter 560 linear residual 2.432e-05
gmres iter 570 linear residual 2.409e-05
gmres iter 580 linear residual 2.389e-05
gmres iter 590 linear residual 2.378e-05
gmres iter 600 linear residual 2.373e-05
gmres iter 610 linear residual 2.373e-05
gmres iter 620 linear residual 2.372e-05
gmres iter 630 linear residual 2.371e-05
gmres iter 640 linear residual 2.371e-05
gmres iter 650 linear residual 2.368e-05
gmres iter 660 linear residual 2.362e-05
gmres iter 670 linear residual 2.355e-05
gmres iter 680 linear residual 2.342e-05
gmres iter 690 linear residual 2.322e-05
gmres iter 700 linear residual 2.292e-05
gmres iter 710 linear residual 2.279e-05
gmres iter 720 linear residual 2.252e-05
gmres iter 730 linear residual 2.236e-05
gmres iter 740 linear residual 2.221e-05
gmres iter 750 linear residual 2.213e-05
gmres iter 760 linear residual 2.209e-05
gmres iter 770 linear residual 2.208e-05
gmres iter 780 linear residual 2.206e-05
gmres iter 790 linear residual 2.204e-05
gmres iter 800 linear residual 2.199e-05
gmres iter 810 linear residual 2.198e-05
gmres iter 820 linear residual 2.196e-05
gmres iter 830 linear residual 2.195e-05
gmres iter 840 linear residual 2.195e-05
gmres iter 850 linear residual 2.193e-05
gmres iter 860 linear residual 2.190e-05
gmres iter 870 linear residual 2.185e-05
gmres iter 880 linear residual 2.172e-05
gmres iter 890 linear residual 2.161e-05
gmres iter 900 linear residual 2.146e-05
gmres iter 910 linear residual 2.139e-05
gmres iter 920 linear residual 2.124e-05
gmres iter 930 linear residual 2.110e-05
gmres iter 940 linear residual 2.100e-05
gmres iter 950 linear residual 2.095e-05
gmres iter 960 linear residual 2.093e-05
gmres iter 970 linear residual 2.091e-05
gmres iter 980 linear residual 2.091e-05
gmres iter 990 linear residual 2.087e-05
gmres iter 1000 linear residual 2.081e-05
linear solver hit the iteration cap (1000 iterations, flag 10)
increment failed (gmres_iteration_cap); cutting step to 0.0125
this increment is 0.0125 (target 0.1) ------------------------
gmres iter 10 linear residual 2.979e-03
gmres iter 20 linear residual 1.474e-03
gmres iter 30 linear residual 8.630e-04
gmres iter 40 linear residual 7.512e-04
gmres iter 50 linear residual 5.625e-04
gmres iter 60 linear residual 3.309e-04
gmres iter 70 linear residual 2.657e-04
gmres iter 80 linear residual 2.204e-04
res 7.897e-03 (F-block 1.076e-02 p-block 1.752e-02) alpha 1 eta 1.00e-02 iter times 81
gmres iter 10 linear residual 2.908e-02
gmres iter 20 linear residual 2.092e-02
gmres iter 30 linear residual 1.644e-02
gmres iter 40 linear residual 1.451e-02
gmres iter 50 linear residual 1.230e-02
gmres iter 60 linear residual 9.533e-03
gmres iter 70 linear residual 7.356e-03
gmres iter 80 linear residual 5.714e-03
gmres iter 90 linear residual 4.752e-03
gmres iter 100 linear residual 4.289e-03
gmres iter 110 linear residual 4.260e-03
gmres iter 120 linear residual 4.169e-03
gmres iter 130 linear residual 3.972e-03
gmres iter 140 linear residual 3.798e-03
gmres iter 150 linear residual 3.539e-03
gmres iter 160 linear residual 3.202e-03
gmres iter 170 linear residual 2.971e-03
gmres iter 180 linear residual 2.707e-03
gmres iter 190 linear residual 2.355e-03
gmres iter 200 linear residual 1.965e-03
gmres iter 210 linear residual 1.826e-03
gmres iter 220 linear residual 1.675e-03
gmres iter 230 linear residual 1.504e-03
gmres iter 240 linear residual 1.348e-03
gmres iter 250 linear residual 1.187e-03
gmres iter 260 linear residual 1.040e-03
gmres iter 270 linear residual 8.984e-04
gmres iter 280 linear residual 7.404e-04
gmres iter 290 linear residual 5.979e-04
gmres iter 300 linear residual 4.811e-04
gmres iter 310 linear residual 4.377e-04
gmres iter 320 linear residual 3.847e-04
gmres iter 330 linear residual 3.358e-04
gmres iter 340 linear residual 2.875e-04
gmres iter 350 linear residual 2.457e-04
gmres iter 360 linear residual 2.114e-04
gmres iter 370 linear residual 1.782e-04
gmres iter 380 linear residual 1.518e-04
gmres iter 390 linear residual 1.300e-04
gmres iter 400 linear residual 1.103e-04
gmres iter 410 linear residual 1.009e-04
gmres iter 420 linear residual 8.875e-05
gmres iter 430 linear residual 7.891e-05
gmres iter 440 linear residual 7.077e-05
gmres iter 450 linear residual 6.319e-05
gmres iter 460 linear residual 5.637e-05
gmres iter 470 linear residual 5.029e-05
gmres iter 480 linear residual 4.495e-05
gmres iter 490 linear residual 3.949e-05
gmres iter 500 linear residual 3.639e-05
gmres iter 510 linear residual 3.256e-05
gmres iter 520 linear residual 2.955e-05
gmres iter 530 linear residual 2.679e-05
gmres iter 540 linear residual 2.411e-05
gmres iter 550 linear residual 2.161e-05
gmres iter 560 linear residual 1.946e-05
gmres iter 570 linear residual 1.721e-05
gmres iter 580 linear residual 1.520e-05
gmres iter 590 linear residual 1.363e-05
res 2.714e-03 (F-block 4.744e-04 p-block 7.845e-04) alpha 1 eta 1.00e-03 iter times 590
gmres iter 10 linear residual 7.685e-03
gmres iter 20 linear residual 4.656e-03
gmres iter 30 linear residual 3.263e-03
gmres iter 40 linear residual 2.592e-03
gmres iter 50 linear residual 2.163e-03
gmres iter 60 linear residual 1.787e-03
gmres iter 70 linear residual 1.585e-03
gmres iter 80 linear residual 1.424e-03
gmres iter 90 linear residual 1.246e-03
gmres iter 100 linear residual 1.100e-03
gmres iter 110 linear residual 1.025e-03
gmres iter 120 linear residual 9.441e-04
gmres iter 130 linear residual 8.546e-04
gmres iter 140 linear residual 7.664e-04
gmres iter 150 linear residual 6.649e-04
gmres iter 160 linear residual 5.668e-04
gmres iter 170 linear residual 4.791e-04
gmres iter 180 linear residual 4.116e-04
gmres iter 190 linear residual 3.440e-04
gmres iter 200 linear residual 2.936e-04
gmres iter 210 linear residual 2.628e-04
gmres iter 220 linear residual 2.303e-04
gmres iter 230 linear residual 2.090e-04
gmres iter 240 linear residual 1.876e-04
gmres iter 250 linear residual 1.677e-04
gmres iter 260 linear residual 1.505e-04
gmres iter 270 linear residual 1.340e-04
gmres iter 280 linear residual 1.157e-04
gmres iter 290 linear residual 1.006e-04
gmres iter 300 linear residual 8.777e-05
gmres iter 310 linear residual 8.014e-05
gmres iter 320 linear residual 7.127e-05
gmres iter 330 linear residual 6.490e-05
gmres iter 340 linear residual 5.901e-05
gmres iter 350 linear residual 5.344e-05
gmres iter 360 linear residual 4.861e-05
gmres iter 370 linear residual 4.483e-05
gmres iter 380 linear residual 4.049e-05
gmres iter 390 linear residual 3.689e-05
gmres iter 400 linear residual 3.354e-05
gmres iter 410 linear residual 3.174e-05
gmres iter 420 linear residual 2.936e-05
gmres iter 430 linear residual 2.725e-05
gmres iter 440 linear residual 2.543e-05
gmres iter 450 linear residual 2.369e-05
gmres iter 460 linear residual 2.201e-05
gmres iter 470 linear residual 2.056e-05
gmres iter 480 linear residual 1.897e-05
gmres iter 490 linear residual 1.830e-05
gmres iter 500 linear residual 1.702e-05
gmres iter 510 linear residual 1.603e-05
gmres iter 520 linear residual 1.502e-05
gmres iter 530 linear residual 1.407e-05
gmres iter 540 linear residual 1.325e-05
gmres iter 550 linear residual 1.251e-05
gmres iter 560 linear residual 1.174e-05
gmres iter 570 linear residual 1.077e-05
gmres iter 580 linear residual 9.594e-06
res 6.663e-05 (F-block 1.554e-06 p-block 1.020e-06) alpha 1 eta 1.79e-03 iter times 584
time this step...115.30808138847351
this increment is 0.0125 (target 0.1) ------------------------
gmres iter 10 linear residual 2.988e-03
gmres iter 20 linear residual 1.470e-03
gmres iter 30 linear residual 8.590e-04
gmres iter 40 linear residual 7.473e-04
gmres iter 50 linear residual 5.589e-04
gmres iter 60 linear residual 3.291e-04
gmres iter 70 linear residual 2.635e-04
gmres iter 80 linear residual 2.190e-04
res 7.819e-03 (F-block 1.074e-02 p-block 1.752e-02) alpha 1 eta 1.00e-02 iter times 81
gmres iter 10 linear residual 2.910e-02
gmres iter 20 linear residual 2.086e-02
gmres iter 30 linear residual 1.636e-02
gmres iter 40 linear residual 1.445e-02
gmres iter 50 linear residual 1.225e-02
gmres iter 60 linear residual 9.499e-03
gmres iter 70 linear residual 7.355e-03
gmres iter 80 linear residual 5.704e-03
gmres iter 90 linear residual 4.754e-03
gmres iter 100 linear residual 4.294e-03
gmres iter 110 linear residual 4.265e-03
gmres iter 120 linear residual 4.172e-03
gmres iter 130 linear residual 3.975e-03
gmres iter 140 linear residual 3.800e-03
gmres iter 150 linear residual 3.538e-03
gmres iter 160 linear residual 3.207e-03
gmres iter 170 linear residual 2.976e-03
gmres iter 180 linear residual 2.708e-03
gmres iter 190 linear residual 2.358e-03
gmres iter 200 linear residual 1.963e-03
gmres iter 210 linear residual 1.822e-03
gmres iter 220 linear residual 1.670e-03
gmres iter 230 linear residual 1.495e-03
gmres iter 240 linear residual 1.340e-03
gmres iter 250 linear residual 1.175e-03
gmres iter 260 linear residual 1.030e-03
gmres iter 270 linear residual 8.924e-04
gmres iter 280 linear residual 7.388e-04
gmres iter 290 linear residual 5.918e-04
gmres iter 300 linear residual 4.764e-04
gmres iter 310 linear residual 4.365e-04
gmres iter 320 linear residual 3.815e-04
gmres iter 330 linear residual 3.335e-04
gmres iter 340 linear residual 2.848e-04
gmres iter 350 linear residual 2.435e-04
gmres iter 360 linear residual 2.104e-04
gmres iter 370 linear residual 1.774e-04
gmres iter 380 linear residual 1.517e-04
gmres iter 390 linear residual 1.304e-04
gmres iter 400 linear residual 1.113e-04
gmres iter 410 linear residual 1.018e-04
gmres iter 420 linear residual 9.010e-05
gmres iter 430 linear residual 8.016e-05
gmres iter 440 linear residual 7.195e-05
gmres iter 450 linear residual 6.497e-05
gmres iter 460 linear residual 5.835e-05
gmres iter 470 linear residual 5.241e-05
gmres iter 480 linear residual 4.718e-05
gmres iter 490 linear residual 4.167e-05
gmres iter 500 linear residual 3.772e-05
gmres iter 510 linear residual 3.493e-05
gmres iter 520 linear residual 3.193e-05
gmres iter 530 linear residual 2.936e-05
gmres iter 540 linear residual 2.690e-05
gmres iter 550 linear residual 2.487e-05
gmres iter 560 linear residual 2.308e-05
gmres iter 570 linear residual 2.144e-05
gmres iter 580 linear residual 1.951e-05
gmres iter 590 linear residual 1.798e-05
gmres iter 600 linear residual 1.681e-05
gmres iter 610 linear residual 1.605e-05
gmres iter 620 linear residual 1.524e-05
gmres iter 630 linear residual 1.457e-05
gmres iter 640 linear residual 1.400e-05
gmres iter 650 linear residual 1.349e-05
gmres iter 660 linear residual 1.309e-05
gmres iter 670 linear residual 1.271e-05
gmres iter 680 linear residual 1.228e-05
gmres iter 690 linear residual 1.197e-05
gmres iter 700 linear residual 1.170e-05
res 2.711e-03 (F-block 4.928e-04 p-block 7.957e-04) alpha 1 eta 1.00e-03 iter times 700
gmres iter 10 linear residual 7.885e-03
gmres iter 20 linear residual 4.926e-03
gmres iter 30 linear residual 3.491e-03
gmres iter 40 linear residual 2.726e-03
gmres iter 50 linear residual 2.247e-03
gmres iter 60 linear residual 1.852e-03
gmres iter 70 linear residual 1.656e-03
gmres iter 80 linear residual 1.492e-03
gmres iter 90 linear residual 1.314e-03
gmres iter 100 linear residual 1.173e-03
gmres iter 110 linear residual 1.110e-03
gmres iter 120 linear residual 1.046e-03
gmres iter 130 linear residual 9.708e-04
gmres iter 140 linear residual 8.970e-04
gmres iter 150 linear residual 7.959e-04
gmres iter 160 linear residual 6.895e-04
gmres iter 170 linear residual 5.910e-04
gmres iter 180 linear residual 5.122e-04
gmres iter 190 linear residual 4.242e-04
gmres iter 200 linear residual 3.609e-04
gmres iter 210 linear residual 3.232e-04
gmres iter 220 linear residual 2.900e-04
gmres iter 230 linear residual 2.669e-04
gmres iter 240 linear residual 2.450e-04
gmres iter 250 linear residual 2.235e-04
gmres iter 260 linear residual 2.045e-04
gmres iter 270 linear residual 1.850e-04
gmres iter 280 linear residual 1.613e-04
gmres iter 290 linear residual 1.417e-04
gmres iter 300 linear residual 1.239e-04
gmres iter 310 linear residual 1.142e-04
gmres iter 320 linear residual 1.012e-04
gmres iter 330 linear residual 9.192e-05
gmres iter 340 linear residual 8.456e-05
gmres iter 350 linear residual 7.841e-05
gmres iter 360 linear residual 7.303e-05
gmres iter 370 linear residual 6.849e-05
gmres iter 380 linear residual 6.281e-05
gmres iter 390 linear residual 5.812e-05
gmres iter 400 linear residual 5.454e-05
gmres iter 410 linear residual 5.229e-05
gmres iter 420 linear residual 4.989e-05
gmres iter 430 linear residual 4.736e-05
gmres iter 440 linear residual 4.549e-05
gmres iter 450 linear residual 4.325e-05
gmres iter 460 linear residual 4.105e-05
gmres iter 470 linear residual 3.865e-05
gmres iter 480 linear residual 3.644e-05
gmres iter 490 linear residual 3.429e-05
gmres iter 500 linear residual 3.235e-05
gmres iter 510 linear residual 3.087e-05
gmres iter 520 linear residual 2.884e-05
gmres iter 530 linear residual 2.758e-05
gmres iter 540 linear residual 2.647e-05
gmres iter 550 linear residual 2.557e-05
gmres iter 560 linear residual 2.455e-05
gmres iter 570 linear residual 2.353e-05
gmres iter 580 linear residual 2.246e-05
gmres iter 590 linear residual 2.174e-05
gmres iter 600 linear residual 2.071e-05
gmres iter 610 linear residual 1.974e-05
gmres iter 620 linear residual 1.890e-05
gmres iter 630 linear residual 1.820e-05
gmres iter 640 linear residual 1.749e-05
gmres iter 650 linear residual 1.667e-05
gmres iter 660 linear residual 1.571e-05
gmres iter 670 linear residual 1.490e-05
gmres iter 680 linear residual 1.392e-05
res 9.052e-05 (F-block 4.598e-06 p-block 2.924e-06) alpha 1 eta 1.87e-03 iter times 686
time this step...130.10170078277588
this increment is 0.018750000000000003 (target 0.1) ------------------------
gmres iter 10 linear residual 3.049e-03
gmres iter 20 linear residual 1.483e-03
gmres iter 30 linear residual 8.670e-04
gmres iter 40 linear residual 7.531e-04
gmres iter 50 linear residual 5.684e-04
gmres iter 60 linear residual 3.422e-04
gmres iter 70 linear residual 2.817e-04
gmres iter 80 linear residual 2.416e-04
res 1.183e-02 (F-block 1.676e-02 p-block 1.789e-02) alpha 1 eta 1.00e-02 iter times 85
gmres iter 10 linear residual 2.451e-02
gmres iter 20 linear residual 1.437e-02
gmres iter 30 linear residual 1.044e-02
gmres iter 40 linear residual 9.052e-03
gmres iter 50 linear residual 7.941e-03
gmres iter 60 linear residual 6.485e-03
gmres iter 70 linear residual 5.350e-03
gmres iter 80 linear residual 4.439e-03
gmres iter 90 linear residual 3.600e-03
gmres iter 100 linear residual 3.086e-03
gmres iter 110 linear residual 3.044e-03
gmres iter 120 linear residual 2.950e-03
gmres iter 130 linear residual 2.796e-03
gmres iter 140 linear residual 2.668e-03
gmres iter 150 linear residual 2.470e-03
gmres iter 160 linear residual 2.226e-03
gmres iter 170 linear residual 2.044e-03
gmres iter 180 linear residual 1.822e-03
gmres iter 190 linear residual 1.554e-03
gmres iter 200 linear residual 1.274e-03
gmres iter 210 linear residual 1.163e-03
gmres iter 220 linear residual 1.058e-03
gmres iter 230 linear residual 9.439e-04
gmres iter 240 linear residual 8.516e-04
gmres iter 250 linear residual 7.453e-04
gmres iter 260 linear residual 6.478e-04
gmres iter 270 linear residual 5.566e-04
gmres iter 280 linear residual 4.675e-04
gmres iter 290 linear residual 3.737e-04
gmres iter 300 linear residual 3.085e-04
gmres iter 310 linear residual 2.766e-04
gmres iter 320 linear residual 2.457e-04
gmres iter 330 linear residual 2.139e-04
gmres iter 340 linear residual 1.854e-04
gmres iter 350 linear residual 1.601e-04
gmres iter 360 linear residual 1.370e-04
gmres iter 370 linear residual 1.185e-04
gmres iter 380 linear residual 1.033e-04
gmres iter 390 linear residual 8.999e-05
gmres iter 400 linear residual 7.863e-05
gmres iter 410 linear residual 7.355e-05
gmres iter 420 linear residual 6.839e-05
gmres iter 430 linear residual 6.342e-05
gmres iter 440 linear residual 5.912e-05
gmres iter 450 linear residual 5.564e-05
gmres iter 460 linear residual 5.245e-05
gmres iter 470 linear residual 4.964e-05
gmres iter 480 linear residual 4.712e-05
gmres iter 490 linear residual 4.464e-05
gmres iter 500 linear residual 4.310e-05
gmres iter 510 linear residual 4.215e-05
gmres iter 520 linear residual 4.124e-05
gmres iter 530 linear residual 4.054e-05
gmres iter 540 linear residual 4.003e-05
gmres iter 550 linear residual 3.968e-05
gmres iter 560 linear residual 3.944e-05
gmres iter 570 linear residual 3.931e-05
gmres iter 580 linear residual 3.915e-05
gmres iter 590 linear residual 3.907e-05
gmres iter 600 linear residual 3.906e-05
gmres iter 610 linear residual 3.906e-05
gmres iter 620 linear residual 3.905e-05
gmres iter 630 linear residual 3.905e-05
gmres iter 640 linear residual 3.902e-05
gmres iter 650 linear residual 3.894e-05
gmres iter 660 linear residual 3.884e-05
gmres iter 670 linear residual 3.864e-05
gmres iter 680 linear residual 3.837e-05
gmres iter 690 linear residual 3.800e-05
gmres iter 700 linear residual 3.737e-05
gmres iter 710 linear residual 3.702e-05
gmres iter 720 linear residual 3.641e-05
gmres iter 730 linear residual 3.616e-05
gmres iter 740 linear residual 3.589e-05
gmres iter 750 linear residual 3.568e-05
gmres iter 760 linear residual 3.561e-05
gmres iter 770 linear residual 3.556e-05
gmres iter 780 linear residual 3.553e-05
gmres iter 790 linear residual 3.552e-05
gmres iter 800 linear residual 3.549e-05
gmres iter 810 linear residual 3.549e-05
gmres iter 820 linear residual 3.549e-05
gmres iter 830 linear residual 3.549e-05
gmres iter 840 linear residual 3.547e-05
gmres iter 850 linear residual 3.542e-05
gmres iter 860 linear residual 3.533e-05
gmres iter 870 linear residual 3.519e-05
gmres iter 880 linear residual 3.494e-05
gmres iter 890 linear residual 3.469e-05
gmres iter 900 linear residual 3.438e-05
gmres iter 910 linear residual 3.423e-05
gmres iter 920 linear residual 3.394e-05
gmres iter 930 linear residual 3.370e-05
gmres iter 940 linear residual 3.349e-05
gmres iter 950 linear residual 3.335e-05
gmres iter 960 linear residual 3.326e-05
gmres iter 970 linear residual 3.320e-05
gmres iter 980 linear residual 3.317e-05
gmres iter 990 linear residual 3.317e-05
gmres iter 1000 linear residual 3.312e-05
linear solver hit the iteration cap (1000 iterations, flag 10)
increment failed (gmres_iteration_cap); cutting step to 0.009375
this increment is 0.009375000000000001 (target 0.1) ------------------------
gmres iter 10 linear residual 2.973e-03
gmres iter 20 linear residual 1.459e-03
gmres iter 30 linear residual 8.506e-04
gmres iter 40 linear residual 7.402e-04
gmres iter 50 linear residual 5.514e-04
gmres iter 60 linear residual 3.238e-04
gmres iter 70 linear residual 2.570e-04
gmres iter 80 linear residual 2.133e-04
res 5.810e-03 (F-block 8.127e-03 p-block 1.640e-02) alpha 1 eta 1.00e-02 iter times 81
gmres iter 10 linear residual 3.384e-02
gmres iter 20 linear residual 2.577e-02
gmres iter 30 linear residual 2.075e-02
gmres iter 40 linear residual 1.859e-02
gmres iter 50 linear residual 1.549e-02
gmres iter 60 linear residual 1.172e-02
gmres iter 70 linear residual 8.782e-03
gmres iter 80 linear residual 6.665e-03
gmres iter 90 linear residual 5.704e-03
gmres iter 100 linear residual 5.244e-03
gmres iter 110 linear residual 5.221e-03
gmres iter 120 linear residual 5.137e-03
gmres iter 130 linear residual 4.937e-03
gmres iter 140 linear residual 4.715e-03
gmres iter 150 linear residual 4.436e-03
gmres iter 160 linear residual 4.084e-03
gmres iter 170 linear residual 3.790e-03
gmres iter 180 linear residual 3.485e-03
gmres iter 190 linear residual 3.093e-03
gmres iter 200 linear residual 2.628e-03
gmres iter 210 linear residual 2.437e-03
gmres iter 220 linear residual 2.254e-03
gmres iter 230 linear residual 2.025e-03
gmres iter 240 linear residual 1.847e-03
gmres iter 250 linear residual 1.618e-03
gmres iter 260 linear residual 1.405e-03
gmres iter 270 linear residual 1.229e-03
gmres iter 280 linear residual 9.985e-04
gmres iter 290 linear residual 8.312e-04
gmres iter 300 linear residual 6.473e-04
gmres iter 310 linear residual 5.928e-04
gmres iter 320 linear residual 5.215e-04
gmres iter 330 linear residual 4.515e-04
gmres iter 340 linear residual 3.843e-04
gmres iter 350 linear residual 3.302e-04
gmres iter 360 linear residual 2.834e-04
gmres iter 370 linear residual 2.392e-04
gmres iter 380 linear residual 2.043e-04
gmres iter 390 linear residual 1.757e-04
gmres iter 400 linear residual 1.517e-04
gmres iter 410 linear residual 1.374e-04
gmres iter 420 linear residual 1.226e-04
gmres iter 430 linear residual 1.092e-04
gmres iter 440 linear residual 9.867e-05
gmres iter 450 linear residual 8.840e-05
gmres iter 460 linear residual 7.969e-05
gmres iter 470 linear residual 7.160e-05
gmres iter 480 linear residual 6.483e-05
gmres iter 490 linear residual 5.847e-05
gmres iter 500 linear residual 5.283e-05
gmres iter 510 linear residual 4.961e-05
gmres iter 520 linear residual 4.584e-05
gmres iter 530 linear residual 4.286e-05
gmres iter 540 linear residual 3.998e-05
gmres iter 550 linear residual 3.742e-05
gmres iter 560 linear residual 3.536e-05
gmres iter 570 linear residual 3.347e-05
gmres iter 580 linear residual 3.137e-05
gmres iter 590 linear residual 2.962e-05
gmres iter 600 linear residual 2.841e-05
gmres iter 610 linear residual 2.751e-05
gmres iter 620 linear residual 2.653e-05
gmres iter 630 linear residual 2.582e-05
gmres iter 640 linear residual 2.514e-05
gmres iter 650 linear residual 2.469e-05
gmres iter 660 linear residual 2.434e-05
gmres iter 670 linear residual 2.394e-05
gmres iter 680 linear residual 2.355e-05
gmres iter 690 linear residual 2.328e-05
gmres iter 700 linear residual 2.298e-05
gmres iter 710 linear residual 2.280e-05
gmres iter 720 linear residual 2.261e-05
gmres iter 730 linear residual 2.249e-05
gmres iter 740 linear residual 2.238e-05
gmres iter 750 linear residual 2.229e-05
gmres iter 760 linear residual 2.215e-05
gmres iter 770 linear residual 2.200e-05
gmres iter 780 linear residual 2.186e-05
gmres iter 790 linear residual 2.169e-05
gmres iter 800 linear residual 2.147e-05
gmres iter 810 linear residual 2.140e-05
gmres iter 820 linear residual 2.125e-05
gmres iter 830 linear residual 2.114e-05
gmres iter 840 linear residual 2.105e-05
gmres iter 850 linear residual 2.098e-05
gmres iter 860 linear residual 2.093e-05
gmres iter 870 linear residual 2.089e-05
gmres iter 880 linear residual 2.085e-05
gmres iter 890 linear residual 2.079e-05
gmres iter 900 linear residual 2.073e-05
gmres iter 910 linear residual 2.071e-05
gmres iter 920 linear residual 2.067e-05
gmres iter 930 linear residual 2.060e-05
gmres iter 940 linear residual 2.053e-05
gmres iter 950 linear residual 2.046e-05
gmres iter 960 linear residual 2.040e-05
gmres iter 970 linear residual 2.035e-05
gmres iter 980 linear residual 2.029e-05
gmres iter 990 linear residual 2.022e-05
gmres iter 1000 linear residual 2.016e-05
linear solver hit the iteration cap (1000 iterations, flag 10)
increment failed (gmres_iteration_cap); cutting step to 0.004688
SOLVER FAILED: no convergence at load 0.05 even with the
minimum sub-step; results are only saved up to the last
converged increment boundary.
solver stats are saved to solver_stats.json
F and P are saved to output.csv
