---------------------------------------------
-- mixed FFT based solver, by WANG Mingchuan
---------------------------------------------
gmres restart length: 100
Ghat4 is formed (willot discretization)...
this increment is 0.1 (target 0.1) ------------------------
gmres iter 10 linear residual 7.140e-03
gmres iter 20 linear residual 2.718e-03
gmres iter 30 linear residual 2.407e-03
gmres iter 40 linear residual 2.109e-03
gmres iter 50 linear residual 2.011e-03
gmres iter 60 linear residual 1.949e-03
gmres iter 70 linear residual 1.881e-03
gmres iter 80 linear residual 1.858e-03
gmres iter 90 linear residual 1.847e-03
gmres iter 100 linear residual 1.832e-03
gmres iter 110 linear residual 1.790e-03
gmres iter 120 linear residual 1.743e-03
gmres iter 130 linear residual 1.706e-03
gmres iter 140 linear residual 1.682e-03
gmres iter 150 linear residual 1.624e-03
gmres iter 160 linear residual 1.562e-03
gmres iter 170 linear residual 1.518e-03
gmres iter 180 linear residual 1.509e-03
gmres iter 190 linear residual 1.502e-03
gmres iter 200 linear residual 1.499e-03
gmres iter 210 linear residual 1.495e-03
gmres iter 220 linear residual 1.488e-03
gmres iter 230 linear residual 1.482e-03
gmres iter 240 linear residual 1.477e-03
gmres iter 250 linear residual 1.470e-03
gmres iter 260 linear residual 1.464e-03
gmres iter 270 linear residual 1.461e-03
gmres iter 280 linear residual 1.459e-03
gmres iter 290 linear residual 1.459e-03
gmres iter 300 linear residual 1.458e-03
gmres iter 310 linear residual 1.457e-03
gmres iter 320 linear residual 1.452e-03
gmres iter 330 linear residual 1.449e-03
gmres iter 340 linear residual 1.444e-03
gmres iter 350 linear residual 1.443e-03
gmres iter 360 linear residual 1.442e-03
gmres iter 370 linear residual 1.440e-03
gmres iter 380 linear residual 1.438e-03
gmres iter 390 linear residual 1.438e-03
gmres iter 400 linear residual 1.437e-03
gmres iter 410 linear residual 1.437e-03
gmres iter 420 linear residual 1.436e-03
gmres iter 430 linear residual 1.435e-03
gmres iter 440 linear residual 1.434e-03
gmres iter 450 linear residual 1.430e-03
gmres iter 460 linear residual 1.428e-03
gmres iter 470 linear residual 1.426e-03
gmres iter 480 linear residual 1.425e-03
gmres iter 490 linear residual 1.425e-03
gmres iter 500 linear residual 1.425e-03
gmres iter 510 linear residual 1.425e-03
gmres iter 520 linear residual 1.424e-03
gmres iter 530 linear residual 1.423e-03
gmres iter 540 linear residual 1.423e-03
gmres iter 550 linear residual 1.422e-03
gmres iter 560 linear residual 1.422e-03
gmres iter 570 linear residual 1.421e-03
gmres iter 580 linear residual 1.421e-03
gmres iter 590 linear residual 1.421e-03
gmres iter 600 linear residual 1.421e-03
gmres iter 610 linear residual 1.421e-03
gmres iter 620 linear residual 1.421e-03
gmres iter 630 linear residual 1.421e-03
gmres iter 640 linear residual 1.421e-03
gmres iter 650 linear residual 1.420e-03
gmres iter 660 linear residual 1.419e-03
gmres iter 670 linear residual 1.418e-03
gmres iter 680 linear residual 1.418e-03
gmres iter 690 linear residual 1.418e-03
gmres iter 700 linear residual 1.418e-03
gmres iter 710 linear residual 1.418e-03
gmres iter 720 linear residual 1.418e-03
gmres iter 730 linear residual 1.417e-03
gmres iter 740 linear residual 1.417e-03
gmres iter 750 linear residual 1.416e-03
gmres iter 760 linear residual 1.415e-03
gmres iter 770 linear residual 1.415e-03
gmres iter 780 linear residual 1.415e-03
gmres iter 790 linear residual 1.415e-03
gmres iter 800 linear residual 1.415e-03
gmres iter 810 linear residual 1.415e-03
gmres iter 820 linear residual 1.415e-03
gmres iter 830 linear residual 1.415e-03
gmres iter 840 linear residual 1.414e-03
gmres iter 850 linear residual 1.414e-03
gmres iter 860 linear residual 1.414e-03
gmres iter 870 linear residual 1.414e-03
gmres iter 880 linear residual 1.414e-03
gmres iter 890 linear residual 1.414e-03
gmres iter 900 linear residual 1.414e-03
gmres iter 910 linear residual 1.414e-03
gmres iter 920 linear residual 1.414e-03
gmres iter 930 linear residual 1.414e-03
gmres iter 940 linear residual 1.413e-03
gmres iter 950 linear residual 1.413e-03
gmres iter 960 linear residual 1.412e-03
gmres iter 970 linear residual 1.410e-03
linear solver hit the iteration cap (972 iterations, flag 10)
increment failed (gmres_iteration_cap); cutting step to 0.05
this increment is 0.05 (target 0.1) ------------------------
gmres iter 10 linear residual 6.341e-03
gmres iter 20 linear residual 2.301e-03
gmres iter 30 linear residual 1.712e-03
gmres iter 40 linear residual 1.366e-03
gmres iter 50 linear residual 1.091e-03
gmres iter 60 linear residual 9.942e-04
gmres iter 70 linear residual 9.255e-04
gmres iter 80 linear residual 9.079e-04
gmres iter 90 linear residual 8.081e-04
gmres iter 100 linear residual 7.881e-04
gmres iter 110 linear residual 7.455e-04
gmres iter 120 linear residual 7.295e-04
res 3.357e-02 (F-block 4.415e-02 p-block 3.987e-02) alpha 1 eta 1.00e-02 iter times 124
gmres iter 10 linear residual 2.959e-02
gmres iter 20 linear residual 1.657e-02
gmres iter 30 linear residual 1.200e-02
gmres iter 40 linear residual 8.548e-03
gmres iter 50 linear residual 6.115e-03
gmres iter 60 linear residual 4.366e-03
gmres iter 70 linear residual 3.212e-03
gmres iter 80 linear residual 2.490e-03
gmres iter 90 linear residual 1.948e-03
gmres iter 100 linear residual 1.495e-03
gmres iter 110 linear residual 1.336e-03
gmres iter 120 linear residual 1.187e-03
gmres iter 130 linear residual 9.884e-04
gmres iter 140 linear residual 7.725e-04
gmres iter 150 linear residual 6.204e-04
gmres iter 160 linear residual 4.966e-04
gmres iter 170 linear residual 3.845e-04
gmres iter 180 linear residual 2.816e-04
gmres iter 190 linear residual 2.264e-04
gmres iter 200 linear residual 1.837e-04
gmres iter 210 linear residual 1.541e-04
gmres iter 220 linear residual 1.268e-04
gmres iter 230 linear residual 1.043e-04
gmres iter 240 linear residual 8.938e-05
gmres iter 250 linear residual 7.940e-05
gmres iter 260 linear residual 7.224e-05
gmres iter 270 linear residual 6.435e-05
gmres iter 280 linear residual 5.939e-05
gmres iter 290 linear residual 5.475e-05
gmres iter 300 linear residual 5.083e-05
gmres iter 310 linear residual 4.431e-05
gmres iter 320 linear residual 3.976e-05
gmres iter 330 linear residual 3.543e-05
gmres iter 340 linear residual 3.288e-05
gmres iter 350 linear residual 3.106e-05
res 1.269e-02 (F-block 1.090e-02 p-block 8.437e-03) alpha 1 eta 1.59e-03 iter times 357
gmres iter 10 linear residual 1.205e-02
gmres iter 20 linear residual 6.750e-03
gmres iter 30 linear residual 4.341e-03
gmres iter 40 linear residual 3.272e-03
gmres iter 50 linear residual 2.390e-03
gmres iter 60 linear residual 1.832e-03
gmres iter 70 linear residual 1.526e-03
gmres iter 80 linear residual 1.269e-03
gmres iter 90 linear residual 1.087e-03
gmres iter 100 linear residual 1.016e-03
gmres iter 110 linear residual 9.289e-04
gmres iter 120 linear residual 8.435e-04
gmres iter 130 linear residual 7.637e-04
gmres iter 140 linear residual 6.593e-04
gmres iter 150 linear residual 5.242e-04
gmres iter 160 linear residual 4.160e-04
gmres iter 170 linear residual 3.084e-04
res 3.177e-03 (F-block 1.208e-03 p-block 8.268e-04) alpha 1 eta 1.00e-02 iter times 174
gmres iter 10 linear residual 1.449e-02
gmres iter 20 linear residual 9.034e-03
gmres iter 30 linear residual 6.441e-03
gmres iter 40 linear residual 5.228e-03
gmres iter 50 linear residual 4.064e-03
gmres iter 60 linear residual 3.279e-03
gmres iter 70 linear residual 2.876e-03
gmres iter 80 linear residual 2.441e-03
gmres iter 90 linear residual 2.005e-03
gmres iter 100 linear residual 1.558e-03
gmres iter 110 linear residual 1.403e-03
gmres iter 120 linear residual 1.285e-03
gmres iter 130 linear residual 1.163e-03
gmres iter 140 linear residual 1.050e-03
gmres iter 150 linear residual 9.382e-04
gmres iter 160 linear residual 7.825e-04
gmres iter 170 linear residual 5.905e-04
gmres iter 180 linear residual 4.596e-04
res 1.001e-03 (F-block 1.899e-04 p-block 1.282e-04) alpha 1 eta 1.00e-02 iter times 189
gmres iter 10 linear residual 1.363e-02
gmres iter 20 linear residual 6.691e-03
gmres iter 30 linear residual 3.901e-03
gmres iter 40 linear residual 2.865e-03
gmres iter 50 linear residual 2.103e-03
gmres iter 60 linear residual 1.418e-03
gmres iter 70 linear residual 1.137e-03
gmres iter 80 linear residual 1.010e-03
gmres iter 90 linear residual 8.885e-04
gmres iter 100 linear residual 7.894e-04
gmres iter 110 linear residual 7.060e-04
gmres iter 120 linear residual 6.045e-04
gmres iter 130 linear residual 4.730e-04
gmres iter 140 linear residual 4.034e-04
gmres iter 150 linear residual 3.457e-04
gmres iter 160 linear residual 2.923e-04
gmres iter 170 linear residual 2.585e-04
gmres iter 180 linear residual 2.126e-04
gmres iter 190 linear residual 1.838e-04
gmres iter 200 linear residual 1.662e-04
gmres iter 210 linear residual 1.443e-04
gmres iter 220 linear residual 1.218e-04
gmres iter 230 linear residual 9.863e-05
res 1.213e-04 (F-block 2.915e-06 p-block 1.891e-06) alpha 1 eta 1.00e-02 iter times 231
time this step...192.58474326133728
this increment is 0.05 (target 0.1) ------------------------
gmres iter 10 linear residual 6.371e-03
gmres iter 20 linear residual 2.265e-03
gmres iter 30 linear residual 1.678e-03
gmres iter 40 linear residual 1.333e-03
gmres iter 50 linear residual 1.081e-03
gmres iter 60 linear residual 9.687e-04
gmres iter 70 linear residual 9.078e-04
gmres iter 80 linear residual 8.898e-04
gmres iter 90 linear residual 7.874e-04
gmres iter 100 linear residual 7.696e-04
gmres iter 110 linear residual 7.228e-04
gmres iter 120 linear residual 7.080e-04
res 3.225e-02 (F-block 4.373e-02 p-block 3.972e-02) alpha 1 eta 1.00e-02 iter times 124
gmres iter 10 linear residual 3.013e-02
gmres iter 20 linear residual 1.672e-02
gmres iter 30 linear residual 1.206e-02
gmres iter 40 linear residual 8.678e-03
gmres iter 50 linear residual 6.177e-03
gmres iter 60 linear residual 4.416e-03
gmres iter 70 linear residual 3.264e-03
gmres iter 80 linear residual 2.512e-03
gmres iter 90 linear residual 1.950e-03
gmres iter 100 linear residual 1.500e-03
gmres iter 110 linear residual 1.326e-03
gmres iter 120 linear residual 1.173e-03
gmres iter 130 linear residual 9.759e-04
gmres iter 140 linear residual 7.580e-04
gmres iter 150 linear residual 6.120e-04
gmres iter 160 linear residual 4.926e-04
gmres iter 170 linear residual 3.912e-04
gmres iter 180 linear residual 2.956e-04
gmres iter 190 linear residual 2.456e-04
gmres iter 200 linear residual 2.095e-04
gmres iter 210 linear residual 1.865e-04
gmres iter 220 linear residual 1.666e-04
gmres iter 230 linear residual 1.498e-04
gmres iter 240 linear residual 1.410e-04
gmres iter 250 linear residual 1.350e-04
gmres iter 260 linear residual 1.301e-04
gmres iter 270 linear residual 1.254e-04
gmres iter 280 linear residual 1.229e-04
gmres iter 290 linear residual 1.207e-04
gmres iter 300 linear residual 1.197e-04
gmres iter 310 linear residual 1.196e-04
gmres iter 320 linear residual 1.195e-04
gmres iter 330 linear residual 1.194e-04
gmres iter 340 linear residual 1.188e-04
gmres iter 350 linear residual 1.173e-04
gmres iter 360 linear residual 1.154e-04
gmres iter 370 linear residual 1.131e-04
gmres iter 380 linear residual 1.099e-04
gmres iter 390 linear residual 1.078e-04
gmres iter 400 linear residual 1.057e-04
gmres iter 410 linear residual 1.045e-04
gmres iter 420 linear residual 1.030e-04
gmres iter 430 linear residual 1.015e-04
gmres iter 440 linear residual 1.005e-04
gmres iter 450 linear residual 9.964e-05
gmres iter 460 linear residual 9.875e-05
gmres iter 470 linear residual 9.819e-05
gmres iter 480 linear residual 9.797e-05
gmres iter 490 linear residual 9.785e-05
gmres iter 500 linear residual 9.769e-05
gmres iter 510 linear residual 9.762e-05
gmres iter 520 linear residual 9.760e-05
gmres iter 530 linear residual 9.748e-05
gmres iter 540 linear residual 9.731e-05
gmres iter 550 linear residual 9.705e-05
gmres iter 560 linear residual 9.665e-05
gmres iter 570 linear residual 9.554e-05
gmres iter 580 linear residual 9.447e-05
gmres iter 590 linear residual 9.378e-05
gmres iter 600 linear residual 9.304e-05
gmres iter 610 linear residual 9.273e-05
gmres iter 620 linear residual 9.225e-05
gmres iter 630 linear residual 9.175e-05
gmres iter 640 linear residual 9.110e-05
gmres iter 650 linear residual 9.069e-05
gmres iter 660 linear residual 9.043e-05
gmres iter 670 linear residual 9.012e-05
gmres iter 680 linear residual 8.967e-05
gmres iter 690 linear residual 8.946e-05
gmres iter 700 linear residual 8.943e-05
gmres iter 710 linear residual 8.943e-05
gmres iter 720 linear residual 8.942e-05
gmres iter 730 linear residual 8.937e-05
gmres iter 740 linear residual 8.922e-05
gmres iter 750 linear residual 8.890e-05
gmres iter 760 linear residual 8.860e-05
gmres iter 770 linear residual 8.824e-05
gmres iter 780 linear residual 8.783e-05
gmres iter 790 linear residual 8.734e-05
gmres iter 800 linear residual 8.681e-05
gmres iter 810 linear residual 8.663e-05
gmres iter 820 linear residual 8.643e-05
gmres iter 830 linear residual 8.632e-05
gmres iter 840 linear residual 8.623e-05
gmres iter 850 linear residual 8.620e-05
gmres iter 860 linear residual 8.617e-05
gmres iter 870 linear residual 8.614e-05
gmres iter 880 linear residual 8.610e-05
gmres iter 890 linear residual 8.604e-05
gmres iter 900 linear residual 8.596e-05
gmres iter 910 linear residual 8.595e-05
gmres iter 920 linear residual 8.593e-05
gmres iter 930 linear residual 8.593e-05
gmres iter 940 linear residual 8.592e-05
gmres iter 950 linear residual 8.589e-05
gmres iter 960 linear residual 8.586e-05
gmres iter 970 linear residual 8.585e-05
gmres iter 980 linear residual 8.584e-05
gmres iter 990 linear residual 8.582e-05
gmres iter 1000 linear residual 8.582e-05
linear solver hit the iteration cap (1000 iterations, flag 10)
increment failed (gmres_iteration_cap); cutting step to 0.025
this increment is 0.025 (target 0.1) ------------------------
gmres iter 10 linear residual 5.972e-03
gmres iter 20 linear residual 2.189e-03
gmres iter 30 linear residual 1.570e-03
gmres iter 40 linear residual 1.111e-03
gmres iter 50 linear residual 5.561e-04
gmres iter 60 linear residual 4.590e-04
res 1.657e-02 (F-block 2.183e-02 p-block 2.438e-02) alpha 1 eta 1.00e-02 iter times 63
gmres iter 10 linear residual 3.423e-02
gmres iter 20 linear residual 2.077e-02
gmres iter 30 linear residual 1.507e-02
gmres iter 40 linear residual 1.102e-02
gmres iter 50 linear residual 7.985e-03
gmres iter 60 linear residual 5.771e-03
gmres iter 70 linear residual 4.259e-03
gmres iter 80 linear residual 3.307e-03
gmres iter 90 linear residual 2.621e-03
gmres iter 100 linear residual 2.010e-03
gmres iter 110 linear residual 1.805e-03
gmres iter 120 linear residual 1.584e-03
gmres iter 130 linear residual 1.370e-03
gmres iter 140 linear residual 1.107e-03
gmres iter 150 linear residual 9.025e-04
gmres iter 160 linear residual 6.958e-04
gmres iter 170 linear residual 5.406e-04
gmres iter 180 linear residual 3.998e-04
gmres iter 190 linear residual 3.065e-04
gmres iter 200 linear residual 2.376e-04
gmres iter 210 linear residual 1.943e-04
gmres iter 220 linear residual 1.562e-04
gmres iter 230 linear residual 1.221e-04
gmres iter 240 linear residual 9.909e-05
gmres iter 250 linear residual 7.801e-05
gmres iter 260 linear residual 6.639e-05
gmres iter 270 linear residual 5.726e-05
gmres iter 280 linear residual 5.108e-05
gmres iter 290 linear residual 4.548e-05
gmres iter 300 linear residual 4.080e-05
gmres iter 310 linear residual 3.469e-05
gmres iter 320 linear residual 2.849e-05
gmres iter 330 linear residual 2.493e-05
gmres iter 340 linear residual 2.097e-05
gmres iter 350 linear residual 1.888e-05
res 4.387e-03 (F-block 1.671e-03 p-block 1.573e-03) alpha 1 eta 1.00e-03 iter times 359
gmres iter 10 linear residual 1.373e-02
gmres iter 20 linear residual 8.232e-03
gmres iter 30 linear residual 5.376e-03
gmres iter 40 linear residual 4.119e-03
gmres iter 50 linear residual 3.162e-03
gmres iter 60 linear residual 2.491e-03
gmres iter 70 linear residual 1.995e-03
gmres iter 80 linear residual 1.602e-03
gmres iter 90 linear residual 1.252e-03
gmres iter 100 linear residual 9.933e-04
gmres iter 110 linear residual 8.413e-04
gmres iter 120 linear residual 7.177e-04
gmres iter 130 linear residual 6.029e-04
gmres iter 140 linear residual 5.099e-04
gmres iter 150 linear residual 4.049e-04
gmres iter 160 linear residual 3.098e-04
gmres iter 170 linear residual 2.517e-04
gmres iter 180 linear residual 2.136e-04
gmres iter 190 linear residual 1.767e-04
gmres iter 200 linear residual 1.457e-04
gmres iter 210 linear residual 1.250e-04
gmres iter 220 linear residual 1.031e-04
gmres iter 230 linear residual 8.501e-05
gmres iter 240 linear residual 7.060e-05
res 2.815e-04 (F-block 1.437e-05 p-block 1.043e-05) alpha 1 eta 4.42e-03 iter times 246
gmres iter 10 linear residual 1.579e-02
gmres iter 20 linear residual 1.074e-02
gmres iter 30 linear residual 8.072e-03
gmres iter 40 linear residual 6.906e-03
gmres iter 50 linear residual 5.979e-03
gmres iter 60 linear residual 5.453e-03
gmres iter 70 linear residual 5.060e-03
gmres iter 80 linear residual 4.545e-03
gmres iter 90 linear residual 3.986e-03
gmres iter 100 linear residual 3.555e-03
gmres iter 110 linear residual 3.384e-03
gmres iter 120 linear residual 3.223e-03
gmres iter 130 linear residual 3.053e-03
gmres iter 140 linear residual 2.868e-03
gmres iter 150 linear residual 2.536e-03
gmres iter 160 linear residual 2.079e-03
gmres iter 170 linear residual 1.581e-03
gmres iter 180 linear residual 1.194e-03
gmres iter 190 linear residual 8.964e-04
gmres iter 200 linear residual 7.432e-04
gmres iter 210 linear residual 6.857e-04
gmres iter 220 linear residual 6.218e-04
gmres iter 230 linear residual 5.653e-04
gmres iter 240 linear residual 5.013e-04
gmres iter 250 linear residual 4.407e-04
gmres iter 260 linear residual 3.443e-04
gmres iter 270 linear residual 2.824e-04
gmres iter 280 linear residual 2.431e-04
gmres iter 290 linear residual 2.164e-04
gmres iter 300 linear residual 1.969e-04
gmres iter 310 linear residual 1.848e-04
gmres iter 320 linear residual 1.700e-04
gmres iter 330 linear residual 1.537e-04
gmres iter 340 linear residual 1.391e-04
gmres iter 350 linear residual 1.222e-04
gmres iter 360 linear residual 1.066e-04
gmres iter 370 linear residual 9.488e-05
gmres iter 380 linear residual 8.284e-05
gmres iter 390 linear residual 7.036e-05
gmres iter 400 linear residual 5.551e-05
res 2.068e-05 (F-block 2.058e-07 p-block 1.340e-07) alpha 1 eta 1.00e-03 iter times 400
time this step...132.79066228866577
this increment is 0.024999999999999994 (target 0.1) ------------------------
gmres iter 10 linear residual 6.003e-03
gmres iter 20 linear residual 2.185e-03
gmres iter 30 linear residual 1.565e-03
gmres iter 40 linear residual 1.100e-03
gmres iter 50 linear residual 5.532e-04
gmres iter 60 linear residual 4.588e-04
res 1.625e-02 (F-block 2.181e-02 p-block 2.497e-02) alpha 1 eta 1.00e-02 iter times 64
gmres iter 10 linear residual 3.466e-02
gmres iter 20 linear residual 2.080e-02
gmres iter 30 linear residual 1.500e-02
gmres iter 40 linear residual 1.093e-02
gmres iter 50 linear residual 7.957e-03
gmres iter 60 linear residual 5.791e-03
gmres iter 70 linear residual 4.280e-03
gmres iter 80 linear residual 3.321e-03
gmres iter 90 linear residual 2.621e-03
gmres iter 100 linear residual 2.015e-03
gmres iter 110 linear residual 1.804e-03
gmres iter 120 linear residual 1.585e-03
gmres iter 130 linear residual 1.372e-03
gmres iter 140 linear residual 1.114e-03
gmres iter 150 linear residual 9.083e-04
gmres iter 160 linear residual 7.037e-04
gmres iter 170 linear residual 5.528e-04
gmres iter 180 linear residual 4.123e-04
gmres iter 190 linear residual 3.205e-04
gmres iter 200 linear residual 2.552e-04
gmres iter 210 linear residual 2.132e-04
gmres iter 220 linear residual 1.789e-04
gmres iter 230 linear residual 1.462e-04
gmres iter 240 linear residual 1.268e-04
gmres iter 250 linear residual 1.084e-04
gmres iter 260 linear residual 9.723e-05
gmres iter 270 linear residual 8.640e-05
gmres iter 280 linear residual 7.911e-05
gmres iter 290 linear residual 7.289e-05
gmres iter 300 linear residual 6.845e-05
gmres iter 310 linear residual 6.321e-05
gmres iter 320 linear residual 5.917e-05
gmres iter 330 linear residual 5.705e-05
gmres iter 340 linear residual 5.280e-05
gmres iter 350 linear residual 4.917e-05
gmres iter 360 linear residual 4.519e-05
gmres iter 370 linear residual 4.103e-05
gmres iter 380 linear residual 3.697e-05
gmres iter 390 linear residual 3.177e-05
res 4.467e-03 (F-block 1.827e-03 p-block 1.695e-03) alpha 1 eta 1.00e-03 iter times 394
gmres iter 10 linear residual 1.523e-02
gmres iter 20 linear residual 9.233e-03
gmres iter 30 linear residual 6.041e-03
gmres iter 40 linear residual 4.446e-03
gmres iter 50 linear residual 3.363e-03
gmres iter 60 linear residual 2.762e-03
gmres iter 70 linear residual 2.292e-03
gmres iter 80 linear residual 1.896e-03
gmres iter 90 linear residual 1.529e-03
gmres iter 100 linear residual 1.285e-03
gmres iter 110 linear residual 1.178e-03
gmres iter 120 linear residual 1.114e-03
gmres iter 130 linear residual 1.041e-03
gmres iter 140 linear residual 9.635e-04
gmres iter 150 linear residual 8.362e-04
gmres iter 160 linear residual 7.018e-04
gmres iter 170 linear residual 5.758e-04
gmres iter 180 linear residual 4.788e-04
gmres iter 190 linear residual 4.007e-04
gmres iter 200 linear residual 3.188e-04
res 3.796e-04 (F-block 4.561e-05 p-block 3.008e-05) alpha 1 eta 5.08e-03 iter times 200
gmres iter 10 linear residual 1.963e-02
gmres iter 20 linear residual 1.204e-02
gmres iter 30 linear residual 8.575e-03
gmres iter 40 linear residual 6.923e-03
gmres iter 50 linear residual 6.180e-03
gmres iter 60 linear residual 5.891e-03
gmres iter 70 linear residual 5.716e-03
gmres iter 80 linear residual 5.621e-03
gmres iter 90 linear residual 5.490e-03
gmres iter 100 linear residual 5.354e-03
gmres iter 110 linear residual 5.332e-03
gmres iter 120 linear residual 5.314e-03
gmres iter 130 linear residual 5.284e-03
gmres iter 140 linear residual 5.193e-03
gmres iter 150 linear residual 4.995e-03
gmres iter 160 linear residual 4.695e-03
gmres iter 170 linear residual 4.133e-03
gmres iter 180 linear residual 3.296e-03
gmres iter 190 linear residual 2.584e-03
gmres iter 200 linear residual 2.161e-03
gmres iter 210 linear residual 1.872e-03
gmres iter 220 linear residual 1.601e-03
gmres iter 230 linear residual 1.352e-03
gmres iter 240 linear residual 1.160e-03
gmres iter 250 linear residual 1.022e-03
gmres iter 260 linear residual 8.998e-04
gmres iter 270 linear residual 7.963e-04
gmres iter 280 linear residual 7.132e-04
gmres iter 290 linear residual 6.383e-04
gmres iter 300 linear residual 5.644e-04
gmres iter 310 linear residual 5.197e-04
gmres iter 320 linear residual 4.795e-04
gmres iter 330 linear residual 4.518e-04
gmres iter 340 linear residual 4.337e-04
gmres iter 350 linear residual 4.104e-04
gmres iter 360 linear residual 3.889e-04
gmres iter 370 linear residual 3.623e-04
gmres iter 380 linear residual 3.205e-04
gmres iter 390 linear residual 2.744e-04
gmres iter 400 linear residual 2.193e-04
gmres iter 410 linear residual 1.894e-04
gmres iter 420 linear residual 1.578e-04
gmres iter 430 linear residual 1.438e-04
gmres iter 440 linear residual 1.355e-04
gmres iter 450 linear residual 1.264e-04
gmres iter 460 linear residual 1.173e-04
gmres iter 470 linear residual 1.070e-04
gmres iter 480 linear residual 9.733e-05
gmres iter 490 linear residual 8.851e-05
gmres iter 500 linear residual 7.754e-05
gmres iter 510 linear residual 7.142e-05
gmres iter 520 linear residual 6.463e-05
gmres iter 530 linear residual 5.951e-05
gmres iter 540 linear residual 5.628e-05
gmres iter 550 linear residual 5.375e-05
gmres iter 560 linear residual 5.065e-05
gmres iter 570 linear residual 4.709e-05
gmres iter 580 linear residual 4.390e-05
gmres iter 590 linear residual 3.911e-05
gmres iter 600 linear residual 3.306e-05
gmres iter 610 linear residual 2.539e-05
gmres iter 620 linear residual 1.973e-05
gmres iter 630 linear residual 1.702e-05
gmres iter 640 linear residual 1.406e-05
res 9.911e-05 (F-block 7.746e-06 p-block 5.012e-06) alpha 1 eta 1.00e-03 iter times 641
time this step...139.91890454292297
now P is...
[[ 1.39697330e+00  4.20703582e-03 -2.62542762e-02]
 [ 3.66207063e-03 -4.32983313e-06  2.24615740e-02]
 [-2.27961815e-02  2.24051886e-02  2.20973732e-06]]
now F is...
[[ 1.10000000e+00 -2.24943982e-17  9.79657875e-19]
 [-2.98136491e-19  9.57513124e-01  7.30061732e-18]
 [ 1.91701764e-17 -1.34012353e-17  9.55112254e-01]]
intermediate results saved (1 increments in output.csv)
this increment is 0.03749999999999999 (target 0.2) ------------------------
gmres iter 10 linear residual 6.262e-03
gmres iter 20 linear residual 2.222e-03
gmres iter 30 linear residual 1.606e-03
gmres iter 40 linear residual 1.176e-03
gmres iter 50 linear residual 7.184e-04
gmres iter 60 linear residual 7.006e-04
gmres iter 70 linear residual 6.873e-04
gmres iter 80 linear residual 5.785e-04
gmres iter 90 linear residual 5.555e-04
gmres iter 100 linear residual 5.241e-04
gmres iter 110 linear residual 4.732e-04
gmres iter 120 linear residual 4.625e-04
res 2.380e-02 (F-block 3.268e-02 p-block 2.930e-02) alpha 1 eta 1.00e-02 iter times 124
gmres iter 10 linear residual 3.169e-02
gmres iter 20 linear residual 1.791e-02
gmres iter 30 linear residual 1.304e-02
gmres iter 40 linear residual 9.261e-03
gmres iter 50 linear residual 6.710e-03
gmres iter 60 linear residual 4.900e-03
gmres iter 70 linear residual 3.628e-03
gmres iter 80 linear residual 2.764e-03
gmres iter 90 linear residual 2.118e-03
gmres iter 100 linear residual 1.630e-03
gmres iter 110 linear residual 1.419e-03
gmres iter 120 linear residual 1.219e-03
gmres iter 130 linear residual 1.005e-03
gmres iter 140 linear residual 7.975e-04
gmres iter 150 linear residual 6.463e-04
gmres iter 160 linear residual 5.125e-04
gmres iter 170 linear residual 4.133e-04
gmres iter 180 linear residual 3.258e-04
gmres iter 190 linear residual 2.790e-04
gmres iter 200 linear residual 2.467e-04
gmres iter 210 linear residual 2.272e-04
gmres iter 220 linear residual 2.144e-04
gmres iter 230 linear residual 2.030e-04
gmres iter 240 linear residual 1.995e-04
gmres iter 250 linear residual 1.975e-04
gmres iter 260 linear residual 1.969e-04
gmres iter 270 linear residual 1.968e-04
gmres iter 280 linear residual 1.966e-04
gmres iter 290 linear residual 1.955e-04
gmres iter 300 linear residual 1.924e-04
gmres iter 310 linear residual 1.910e-04
gmres iter 320 linear residual 1.895e-04
gmres iter 330 linear residual 1.885e-04
gmres iter 340 linear residual 1.882e-04
gmres iter 350 linear residual 1.879e-04
gmres iter 360 linear residual 1.873e-04
gmres iter 370 linear residual 1.857e-04
gmres iter 380 linear residual 1.820e-04
gmres iter 390 linear residual 1.758e-04
gmres iter 400 linear residual 1.635e-04
gmres iter 410 linear residual 1.588e-04
gmres iter 420 linear residual 1.548e-04
gmres iter 430 linear residual 1.527e-04
gmres iter 440 linear residual 1.508e-04
gmres iter 450 linear residual 1.491e-04
gmres iter 460 linear residual 1.484e-04
gmres iter 470 linear residual 1.481e-04
gmres iter 480 linear residual 1.479e-04
gmres iter 490 linear residual 1.477e-04
gmres iter 500 linear residual 1.472e-04
gmres iter 510 linear residual 1.471e-04
gmres iter 520 linear residual 1.470e-04
gmres iter 530 linear residual 1.469e-04
gmres iter 540 linear residual 1.469e-04
gmres iter 550 linear residual 1.467e-04
gmres iter 560 linear residual 1.459e-04
gmres iter 570 linear residual 1.450e-04
gmres iter 580 linear residual 1.440e-04
gmres iter 590 linear residual 1.416e-04
gmres iter 600 linear residual 1.358e-04
gmres iter 610 linear residual 1.313e-04
gmres iter 620 linear residual 1.285e-04
gmres iter 630 linear residual 1.274e-04
gmres iter 640 linear residual 1.265e-04
gmres iter 650 linear residual 1.259e-04
gmres iter 660 linear residual 1.254e-04
gmres iter 670 linear residual 1.252e-04
gmres iter 680 linear residual 1.251e-04
gmres iter 690 linear residual 1.248e-04
gmres iter 700 linear residual 1.245e-04
gmres iter 710 linear residual 1.245e-04
gmres iter 720 linear residual 1.244e-04
gmres iter 730 linear residual 1.243e-04
gmres iter 740 linear residual 1.242e-04
gmres iter 750 linear residual 1.241e-04
gmres iter 760 linear residual 1.237e-04
gmres iter 770 linear residual 1.227e-04
gmres iter 780 linear residual 1.218e-04
gmres iter 790 linear residual 1.207e-04
gmres iter 800 linear residual 1.192e-04
gmres iter 810 linear residual 1.181e-04
gmres iter 820 linear residual 1.163e-04
gmres iter 830 linear residual 1.152e-04
gmres iter 840 linear residual 1.146e-04
gmres iter 850 linear residual 1.144e-04
gmres iter 860 linear residual 1.143e-04
gmres iter 870 linear residual 1.142e-04
gmres iter 880 linear residual 1.141e-04
gmres iter 890 linear residual 1.136e-04
gmres iter 900 linear residual 1.124e-04
gmres iter 910 linear residual 1.121e-04
gmres iter 920 linear residual 1.119e-04
gmres iter 930 linear residual 1.118e-04
gmres iter 940 linear residual 1.118e-04
gmres iter 950 linear residual 1.117e-04
gmres iter 960 linear residual 1.114e-04
gmres iter 970 linear residual 1.110e-04
gmres iter 980 linear residual 1.101e-04
gmres iter 990 linear residual 1.086e-04
gmres iter 1000 linear residual 1.058e-04
linear solver hit the iteration cap (1000 iterations, flag 10)
increment failed (gmres_iteration_cap); cutting step to 0.01875
this increment is 0.018749999999999996 (target 0.2) ------------------------
gmres iter 10 linear residual 5.944e-03
gmres iter 20 linear residual 2.171e-03
gmres iter 30 linear residual 1.552e-03
gmres iter 40 linear residual 1.075e-03
gmres iter 50 linear residual 5.166e-04
gmres iter 60 linear residual 4.097e-04
res 1.188e-02 (F-block 1.602e-02 p-block 1.876e-02) alpha 1 eta 1.00e-02 iter times 60
gmres iter 10 linear residual 3.982e-02
gmres iter 20 linear residual 2.589e-02
gmres iter 30 linear residual 1.942e-02
gmres iter 40 linear residual 1.412e-02
gmres iter 50 linear residual 9.803e-03
gmres iter 60 linear residual 6.871e-03
gmres iter 70 linear residual 5.189e-03
gmres iter 80 linear residual 4.093e-03
gmres iter 90 linear residual 3.242e-03
gmres iter 100 linear residual 2.466e-03
gmres iter 110 linear residual 2.250e-03
gmres iter 120 linear residual 1.997e-03
gmres iter 130 linear residual 1.760e-03
gmres iter 140 linear residual 1.451e-03
gmres iter 150 linear residual 1.185e-03
gmres iter 160 linear residual 9.343e-04
gmres iter 170 linear residual 7.404e-04
gmres iter 180 linear residual 5.582e-04
gmres iter 190 linear residual 4.269e-04
gmres iter 200 linear residual 3.421e-04
gmres iter 210 linear residual 2.925e-04
gmres iter 220 linear residual 2.495e-04
gmres iter 230 linear residual 2.065e-04
gmres iter 240 linear residual 1.802e-04
gmres iter 250 linear residual 1.560e-04
gmres iter 260 linear residual 1.432e-04
gmres iter 270 linear residual 1.316e-04
gmres iter 280 linear residual 1.236e-04
gmres iter 290 linear residual 1.166e-04
gmres iter 300 linear residual 1.051e-04
gmres iter 310 linear residual 1.011e-04
gmres iter 320 linear residual 9.459e-05
gmres iter 330 linear residual 9.104e-05
gmres iter 340 linear residual 8.724e-05
gmres iter 350 linear residual 8.307e-05
gmres iter 360 linear residual 8.035e-05
gmres iter 370 linear residual 7.592e-05
gmres iter 380 linear residual 7.158e-05
gmres iter 390 linear residual 6.482e-05
gmres iter 400 linear residual 5.951e-05
res 3.116e-03 (F-block 1.262e-03 p-block 1.184e-03) alpha 1 eta 1.00e-03 iter times 400
gmres iter 10 linear residual 1.724e-02
gmres iter 20 linear residual 1.025e-02
gmres iter 30 linear residual 7.075e-03
gmres iter 40 linear residual 4.901e-03
gmres iter 50 linear residual 3.621e-03
gmres iter 60 linear residual 2.900e-03
gmres iter 70 linear residual 2.352e-03
gmres iter 80 linear residual 1.902e-03
gmres iter 90 linear residual 1.532e-03
gmres iter 100 linear residual 1.280e-03
gmres iter 110 linear residual 1.219e-03
gmres iter 120 linear residual 1.199e-03
gmres iter 130 linear residual 1.178e-03
gmres iter 140 linear residual 1.142e-03
gmres iter 150 linear residual 1.058e-03
gmres iter 160 linear residual 9.610e-04
gmres iter 170 linear residual 8.579e-04
gmres iter 180 linear residual 7.378e-04
gmres iter 190 linear residual 6.164e-04
gmres iter 200 linear residual 4.619e-04
gmres iter 210 linear residual 4.234e-04
gmres iter 220 linear residual 4.014e-04
gmres iter 230 linear residual 3.933e-04
gmres iter 240 linear residual 3.874e-04
gmres iter 250 linear residual 3.788e-04
gmres iter 260 linear residual 3.667e-04
gmres iter 270 linear residual 3.520e-04
gmres iter 280 linear residual 3.202e-04
gmres iter 290 linear residual 2.824e-04
res 2.436e-04 (F-block 4.582e-05 p-block 2.914e-05) alpha 1 eta 4.43e-03 iter times 296
gmres iter 10 linear residual 1.604e-02
gmres iter 20 linear residual 9.989e-03
gmres iter 30 linear residual 6.916e-03
gmres iter 40 linear residual 4.218e-03
gmres iter 50 linear residual 2.935e-03
gmres iter 60 linear residual 2.400e-03
gmres iter 70 linear residual 2.176e-03
gmres iter 80 linear residual 2.091e-03
gmres iter 90 linear residual 2.016e-03
gmres iter 100 linear residual 1.988e-03
gmres iter 110 linear residual 1.987e-03
gmres iter 120 linear residual 1.987e-03
gmres iter 130 linear residual 1.986e-03
gmres iter 140 linear residual 1.981e-03
gmres iter 150 linear residual 1.972e-03
gmres iter 160 linear residual 1.951e-03
gmres iter 170 linear residual 1.914e-03
gmres iter 180 linear residual 1.813e-03
gmres iter 190 linear residual 1.641e-03
gmres iter 200 linear residual 1.367e-03
gmres iter 210 linear residual 1.263e-03
gmres iter 220 linear residual 1.228e-03
gmres iter 230 linear residual 1.220e-03
gmres iter 240 linear residual 1.211e-03
gmres iter 250 linear residual 1.203e-03
gmres iter 260 linear residual 1.194e-03
gmres iter 270 linear residual 1.167e-03
gmres iter 280 linear residual 1.109e-03
gmres iter 290 linear residual 9.882e-04
gmres iter 300 linear residual 8.246e-04
gmres iter 310 linear residual 7.185e-04
gmres iter 320 linear residual 6.527e-04
gmres iter 330 linear residual 6.062e-04
gmres iter 340 linear residual 5.693e-04
gmres iter 350 linear residual 5.473e-04
gmres iter 360 linear residual 5.194e-04
gmres iter 370 linear residual 4.797e-04
gmres iter 380 linear residual 4.262e-04
gmres iter 390 linear residual 3.663e-04
gmres iter 400 linear residual 2.961e-04
gmres iter 410 linear residual 2.537e-04
gmres iter 420 linear residual 2.192e-04
gmres iter 430 linear residual 2.016e-04
gmres iter 440 linear residual 1.888e-04
gmres iter 450 linear residual 1.794e-04
gmres iter 460 linear residual 1.727e-04
gmres iter 470 linear residual 1.651e-04
gmres iter 480 linear residual 1.576e-04
gmres iter 490 linear residual 1.458e-04
gmres iter 500 linear residual 1.293e-04
gmres iter 510 linear residual 1.213e-04
gmres iter 520 linear residual 1.125e-04
gmres iter 530 linear residual 1.058e-04
gmres iter 540 linear residual 9.984e-05
gmres iter 550 linear residual 9.634e-05
gmres iter 560 linear residual 9.198e-05
gmres iter 570 linear residual 8.665e-05
gmres iter 580 linear residual 7.983e-05
gmres iter 590 linear residual 7.210e-05
gmres iter 600 linear residual 6.339e-05
gmres iter 610 linear residual 6.091e-05
gmres iter 620 linear residual 5.452e-05
gmres iter 630 linear residual 5.118e-05
gmres iter 640 linear residual 4.861e-05
gmres iter 650 linear residual 4.682e-05
gmres iter 660 linear residual 4.484e-05
gmres iter 670 linear residual 4.279e-05
gmres iter 680 linear residual 4.058e-05
gmres iter 690 linear residual 3.824e-05
gmres iter 700 linear residual 3.522e-05
gmres iter 710 linear residual 3.402e-05
gmres iter 720 linear residual 3.168e-05
gmres iter 730 linear residual 2.995e-05
gmres iter 740 linear residual 2.833e-05
gmres iter 750 linear residual 2.713e-05
gmres iter 760 linear residual 2.620e-05
gmres iter 770 linear residual 2.496e-05
gmres iter 780 linear residual 2.375e-05
gmres iter 790 linear residual 2.196e-05
gmres iter 800 linear residual 2.019e-05
res 4.097e-05 (F-block 1.862e-06 p-block 1.221e-06) alpha 1 eta 1.00e-03 iter times 800
time this step...137.21883392333984
this increment is 0.018749999999999996 (target 0.2) ------------------------
gmres iter 10 linear residual 5.983e-03
gmres iter 20 linear residual 2.171e-03
gmres iter 30 linear residual 1.555e-03
gmres iter 40 linear residual 1.070e-03
gmres iter 50 linear residual 5.147e-04
gmres iter 60 linear residual 4.101e-04
res 1.169e-02 (F-block 1.600e-02 p-block 1.891e-02) alpha 1 eta 1.00e-02 iter times 60
gmres iter 10 linear residual 4.038e-02
gmres iter 20 linear residual 2.621e-02
gmres iter 30 linear residual 1.957e-02
gmres iter 40 linear residual 1.418e-02
gmres iter 50 linear residual 9.856e-03
gmres iter 60 linear residual 6.928e-03
gmres iter 70 linear residual 5.240e-03
gmres iter 80 linear residual 4.118e-03
gmres iter 90 linear residual 3.266e-03
gmres iter 100 linear residual 2.504e-03
gmres iter 110 linear residual 2.287e-03
gmres iter 120 linear residual 2.040e-03
gmres iter 130 linear residual 1.803e-03
gmres iter 140 linear residual 1.495e-03
gmres iter 150 linear residual 1.234e-03
gmres iter 160 linear residual 9.806e-04
gmres iter 170 linear residual 7.885e-04
gmres iter 180 linear residual 6.111e-04
gmres iter 190 linear residual 4.788e-04
gmres iter 200 linear residual 3.961e-04
gmres iter 210 linear residual 3.461e-04
gmres iter 220 linear residual 3.074e-04
gmres iter 230 linear residual 2.676e-04
gmres iter 240 linear residual 2.451e-04
gmres iter 250 linear residual 2.235e-04
gmres iter 260 linear residual 2.129e-04
gmres iter 270 linear residual 2.023e-04
gmres iter 280 linear residual 1.935e-04
gmres iter 290 linear residual 1.865e-04
gmres iter 300 linear residual 1.738e-04
gmres iter 310 linear residual 1.695e-04
gmres iter 320 linear residual 1.623e-04
gmres iter 330 linear residual 1.586e-04
gmres iter 340 linear residual 1.551e-04
gmres iter 350 linear residual 1.512e-04
gmres iter 360 linear residual 1.485e-04
gmres iter 370 linear residual 1.437e-04
gmres iter 380 linear residual 1.383e-04
gmres iter 390 linear residual 1.303e-04
gmres iter 400 linear residual 1.224e-04
gmres iter 410 linear residual 1.185e-04
gmres iter 420 linear residual 1.132e-04
gmres iter 430 linear residual 1.106e-04
gmres iter 440 linear residual 1.076e-04
gmres iter 450 linear residual 1.053e-04
gmres iter 460 linear residual 1.037e-04
gmres iter 470 linear residual 1.017e-04
gmres iter 480 linear residual 9.985e-05
gmres iter 490 linear residual 9.738e-05
gmres iter 500 linear residual 9.398e-05
gmres iter 510 linear residual 9.262e-05
gmres iter 520 linear residual 9.090e-05
gmres iter 530 linear residual 8.989e-05
gmres iter 540 linear residual 8.859e-05
gmres iter 550 linear residual 8.768e-05
gmres iter 560 linear residual 8.710e-05
gmres iter 570 linear residual 8.628e-05
gmres iter 580 linear residual 8.540e-05
gmres iter 590 linear residual 8.420e-05
gmres iter 600 linear residual 8.270e-05
gmres iter 610 linear residual 8.204e-05
gmres iter 620 linear residual 8.101e-05
gmres iter 630 linear residual 7.998e-05
gmres iter 640 linear residual 7.893e-05
gmres iter 650 linear residual 7.836e-05
gmres iter 660 linear residual 7.779e-05
gmres iter 670 linear residual 7.699e-05
gmres iter 680 linear residual 7.586e-05
gmres iter 690 linear residual 7.467e-05
gmres iter 700 linear residual 7.379e-05
gmres iter 710 linear residual 7.341e-05
gmres iter 720 linear residual 7.278e-05
gmres iter 730 linear residual 7.207e-05
gmres iter 740 linear residual 7.154e-05
gmres iter 750 linear residual 7.121e-05
gmres iter 760 linear residual 7.098e-05
gmres iter 770 linear residual 7.077e-05
gmres iter 780 linear residual 7.040e-05
gmres iter 790 linear residual 7.011e-05
gmres iter 800 linear residual 6.969e-05
gmres iter 810 linear residual 6.946e-05
gmres iter 820 linear residual 6.926e-05
gmres iter 830 linear residual 6.898e-05
gmres iter 840 linear residual 6.869e-05
gmres iter 850 linear residual 6.843e-05
gmres iter 860 linear residual 6.821e-05
gmres iter 870 linear residual 6.782e-05
gmres iter 880 linear residual 6.722e-05
gmres iter 890 linear residual 6.661e-05
gmres iter 900 linear residual 6.624e-05
gmres iter 910 linear residual 6.604e-05
gmres iter 920 linear residual 6.576e-05
gmres iter 930 linear residual 6.541e-05
gmres iter 940 linear residual 6.515e-05
gmres iter 950 linear residual 6.503e-05
gmres iter 960 linear residual 6.497e-05
gmres iter 970 linear residual 6.488e-05
gmres iter 980 linear residual 6.480e-05
gmres iter 990 linear residual 6.467e-05
gmres iter 1000 linear residual 6.455e-05
linear solver hit the iteration cap (1000 iterations, flag 10)
increment failed (gmres_iteration_cap); cutting step to 0.009375
this increment is 0.009374999999999998 (target 0.2) ------------------------
gmres iter 10 linear residual 5.823e-03
gmres iter 20 linear residual 2.154e-03
gmres iter 30 linear residual 1.544e-03
gmres iter 40 linear residual 1.058e-03
gmres iter 50 linear residual 4.918e-04
res 5.801e-03 (F-block 8.237e-03 p-block 1.660e-02) alpha 1 eta 1.00e-02 iter times 57
gmres iter 10 linear residual 6.024e-02
gmres iter 20 linear residual 4.659e-02
gmres iter 30 linear residual 3.611e-02
gmres iter 40 linear residual 2.418e-02
gmres iter 50 linear residual 1.494e-02
gmres iter 60 linear residual 1.065e-02
gmres iter 70 linear residual 8.608e-03
gmres iter 80 linear residual 7.004e-03
gmres iter 90 linear residual 5.575e-03
gmres iter 100 linear residual 4.070e-03
gmres iter 110 linear residual 3.882e-03
gmres iter 120 linear residual 3.583e-03
gmres iter 130 linear residual 3.304e-03
gmres iter 140 linear residual 2.886e-03
gmres iter 150 linear residual 2.431e-03
gmres iter 160 linear residual 1.956e-03
gmres iter 170 linear residual 1.587e-03
gmres iter 180 linear residual 1.237e-03
gmres iter 190 linear residual 9.449e-04
gmres iter 200 linear residual 7.310e-04
gmres iter 210 linear residual 6.534e-04
gmres iter 220 linear residual 5.510e-04
gmres iter 230 linear residual 4.526e-04
gmres iter 240 linear residual 3.818e-04
gmres iter 250 linear residual 3.288e-04
gmres iter 260 linear residual 3.008e-04
gmres iter 270 linear residual 2.742e-04
gmres iter 280 linear residual 2.586e-04
gmres iter 290 linear residual 2.448e-04
gmres iter 300 linear residual 2.259e-04
gmres iter 310 linear residual 2.147e-04
gmres iter 320 linear residual 1.995e-04
gmres iter 330 linear residual 1.883e-04
gmres iter 340 linear residual 1.762e-04
gmres iter 350 linear residual 1.660e-04
gmres iter 360 linear residual 1.561e-04
gmres iter 370 linear residual 1.436e-04
gmres iter 380 linear residual 1.240e-04
gmres iter 390 linear residual 1.085e-04
gmres iter 400 linear residual 9.238e-05
gmres iter 410 linear residual 8.627e-05
gmres iter 420 linear residual 7.661e-05
gmres iter 430 linear residual 7.117e-05
gmres iter 440 linear residual 6.767e-05
gmres iter 450 linear residual 6.577e-05
gmres iter 460 linear residual 6.451e-05
gmres iter 470 linear residual 6.217e-05
gmres iter 480 linear residual 6.028e-05
gmres iter 490 linear residual 5.716e-05
gmres iter 500 linear residual 5.384e-05
gmres iter 510 linear residual 5.264e-05
gmres iter 520 linear residual 5.032e-05
gmres iter 530 linear residual 4.897e-05
gmres iter 540 linear residual 4.770e-05
gmres iter 550 linear residual 4.662e-05
gmres iter 560 linear residual 4.579e-05
gmres iter 570 linear residual 4.390e-05
gmres iter 580 linear residual 4.178e-05
gmres iter 590 linear residual 3.890e-05
gmres iter 600 linear residual 3.709e-05
gmres iter 610 linear residual 3.530e-05
gmres iter 620 linear residual 3.412e-05
gmres iter 630 linear residual 3.320e-05
gmres iter 640 linear residual 3.230e-05
gmres iter 650 linear residual 3.175e-05
gmres iter 660 linear residual 3.110e-05
gmres iter 670 linear residual 3.017e-05
gmres iter 680 linear residual 2.920e-05
gmres iter 690 linear residual 2.820e-05
res 1.588e-03 (F-block 9.547e-04 p-block 7.980e-04) alpha 1 eta 1.00e-03 iter times 695
gmres iter 10 linear residual 1.424e-02
gmres iter 20 linear residual 8.216e-03
gmres iter 30 linear residual 5.642e-03
gmres iter 40 linear residual 3.652e-03
gmres iter 50 linear residual 2.557e-03
gmres iter 60 linear residual 2.061e-03
gmres iter 70 linear residual 1.650e-03
gmres iter 80 linear residual 1.377e-03
gmres iter 90 linear residual 1.177e-03
gmres iter 100 linear residual 1.053e-03
gmres iter 110 linear residual 1.039e-03
gmres iter 120 linear residual 1.028e-03
gmres iter 130 linear residual 1.020e-03
gmres iter 140 linear residual 1.008e-03
gmres iter 150 linear residual 9.777e-04
gmres iter 160 linear residual 9.429e-04
gmres iter 170 linear residual 8.700e-04
gmres iter 180 linear residual 7.854e-04
gmres iter 190 linear residual 6.651e-04
gmres iter 200 linear residual 5.289e-04
gmres iter 210 linear residual 4.877e-04
gmres iter 220 linear residual 4.690e-04
gmres iter 230 linear residual 4.620e-04
gmres iter 240 linear residual 4.569e-04
gmres iter 250 linear residual 4.519e-04
gmres iter 260 linear residual 4.450e-04
gmres iter 270 linear residual 4.350e-04
gmres iter 280 linear residual 4.173e-04
gmres iter 290 linear residual 3.681e-04
gmres iter 300 linear residual 2.987e-04
res 8.253e-05 (F-block 1.774e-05 p-block 1.128e-05) alpha 1 eta 4.06e-03 iter times 300
gmres iter 10 linear residual 1.790e-02
gmres iter 20 linear residual 1.143e-02
gmres iter 30 linear residual 8.202e-03
gmres iter 40 linear residual 6.830e-03
gmres iter 50 linear residual 6.341e-03
gmres iter 60 linear residual 6.247e-03
gmres iter 70 linear residual 6.205e-03
gmres iter 80 linear residual 6.180e-03
gmres iter 90 linear residual 6.146e-03
gmres iter 100 linear residual 6.015e-03
gmres iter 110 linear residual 5.996e-03
gmres iter 120 linear residual 5.988e-03
gmres iter 130 linear residual 5.981e-03
gmres iter 140 linear residual 5.965e-03
gmres iter 150 linear residual 5.929e-03
gmres iter 160 linear residual 5.793e-03
gmres iter 170 linear residual 5.425e-03
gmres iter 180 linear residual 4.534e-03
gmres iter 190 linear residual 3.324e-03
gmres iter 200 linear residual 2.494e-03
gmres iter 210 linear residual 2.025e-03
gmres iter 220 linear residual 1.612e-03
gmres iter 230 linear residual 1.167e-03
gmres iter 240 linear residual 8.967e-04
gmres iter 250 linear residual 7.586e-04
gmres iter 260 linear residual 6.410e-04
gmres iter 270 linear residual 5.485e-04
gmres iter 280 linear residual 4.852e-04
gmres iter 290 linear residual 4.393e-04
gmres iter 300 linear residual 4.068e-04
gmres iter 310 linear residual 3.983e-04
gmres iter 320 linear residual 3.819e-04
gmres iter 330 linear residual 3.690e-04
gmres iter 340 linear residual 3.603e-04
gmres iter 350 linear residual 3.537e-04
gmres iter 360 linear residual 3.387e-04
gmres iter 370 linear residual 3.183e-04
gmres iter 380 linear residual 2.882e-04
gmres iter 390 linear residual 2.534e-04
gmres iter 400 linear residual 2.169e-04
gmres iter 410 linear residual 2.037e-04
gmres iter 420 linear residual 1.820e-04
gmres iter 430 linear residual 1.685e-04
gmres iter 440 linear residual 1.533e-04
gmres iter 450 linear residual 1.371e-04
gmres iter 460 linear residual 1.158e-04
gmres iter 470 linear residual 9.220e-05
gmres iter 480 linear residual 7.241e-05
gmres iter 490 linear residual 5.885e-05
gmres iter 500 linear residual 5.109e-05
gmres iter 510 linear residual 4.895e-05
gmres iter 520 linear residual 4.648e-05
gmres iter 530 linear residual 4.537e-05
gmres iter 540 linear residual 4.422e-05
gmres iter 550 linear residual 4.276e-05
gmres iter 560 linear residual 4.105e-05
gmres iter 570 linear residual 3.867e-05
gmres iter 580 linear residual 3.635e-05
gmres iter 590 linear residual 3.399e-05
gmres iter 600 linear residual 3.172e-05
gmres iter 610 linear residual 3.105e-05
gmres iter 620 linear residual 2.997e-05
gmres iter 630 linear residual 2.884e-05
gmres iter 640 linear residual 2.792e-05
gmres iter 650 linear residual 2.681e-05
gmres iter 660 linear residual 2.582e-05
gmres iter 670 linear residual 2.365e-05
gmres iter 680 linear residual 2.056e-05
gmres iter 690 linear residual 1.693e-05
gmres iter 700 linear residual 1.454e-05
gmres iter 710 linear residual 1.231e-05
gmres iter 720 linear residual 1.102e-05
gmres iter 730 linear residual 9.324e-06
res 2.003e-05 (F-block 1.530e-06 p-block 9.923e-07) alpha 1 eta 1.00e-03 iter times 736
time this step...142.09196710586548
this increment is 0.009374999999999998 (target 0.2) ------------------------
gmres iter 10 linear residual 5.841e-03
gmres iter 20 linear residual 2.154e-03
gmres iter 30 linear residual 1.546e-03
gmres iter 40 linear residual 1.056e-03
gmres iter 50 linear residual 4.903e-04
res 5.755e-03 (F-block 8.227e-03 p-block 1.677e-02) alpha 1 eta 1.00e-02 iter times 57
gmres iter 10 linear residual 6.054e-02
gmres iter 20 linear residual 4.675e-02
gmres iter 30 linear residual 3.621e-02
gmres iter 40 linear residual 2.424e-02
gmres iter 50 linear residual 1.499e-02
gmres iter 60 linear residual 1.071e-02
gmres iter 70 linear residual 8.650e-03
gmres iter 80 linear residual 7.040e-03
gmres iter 90 linear residual 5.607e-03
gmres iter 100 linear residual 4.119e-03
gmres iter 110 linear residual 3.932e-03
gmres iter 120 linear residual 3.636e-03
gmres iter 130 linear residual 3.362e-03
gmres iter 140 linear residual 2.952e-03
gmres iter 150 linear residual 2.496e-03
gmres iter 160 linear residual 2.022e-03
gmres iter 170 linear residual 1.656e-03
gmres iter 180 linear residual 1.305e-03
gmres iter 190 linear residual 1.009e-03
gmres iter 200 linear residual 7.967e-04
gmres iter 210 linear residual 7.192e-04
gmres iter 220 linear residual 6.176e-04
gmres iter 230 linear residual 5.207e-04
gmres iter 240 linear residual 4.541e-04
gmres iter 250 linear residual 4.033e-04
gmres iter 260 linear residual 3.753e-04
gmres iter 270 linear residual 3.495e-04
gmres iter 280 linear residual 3.331e-04
gmres iter 290 linear residual 3.185e-04
gmres iter 300 linear residual 2.988e-04
gmres iter 310 linear residual 2.870e-04
gmres iter 320 linear residual 2.712e-04
gmres iter 330 linear residual 2.601e-04
gmres iter 340 linear residual 2.487e-04
gmres iter 350 linear residual 2.397e-04
gmres iter 360 linear residual 2.318e-04
gmres iter 370 linear residual 2.222e-04
gmres iter 380 linear residual 2.084e-04
gmres iter 390 linear residual 1.966e-04
gmres iter 400 linear residual 1.847e-04
gmres iter 410 linear residual 1.804e-04
gmres iter 420 linear residual 1.743e-04
gmres iter 430 linear residual 1.710e-04
gmres iter 440 linear residual 1.693e-04
gmres iter 450 linear residual 1.686e-04
gmres iter 460 linear residual 1.679e-04
gmres iter 470 linear residual 1.666e-04
gmres iter 480 linear residual 1.656e-04
gmres iter 490 linear residual 1.639e-04
gmres iter 500 linear residual 1.625e-04
gmres iter 510 linear residual 1.620e-04
gmres iter 520 linear residual 1.608e-04
gmres iter 530 linear residual 1.602e-04
gmres iter 540 linear residual 1.595e-04
gmres iter 550 linear residual 1.586e-04
gmres iter 560 linear residual 1.578e-04
gmres iter 570 linear residual 1.559e-04
gmres iter 580 linear residual 1.541e-04
gmres iter 590 linear residual 1.510e-04
gmres iter 600 linear residual 1.484e-04
gmres iter 610 linear residual 1.472e-04
gmres iter 620 linear residual 1.454e-04
gmres iter 630 linear residual 1.445e-04
gmres iter 640 linear residual 1.434e-04
gmres iter 650 linear residual 1.427e-04
gmres iter 660 linear residual 1.417e-04
gmres iter 670 linear residual 1.410e-04
gmres iter 680 linear residual 1.403e-04
gmres iter 690 linear residual 1.395e-04
gmres iter 700 linear residual 1.390e-04
gmres iter 710 linear residual 1.388e-04
gmres iter 720 linear residual 1.385e-04
gmres iter 730 linear residual 1.380e-04
gmres iter 740 linear residual 1.371e-04
gmres iter 750 linear residual 1.365e-04
gmres iter 760 linear residual 1.359e-04
gmres iter 770 linear residual 1.345e-04
gmres iter 780 linear residual 1.328e-04
gmres iter 790 linear residual 1.309e-04
gmres iter 800 linear residual 1.291e-04
gmres iter 810 linear residual 1.281e-04
gmres iter 820 linear residual 1.262e-04
gmres iter 830 linear residual 1.249e-04
gmres iter 840 linear residual 1.235e-04
gmres iter 850 linear residual 1.228e-04
gmres iter 860 linear residual 1.225e-04
gmres iter 870 linear residual 1.220e-04
gmres iter 880 linear residual 1.216e-04
gmres iter 890 linear residual 1.208e-04
gmres iter 900 linear residual 1.204e-04
gmres iter 910 linear residual 1.202e-04
gmres iter 920 linear residual 1.198e-04
gmres iter 930 linear residual 1.193e-04
gmres iter 940 linear residual 1.185e-04
gmres iter 950 linear residual 1.180e-04
gmres iter 960 linear residual 1.176e-04
gmres iter 970 linear residual 1.168e-04
gmres iter 980 linear residual 1.153e-04
gmres iter 990 linear residual 1.125e-04
gmres iter 1000 linear residual 1.100e-04
linear solver hit the iteration cap (1000 iterations, flag 10)
increment failed (gmres_iteration_cap); cutting step to 0.004687
SOLVER FAILED: no convergence at load 0.1281 even with the
minimum sub-step; results are only saved up to the last
converged increment boundary.
solver stats are saved to solver_stats.json
F and P are saved to output.csv
