---------------------------------------------
-- mixed FFT based solver, by WANG Mingchuan
---------------------------------------------
gmres restart length: 100
Ghat4 is formed (fourier discretization)...
this increment is 0.1 (target 0.1) ------------------------
gmres iter 10 linear residual 8.015e-05
gmres iter 20 linear residual 5.113e-05
gmres iter 30 linear residual 2.312e-05
gmres iter 40 linear residual 8.075e-06
gmres iter 50 linear residual 3.954e-06
gmres iter 60 linear residual 2.307e-06
gmres iter 70 linear residual 1.360e-06
gmres iter 80 linear residual 7.381e-07
gmres iter 90 linear residual 3.621e-07
gmres iter 100 linear residual 1.931e-07
gmres iter 110 linear residual 1.364e-07
gmres iter 120 linear residual 8.479e-08
gmres iter 130 linear residual 4.615e-08
gmres iter 140 linear residual 2.589e-08
gmres iter 150 linear residual 1.441e-08
gmres iter 160 linear residual 7.410e-09
gmres iter 170 linear residual 3.879e-09
gmres iter 180 linear residual 2.219e-09
res 1.791e-01 (F-block 4.844e-01 p-block 7.722e-01) alpha 0.5 eta 1.00e-06 iter times 182
gmres iter 10 linear residual 1.358e-04
gmres iter 20 linear residual 6.786e-05
gmres iter 30 linear residual 3.460e-05
gmres iter 40 linear residual 2.148e-05
gmres iter 50 linear residual 1.286e-05
gmres iter 60 linear residual 8.224e-06
gmres iter 70 linear residual 5.019e-06
gmres iter 80 linear residual 3.021e-06
gmres iter 90 linear residual 1.843e-06
gmres iter 100 linear residual 1.163e-06
gmres iter 110 linear residual 8.861e-07
gmres iter 120 linear residual 5.480e-07
gmres iter 130 linear residual 3.204e-07
gmres iter 140 linear residual 1.925e-07
gmres iter 150 linear residual 1.121e-07
gmres iter 160 linear residual 6.329e-08
gmres iter 170 linear residual 4.218e-08
gmres iter 180 linear residual 2.534e-08
gmres iter 190 linear residual 1.452e-08
gmres iter 200 linear residual 8.124e-09
gmres iter 210 linear residual 5.886e-09
gmres iter 220 linear residual 3.727e-09
gmres iter 230 linear residual 2.305e-09
res 1.635e-02 (F-block 4.237e-01 p-block 6.783e-01) alpha 0.125 eta 1.00e-06 iter times 234
gmres iter 10 linear residual 6.951e-05
gmres iter 20 linear residual 3.752e-05
gmres iter 30 linear residual 2.552e-05
gmres iter 40 linear residual 1.496e-05
gmres iter 50 linear residual 9.185e-06
gmres iter 60 linear residual 5.969e-06
gmres iter 70 linear residual 3.745e-06
gmres iter 80 linear residual 2.341e-06
gmres iter 90 linear residual 1.352e-06
gmres iter 100 linear residual 8.199e-07
gmres iter 110 linear residual 6.056e-07
gmres iter 120 linear residual 3.956e-07
gmres iter 130 linear residual 2.562e-07
gmres iter 140 linear residual 1.604e-07
gmres iter 150 linear residual 9.351e-08
gmres iter 160 linear residual 5.202e-08
gmres iter 170 linear residual 3.181e-08
gmres iter 180 linear residual 2.049e-08
gmres iter 190 linear residual 1.380e-08
gmres iter 200 linear residual 7.854e-09
gmres iter 210 linear residual 5.619e-09
gmres iter 220 linear residual 3.618e-09
gmres iter 230 linear residual 2.302e-09
res 8.728e-02 (F-block 2.293e-02 p-block 1.990e-01) alpha 1 eta 1.00e-06 iter times 234
gmres iter 10 linear residual 9.435e-04
gmres iter 20 linear residual 5.674e-04
gmres iter 30 linear residual 3.898e-04
gmres iter 40 linear residual 2.530e-04
gmres iter 50 linear residual 1.553e-04
gmres iter 60 linear residual 1.050e-04
gmres iter 70 linear residual 6.370e-05
gmres iter 80 linear residual 3.982e-05
gmres iter 90 linear residual 2.461e-05
gmres iter 100 linear residual 1.447e-05
gmres iter 110 linear residual 1.171e-05
gmres iter 120 linear residual 7.217e-06
gmres iter 130 linear residual 4.573e-06
gmres iter 140 linear residual 2.865e-06
gmres iter 150 linear residual 1.720e-06
gmres iter 160 linear residual 9.836e-07
gmres iter 170 linear residual 5.420e-07
gmres iter 180 linear residual 3.380e-07
gmres iter 190 linear residual 2.097e-07
gmres iter 200 linear residual 1.400e-07
gmres iter 210 linear residual 1.063e-07
gmres iter 220 linear residual 7.135e-08
gmres iter 230 linear residual 4.439e-08
gmres iter 240 linear residual 2.409e-08
gmres iter 250 linear residual 1.349e-08
gmres iter 260 linear residual 8.044e-09
gmres iter 270 linear residual 5.078e-09
gmres iter 280 linear residual 3.105e-09
gmres iter 290 linear residual 1.985e-09
res 4.787e-02 (F-block 1.240e-02 p-block 1.346e-01) alpha 0.5 eta 1.00e-06 iter times 292
gmres iter 10 linear residual 1.010e-03
gmres iter 20 linear residual 5.786e-04
gmres iter 30 linear residual 3.898e-04
gmres iter 40 linear residual 2.412e-04
gmres iter 50 linear residual 1.502e-04
gmres iter 60 linear residual 8.326e-05
gmres iter 70 linear residual 5.546e-05
gmres iter 80 linear residual 3.284e-05
gmres iter 90 linear residual 1.899e-05
gmres iter 100 linear residual 1.248e-05
gmres iter 110 linear residual 9.870e-06
gmres iter 120 linear residual 5.845e-06
gmres iter 130 linear residual 3.543e-06
gmres iter 140 linear residual 2.384e-06
gmres iter 150 linear residual 1.217e-06
gmres iter 160 linear residual 6.915e-07
gmres iter 170 linear residual 3.965e-07
gmres iter 180 linear residual 2.506e-07
gmres iter 190 linear residual 1.614e-07
gmres iter 200 linear residual 1.000e-07
gmres iter 210 linear residual 7.244e-08
gmres iter 220 linear residual 4.910e-08
gmres iter 230 linear residual 3.243e-08
gmres iter 240 linear residual 1.752e-08
gmres iter 250 linear residual 1.026e-08
gmres iter 260 linear residual 5.681e-09
gmres iter 270 linear residual 3.695e-09
gmres iter 280 linear residual 2.192e-09
res 5.554e-02 (F-block 2.835e-03 p-block 1.345e-01) alpha 1 eta 1.00e-06 iter times 283
gmres iter 10 linear residual 1.139e-03
gmres iter 20 linear residual 6.034e-04
gmres iter 30 linear residual 2.959e-04
gmres iter 40 linear residual 1.998e-04
gmres iter 50 linear residual 1.012e-04
gmres iter 60 linear residual 5.896e-05
gmres iter 70 linear residual 3.893e-05
gmres iter 80 linear residual 1.931e-05
gmres iter 90 linear residual 1.079e-05
gmres iter 100 linear residual 7.029e-06
gmres iter 110 linear residual 5.327e-06
gmres iter 120 linear residual 3.157e-06
gmres iter 130 linear residual 1.647e-06
gmres iter 140 linear residual 1.062e-06
gmres iter 150 linear residual 6.580e-07
gmres iter 160 linear residual 3.370e-07
gmres iter 170 linear residual 2.040e-07
gmres iter 180 linear residual 1.297e-07
gmres iter 190 linear residual 6.933e-08
gmres iter 200 linear residual 3.779e-08
gmres iter 210 linear residual 2.779e-08
gmres iter 220 linear residual 1.786e-08
gmres iter 230 linear residual 1.127e-08
gmres iter 240 linear residual 6.879e-09
gmres iter 250 linear residual 3.851e-09
gmres iter 260 linear residual 2.294e-09
res 1.333e-02 (F-block 8.554e-04 p-block 2.793e-02) alpha 1 eta 1.00e-06 iter times 264
gmres iter 10 linear residual 1.260e-03
gmres iter 20 linear residual 7.225e-04
gmres iter 30 linear residual 2.348e-04
gmres iter 40 linear residual 1.439e-04
gmres iter 50 linear residual 1.001e-04
gmres iter 60 linear residual 4.935e-05
gmres iter 70 linear residual 2.343e-05
gmres iter 80 linear residual 1.332e-05
gmres iter 90 linear residual 9.002e-06
gmres iter 100 linear residual 5.497e-06
gmres iter 110 linear residual 4.025e-06
gmres iter 120 linear residual 2.605e-06
gmres iter 130 linear residual 1.587e-06
gmres iter 140 linear residual 8.929e-07
gmres iter 150 linear residual 4.625e-07
gmres iter 160 linear residual 2.786e-07
gmres iter 170 linear residual 1.841e-07
gmres iter 180 linear residual 9.749e-08
gmres iter 190 linear residual 5.044e-08
gmres iter 200 linear residual 2.510e-08
gmres iter 210 linear residual 1.835e-08
gmres iter 220 linear residual 1.254e-08
gmres iter 230 linear residual 7.485e-09
gmres iter 240 linear residual 4.341e-09
gmres iter 250 linear residual 2.358e-09
res 5.551e-03 (F-block 1.435e-04 p-block 1.160e-02) alpha 1 eta 1.00e-06 iter times 254
gmres iter 10 linear residual 1.327e-03
gmres iter 20 linear residual 8.717e-04
gmres iter 30 linear residual 2.306e-04
gmres iter 40 linear residual 8.968e-05
gmres iter 50 linear residual 6.174e-05
gmres iter 60 linear residual 4.279e-05
gmres iter 70 linear residual 2.318e-05
gmres iter 80 linear residual 1.081e-05
gmres iter 90 linear residual 5.084e-06
gmres iter 100 linear residual 2.713e-06
gmres iter 110 linear residual 1.918e-06
gmres iter 120 linear residual 1.330e-06
gmres iter 130 linear residual 8.182e-07
gmres iter 140 linear residual 4.739e-07
gmres iter 150 linear residual 2.646e-07
gmres iter 160 linear residual 1.409e-07
gmres iter 170 linear residual 7.127e-08
gmres iter 180 linear residual 4.382e-08
gmres iter 190 linear residual 2.703e-08
gmres iter 200 linear residual 1.623e-08
gmres iter 210 linear residual 1.182e-08
gmres iter 220 linear residual 7.711e-09
gmres iter 230 linear residual 4.631e-09
gmres iter 240 linear residual 2.613e-09
res 1.207e-03 (F-block 7.029e-06 p-block 5.572e-04) alpha 1 eta 1.00e-06 iter times 246
gmres iter 10 linear residual 1.440e-03
gmres iter 20 linear residual 9.299e-04
gmres iter 30 linear residual 2.058e-04
gmres iter 40 linear residual 7.786e-05
gmres iter 50 linear residual 5.375e-05
gmres iter 60 linear residual 3.748e-05
gmres iter 70 linear residual 2.045e-05
gmres iter 80 linear residual 9.225e-06
gmres iter 90 linear residual 4.229e-06
gmres iter 100 linear residual 2.189e-06
gmres iter 110 linear residual 1.575e-06
gmres iter 120 linear residual 1.074e-06
gmres iter 130 linear residual 6.464e-07
gmres iter 140 linear residual 3.734e-07
gmres iter 150 linear residual 1.996e-07
gmres iter 160 linear residual 1.050e-07
gmres iter 170 linear residual 5.409e-08
gmres iter 180 linear residual 3.421e-08
gmres iter 190 linear residual 2.162e-08
gmres iter 200 linear residual 1.336e-08
gmres iter 210 linear residual 9.729e-09
gmres iter 220 linear residual 6.220e-09
gmres iter 230 linear residual 3.904e-09
gmres iter 240 linear residual 2.221e-09
res 6.728e-05 (F-block 2.322e-08 p-block 2.209e-06) alpha 1 eta 1.00e-06 iter times 243
time this step...494.6294047832489
now P is...
[[ 1.10637584e+00  1.68093187e-04 -1.24212400e-03]
 [ 1.79435755e-04 -3.28860589e-08  8.76486105e-03]
 [-1.23442176e-03  8.77581449e-03 -4.60587364e-08]]
now F is...
[[ 1.10000000e+00 -6.58300278e-16 -7.42136260e-16]
 [-4.17003510e-16  9.56483033e-01 -4.41409708e-16]
 [-2.68576258e-16 -3.79061915e-17  9.56311628e-01]]
intermediate results saved (1 increments in output.csv)
this increment is 0.1 (target 0.2) ------------------------
gmres iter 10 linear residual 7.594e-05
gmres iter 20 linear residual 5.171e-05
gmres iter 30 linear residual 2.357e-05
gmres iter 40 linear residual 8.961e-06
gmres iter 50 linear residual 4.942e-06
gmres iter 60 linear residual 3.258e-06
gmres iter 70 linear residual 2.010e-06
gmres iter 80 linear residual 1.135e-06
gmres iter 90 linear residual 6.203e-07
gmres iter 100 linear residual 3.753e-07
gmres iter 110 linear residual 2.790e-07
gmres iter 120 linear residual 1.829e-07
gmres iter 130 linear residual 1.010e-07
gmres iter 140 linear residual 6.058e-08
gmres iter 150 linear residual 3.907e-08
gmres iter 160 linear residual 2.247e-08
gmres iter 170 linear residual 1.197e-08
gmres iter 180 linear residual 6.607e-09
gmres iter 190 linear residual 4.011e-09
gmres iter 200 linear residual 2.247e-09
res 9.324e-02 (F-block 7.460e-01 p-block 6.667e-01) alpha 0.25 eta 1.00e-06 iter times 205
gmres iter 10 linear residual 4.438e-05
gmres iter 20 linear residual 2.076e-05
gmres iter 30 linear residual 1.389e-05
gmres iter 40 linear residual 6.459e-06
gmres iter 50 linear residual 4.146e-06
gmres iter 60 linear residual 2.936e-06
gmres iter 70 linear residual 1.724e-06
gmres iter 80 linear residual 9.298e-07
gmres iter 90 linear residual 5.389e-07
gmres iter 100 linear residual 3.484e-07
gmres iter 110 linear residual 2.821e-07
gmres iter 120 linear residual 1.714e-07
gmres iter 130 linear residual 9.847e-08
gmres iter 140 linear residual 6.060e-08
gmres iter 150 linear residual 3.975e-08
gmres iter 160 linear residual 2.375e-08
gmres iter 170 linear residual 1.158e-08
gmres iter 180 linear residual 6.728e-09
gmres iter 190 linear residual 4.395e-09
gmres iter 200 linear residual 2.766e-09
gmres iter 210 linear residual 2.049e-09
gmres iter 220 linear residual 1.671e-09
gmres iter 230 linear residual 9.491e-10
gmres iter 240 linear residual 5.269e-10
res 1.092e-01 (F-block 5.122e-02 p-block 3.039e-01) alpha 1 eta 1.00e-06 iter times 242
gmres iter 10 linear residual 5.451e-04
gmres iter 20 linear residual 3.386e-04
gmres iter 30 linear residual 1.967e-04
gmres iter 40 linear residual 1.492e-04
gmres iter 50 linear residual 9.404e-05
gmres iter 60 linear residual 5.730e-05
gmres iter 70 linear residual 3.772e-05
gmres iter 80 linear residual 2.396e-05
gmres iter 90 linear residual 1.501e-05
gmres iter 100 linear residual 9.574e-06
gmres iter 110 linear residual 7.746e-06
gmres iter 120 linear residual 4.934e-06
gmres iter 130 linear residual 3.130e-06
gmres iter 140 linear residual 2.030e-06
gmres iter 150 linear residual 1.264e-06
gmres iter 160 linear residual 7.560e-07
gmres iter 170 linear residual 4.913e-07
gmres iter 180 linear residual 2.970e-07
gmres iter 190 linear residual 1.885e-07
gmres iter 200 linear residual 1.341e-07
gmres iter 210 linear residual 1.088e-07
gmres iter 220 linear residual 7.505e-08
gmres iter 230 linear residual 4.420e-08
gmres iter 240 linear residual 2.687e-08
gmres iter 250 linear residual 1.693e-08
gmres iter 260 linear residual 1.095e-08
gmres iter 270 linear residual 7.248e-09
gmres iter 280 linear residual 4.651e-09
gmres iter 290 linear residual 2.932e-09
gmres iter 300 linear residual 2.140e-09
res 7.897e-02 (F-block 2.626e-02 p-block 2.882e-01) alpha 0.5 eta 1.00e-06 iter times 307
gmres iter 10 linear residual 6.479e-04
gmres iter 20 linear residual 3.972e-04
gmres iter 30 linear residual 1.931e-04
gmres iter 40 linear residual 1.431e-04
gmres iter 50 linear residual 9.597e-05
gmres iter 60 linear residual 5.365e-05
gmres iter 70 linear residual 3.128e-05
gmres iter 80 linear residual 2.077e-05
gmres iter 90 linear residual 1.354e-05
gmres iter 100 linear residual 8.229e-06
gmres iter 110 linear residual 6.510e-06
gmres iter 120 linear residual 4.266e-06
gmres iter 130 linear residual 2.834e-06
gmres iter 140 linear residual 1.738e-06
gmres iter 150 linear residual 1.026e-06
gmres iter 160 linear residual 6.558e-07
gmres iter 170 linear residual 4.347e-07
gmres iter 180 linear residual 2.443e-07
gmres iter 190 linear residual 1.502e-07
gmres iter 200 linear residual 9.733e-08
gmres iter 210 linear residual 7.773e-08
gmres iter 220 linear residual 5.453e-08
gmres iter 230 linear residual 3.246e-08
gmres iter 240 linear residual 1.986e-08
gmres iter 250 linear residual 1.251e-08
gmres iter 260 linear residual 7.532e-09
gmres iter 270 linear residual 4.831e-09
gmres iter 280 linear residual 3.161e-09
gmres iter 290 linear residual 2.080e-09
res 5.148e-02 (F-block 1.342e-02 p-block 2.214e-01) alpha 0.5 eta 1.00e-06 iter times 293
gmres iter 10 linear residual 7.256e-04
gmres iter 20 linear residual 4.463e-04
gmres iter 30 linear residual 1.791e-04
gmres iter 40 linear residual 1.203e-04
gmres iter 50 linear residual 8.528e-05
gmres iter 60 linear residual 5.091e-05
gmres iter 70 linear residual 2.660e-05
gmres iter 80 linear residual 1.587e-05
gmres iter 90 linear residual 1.051e-05
gmres iter 100 linear residual 6.986e-06
gmres iter 110 linear residual 5.667e-06
gmres iter 120 linear residual 3.758e-06
gmres iter 130 linear residual 2.369e-06
gmres iter 140 linear residual 1.406e-06
gmres iter 150 linear residual 8.687e-07
gmres iter 160 linear residual 5.811e-07
gmres iter 170 linear residual 3.727e-07
gmres iter 180 linear residual 1.942e-07
gmres iter 190 linear residual 1.171e-07
gmres iter 200 linear residual 7.697e-08
gmres iter 210 linear residual 6.158e-08
gmres iter 220 linear residual 4.255e-08
gmres iter 230 linear residual 2.453e-08
gmres iter 240 linear residual 1.563e-08
gmres iter 250 linear residual 1.049e-08
gmres iter 260 linear residual 6.267e-09
gmres iter 270 linear residual 3.669e-09
gmres iter 280 linear residual 2.214e-09
res 6.161e-02 (F-block 9.636e-04 p-block 1.420e-01) alpha 1 eta 1.00e-06 iter times 284
gmres iter 10 linear residual 1.203e-03
gmres iter 20 linear residual 9.434e-04
gmres iter 30 linear residual 3.757e-04
gmres iter 40 linear residual 1.548e-04
gmres iter 50 linear residual 1.034e-04
gmres iter 60 linear residual 7.426e-05
gmres iter 70 linear residual 4.404e-05
gmres iter 80 linear residual 2.289e-05
gmres iter 90 linear residual 1.329e-05
gmres iter 100 linear residual 8.880e-06
gmres iter 110 linear residual 7.316e-06
gmres iter 120 linear residual 4.786e-06
gmres iter 130 linear residual 2.816e-06
gmres iter 140 linear residual 1.628e-06
gmres iter 150 linear residual 1.058e-06
gmres iter 160 linear residual 6.943e-07
gmres iter 170 linear residual 4.102e-07
gmres iter 180 linear residual 2.584e-07
gmres iter 190 linear residual 1.486e-07
gmres iter 200 linear residual 8.536e-08
gmres iter 210 linear residual 6.432e-08
gmres iter 220 linear residual 4.365e-08
gmres iter 230 linear residual 2.781e-08
gmres iter 240 linear residual 1.647e-08
gmres iter 250 linear residual 1.034e-08
gmres iter 260 linear residual 6.781e-09
gmres iter 270 linear residual 4.068e-09
gmres iter 280 linear residual 2.528e-09
res 8.199e-03 (F-block 2.338e-05 p-block 3.324e-03) alpha 1 eta 1.00e-06 iter times 287
gmres iter 10 linear residual 1.627e-03
gmres iter 20 linear residual 9.592e-04
gmres iter 30 linear residual 3.130e-04
gmres iter 40 linear residual 1.801e-04
gmres iter 50 linear residual 1.298e-04
gmres iter 60 linear residual 8.202e-05
gmres iter 70 linear residual 4.206e-05
gmres iter 80 linear residual 2.286e-05
gmres iter 90 linear residual 1.436e-05
gmres iter 100 linear residual 9.632e-06
gmres iter 110 linear residual 7.777e-06
gmres iter 120 linear residual 5.242e-06
gmres iter 130 linear residual 3.043e-06
gmres iter 140 linear residual 1.717e-06
gmres iter 150 linear residual 1.082e-06
gmres iter 160 linear residual 7.391e-07
gmres iter 170 linear residual 4.788e-07
gmres iter 180 linear residual 2.405e-07
gmres iter 190 linear residual 1.515e-07
gmres iter 200 linear residual 9.616e-08
gmres iter 210 linear residual 7.556e-08
gmres iter 220 linear residual 5.179e-08
gmres iter 230 linear residual 3.101e-08
gmres iter 240 linear residual 2.008e-08
gmres iter 250 linear residual 1.283e-08
gmres iter 260 linear residual 7.957e-09
gmres iter 270 linear residual 4.913e-09
gmres iter 280 linear residual 3.153e-09
gmres iter 290 linear residual 2.096e-09
res 2.588e-04 (F-block 5.023e-08 p-block 5.895e-06) alpha 1 eta 1.00e-06 iter times 292
time this step...246.47528290748596
now P is...
[[ 2.01889072e+00  1.89743758e-04 -1.96908772e-03]
 [ 2.42365743e-04 -6.19036395e-07  1.63947030e-02]
 [-1.94591576e-03  1.64327046e-02 -5.95848682e-07]]
now F is...
[[ 1.20000000e+00 -8.13614483e-16 -9.41723733e-16]
 [-3.39011004e-16  9.20045335e-01 -6.08630739e-16]
 [-3.23880577e-16 -1.05365163e-16  9.19672586e-01]]
intermediate results saved (2 increments in output.csv)
this increment is 0.1 (target 0.30000000000000004) ------------------------
gmres iter 10 linear residual 7.318e-05
gmres iter 20 linear residual 5.218e-05
gmres iter 30 linear residual 2.407e-05
gmres iter 40 linear residual 1.058e-05
gmres iter 50 linear residual 6.753e-06
gmres iter 60 linear residual 4.697e-06
gmres iter 70 linear residual 2.803e-06
gmres iter 80 linear residual 1.551e-06
gmres iter 90 linear residual 9.164e-07
gmres iter 100 linear residual 6.035e-07
gmres iter 110 linear residual 4.689e-07
gmres iter 120 linear residual 3.333e-07
gmres iter 130 linear residual 1.840e-07
gmres iter 140 linear residual 1.137e-07
gmres iter 150 linear residual 7.546e-08
gmres iter 160 linear residual 4.595e-08
gmres iter 170 linear residual 2.431e-08
gmres iter 180 linear residual 1.355e-08
gmres iter 190 linear residual 8.870e-09
gmres iter 200 linear residual 5.468e-09
gmres iter 210 linear residual 4.046e-09
gmres iter 220 linear residual 2.905e-09
res 9.491e-02 (F-block 7.460e-01 p-block 6.650e-01) alpha 0.25 eta 1.00e-06 iter times 228
gmres iter 10 linear residual 4.012e-05
gmres iter 20 linear residual 2.113e-05
gmres iter 30 linear residual 1.407e-05
gmres iter 40 linear residual 6.839e-06
gmres iter 50 linear residual 4.522e-06
gmres iter 60 linear residual 3.182e-06
gmres iter 70 linear residual 1.853e-06
gmres iter 80 linear residual 1.034e-06
gmres iter 90 linear residual 6.347e-07
gmres iter 100 linear residual 4.179e-07
gmres iter 110 linear residual 3.391e-07
gmres iter 120 linear residual 2.146e-07
gmres iter 130 linear residual 1.303e-07
gmres iter 140 linear residual 8.151e-08
gmres iter 150 linear residual 5.379e-08
gmres iter 160 linear residual 3.311e-08
gmres iter 170 linear residual 1.713e-08
gmres iter 180 linear residual 1.026e-08
gmres iter 190 linear residual 6.997e-09
gmres iter 200 linear residual 4.554e-09
gmres iter 210 linear residual 3.440e-09
gmres iter 220 linear residual 2.528e-09
res 1.111e-01 (F-block 5.137e-02 p-block 3.582e-01) alpha 1 eta 1.00e-06 iter times 226
gmres iter 10 linear residual 5.456e-04
gmres iter 20 linear residual 3.430e-04
gmres iter 30 linear residual 2.041e-04
gmres iter 40 linear residual 1.552e-04
gmres iter 50 linear residual 9.887e-05
gmres iter 60 linear residual 6.178e-05
gmres iter 70 linear residual 4.132e-05
gmres iter 80 linear residual 2.639e-05
gmres iter 90 linear residual 1.700e-05
gmres iter 100 linear residual 1.094e-05
gmres iter 110 linear residual 8.881e-06
gmres iter 120 linear residual 5.798e-06
gmres iter 130 linear residual 3.723e-06
gmres iter 140 linear residual 2.450e-06
gmres iter 150 linear residual 1.566e-06
gmres iter 160 linear residual 9.506e-07
gmres iter 170 linear residual 6.189e-07
gmres iter 180 linear residual 3.857e-07
gmres iter 190 linear residual 2.463e-07
gmres iter 200 linear residual 1.798e-07
gmres iter 210 linear residual 1.471e-07
gmres iter 220 linear residual 1.033e-07
gmres iter 230 linear residual 6.237e-08
gmres iter 240 linear residual 3.889e-08
gmres iter 250 linear residual 2.454e-08
gmres iter 260 linear residual 1.626e-08
gmres iter 270 linear residual 1.100e-08
gmres iter 280 linear residual 7.287e-09
gmres iter 290 linear residual 4.832e-09
gmres iter 300 linear residual 3.631e-09
gmres iter 310 linear residual 2.913e-09
gmres iter 320 linear residual 2.035e-09
res 7.868e-02 (F-block 2.641e-02 p-block 3.318e-01) alpha 0.5 eta 1.00e-06 iter times 322
gmres iter 10 linear residual 6.522e-04
gmres iter 20 linear residual 4.029e-04
gmres iter 30 linear residual 2.082e-04
gmres iter 40 linear residual 1.548e-04
gmres iter 50 linear residual 1.033e-04
gmres iter 60 linear residual 5.849e-05
gmres iter 70 linear residual 3.663e-05
gmres iter 80 linear residual 2.456e-05
gmres iter 90 linear residual 1.592e-05
gmres iter 100 linear residual 9.917e-06
gmres iter 110 linear residual 8.000e-06
gmres iter 120 linear residual 5.261e-06
gmres iter 130 linear residual 3.535e-06
gmres iter 140 linear residual 2.264e-06
gmres iter 150 linear residual 1.376e-06
gmres iter 160 linear residual 8.947e-07
gmres iter 170 linear residual 5.859e-07
gmres iter 180 linear residual 3.451e-07
gmres iter 190 linear residual 2.244e-07
gmres iter 200 linear residual 1.501e-07
gmres iter 210 linear residual 1.204e-07
gmres iter 220 linear residual 8.836e-08
gmres iter 230 linear residual 5.433e-08
gmres iter 240 linear residual 3.362e-08
gmres iter 250 linear residual 2.124e-08
gmres iter 260 linear residual 1.328e-08
gmres iter 270 linear residual 8.818e-09
gmres iter 280 linear residual 5.981e-09
gmres iter 290 linear residual 3.997e-09
gmres iter 300 linear residual 2.896e-09
gmres iter 310 linear residual 2.406e-09
res 5.212e-02 (F-block 1.354e-02 p-block 2.560e-01) alpha 0.5 eta 1.00e-06 iter times 318
gmres iter 10 linear residual 7.340e-04
gmres iter 20 linear residual 4.509e-04
gmres iter 30 linear residual 2.008e-04
gmres iter 40 linear residual 1.396e-04
gmres iter 50 linear residual 9.836e-05
gmres iter 60 linear residual 5.635e-05
gmres iter 70 linear residual 3.207e-05
gmres iter 80 linear residual 2.100e-05
gmres iter 90 linear residual 1.438e-05
gmres iter 100 linear residual 9.284e-06
gmres iter 110 linear residual 7.442e-06
gmres iter 120 linear residual 5.045e-06
gmres iter 130 linear residual 3.465e-06
gmres iter 140 linear residual 2.161e-06
gmres iter 150 linear residual 1.264e-06
gmres iter 160 linear residual 8.497e-07
gmres iter 170 linear residual 5.708e-07
gmres iter 180 linear residual 3.238e-07
gmres iter 190 linear residual 2.038e-07
gmres iter 200 linear residual 1.347e-07
gmres iter 210 linear residual 1.082e-07
gmres iter 220 linear residual 7.836e-08
gmres iter 230 linear residual 4.732e-08
gmres iter 240 linear residual 2.995e-08
gmres iter 250 linear residual 1.928e-08
gmres iter 260 linear residual 1.218e-08
gmres iter 270 linear residual 7.729e-09
gmres iter 280 linear residual 4.961e-09
gmres iter 290 linear residual 3.300e-09
gmres iter 300 linear residual 2.419e-09
gmres iter 310 linear residual 1.947e-09
res 6.313e-02 (F-block 1.172e-03 p-block 1.706e-01) alpha 1 eta 1.00e-06 iter times 312
gmres iter 10 linear residual 1.087e-03
gmres iter 20 linear residual 8.283e-04
gmres iter 30 linear residual 3.467e-04
gmres iter 40 linear residual 1.678e-04
gmres iter 50 linear residual 1.217e-04
gmres iter 60 linear residual 8.306e-05
gmres iter 70 linear residual 4.634e-05
gmres iter 80 linear residual 2.704e-05
gmres iter 90 linear residual 1.841e-05
gmres iter 100 linear residual 1.289e-05
gmres iter 110 linear residual 1.042e-05
gmres iter 120 linear residual 7.574e-06
gmres iter 130 linear residual 4.599e-06
gmres iter 140 linear residual 2.780e-06
gmres iter 150 linear residual 1.851e-06
gmres iter 160 linear residual 1.294e-06
gmres iter 170 linear residual 7.683e-07
gmres iter 180 linear residual 4.288e-07
gmres iter 190 linear residual 2.913e-07
gmres iter 200 linear residual 1.990e-07
gmres iter 210 linear residual 1.582e-07
gmres iter 220 linear residual 1.097e-07
gmres iter 230 linear residual 6.837e-08
gmres iter 240 linear residual 4.380e-08
gmres iter 250 linear residual 2.962e-08
gmres iter 260 linear residual 2.004e-08
gmres iter 270 linear residual 1.179e-08
gmres iter 280 linear residual 7.401e-09
gmres iter 290 linear residual 5.147e-09
gmres iter 300 linear residual 3.628e-09
gmres iter 310 linear residual 2.800e-09
gmres iter 320 linear residual 1.999e-09
res 8.882e-03 (F-block 3.632e-05 p-block 4.940e-03) alpha 1 eta 1.00e-06 iter times 322
gmres iter 10 linear residual 1.696e-03
gmres iter 20 linear residual 1.005e-03
gmres iter 30 linear residual 3.889e-04
gmres iter 40 linear residual 2.605e-04
gmres iter 50 linear residual 1.823e-04
gmres iter 60 linear residual 1.035e-04
gmres iter 70 linear residual 5.535e-05
gmres iter 80 linear residual 3.600e-05
gmres iter 90 linear residual 2.473e-05
gmres iter 100 linear residual 1.556e-05
gmres iter 110 linear residual 1.207e-05
gmres iter 120 linear residual 8.391e-06
gmres iter 130 linear residual 5.648e-06
gmres iter 140 linear residual 3.494e-06
gmres iter 150 linear residual 1.999e-06
gmres iter 160 linear residual 1.295e-06
gmres iter 170 linear residual 9.039e-07
gmres iter 180 linear residual 5.229e-07
gmres iter 190 linear residual 3.420e-07
gmres iter 200 linear residual 2.185e-07
gmres iter 210 linear residual 1.740e-07
gmres iter 220 linear residual 1.243e-07
gmres iter 230 linear residual 7.698e-08
gmres iter 240 linear residual 5.106e-08
gmres iter 250 linear residual 3.420e-08
gmres iter 260 linear residual 2.182e-08
gmres iter 270 linear residual 1.411e-08
gmres iter 280 linear residual 8.749e-09
gmres iter 290 linear residual 5.812e-09
gmres iter 300 linear residual 3.963e-09
gmres iter 310 linear residual 3.111e-09
gmres iter 320 linear residual 2.199e-09
gmres iter 330 linear residual 1.586e-09
gmres iter 340 linear residual 1.226e-09
gmres iter 350 linear residual 8.241e-10
gmres iter 360 linear residual 4.684e-10
res 3.911e-04 (F-block 1.371e-07 p-block 1.762e-05) alpha 1 eta 1.00e-06 iter times 360
gmres iter 10 linear residual 1.232e-03
gmres iter 20 linear residual 8.902e-04
gmres iter 30 linear residual 3.343e-04
gmres iter 40 linear residual 1.846e-04
gmres iter 50 linear residual 1.325e-04
gmres iter 60 linear residual 8.537e-05
gmres iter 70 linear residual 4.672e-05
gmres iter 80 linear residual 2.611e-05
gmres iter 90 linear residual 1.688e-05
gmres iter 100 linear residual 1.179e-05
gmres iter 110 linear residual 9.322e-06
gmres iter 120 linear residual 6.625e-06
gmres iter 130 linear residual 3.882e-06
gmres iter 140 linear residual 2.391e-06
gmres iter 150 linear residual 1.572e-06
gmres iter 160 linear residual 1.072e-06
gmres iter 170 linear residual 6.715e-07
gmres iter 180 linear residual 3.504e-07
gmres iter 190 linear residual 2.385e-07
gmres iter 200 linear residual 1.592e-07
gmres iter 210 linear residual 1.256e-07
gmres iter 220 linear residual 8.688e-08
gmres iter 230 linear residual 5.377e-08
gmres iter 240 linear residual 3.562e-08
gmres iter 250 linear residual 2.422e-08
gmres iter 260 linear residual 1.599e-08
gmres iter 270 linear residual 9.696e-09
gmres iter 280 linear residual 5.769e-09
gmres iter 290 linear residual 3.945e-09
gmres iter 300 linear residual 2.719e-09
gmres iter 310 linear residual 2.082e-09
gmres iter 320 linear residual 1.647e-09
gmres iter 330 linear residual 1.203e-09
gmres iter 340 linear residual 6.114e-10
res 1.063e-06 (F-block 3.793e-12 p-block 3.472e-10) alpha 1 eta 1.00e-06 iter times 348
time this step...252.65124797821045
now P is...
[[ 2.80290517e+00  3.42121792e-05 -2.34564869e-03]
 [ 1.56549851e-04 -1.81678062e-11  2.36214875e-02]
 [-2.30600496e-03  2.36888569e-02 -1.31875606e-11]]
now F is...
[[ 1.30000000e+00 -7.49694020e-16 -1.09633732e-15]
 [-2.90325315e-16  8.89239530e-01 -8.83684012e-16]
 [-2.65520359e-16  1.64355194e-16  8.88630705e-01]]
intermediate results saved (3 increments in output.csv)
finish!
solver stats are saved to solver_stats.json
F and P are saved to output.csv
