---------------------------------------------
-- mixed FFT based solver, by WANG Mingchuan
---------------------------------------------
gmres restart length: 100
Ghat4 is formed (fourier discretization)...
this increment is 0.1 (target 0.1) ------------------------
gmres iter 10 linear residual 8.644e-03
gmres iter 20 linear residual 6.038e-03
gmres iter 30 linear residual 1.821e-03
gmres iter 40 linear residual 7.017e-04
gmres iter 50 linear residual 3.658e-04
gmres iter 60 linear residual 2.201e-04
gmres iter 70 linear residual 1.250e-04
gmres iter 80 linear residual 6.516e-05
gmres iter 90 linear residual 3.255e-05
gmres iter 100 linear residual 1.778e-05
gmres iter 110 linear residual 1.284e-05
gmres iter 120 linear residual 7.761e-06
gmres iter 130 linear residual 4.704e-06
gmres iter 140 linear residual 3.191e-06
gmres iter 150 linear residual 2.282e-06
gmres iter 160 linear residual 1.590e-06
gmres iter 170 linear residual 1.003e-06
gmres iter 180 linear residual 6.176e-07
gmres iter 190 linear residual 3.247e-07
res 1.737e-01 (F-block 4.841e-01 p-block 7.360e-01) alpha 0.5 eta 1.00e-06 iter times 196
gmres iter 10 linear residual 9.152e-03
gmres iter 20 linear residual 4.694e-03
gmres iter 30 linear residual 2.280e-03
gmres iter 40 linear residual 1.133e-03
gmres iter 50 linear residual 6.465e-04
gmres iter 60 linear residual 3.977e-04
gmres iter 70 linear residual 2.960e-04
gmres iter 80 linear residual 2.398e-04
gmres iter 90 linear residual 2.062e-04
gmres iter 100 linear residual 1.815e-04
gmres iter 110 linear residual 1.790e-04
gmres iter 120 linear residual 1.691e-04
gmres iter 130 linear residual 1.500e-04
gmres iter 140 linear residual 1.330e-04
gmres iter 150 linear residual 1.224e-04
gmres iter 160 linear residual 1.080e-04
gmres iter 170 linear residual 9.191e-05
gmres iter 180 linear residual 6.941e-05
gmres iter 190 linear residual 6.015e-05
gmres iter 200 linear residual 5.305e-05
gmres iter 210 linear residual 5.176e-05
gmres iter 220 linear residual 4.637e-05
gmres iter 230 linear residual 3.833e-05
gmres iter 240 linear residual 3.421e-05
gmres iter 250 linear residual 2.966e-05
gmres iter 260 linear residual 2.315e-05
gmres iter 270 linear residual 2.097e-05
gmres iter 280 linear residual 1.887e-05
gmres iter 290 linear residual 1.616e-05
gmres iter 300 linear residual 1.291e-05
gmres iter 310 linear residual 1.199e-05
gmres iter 320 linear residual 1.082e-05
gmres iter 330 linear residual 9.446e-06
gmres iter 340 linear residual 8.684e-06
gmres iter 350 linear residual 7.738e-06
gmres iter 360 linear residual 6.505e-06
gmres iter 370 linear residual 5.532e-06
gmres iter 380 linear residual 4.733e-06
gmres iter 390 linear residual 4.402e-06
gmres iter 400 linear residual 3.894e-06
gmres iter 410 linear residual 3.759e-06
gmres iter 420 linear residual 3.388e-06
gmres iter 430 linear residual 3.049e-06
gmres iter 440 linear residual 2.671e-06
gmres iter 450 linear residual 2.346e-06
gmres iter 460 linear residual 1.893e-06
gmres iter 470 linear residual 1.620e-06
gmres iter 480 linear residual 1.405e-06
gmres iter 490 linear residual 1.190e-06
gmres iter 500 linear residual 9.429e-07
gmres iter 510 linear residual 8.905e-07
gmres iter 520 linear residual 7.485e-07
gmres iter 530 linear residual 6.437e-07
gmres iter 540 linear residual 5.761e-07
gmres iter 550 linear residual 5.154e-07
gmres iter 560 linear residual 4.496e-07
gmres iter 570 linear residual 3.742e-07
gmres iter 580 linear residual 3.097e-07
gmres iter 590 linear residual 2.874e-07
gmres iter 600 linear residual 2.679e-07
gmres iter 610 linear residual 2.601e-07
gmres iter 620 linear residual 2.384e-07
gmres iter 630 linear residual 2.111e-07
gmres iter 640 linear residual 1.782e-07
res 2.621e-02 (F-block 3.623e-01 p-block 5.574e-01) alpha 0.25 eta 1.00e-06 iter times 641
gmres iter 10 linear residual 1.225e-02
gmres iter 20 linear residual 6.152e-03
gmres iter 30 linear residual 2.972e-03
gmres iter 40 linear residual 1.584e-03
gmres iter 50 linear residual 9.052e-04
gmres iter 60 linear residual 5.808e-04
gmres iter 70 linear residual 3.918e-04
gmres iter 80 linear residual 2.856e-04
gmres iter 90 linear residual 2.115e-04
gmres iter 100 linear residual 1.532e-04
gmres iter 110 linear residual 1.363e-04
gmres iter 120 linear residual 1.093e-04
gmres iter 130 linear residual 9.112e-05
gmres iter 140 linear residual 7.020e-05
gmres iter 150 linear residual 5.250e-05
gmres iter 160 linear residual 4.337e-05
gmres iter 170 linear residual 3.884e-05
gmres iter 180 linear residual 3.194e-05
gmres iter 190 linear residual 2.444e-05
gmres iter 200 linear residual 1.801e-05
gmres iter 210 linear residual 1.558e-05
gmres iter 220 linear residual 1.315e-05
gmres iter 230 linear residual 1.082e-05
gmres iter 240 linear residual 9.143e-06
gmres iter 250 linear residual 7.744e-06
gmres iter 260 linear residual 6.204e-06
gmres iter 270 linear residual 5.132e-06
gmres iter 280 linear residual 3.979e-06
gmres iter 290 linear residual 3.187e-06
gmres iter 300 linear residual 2.523e-06
gmres iter 310 linear residual 2.301e-06
gmres iter 320 linear residual 1.822e-06
gmres iter 330 linear residual 1.367e-06
gmres iter 340 linear residual 1.108e-06
gmres iter 350 linear residual 9.449e-07
gmres iter 360 linear residual 8.138e-07
gmres iter 370 linear residual 6.768e-07
gmres iter 380 linear residual 5.275e-07
gmres iter 390 linear residual 4.079e-07
gmres iter 400 linear residual 3.387e-07
gmres iter 410 linear residual 3.015e-07
gmres iter 420 linear residual 2.511e-07
gmres iter 430 linear residual 1.988e-07
res 9.181e-02 (F-block 1.647e-02 p-block 2.088e-01) alpha 1 eta 1.00e-06 iter times 433
gmres iter 10 linear residual 1.313e-01
gmres iter 20 linear residual 7.938e-02
gmres iter 30 linear residual 3.629e-02
gmres iter 40 linear residual 2.172e-02
gmres iter 50 linear residual 1.443e-02
gmres iter 60 linear residual 1.068e-02
gmres iter 70 linear residual 7.647e-03
gmres iter 80 linear residual 5.612e-03
gmres iter 90 linear residual 3.763e-03
gmres iter 100 linear residual 2.394e-03
gmres iter 110 linear residual 1.866e-03
gmres iter 120 linear residual 1.411e-03
gmres iter 130 linear residual 1.062e-03
gmres iter 140 linear residual 7.950e-04
gmres iter 150 linear residual 5.479e-04
gmres iter 160 linear residual 3.569e-04
gmres iter 170 linear residual 2.095e-04
gmres iter 180 linear residual 1.390e-04
gmres iter 190 linear residual 1.105e-04
gmres iter 200 linear residual 7.215e-05
gmres iter 210 linear residual 5.957e-05
gmres iter 220 linear residual 4.415e-05
gmres iter 230 linear residual 3.254e-05
gmres iter 240 linear residual 2.336e-05
gmres iter 250 linear residual 1.814e-05
gmres iter 260 linear residual 1.440e-05
gmres iter 270 linear residual 1.073e-05
gmres iter 280 linear residual 7.083e-06
gmres iter 290 linear residual 4.945e-06
gmres iter 300 linear residual 3.856e-06
gmres iter 310 linear residual 3.416e-06
gmres iter 320 linear residual 2.616e-06
gmres iter 330 linear residual 2.032e-06
gmres iter 340 linear residual 1.569e-06
gmres iter 350 linear residual 1.131e-06
gmres iter 360 linear residual 7.662e-07
gmres iter 370 linear residual 5.478e-07
gmres iter 380 linear residual 4.241e-07
gmres iter 390 linear residual 3.306e-07
gmres iter 400 linear residual 2.353e-07
res 7.283e-02 (F-block 3.739e-03 p-block 1.853e-01) alpha 1 eta 1.00e-06 iter times 405
gmres iter 10 linear residual 1.271e-01
gmres iter 20 linear residual 7.804e-02
gmres iter 30 linear residual 4.550e-02
gmres iter 40 linear residual 2.962e-02
gmres iter 50 linear residual 1.509e-02
gmres iter 60 linear residual 8.889e-03
gmres iter 70 linear residual 6.257e-03
gmres iter 80 linear residual 4.080e-03
gmres iter 90 linear residual 2.902e-03
gmres iter 100 linear residual 2.031e-03
gmres iter 110 linear residual 1.706e-03
gmres iter 120 linear residual 1.434e-03
gmres iter 130 linear residual 9.961e-04
gmres iter 140 linear residual 6.751e-04
gmres iter 150 linear residual 3.567e-04
gmres iter 160 linear residual 2.322e-04
gmres iter 170 linear residual 1.471e-04
gmres iter 180 linear residual 9.953e-05
gmres iter 190 linear residual 7.505e-05
gmres iter 200 linear residual 5.353e-05
gmres iter 210 linear residual 4.168e-05
gmres iter 220 linear residual 3.106e-05
gmres iter 230 linear residual 2.047e-05
gmres iter 240 linear residual 1.353e-05
gmres iter 250 linear residual 9.741e-06
gmres iter 260 linear residual 5.845e-06
gmres iter 270 linear residual 3.775e-06
gmres iter 280 linear residual 2.521e-06
gmres iter 290 linear residual 1.705e-06
gmres iter 300 linear residual 1.233e-06
gmres iter 310 linear residual 1.009e-06
gmres iter 320 linear residual 8.581e-07
gmres iter 330 linear residual 6.791e-07
gmres iter 340 linear residual 4.396e-07
gmres iter 350 linear residual 2.252e-07
gmres iter 360 linear residual 1.726e-07
gmres iter 370 linear residual 1.345e-07
gmres iter 380 linear residual 1.016e-07
gmres iter 390 linear residual 7.199e-08
res 1.676e-02 (F-block 1.195e-03 p-block 3.268e-02) alpha 1 eta 1.00e-06 iter times 398
gmres iter 10 linear residual 1.308e-01
gmres iter 20 linear residual 6.204e-02
gmres iter 30 linear residual 3.684e-02
gmres iter 40 linear residual 2.395e-02
gmres iter 50 linear residual 1.238e-02
gmres iter 60 linear residual 7.542e-03
gmres iter 70 linear residual 5.767e-03
gmres iter 80 linear residual 3.792e-03
gmres iter 90 linear residual 2.270e-03
gmres iter 100 linear residual 1.518e-03
gmres iter 110 linear residual 1.254e-03
gmres iter 120 linear residual 8.777e-04
gmres iter 130 linear residual 5.328e-04
gmres iter 140 linear residual 3.422e-04
gmres iter 150 linear residual 2.167e-04
gmres iter 160 linear residual 1.412e-04
gmres iter 170 linear residual 9.064e-05
gmres iter 180 linear residual 5.077e-05
gmres iter 190 linear residual 2.938e-05
gmres iter 200 linear residual 1.810e-05
gmres iter 210 linear residual 1.349e-05
gmres iter 220 linear residual 9.159e-06
gmres iter 230 linear residual 5.868e-06
gmres iter 240 linear residual 4.028e-06
gmres iter 250 linear residual 2.745e-06
gmres iter 260 linear residual 1.760e-06
gmres iter 270 linear residual 1.117e-06
gmres iter 280 linear residual 6.920e-07
gmres iter 290 linear residual 4.541e-07
gmres iter 300 linear residual 3.303e-07
gmres iter 310 linear residual 2.579e-07
res 6.564e-03 (F-block 2.853e-04 p-block 1.561e-02) alpha 1 eta 1.00e-06 iter times 315
gmres iter 10 linear residual 1.403e-01
gmres iter 20 linear residual 7.036e-02
gmres iter 30 linear residual 2.479e-02
gmres iter 40 linear residual 1.270e-02
gmres iter 50 linear residual 8.951e-03
gmres iter 60 linear residual 5.946e-03
gmres iter 70 linear residual 3.295e-03
gmres iter 80 linear residual 1.641e-03
gmres iter 90 linear residual 9.515e-04
gmres iter 100 linear residual 6.728e-04
gmres iter 110 linear residual 5.442e-04
gmres iter 120 linear residual 3.743e-04
gmres iter 130 linear residual 2.160e-04
gmres iter 140 linear residual 1.209e-04
gmres iter 150 linear residual 7.007e-05
gmres iter 160 linear residual 4.278e-05
gmres iter 170 linear residual 2.573e-05
gmres iter 180 linear residual 1.666e-05
gmres iter 190 linear residual 1.094e-05
gmres iter 200 linear residual 5.541e-06
gmres iter 210 linear residual 3.653e-06
gmres iter 220 linear residual 2.380e-06
gmres iter 230 linear residual 1.542e-06
gmres iter 240 linear residual 9.526e-07
gmres iter 250 linear residual 5.938e-07
gmres iter 260 linear residual 3.732e-07
gmres iter 270 linear residual 2.127e-07
res 2.003e-03 (F-block 3.005e-05 p-block 2.321e-03) alpha 1 eta 1.00e-06 iter times 271
gmres iter 10 linear residual 1.445e-01
gmres iter 20 linear residual 7.896e-02
gmres iter 30 linear residual 2.614e-02
gmres iter 40 linear residual 9.953e-03
gmres iter 50 linear residual 4.786e-03
gmres iter 60 linear residual 2.886e-03
gmres iter 70 linear residual 2.019e-03
gmres iter 80 linear residual 1.322e-03
gmres iter 90 linear residual 7.438e-04
gmres iter 100 linear residual 4.167e-04
gmres iter 110 linear residual 2.791e-04
gmres iter 120 linear residual 1.635e-04
gmres iter 130 linear residual 1.019e-04
gmres iter 140 linear residual 6.903e-05
gmres iter 150 linear residual 4.488e-05
gmres iter 160 linear residual 2.504e-05
gmres iter 170 linear residual 1.243e-05
gmres iter 180 linear residual 6.662e-06
gmres iter 190 linear residual 3.840e-06
gmres iter 200 linear residual 1.989e-06
gmres iter 210 linear residual 1.438e-06
gmres iter 220 linear residual 9.859e-07
gmres iter 230 linear residual 6.129e-07
gmres iter 240 linear residual 3.461e-07
res 2.528e-04 (F-block 4.530e-07 p-block 2.874e-05) alpha 1 eta 1.00e-06 iter times 249
gmres iter 10 linear residual 1.455e-01
gmres iter 20 linear residual 8.020e-02
gmres iter 30 linear residual 2.723e-02
gmres iter 40 linear residual 1.036e-02
gmres iter 50 linear residual 4.969e-03
gmres iter 60 linear residual 2.919e-03
gmres iter 70 linear residual 2.017e-03
gmres iter 80 linear residual 1.339e-03
gmres iter 90 linear residual 7.787e-04
gmres iter 100 linear residual 4.401e-04
gmres iter 110 linear residual 2.973e-04
gmres iter 120 linear residual 1.784e-04
gmres iter 130 linear residual 1.120e-04
gmres iter 140 linear residual 7.543e-05
gmres iter 150 linear residual 4.857e-05
gmres iter 160 linear residual 2.695e-05
gmres iter 170 linear residual 1.316e-05
gmres iter 180 linear residual 6.897e-06
gmres iter 190 linear residual 3.993e-06
gmres iter 200 linear residual 2.146e-06
gmres iter 210 linear residual 1.563e-06
gmres iter 220 linear residual 1.078e-06
gmres iter 230 linear residual 6.608e-07
gmres iter 240 linear residual 3.716e-07
gmres iter 250 linear residual 2.036e-07
res 3.941e-06 (F-block 1.041e-10 p-block 1.014e-08) alpha 1 eta 1.00e-06 iter times 251
time this step...604.6133544445038
now P is...
[[ 1.08845622e+00  5.05803020e-04 -3.34439116e-04]
 [ 5.37605506e-04 -1.47447473e-10  8.79778245e-03]
 [-2.95385982e-04  8.75995139e-03 -1.68918138e-10]]
now F is...
[[ 1.10000000e+00 -9.58374656e-16 -6.62787233e-16]
 [-2.06474427e-16  9.56275548e-01  1.92681887e-16]
 [ 9.03920026e-16 -4.01172462e-16  9.56079677e-01]]
intermediate results saved (1 increments in output.csv)
this increment is 0.1 (target 0.2) ------------------------
gmres iter 10 linear residual 9.262e-03
gmres iter 20 linear residual 6.879e-03
gmres iter 30 linear residual 2.323e-03
gmres iter 40 linear residual 1.021e-03
gmres iter 50 linear residual 6.161e-04
gmres iter 60 linear residual 3.810e-04
gmres iter 70 linear residual 2.074e-04
gmres iter 80 linear residual 1.112e-04
gmres iter 90 linear residual 6.326e-05
gmres iter 100 linear residual 3.929e-05
gmres iter 110 linear residual 2.959e-05
gmres iter 120 linear residual 1.849e-05
gmres iter 130 linear residual 1.062e-05
gmres iter 140 linear residual 6.451e-06
gmres iter 150 linear residual 4.270e-06
gmres iter 160 linear residual 2.782e-06
gmres iter 170 linear residual 1.647e-06
gmres iter 180 linear residual 1.108e-06
gmres iter 190 linear residual 8.085e-07
gmres iter 200 linear residual 4.039e-07
gmres iter 210 linear residual 3.102e-07
res 8.871e-02 (F-block 7.460e-01 p-block 6.692e-01) alpha 0.25 eta 1.00e-06 iter times 216
gmres iter 10 linear residual 2.716e-03
gmres iter 20 linear residual 2.146e-03
gmres iter 30 linear residual 1.183e-03
gmres iter 40 linear residual 6.727e-04
gmres iter 50 linear residual 5.238e-04
gmres iter 60 linear residual 3.706e-04
gmres iter 70 linear residual 2.227e-04
gmres iter 80 linear residual 1.413e-04
gmres iter 90 linear residual 9.129e-05
gmres iter 100 linear residual 5.676e-05
gmres iter 110 linear residual 4.227e-05
gmres iter 120 linear residual 3.032e-05
gmres iter 130 linear residual 2.113e-05
gmres iter 140 linear residual 1.389e-05
gmres iter 150 linear residual 9.257e-06
gmres iter 160 linear residual 6.248e-06
gmres iter 170 linear residual 3.672e-06
gmres iter 180 linear residual 2.294e-06
gmres iter 190 linear residual 1.622e-06
gmres iter 200 linear residual 1.160e-06
gmres iter 210 linear residual 8.877e-07
gmres iter 220 linear residual 6.545e-07
gmres iter 230 linear residual 4.396e-07
gmres iter 240 linear residual 2.812e-07
res 1.073e-01 (F-block 5.120e-02 p-block 2.974e-01) alpha 1 eta 1.00e-06 iter times 249
gmres iter 10 linear residual 1.020e-01
gmres iter 20 linear residual 3.244e-02
gmres iter 30 linear residual 2.036e-02
gmres iter 40 linear residual 1.397e-02
gmres iter 50 linear residual 1.018e-02
gmres iter 60 linear residual 8.145e-03
gmres iter 70 linear residual 6.277e-03
gmres iter 80 linear residual 4.751e-03
gmres iter 90 linear residual 3.350e-03
gmres iter 100 linear residual 2.166e-03
gmres iter 110 linear residual 1.716e-03
gmres iter 120 linear residual 1.358e-03
gmres iter 130 linear residual 1.113e-03
gmres iter 140 linear residual 8.568e-04
gmres iter 150 linear residual 5.625e-04
gmres iter 160 linear residual 3.392e-04
gmres iter 170 linear residual 2.496e-04
gmres iter 180 linear residual 1.988e-04
gmres iter 190 linear residual 1.335e-04
gmres iter 200 linear residual 8.127e-05
gmres iter 210 linear residual 6.030e-05
gmres iter 220 linear residual 4.294e-05
gmres iter 230 linear residual 3.298e-05
gmres iter 240 linear residual 2.597e-05
gmres iter 250 linear residual 2.013e-05
gmres iter 260 linear residual 1.555e-05
gmres iter 270 linear residual 1.102e-05
gmres iter 280 linear residual 7.244e-06
gmres iter 290 linear residual 4.102e-06
gmres iter 300 linear residual 2.604e-06
gmres iter 310 linear residual 1.966e-06
gmres iter 320 linear residual 1.362e-06
gmres iter 330 linear residual 1.011e-06
gmres iter 340 linear residual 7.563e-07
gmres iter 350 linear residual 5.611e-07
gmres iter 360 linear residual 3.812e-07
gmres iter 370 linear residual 2.632e-07
gmres iter 380 linear residual 1.844e-07
res 7.818e-02 (F-block 2.634e-02 p-block 2.842e-01) alpha 0.5 eta 1.00e-06 iter times 382
gmres iter 10 linear residual 1.273e-01
gmres iter 20 linear residual 3.917e-02
gmres iter 30 linear residual 2.104e-02
gmres iter 40 linear residual 1.565e-02
gmres iter 50 linear residual 1.086e-02
gmres iter 60 linear residual 7.809e-03
gmres iter 70 linear residual 5.956e-03
gmres iter 80 linear residual 4.317e-03
gmres iter 90 linear residual 2.813e-03
gmres iter 100 linear residual 1.908e-03
gmres iter 110 linear residual 1.543e-03
gmres iter 120 linear residual 1.127e-03
gmres iter 130 linear residual 8.646e-04
gmres iter 140 linear residual 6.752e-04
gmres iter 150 linear residual 4.680e-04
gmres iter 160 linear residual 2.843e-04
gmres iter 170 linear residual 1.809e-04
gmres iter 180 linear residual 1.193e-04
gmres iter 190 linear residual 8.699e-05
gmres iter 200 linear residual 6.374e-05
gmres iter 210 linear residual 5.330e-05
gmres iter 220 linear residual 3.996e-05
gmres iter 230 linear residual 2.650e-05
gmres iter 240 linear residual 1.787e-05
gmres iter 250 linear residual 1.303e-05
gmres iter 260 linear residual 1.013e-05
gmres iter 270 linear residual 7.643e-06
gmres iter 280 linear residual 4.943e-06
gmres iter 290 linear residual 2.324e-06
gmres iter 300 linear residual 1.413e-06
gmres iter 310 linear residual 1.033e-06
gmres iter 320 linear residual 6.359e-07
gmres iter 330 linear residual 4.465e-07
gmres iter 340 linear residual 3.186e-07
gmres iter 350 linear residual 2.280e-07
gmres iter 360 linear residual 1.832e-07
gmres iter 370 linear residual 1.503e-07
gmres iter 380 linear residual 1.111e-07
gmres iter 390 linear residual 7.727e-08
gmres iter 400 linear residual 5.067e-08
res 4.997e-02 (F-block 1.344e-02 p-block 2.144e-01) alpha 0.5 eta 1.00e-06 iter times 401
gmres iter 10 linear residual 1.444e-01
gmres iter 20 linear residual 4.504e-02
gmres iter 30 linear residual 1.929e-02
gmres iter 40 linear residual 1.348e-02
gmres iter 50 linear residual 9.987e-03
gmres iter 60 linear residual 6.665e-03
gmres iter 70 linear residual 4.294e-03
gmres iter 80 linear residual 3.057e-03
gmres iter 90 linear residual 2.161e-03
gmres iter 100 linear residual 1.410e-03
gmres iter 110 linear residual 1.084e-03
gmres iter 120 linear residual 7.995e-04
gmres iter 130 linear residual 5.943e-04
gmres iter 140 linear residual 4.086e-04
gmres iter 150 linear residual 2.698e-04
gmres iter 160 linear residual 1.832e-04
gmres iter 170 linear residual 1.210e-04
gmres iter 180 linear residual 6.947e-05
gmres iter 190 linear residual 4.265e-05
gmres iter 200 linear residual 2.852e-05
gmres iter 210 linear residual 2.392e-05
gmres iter 220 linear residual 1.750e-05
gmres iter 230 linear residual 1.077e-05
gmres iter 240 linear residual 6.703e-06
gmres iter 250 linear residual 4.538e-06
gmres iter 260 linear residual 3.254e-06
gmres iter 270 linear residual 2.303e-06
gmres iter 280 linear residual 1.592e-06
gmres iter 290 linear residual 1.046e-06
gmres iter 300 linear residual 7.564e-07
gmres iter 310 linear residual 6.119e-07
gmres iter 320 linear residual 4.321e-07
gmres iter 330 linear residual 2.883e-07
gmres iter 340 linear residual 2.058e-07
gmres iter 350 linear residual 1.579e-07
gmres iter 360 linear residual 1.194e-07
gmres iter 370 linear residual 9.101e-08
res 5.881e-02 (F-block 8.887e-04 p-block 1.248e-01) alpha 1 eta 1.00e-06 iter times 379
gmres iter 10 linear residual 2.268e-01
gmres iter 20 linear residual 6.884e-02
gmres iter 30 linear residual 2.436e-02
gmres iter 40 linear residual 1.481e-02
gmres iter 50 linear residual 1.095e-02
gmres iter 60 linear residual 7.700e-03
gmres iter 70 linear residual 4.415e-03
gmres iter 80 linear residual 2.509e-03
gmres iter 90 linear residual 1.478e-03
gmres iter 100 linear residual 9.481e-04
gmres iter 110 linear residual 7.338e-04
gmres iter 120 linear residual 5.181e-04
gmres iter 130 linear residual 3.367e-04
gmres iter 140 linear residual 2.052e-04
gmres iter 150 linear residual 1.319e-04
gmres iter 160 linear residual 8.728e-05
gmres iter 170 linear residual 5.665e-05
gmres iter 180 linear residual 3.566e-05
gmres iter 190 linear residual 2.363e-05
gmres iter 200 linear residual 1.273e-05
gmres iter 210 linear residual 8.663e-06
gmres iter 220 linear residual 5.870e-06
gmres iter 230 linear residual 3.921e-06
gmres iter 240 linear residual 2.654e-06
gmres iter 250 linear residual 1.746e-06
gmres iter 260 linear residual 1.126e-06
gmres iter 270 linear residual 6.929e-07
gmres iter 280 linear residual 4.306e-07
gmres iter 290 linear residual 2.899e-07
gmres iter 300 linear residual 2.077e-07
gmres iter 310 linear residual 1.611e-07
gmres iter 320 linear residual 1.124e-07
gmres iter 330 linear residual 7.265e-08
res 7.175e-03 (F-block 2.329e-05 p-block 2.354e-03) alpha 1 eta 1.00e-06 iter times 338
gmres iter 10 linear residual 2.034e-01
gmres iter 20 linear residual 8.892e-02
gmres iter 30 linear residual 2.888e-02
gmres iter 40 linear residual 1.560e-02
gmres iter 50 linear residual 1.121e-02
gmres iter 60 linear residual 7.902e-03
gmres iter 70 linear residual 4.821e-03
gmres iter 80 linear residual 2.756e-03
gmres iter 90 linear residual 1.590e-03
gmres iter 100 linear residual 1.018e-03
gmres iter 110 linear residual 7.862e-04
gmres iter 120 linear residual 5.590e-04
gmres iter 130 linear residual 3.656e-04
gmres iter 140 linear residual 2.280e-04
gmres iter 150 linear residual 1.419e-04
gmres iter 160 linear residual 8.819e-05
gmres iter 170 linear residual 5.219e-05
gmres iter 180 linear residual 3.310e-05
gmres iter 190 linear residual 2.335e-05
gmres iter 200 linear residual 1.343e-05
gmres iter 210 linear residual 9.697e-06
gmres iter 220 linear residual 6.813e-06
gmres iter 230 linear residual 4.682e-06
gmres iter 240 linear residual 2.908e-06
gmres iter 250 linear residual 1.853e-06
gmres iter 260 linear residual 1.208e-06
gmres iter 270 linear residual 7.563e-07
gmres iter 280 linear residual 4.840e-07
gmres iter 290 linear residual 3.312e-07
gmres iter 300 linear residual 2.242e-07
res 2.198e-04 (F-block 5.202e-08 p-block 4.924e-06) alpha 1 eta 1.00e-06 iter times 305
time this step...256.7443952560425
now P is...
[[ 1.98667513e+00  5.26164117e-04 -1.29101973e-03]
 [ 5.78406806e-04 -5.38977047e-07  1.49563845e-02]
 [-1.16744820e-03  1.48810595e-02 -5.55346879e-07]]
now F is...
[[ 1.20000000e+00 -1.12336339e-15 -3.16978717e-16]
 [-7.69043078e-16  9.19330177e-01  2.57984959e-16]
 [ 1.21442918e-15 -2.44885587e-16  9.18839635e-01]]
intermediate results saved (2 increments in output.csv)
this increment is 0.1 (target 0.30000000000000004) ------------------------
gmres iter 10 linear residual 9.667e-03
gmres iter 20 linear residual 7.656e-03
gmres iter 30 linear residual 2.962e-03
gmres iter 40 linear residual 1.446e-03
gmres iter 50 linear residual 9.105e-04
gmres iter 60 linear residual 5.398e-04
gmres iter 70 linear residual 3.047e-04
gmres iter 80 linear residual 1.850e-04
gmres iter 90 linear residual 1.189e-04
gmres iter 100 linear residual 7.307e-05
gmres iter 110 linear residual 5.411e-05
gmres iter 120 linear residual 3.711e-05
gmres iter 130 linear residual 2.396e-05
gmres iter 140 linear residual 1.455e-05
gmres iter 150 linear residual 9.020e-06
gmres iter 160 linear residual 5.757e-06
gmres iter 170 linear residual 3.338e-06
gmres iter 180 linear residual 2.059e-06
gmres iter 190 linear residual 1.532e-06
gmres iter 200 linear residual 9.146e-07
gmres iter 210 linear residual 7.416e-07
gmres iter 220 linear residual 5.053e-07
gmres iter 230 linear residual 3.189e-07
res 9.015e-02 (F-block 7.461e-01 p-block 6.664e-01) alpha 0.25 eta 1.00e-06 iter times 236
gmres iter 10 linear residual 2.850e-03
gmres iter 20 linear residual 2.207e-03
gmres iter 30 linear residual 1.348e-03
gmres iter 40 linear residual 8.001e-04
gmres iter 50 linear residual 6.369e-04
gmres iter 60 linear residual 4.682e-04
gmres iter 70 linear residual 2.918e-04
gmres iter 80 linear residual 1.881e-04
gmres iter 90 linear residual 1.279e-04
gmres iter 100 linear residual 8.366e-05
gmres iter 110 linear residual 6.494e-05
gmres iter 120 linear residual 4.819e-05
gmres iter 130 linear residual 3.421e-05
gmres iter 140 linear residual 2.292e-05
gmres iter 150 linear residual 1.583e-05
gmres iter 160 linear residual 1.104e-05
gmres iter 170 linear residual 6.777e-06
gmres iter 180 linear residual 4.420e-06
gmres iter 190 linear residual 3.202e-06
gmres iter 200 linear residual 2.273e-06
gmres iter 210 linear residual 1.847e-06
gmres iter 220 linear residual 1.400e-06
gmres iter 230 linear residual 1.005e-06
gmres iter 240 linear residual 6.957e-07
gmres iter 250 linear residual 5.002e-07
gmres iter 260 linear residual 3.594e-07
gmres iter 270 linear residual 2.475e-07
res 1.096e-01 (F-block 5.116e-02 p-block 3.475e-01) alpha 1 eta 1.00e-06 iter times 276
gmres iter 10 linear residual 1.091e-01
gmres iter 20 linear residual 3.686e-02
gmres iter 30 linear residual 2.273e-02
gmres iter 40 linear residual 1.563e-02
gmres iter 50 linear residual 1.155e-02
gmres iter 60 linear residual 9.243e-03
gmres iter 70 linear residual 7.413e-03
gmres iter 80 linear residual 5.936e-03
gmres iter 90 linear residual 4.422e-03
gmres iter 100 linear residual 3.101e-03
gmres iter 110 linear residual 2.560e-03
gmres iter 120 linear residual 2.129e-03
gmres iter 130 linear residual 1.864e-03
gmres iter 140 linear residual 1.523e-03
gmres iter 150 linear residual 1.003e-03
gmres iter 160 linear residual 5.778e-04
gmres iter 170 linear residual 4.174e-04
gmres iter 180 linear residual 3.396e-04
gmres iter 190 linear residual 2.510e-04
gmres iter 200 linear residual 1.711e-04
gmres iter 210 linear residual 1.359e-04
gmres iter 220 linear residual 1.031e-04
gmres iter 230 linear residual 8.096e-05
gmres iter 240 linear residual 6.379e-05
gmres iter 250 linear residual 4.752e-05
gmres iter 260 linear residual 3.794e-05
gmres iter 270 linear residual 3.027e-05
gmres iter 280 linear residual 2.207e-05
gmres iter 290 linear residual 1.324e-05
gmres iter 300 linear residual 8.305e-06
gmres iter 310 linear residual 5.896e-06
gmres iter 320 linear residual 3.717e-06
gmres iter 330 linear residual 2.691e-06
gmres iter 340 linear residual 2.098e-06
gmres iter 350 linear residual 1.684e-06
gmres iter 360 linear residual 1.236e-06
gmres iter 370 linear residual 8.685e-07
gmres iter 380 linear residual 5.879e-07
gmres iter 390 linear residual 4.181e-07
gmres iter 400 linear residual 3.382e-07
gmres iter 410 linear residual 2.928e-07
gmres iter 420 linear residual 2.141e-07
gmres iter 430 linear residual 1.605e-07
gmres iter 440 linear residual 1.291e-07
gmres iter 450 linear residual 1.036e-07
gmres iter 460 linear residual 7.940e-08
gmres iter 470 linear residual 6.066e-08
res 7.837e-02 (F-block 2.639e-02 p-block 3.278e-01) alpha 0.5 eta 1.00e-06 iter times 479
gmres iter 10 linear residual 1.359e-01
gmres iter 20 linear residual 4.593e-02
gmres iter 30 linear residual 2.472e-02
gmres iter 40 linear residual 1.809e-02
gmres iter 50 linear residual 1.281e-02
gmres iter 60 linear residual 9.492e-03
gmres iter 70 linear residual 7.447e-03
gmres iter 80 linear residual 5.608e-03
gmres iter 90 linear residual 3.967e-03
gmres iter 100 linear residual 2.847e-03
gmres iter 110 linear residual 2.377e-03
gmres iter 120 linear residual 1.824e-03
gmres iter 130 linear residual 1.485e-03
gmres iter 140 linear residual 1.212e-03
gmres iter 150 linear residual 8.510e-04
gmres iter 160 linear residual 5.216e-04
gmres iter 170 linear residual 3.353e-04
gmres iter 180 linear residual 2.215e-04
gmres iter 190 linear residual 1.627e-04
gmres iter 200 linear residual 1.270e-04
gmres iter 210 linear residual 1.108e-04
gmres iter 220 linear residual 8.517e-05
gmres iter 230 linear residual 5.664e-05
gmres iter 240 linear residual 3.854e-05
gmres iter 250 linear residual 2.840e-05
gmres iter 260 linear residual 2.232e-05
gmres iter 270 linear residual 1.780e-05
gmres iter 280 linear residual 1.285e-05
gmres iter 290 linear residual 7.493e-06
gmres iter 300 linear residual 5.130e-06
gmres iter 310 linear residual 4.023e-06
gmres iter 320 linear residual 2.530e-06
gmres iter 330 linear residual 1.636e-06
gmres iter 340 linear residual 1.152e-06
gmres iter 350 linear residual 8.823e-07
gmres iter 360 linear residual 7.275e-07
gmres iter 370 linear residual 5.417e-07
gmres iter 380 linear residual 3.401e-07
gmres iter 390 linear residual 1.998e-07
gmres iter 400 linear residual 1.545e-07
gmres iter 410 linear residual 1.042e-07
gmres iter 420 linear residual 7.924e-08
gmres iter 430 linear residual 6.079e-08
res 5.051e-02 (F-block 1.349e-02 p-block 2.458e-01) alpha 0.5 eta 1.00e-06 iter times 438
gmres iter 10 linear residual 1.541e-01
gmres iter 20 linear residual 5.409e-02
gmres iter 30 linear residual 2.399e-02
gmres iter 40 linear residual 1.669e-02
gmres iter 50 linear residual 1.242e-02
gmres iter 60 linear residual 8.486e-03
gmres iter 70 linear residual 5.893e-03
gmres iter 80 linear residual 4.378e-03
gmres iter 90 linear residual 3.222e-03
gmres iter 100 linear residual 2.134e-03
gmres iter 110 linear residual 1.691e-03
gmres iter 120 linear residual 1.308e-03
gmres iter 130 linear residual 1.004e-03
gmres iter 140 linear residual 7.200e-04
gmres iter 150 linear residual 4.894e-04
gmres iter 160 linear residual 3.406e-04
gmres iter 170 linear residual 2.261e-04
gmres iter 180 linear residual 1.352e-04
gmres iter 190 linear residual 8.722e-05
gmres iter 200 linear residual 6.018e-05
gmres iter 210 linear residual 5.120e-05
gmres iter 220 linear residual 3.920e-05
gmres iter 230 linear residual 2.572e-05
gmres iter 240 linear residual 1.678e-05
gmres iter 250 linear residual 1.162e-05
gmres iter 260 linear residual 8.444e-06
gmres iter 270 linear residual 6.159e-06
gmres iter 280 linear residual 4.322e-06
gmres iter 290 linear residual 3.082e-06
gmres iter 300 linear residual 2.333e-06
gmres iter 310 linear residual 1.942e-06
gmres iter 320 linear residual 1.462e-06
gmres iter 330 linear residual 9.956e-07
gmres iter 340 linear residual 6.821e-07
gmres iter 350 linear residual 4.711e-07
gmres iter 360 linear residual 3.501e-07
gmres iter 370 linear residual 2.490e-07
gmres iter 380 linear residual 1.936e-07
gmres iter 390 linear residual 1.530e-07
gmres iter 400 linear residual 1.204e-07
gmres iter 410 linear residual 8.038e-08
gmres iter 420 linear residual 5.548e-08
res 5.988e-02 (F-block 1.113e-03 p-block 1.416e-01) alpha 1 eta 1.00e-06 iter times 420
gmres iter 10 linear residual 2.157e-01
gmres iter 20 linear residual 8.453e-02
gmres iter 30 linear residual 3.309e-02
gmres iter 40 linear residual 2.093e-02
gmres iter 50 linear residual 1.562e-02
gmres iter 60 linear residual 1.098e-02
gmres iter 70 linear residual 6.530e-03
gmres iter 80 linear residual 4.005e-03
gmres iter 90 linear residual 2.730e-03
gmres iter 100 linear residual 1.901e-03
gmres iter 110 linear residual 1.525e-03
gmres iter 120 linear residual 1.132e-03
gmres iter 130 linear residual 7.718e-04
gmres iter 140 linear residual 5.007e-04
gmres iter 150 linear residual 3.489e-04
gmres iter 160 linear residual 2.496e-04
gmres iter 170 linear residual 1.563e-04
gmres iter 180 linear residual 8.828e-05
gmres iter 190 linear residual 5.540e-05
gmres iter 200 linear residual 3.589e-05
gmres iter 210 linear residual 2.830e-05
gmres iter 220 linear residual 2.070e-05
gmres iter 230 linear residual 1.409e-05
gmres iter 240 linear residual 9.836e-06
gmres iter 250 linear residual 6.831e-06
gmres iter 260 linear residual 4.551e-06
gmres iter 270 linear residual 2.897e-06
gmres iter 280 linear residual 1.987e-06
gmres iter 290 linear residual 1.438e-06
gmres iter 300 linear residual 9.983e-07
gmres iter 310 linear residual 7.652e-07
gmres iter 320 linear residual 5.827e-07
gmres iter 330 linear residual 4.198e-07
gmres iter 340 linear residual 2.757e-07
gmres iter 350 linear residual 1.903e-07
gmres iter 360 linear residual 1.456e-07
gmres iter 370 linear residual 1.088e-07
gmres iter 380 linear residual 8.010e-08
gmres iter 390 linear residual 6.010e-08
res 7.573e-03 (F-block 4.291e-05 p-block 2.866e-03) alpha 1 eta 1.00e-06 iter times 395
gmres iter 10 linear residual 1.714e-01
gmres iter 20 linear residual 9.422e-02
gmres iter 30 linear residual 3.525e-02
gmres iter 40 linear residual 1.999e-02
gmres iter 50 linear residual 1.463e-02
gmres iter 60 linear residual 1.033e-02
gmres iter 70 linear residual 6.421e-03
gmres iter 80 linear residual 3.909e-03
gmres iter 90 linear residual 2.608e-03
gmres iter 100 linear residual 1.885e-03
gmres iter 110 linear residual 1.546e-03
gmres iter 120 linear residual 1.153e-03
gmres iter 130 linear residual 7.419e-04
gmres iter 140 linear residual 4.567e-04
gmres iter 150 linear residual 3.056e-04
gmres iter 160 linear residual 2.130e-04
gmres iter 170 linear residual 1.368e-04
gmres iter 180 linear residual 8.599e-05
gmres iter 190 linear residual 6.018e-05
gmres iter 200 linear residual 3.822e-05
gmres iter 210 linear residual 2.937e-05
gmres iter 220 linear residual 2.171e-05
gmres iter 230 linear residual 1.560e-05
gmres iter 240 linear residual 1.050e-05
gmres iter 250 linear residual 6.840e-06
gmres iter 260 linear residual 4.650e-06
gmres iter 270 linear residual 3.029e-06
gmres iter 280 linear residual 2.047e-06
gmres iter 290 linear residual 1.535e-06
gmres iter 300 linear residual 1.101e-06
gmres iter 310 linear residual 8.616e-07
gmres iter 320 linear residual 6.566e-07
gmres iter 330 linear residual 4.598e-07
gmres iter 340 linear residual 3.041e-07
gmres iter 350 linear residual 2.010e-07
gmres iter 360 linear residual 1.573e-07
gmres iter 370 linear residual 1.171e-07
gmres iter 380 linear residual 8.522e-08
gmres iter 390 linear residual 6.478e-08
gmres iter 400 linear residual 4.963e-08
res 3.232e-04 (F-block 2.198e-07 p-block 1.669e-05) alpha 1 eta 1.00e-06 iter times 401
gmres iter 10 linear residual 8.602e-02
gmres iter 20 linear residual 5.421e-02
gmres iter 30 linear residual 2.253e-02
gmres iter 40 linear residual 1.327e-02
gmres iter 50 linear residual 9.966e-03
gmres iter 60 linear residual 7.132e-03
gmres iter 70 linear residual 4.520e-03
gmres iter 80 linear residual 2.673e-03
gmres iter 90 linear residual 1.730e-03
gmres iter 100 linear residual 1.224e-03
gmres iter 110 linear residual 1.003e-03
gmres iter 120 linear residual 7.350e-04
gmres iter 130 linear residual 4.667e-04
gmres iter 140 linear residual 2.919e-04
gmres iter 150 linear residual 1.964e-04
gmres iter 160 linear residual 1.421e-04
gmres iter 170 linear residual 9.520e-05
gmres iter 180 linear residual 5.791e-05
gmres iter 190 linear residual 3.838e-05
gmres iter 200 linear residual 2.393e-05
gmres iter 210 linear residual 1.822e-05
gmres iter 220 linear residual 1.324e-05
gmres iter 230 linear residual 9.383e-06
gmres iter 240 linear residual 6.549e-06
gmres iter 250 linear residual 4.399e-06
gmres iter 260 linear residual 2.989e-06
gmres iter 270 linear residual 1.980e-06
gmres iter 280 linear residual 1.375e-06
gmres iter 290 linear residual 1.007e-06
gmres iter 300 linear residual 6.884e-07
gmres iter 310 linear residual 5.286e-07
gmres iter 320 linear residual 3.980e-07
gmres iter 330 linear residual 2.811e-07
gmres iter 340 linear residual 1.900e-07
gmres iter 350 linear residual 1.474e-07
gmres iter 360 linear residual 1.140e-07
gmres iter 370 linear residual 8.647e-08
gmres iter 380 linear residual 5.973e-08
res 8.419e-07 (F-block 4.854e-12 p-block 1.987e-10) alpha 1 eta 1.00e-06 iter times 384
time this step...275.6513583660126
now P is...
[[ 2.76160419e+00  5.14139873e-04 -1.91461733e-03]
 [ 5.81413205e-04 -1.55194001e-11  2.06595807e-02]
 [-1.62230357e-03  2.05439358e-02 -1.55232811e-11]]
now F is...
[[ 1.30000000e+00 -1.76362641e-16  3.84834582e-16]
 [ 4.02842026e-16  8.87774671e-01  1.42613590e-16]
 [ 1.18703044e-15 -3.07743939e-16  8.86909430e-01]]
intermediate results saved (3 increments in output.csv)
finish!
solver stats are saved to solver_stats.json
F and P are saved to output.csv
