---------------------------------------------
-- mixed FFT based solver, by WANG Mingchuan
---------------------------------------------
gmres restart length: 100
Ghat4 is formed (fourier discretization)...
this increment is 0.1 (target 0.1) ------------------------
gmres iter 10 linear residual 4.261e-02
gmres iter 20 linear residual 3.706e-02
gmres iter 30 linear residual 3.586e-02
gmres iter 40 linear residual 3.504e-02
gmres iter 50 linear residual 3.428e-02
gmres iter 60 linear residual 3.356e-02
gmres iter 70 linear residual 3.271e-02
gmres iter 80 linear residual 3.187e-02
gmres iter 90 linear residual 3.088e-02
gmres iter 100 linear residual 2.985e-02
gmres iter 110 linear residual 2.949e-02
gmres iter 120 linear residual 2.905e-02
gmres iter 130 linear residual 2.851e-02
gmres iter 140 linear residual 2.801e-02
gmres iter 150 linear residual 2.751e-02
gmres iter 160 linear residual 2.725e-02
gmres iter 170 linear residual 2.691e-02
gmres iter 180 linear residual 2.658e-02
gmres iter 190 linear residual 2.619e-02
gmres iter 200 linear residual 2.580e-02
gmres iter 210 linear residual 2.565e-02
gmres iter 220 linear residual 2.544e-02
gmres iter 230 linear residual 2.517e-02
gmres iter 240 linear residual 2.495e-02
gmres iter 250 linear residual 2.466e-02
gmres iter 260 linear residual 2.438e-02
gmres iter 270 linear residual 2.395e-02
gmres iter 280 linear residual 2.340e-02
gmres iter 290 linear residual 2.271e-02
gmres iter 300 linear residual 2.207e-02
gmres iter 310 linear residual 2.170e-02
gmres iter 320 linear residual 2.129e-02
gmres iter 330 linear residual 2.098e-02
gmres iter 340 linear residual 2.075e-02
gmres iter 350 linear residual 2.060e-02
gmres iter 360 linear residual 2.046e-02
gmres iter 370 linear residual 2.031e-02
gmres iter 380 linear residual 2.020e-02
gmres iter 390 linear residual 2.012e-02
gmres iter 400 linear residual 1.997e-02
gmres iter 410 linear residual 1.995e-02
gmres iter 420 linear residual 1.987e-02
gmres iter 430 linear residual 1.975e-02
gmres iter 440 linear residual 1.962e-02
gmres iter 450 linear residual 1.941e-02
gmres iter 460 linear residual 1.923e-02
gmres iter 470 linear residual 1.903e-02
gmres iter 480 linear residual 1.855e-02
gmres iter 490 linear residual 1.745e-02
gmres iter 500 linear residual 1.647e-02
gmres iter 510 linear residual 1.618e-02
gmres iter 520 linear residual 1.575e-02
gmres iter 530 linear residual 1.542e-02
gmres iter 540 linear residual 1.519e-02
gmres iter 550 linear residual 1.505e-02
gmres iter 560 linear residual 1.494e-02
gmres iter 570 linear residual 1.485e-02
gmres iter 580 linear residual 1.479e-02
gmres iter 590 linear residual 1.470e-02
gmres iter 600 linear residual 1.458e-02
gmres iter 610 linear residual 1.457e-02
gmres iter 620 linear residual 1.450e-02
gmres iter 630 linear residual 1.443e-02
gmres iter 640 linear residual 1.437e-02
gmres iter 650 linear residual 1.432e-02
gmres iter 660 linear residual 1.419e-02
gmres iter 670 linear residual 1.399e-02
gmres iter 680 linear residual 1.370e-02
gmres iter 690 linear residual 1.329e-02
gmres iter 700 linear residual 1.276e-02
gmres iter 710 linear residual 1.263e-02
gmres iter 720 linear residual 1.246e-02
gmres iter 730 linear residual 1.235e-02
gmres iter 740 linear residual 1.223e-02
gmres iter 750 linear residual 1.217e-02
gmres iter 760 linear residual 1.212e-02
gmres iter 770 linear residual 1.205e-02
gmres iter 780 linear residual 1.196e-02
gmres iter 790 linear residual 1.191e-02
gmres iter 800 linear residual 1.187e-02
gmres iter 810 linear residual 1.187e-02
gmres iter 820 linear residual 1.186e-02
gmres iter 830 linear residual 1.184e-02
gmres iter 840 linear residual 1.183e-02
gmres iter 850 linear residual 1.180e-02
gmres iter 860 linear residual 1.173e-02
gmres iter 870 linear residual 1.163e-02
gmres iter 880 linear residual 1.149e-02
gmres iter 890 linear residual 1.134e-02
gmres iter 900 linear residual 1.116e-02
gmres iter 910 linear residual 1.112e-02
gmres iter 920 linear residual 1.102e-02
gmres iter 930 linear residual 1.094e-02
gmres iter 940 linear residual 1.086e-02
gmres iter 950 linear residual 1.082e-02
gmres iter 960 linear residual 1.078e-02
gmres iter 970 linear residual 1.072e-02
gmres iter 980 linear residual 1.065e-02
gmres iter 990 linear residual 1.062e-02
gmres iter 1000 linear residual 1.058e-02
linear solver hit the iteration cap (1000 iterations, flag 10)
increment failed (gmres_iteration_cap); cutting step to 0.05
this increment is 0.05 (target 0.1) ------------------------
gmres iter 10 linear residual 2.869e-02
gmres iter 20 linear residual 1.880e-02
gmres iter 30 linear residual 1.829e-02
gmres iter 40 linear residual 1.743e-02
gmres iter 50 linear residual 1.696e-02
gmres iter 60 linear residual 1.649e-02
gmres iter 70 linear residual 1.566e-02
gmres iter 80 linear residual 1.495e-02
gmres iter 90 linear residual 1.445e-02
gmres iter 100 linear residual 1.384e-02
gmres iter 110 linear residual 1.364e-02
gmres iter 120 linear residual 1.336e-02
gmres iter 130 linear residual 1.296e-02
gmres iter 140 linear residual 1.260e-02
gmres iter 150 linear residual 1.239e-02
gmres iter 160 linear residual 1.215e-02
gmres iter 170 linear residual 1.190e-02
gmres iter 180 linear residual 1.173e-02
gmres iter 190 linear residual 1.157e-02
gmres iter 200 linear residual 1.130e-02
gmres iter 210 linear residual 1.123e-02
gmres iter 220 linear residual 1.116e-02
gmres iter 230 linear residual 1.092e-02
gmres iter 240 linear residual 1.079e-02
gmres iter 250 linear residual 1.070e-02
gmres iter 260 linear residual 1.053e-02
gmres iter 270 linear residual 1.022e-02
gmres iter 280 linear residual 9.956e-03
gmres iter 290 linear residual 9.766e-03
gmres iter 300 linear residual 9.381e-03
gmres iter 310 linear residual 9.253e-03
gmres iter 320 linear residual 9.111e-03
res 3.751e-02 (F-block 6.655e-02 p-block 3.739e-01) alpha 1 eta 1.00e-02 iter times 324
gmres iter 10 linear residual 1.773e-01
gmres iter 20 linear residual 1.600e-01
gmres iter 30 linear residual 1.276e-01
gmres iter 40 linear residual 8.421e-02
gmres iter 50 linear residual 4.829e-02
gmres iter 60 linear residual 3.350e-02
gmres iter 70 linear residual 2.858e-02
gmres iter 80 linear residual 2.506e-02
gmres iter 90 linear residual 2.280e-02
gmres iter 100 linear residual 1.998e-02
gmres iter 110 linear residual 1.926e-02
gmres iter 120 linear residual 1.802e-02
gmres iter 130 linear residual 1.710e-02
gmres iter 140 linear residual 1.659e-02
gmres iter 150 linear residual 1.646e-02
gmres iter 160 linear residual 1.640e-02
gmres iter 170 linear residual 1.624e-02
gmres iter 180 linear residual 1.557e-02
gmres iter 190 linear residual 1.460e-02
gmres iter 200 linear residual 1.420e-02
gmres iter 210 linear residual 1.417e-02
gmres iter 220 linear residual 1.398e-02
gmres iter 230 linear residual 1.387e-02
gmres iter 240 linear residual 1.386e-02
gmres iter 250 linear residual 1.382e-02
gmres iter 260 linear residual 1.373e-02
gmres iter 270 linear residual 1.345e-02
gmres iter 280 linear residual 1.323e-02
gmres iter 290 linear residual 1.296e-02
gmres iter 300 linear residual 1.283e-02
gmres iter 310 linear residual 1.283e-02
gmres iter 320 linear residual 1.283e-02
gmres iter 330 linear residual 1.282e-02
gmres iter 340 linear residual 1.279e-02
gmres iter 350 linear residual 1.263e-02
gmres iter 360 linear residual 1.253e-02
gmres iter 370 linear residual 1.242e-02
gmres iter 380 linear residual 1.234e-02
gmres iter 390 linear residual 1.233e-02
gmres iter 400 linear residual 1.232e-02
gmres iter 410 linear residual 1.232e-02
gmres iter 420 linear residual 1.232e-02
gmres iter 430 linear residual 1.231e-02
gmres iter 440 linear residual 1.230e-02
gmres iter 450 linear residual 1.224e-02
gmres iter 460 linear residual 1.214e-02
gmres iter 470 linear residual 1.206e-02
gmres iter 480 linear residual 1.196e-02
gmres iter 490 linear residual 1.193e-02
gmres iter 500 linear residual 1.190e-02
gmres iter 510 linear residual 1.190e-02
gmres iter 520 linear residual 1.190e-02
gmres iter 530 linear residual 1.188e-02
gmres iter 540 linear residual 1.187e-02
gmres iter 550 linear residual 1.181e-02
gmres iter 560 linear residual 1.173e-02
gmres iter 570 linear residual 1.167e-02
gmres iter 580 linear residual 1.164e-02
gmres iter 590 linear residual 1.164e-02
gmres iter 600 linear residual 1.164e-02
gmres iter 610 linear residual 1.164e-02
gmres iter 620 linear residual 1.164e-02
gmres iter 630 linear residual 1.164e-02
gmres iter 640 linear residual 1.163e-02
gmres iter 650 linear residual 1.161e-02
gmres iter 660 linear residual 1.156e-02
gmres iter 670 linear residual 1.149e-02
gmres iter 680 linear residual 1.143e-02
gmres iter 690 linear residual 1.142e-02
gmres iter 700 linear residual 1.141e-02
gmres iter 710 linear residual 1.141e-02
gmres iter 720 linear residual 1.141e-02
gmres iter 730 linear residual 1.140e-02
gmres iter 740 linear residual 1.140e-02
gmres iter 750 linear residual 1.135e-02
gmres iter 760 linear residual 1.128e-02
gmres iter 770 linear residual 1.126e-02
gmres iter 780 linear residual 1.123e-02
gmres iter 790 linear residual 1.123e-02
gmres iter 800 linear residual 1.123e-02
gmres iter 810 linear residual 1.123e-02
gmres iter 820 linear residual 1.123e-02
gmres iter 830 linear residual 1.123e-02
gmres iter 840 linear residual 1.122e-02
gmres iter 850 linear residual 1.121e-02
gmres iter 860 linear residual 1.117e-02
gmres iter 870 linear residual 1.112e-02
gmres iter 880 linear residual 1.109e-02
gmres iter 890 linear residual 1.108e-02
gmres iter 900 linear residual 1.108e-02
gmres iter 910 linear residual 1.108e-02
gmres iter 920 linear residual 1.108e-02
gmres iter 930 linear residual 1.108e-02
gmres iter 940 linear residual 1.107e-02
gmres iter 950 linear residual 1.102e-02
gmres iter 960 linear residual 1.097e-02
gmres iter 970 linear residual 1.095e-02
gmres iter 980 linear residual 1.095e-02
gmres iter 990 linear residual 1.095e-02
gmres iter 1000 linear residual 1.094e-02
linear solver hit the iteration cap (1000 iterations, flag 10)
increment failed (gmres_iteration_cap); cutting step to 0.025
this increment is 0.025 (target 0.1) ------------------------
gmres iter 10 linear residual 2.342e-02
gmres iter 20 linear residual 1.033e-02
gmres iter 30 linear residual 8.815e-03
gmres iter 40 linear residual 8.544e-03
gmres iter 50 linear residual 8.101e-03
gmres iter 60 linear residual 7.632e-03
gmres iter 70 linear residual 7.354e-03
gmres iter 80 linear residual 6.762e-03
res 1.538e-02 (F-block 2.225e-02 p-block 4.887e-01) alpha 1 eta 1.00e-02 iter times 89
gmres iter 10 linear residual 2.329e-01
gmres iter 20 linear residual 1.977e-01
gmres iter 30 linear residual 1.691e-01
gmres iter 40 linear residual 1.334e-01
gmres iter 50 linear residual 8.410e-02
gmres iter 60 linear residual 5.470e-02
gmres iter 70 linear residual 3.984e-02
gmres iter 80 linear residual 3.528e-02
gmres iter 90 linear residual 3.178e-02
gmres iter 100 linear residual 2.874e-02
gmres iter 110 linear residual 2.806e-02
gmres iter 120 linear residual 2.609e-02
gmres iter 130 linear residual 2.317e-02
gmres iter 140 linear residual 2.011e-02
gmres iter 150 linear residual 1.794e-02
gmres iter 160 linear residual 1.643e-02
gmres iter 170 linear residual 1.566e-02
gmres iter 180 linear residual 1.490e-02
gmres iter 190 linear residual 1.333e-02
gmres iter 200 linear residual 1.170e-02
gmres iter 210 linear residual 1.124e-02
gmres iter 220 linear residual 1.063e-02
gmres iter 230 linear residual 1.023e-02
gmres iter 240 linear residual 9.913e-03
res 9.936e-03 (F-block 6.022e-03 p-block 9.080e-03) alpha 1 eta 1.00e-02 iter times 247
gmres iter 10 linear residual 5.676e-02
gmres iter 20 linear residual 4.420e-02
gmres iter 30 linear residual 4.239e-02
gmres iter 40 linear residual 3.904e-02
gmres iter 50 linear residual 3.545e-02
gmres iter 60 linear residual 3.324e-02
gmres iter 70 linear residual 3.142e-02
gmres iter 80 linear residual 2.993e-02
gmres iter 90 linear residual 2.905e-02
gmres iter 100 linear residual 2.802e-02
gmres iter 110 linear residual 2.750e-02
gmres iter 120 linear residual 2.670e-02
gmres iter 130 linear residual 2.595e-02
gmres iter 140 linear residual 2.476e-02
gmres iter 150 linear residual 2.367e-02
gmres iter 160 linear residual 2.247e-02
gmres iter 170 linear residual 2.076e-02
gmres iter 180 linear residual 1.983e-02
gmres iter 190 linear residual 1.765e-02
gmres iter 200 linear residual 1.450e-02
gmres iter 210 linear residual 1.327e-02
gmres iter 220 linear residual 1.231e-02
gmres iter 230 linear residual 1.190e-02
gmres iter 240 linear residual 1.159e-02
gmres iter 250 linear residual 1.115e-02
gmres iter 260 linear residual 1.081e-02
gmres iter 270 linear residual 1.037e-02
gmres iter 280 linear residual 1.008e-02
gmres iter 290 linear residual 9.800e-03
gmres iter 300 linear residual 9.587e-03
gmres iter 310 linear residual 9.444e-03
gmres iter 320 linear residual 9.243e-03
gmres iter 330 linear residual 9.019e-03
gmres iter 340 linear residual 8.742e-03
gmres iter 350 linear residual 8.488e-03
gmres iter 360 linear residual 8.272e-03
gmres iter 370 linear residual 8.056e-03
gmres iter 380 linear residual 7.739e-03
gmres iter 390 linear residual 7.360e-03
gmres iter 400 linear residual 6.927e-03
gmres iter 410 linear residual 6.565e-03
gmres iter 420 linear residual 6.253e-03
gmres iter 430 linear residual 6.095e-03
gmres iter 440 linear residual 5.947e-03
gmres iter 450 linear residual 5.771e-03
gmres iter 460 linear residual 5.673e-03
gmres iter 470 linear residual 5.476e-03
gmres iter 480 linear residual 5.375e-03
gmres iter 490 linear residual 5.278e-03
gmres iter 500 linear residual 5.121e-03
gmres iter 510 linear residual 5.067e-03
gmres iter 520 linear residual 4.984e-03
gmres iter 530 linear residual 4.917e-03
gmres iter 540 linear residual 4.796e-03
gmres iter 550 linear residual 4.648e-03
gmres iter 560 linear residual 4.565e-03
gmres iter 570 linear residual 4.473e-03
gmres iter 580 linear residual 4.333e-03
gmres iter 590 linear residual 4.171e-03
gmres iter 600 linear residual 4.008e-03
gmres iter 610 linear residual 3.929e-03
gmres iter 620 linear residual 3.744e-03
gmres iter 630 linear residual 3.658e-03
gmres iter 640 linear residual 3.589e-03
gmres iter 650 linear residual 3.517e-03
gmres iter 660 linear residual 3.421e-03
gmres iter 670 linear residual 3.350e-03
gmres iter 680 linear residual 3.300e-03
gmres iter 690 linear residual 3.248e-03
gmres iter 700 linear residual 3.130e-03
gmres iter 710 linear residual 3.064e-03
gmres iter 720 linear residual 3.021e-03
gmres iter 730 linear residual 2.997e-03
gmres iter 740 linear residual 2.918e-03
gmres iter 750 linear residual 2.846e-03
gmres iter 760 linear residual 2.799e-03
gmres iter 770 linear residual 2.740e-03
gmres iter 780 linear residual 2.656e-03
gmres iter 790 linear residual 2.595e-03
gmres iter 800 linear residual 2.517e-03
gmres iter 810 linear residual 2.493e-03
gmres iter 820 linear residual 2.394e-03
gmres iter 830 linear residual 2.342e-03
gmres iter 840 linear residual 2.296e-03
gmres iter 850 linear residual 2.264e-03
gmres iter 860 linear residual 2.198e-03
gmres iter 870 linear residual 2.164e-03
gmres iter 880 linear residual 2.133e-03
gmres iter 890 linear residual 2.106e-03
gmres iter 900 linear residual 2.021e-03
gmres iter 910 linear residual 1.981e-03
gmres iter 920 linear residual 1.948e-03
gmres iter 930 linear residual 1.925e-03
gmres iter 940 linear residual 1.899e-03
gmres iter 950 linear residual 1.851e-03
gmres iter 960 linear residual 1.818e-03
gmres iter 970 linear residual 1.785e-03
gmres iter 980 linear residual 1.740e-03
gmres iter 990 linear residual 1.688e-03
gmres iter 1000 linear residual 1.659e-03
linear solver hit the iteration cap (1000 iterations, flag 10)
increment failed (gmres_iteration_cap); cutting step to 0.0125
this increment is 0.0125 (target 0.1) ------------------------
gmres iter 10 linear residual 2.179e-02
gmres iter 20 linear residual 6.714e-03
res 5.121e-03 (F-block 6.795e-03 p-block 9.397e-01) alpha 1 eta 1.00e-02 iter times 21
gmres iter 10 linear residual 4.499e-01
gmres iter 20 linear residual 2.533e-01
gmres iter 30 linear residual 2.155e-01
gmres iter 40 linear residual 1.868e-01
gmres iter 50 linear residual 1.398e-01
gmres iter 60 linear residual 1.170e-01
gmres iter 70 linear residual 9.464e-02
gmres iter 80 linear residual 8.580e-02
gmres iter 90 linear residual 8.210e-02
gmres iter 100 linear residual 7.620e-02
gmres iter 110 linear residual 7.585e-02
gmres iter 120 linear residual 7.423e-02
gmres iter 130 linear residual 7.017e-02
gmres iter 140 linear residual 6.347e-02
gmres iter 150 linear residual 5.449e-02
gmres iter 160 linear residual 4.960e-02
gmres iter 170 linear residual 4.537e-02
gmres iter 180 linear residual 4.268e-02
gmres iter 190 linear residual 4.021e-02
gmres iter 200 linear residual 3.600e-02
gmres iter 210 linear residual 3.469e-02
gmres iter 220 linear residual 3.328e-02
gmres iter 230 linear residual 3.248e-02
gmres iter 240 linear residual 3.131e-02
gmres iter 250 linear residual 2.979e-02
gmres iter 260 linear residual 2.685e-02
gmres iter 270 linear residual 2.351e-02
gmres iter 280 linear residual 2.202e-02
gmres iter 290 linear residual 2.090e-02
gmres iter 300 linear residual 1.955e-02
gmres iter 310 linear residual 1.943e-02
gmres iter 320 linear residual 1.868e-02
gmres iter 330 linear residual 1.782e-02
gmres iter 340 linear residual 1.666e-02
gmres iter 350 linear residual 1.577e-02
gmres iter 360 linear residual 1.500e-02
gmres iter 370 linear residual 1.453e-02
gmres iter 380 linear residual 1.407e-02
gmres iter 390 linear residual 1.357e-02
gmres iter 400 linear residual 1.300e-02
gmres iter 410 linear residual 1.270e-02
gmres iter 420 linear residual 1.239e-02
gmres iter 430 linear residual 1.219e-02
gmres iter 440 linear residual 1.191e-02
gmres iter 450 linear residual 1.139e-02
gmres iter 460 linear residual 1.079e-02
gmres iter 470 linear residual 9.837e-03
res 5.883e-03 (F-block 6.817e-04 p-block 3.855e-03) alpha 1 eta 1.00e-02 iter times 472
gmres iter 10 linear residual 1.272e-01
gmres iter 20 linear residual 1.100e-01
gmres iter 30 linear residual 1.054e-01
gmres iter 40 linear residual 9.866e-02
gmres iter 50 linear residual 9.128e-02
gmres iter 60 linear residual 8.623e-02
gmres iter 70 linear residual 8.376e-02
gmres iter 80 linear residual 8.087e-02
gmres iter 90 linear residual 7.850e-02
gmres iter 100 linear residual 7.731e-02
gmres iter 110 linear residual 7.717e-02
gmres iter 120 linear residual 7.680e-02
gmres iter 130 linear residual 7.585e-02
gmres iter 140 linear residual 7.320e-02
gmres iter 150 linear residual 6.998e-02
gmres iter 160 linear residual 6.783e-02
gmres iter 170 linear residual 6.558e-02
gmres iter 180 linear residual 6.308e-02
gmres iter 190 linear residual 5.967e-02
gmres iter 200 linear residual 5.537e-02
gmres iter 210 linear residual 5.350e-02
gmres iter 220 linear residual 5.133e-02
gmres iter 230 linear residual 4.853e-02
gmres iter 240 linear residual 4.734e-02
gmres iter 250 linear residual 4.632e-02
gmres iter 260 linear residual 4.431e-02
gmres iter 270 linear residual 4.347e-02
gmres iter 280 linear residual 4.257e-02
gmres iter 290 linear residual 4.148e-02
gmres iter 300 linear residual 4.024e-02
gmres iter 310 linear residual 3.994e-02
gmres iter 320 linear residual 3.963e-02
gmres iter 330 linear residual 3.902e-02
gmres iter 340 linear residual 3.824e-02
gmres iter 350 linear residual 3.716e-02
gmres iter 360 linear residual 3.611e-02
gmres iter 370 linear residual 3.523e-02
gmres iter 380 linear residual 3.431e-02
gmres iter 390 linear residual 3.310e-02
gmres iter 400 linear residual 3.162e-02
gmres iter 410 linear residual 3.084e-02
gmres iter 420 linear residual 2.981e-02
gmres iter 430 linear residual 2.894e-02
gmres iter 440 linear residual 2.831e-02
gmres iter 450 linear residual 2.767e-02
gmres iter 460 linear residual 2.693e-02
gmres iter 470 linear residual 2.630e-02
gmres iter 480 linear residual 2.602e-02
gmres iter 490 linear residual 2.559e-02
gmres iter 500 linear residual 2.498e-02
gmres iter 510 linear residual 2.484e-02
gmres iter 520 linear residual 2.462e-02
gmres iter 530 linear residual 2.407e-02
gmres iter 540 linear residual 2.365e-02
gmres iter 550 linear residual 2.318e-02
gmres iter 560 linear residual 2.270e-02
gmres iter 570 linear residual 2.217e-02
gmres iter 580 linear residual 2.160e-02
gmres iter 590 linear residual 2.106e-02
gmres iter 600 linear residual 2.041e-02
gmres iter 610 linear residual 2.013e-02
gmres iter 620 linear residual 1.960e-02
gmres iter 630 linear residual 1.900e-02
gmres iter 640 linear residual 1.863e-02
gmres iter 650 linear residual 1.823e-02
gmres iter 660 linear residual 1.784e-02
gmres iter 670 linear residual 1.753e-02
gmres iter 680 linear residual 1.730e-02
gmres iter 690 linear residual 1.707e-02
gmres iter 700 linear residual 1.677e-02
gmres iter 710 linear residual 1.665e-02
gmres iter 720 linear residual 1.651e-02
gmres iter 730 linear residual 1.621e-02
gmres iter 740 linear residual 1.596e-02
gmres iter 750 linear residual 1.560e-02
gmres iter 760 linear residual 1.533e-02
gmres iter 770 linear residual 1.497e-02
gmres iter 780 linear residual 1.467e-02
gmres iter 790 linear residual 1.424e-02
gmres iter 800 linear residual 1.384e-02
gmres iter 810 linear residual 1.363e-02
gmres iter 820 linear residual 1.326e-02
gmres iter 830 linear residual 1.288e-02
gmres iter 840 linear residual 1.266e-02
gmres iter 850 linear residual 1.243e-02
gmres iter 860 linear residual 1.218e-02
gmres iter 870 linear residual 1.193e-02
gmres iter 880 linear residual 1.181e-02
gmres iter 890 linear residual 1.169e-02
gmres iter 900 linear residual 1.145e-02
gmres iter 910 linear residual 1.136e-02
gmres iter 920 linear residual 1.127e-02
gmres iter 930 linear residual 1.111e-02
gmres iter 940 linear residual 1.090e-02
gmres iter 950 linear residual 1.068e-02
gmres iter 960 linear residual 1.049e-02
gmres iter 970 linear residual 1.029e-02
gmres iter 980 linear residual 1.009e-02
gmres iter 990 linear residual 9.764e-03
gmres iter 1000 linear residual 9.521e-03
linear solver hit the iteration cap (1000 iterations, flag 10)
increment failed (gmres_iteration_cap); cutting step to 0.00625
this increment is 0.00625 (target 0.1) ------------------------
gmres iter 10 linear residual 2.133e-02
res 2.538e-03 (F-block 7.003e-03 p-block 9.504e-01) alpha 1 eta 1.00e-02 iter times 19
gmres iter 10 linear residual 4.629e-01
gmres iter 20 linear residual 2.378e-01
gmres iter 30 linear residual 2.096e-01
gmres iter 40 linear residual 1.753e-01
gmres iter 50 linear residual 1.329e-01
gmres iter 60 linear residual 1.090e-01
gmres iter 70 linear residual 8.753e-02
gmres iter 80 linear residual 8.200e-02
gmres iter 90 linear residual 7.604e-02
gmres iter 100 linear residual 7.228e-02
gmres iter 110 linear residual 7.209e-02
gmres iter 120 linear residual 7.088e-02
gmres iter 130 linear residual 6.792e-02
gmres iter 140 linear residual 6.178e-02
gmres iter 150 linear residual 5.188e-02
gmres iter 160 linear residual 4.786e-02
gmres iter 170 linear residual 4.430e-02
gmres iter 180 linear residual 4.158e-02
gmres iter 190 linear residual 3.954e-02
gmres iter 200 linear residual 3.530e-02
gmres iter 210 linear residual 3.409e-02
gmres iter 220 linear residual 3.267e-02
gmres iter 230 linear residual 3.197e-02
gmres iter 240 linear residual 3.076e-02
gmres iter 250 linear residual 2.913e-02
gmres iter 260 linear residual 2.630e-02
gmres iter 270 linear residual 2.300e-02
gmres iter 280 linear residual 2.111e-02
gmres iter 290 linear residual 2.039e-02
gmres iter 300 linear residual 1.916e-02
gmres iter 310 linear residual 1.904e-02
gmres iter 320 linear residual 1.841e-02
gmres iter 330 linear residual 1.764e-02
gmres iter 340 linear residual 1.636e-02
gmres iter 350 linear residual 1.539e-02
gmres iter 360 linear residual 1.460e-02
gmres iter 370 linear residual 1.412e-02
gmres iter 380 linear residual 1.368e-02
gmres iter 390 linear residual 1.331e-02
gmres iter 400 linear residual 1.269e-02
gmres iter 410 linear residual 1.235e-02
gmres iter 420 linear residual 1.207e-02
gmres iter 430 linear residual 1.190e-02
gmres iter 440 linear residual 1.164e-02
gmres iter 450 linear residual 1.111e-02
gmres iter 460 linear residual 1.059e-02
res 2.996e-03 (F-block 3.365e-04 p-block 2.880e-03) alpha 1 eta 1.00e-02 iter times 468
gmres iter 10 linear residual 2.181e-01
gmres iter 20 linear residual 2.054e-01
gmres iter 30 linear residual 1.988e-01
gmres iter 40 linear residual 1.898e-01
gmres iter 50 linear residual 1.837e-01
gmres iter 60 linear residual 1.778e-01
gmres iter 70 linear residual 1.701e-01
gmres iter 80 linear residual 1.620e-01
gmres iter 90 linear residual 1.586e-01
gmres iter 100 linear residual 1.565e-01
gmres iter 110 linear residual 1.562e-01
gmres iter 120 linear residual 1.552e-01
gmres iter 130 linear residual 1.514e-01
gmres iter 140 linear residual 1.448e-01
gmres iter 150 linear residual 1.390e-01
gmres iter 160 linear residual 1.360e-01
gmres iter 170 linear residual 1.326e-01
gmres iter 180 linear residual 1.285e-01
gmres iter 190 linear residual 1.232e-01
gmres iter 200 linear residual 1.148e-01
gmres iter 210 linear residual 1.112e-01
gmres iter 220 linear residual 1.075e-01
gmres iter 230 linear residual 1.044e-01
gmres iter 240 linear residual 1.018e-01
gmres iter 250 linear residual 9.943e-02
gmres iter 260 linear residual 9.535e-02
gmres iter 270 linear residual 9.306e-02
gmres iter 280 linear residual 9.065e-02
gmres iter 290 linear residual 8.869e-02
gmres iter 300 linear residual 8.640e-02
gmres iter 310 linear residual 8.575e-02
gmres iter 320 linear residual 8.499e-02
gmres iter 330 linear residual 8.310e-02
gmres iter 340 linear residual 7.985e-02
gmres iter 350 linear residual 7.751e-02
gmres iter 360 linear residual 7.623e-02
gmres iter 370 linear residual 7.450e-02
gmres iter 380 linear residual 7.276e-02
gmres iter 390 linear residual 7.031e-02
gmres iter 400 linear residual 6.688e-02
gmres iter 410 linear residual 6.534e-02
gmres iter 420 linear residual 6.282e-02
gmres iter 430 linear residual 6.135e-02
gmres iter 440 linear residual 6.034e-02
gmres iter 450 linear residual 5.913e-02
gmres iter 460 linear residual 5.751e-02
gmres iter 470 linear residual 5.556e-02
gmres iter 480 linear residual 5.468e-02
gmres iter 490 linear residual 5.393e-02
gmres iter 500 linear residual 5.274e-02
gmres iter 510 linear residual 5.237e-02
gmres iter 520 linear residual 5.187e-02
gmres iter 530 linear residual 5.050e-02
gmres iter 540 linear residual 4.897e-02
gmres iter 550 linear residual 4.782e-02
gmres iter 560 linear residual 4.713e-02
gmres iter 570 linear residual 4.625e-02
gmres iter 580 linear residual 4.524e-02
gmres iter 590 linear residual 4.332e-02
gmres iter 600 linear residual 4.088e-02
gmres iter 610 linear residual 3.990e-02
gmres iter 620 linear residual 3.788e-02
gmres iter 630 linear residual 3.699e-02
gmres iter 640 linear residual 3.642e-02
gmres iter 650 linear residual 3.582e-02
gmres iter 660 linear residual 3.501e-02
gmres iter 670 linear residual 3.382e-02
gmres iter 680 linear residual 3.322e-02
gmres iter 690 linear residual 3.283e-02
gmres iter 700 linear residual 3.236e-02
gmres iter 710 linear residual 3.214e-02
gmres iter 720 linear residual 3.191e-02
gmres iter 730 linear residual 3.129e-02
gmres iter 740 linear residual 3.053e-02
gmres iter 750 linear residual 2.954e-02
gmres iter 760 linear residual 2.918e-02
gmres iter 770 linear residual 2.858e-02
gmres iter 780 linear residual 2.811e-02
gmres iter 790 linear residual 2.650e-02
gmres iter 800 linear residual 2.436e-02
gmres iter 810 linear residual 2.326e-02
gmres iter 820 linear residual 2.188e-02
gmres iter 830 linear residual 2.106e-02
gmres iter 840 linear residual 2.078e-02
gmres iter 850 linear residual 2.053e-02
gmres iter 860 linear residual 2.013e-02
gmres iter 870 linear residual 1.938e-02
gmres iter 880 linear residual 1.905e-02
gmres iter 890 linear residual 1.890e-02
gmres iter 900 linear residual 1.865e-02
gmres iter 910 linear residual 1.860e-02
gmres iter 920 linear residual 1.848e-02
gmres iter 930 linear residual 1.808e-02
gmres iter 940 linear residual 1.770e-02
gmres iter 950 linear residual 1.721e-02
gmres iter 960 linear residual 1.694e-02
gmres iter 970 linear residual 1.679e-02
gmres iter 980 linear residual 1.624e-02
gmres iter 990 linear residual 1.562e-02
gmres iter 1000 linear residual 1.441e-02
linear solver hit the iteration cap (1000 iterations, flag 10)
increment failed (gmres_iteration_cap); cutting step to 0.003125
SOLVER FAILED: no convergence at load 0 even with the
minimum sub-step; results are only saved up to the last
converged increment boundary.
solver stats are saved to solver_stats.json
F and P are saved to output.csv
