---------------------------------------------
-- mixed FFT based solver, by WANG Mingchuan
---------------------------------------------
gmres restart length: 100
Ghat4 is formed (fourier discretization)...
this increment is 0.1 (target 0.1) ------------------------
gmres iter 10 linear residual 2.402e-03
gmres iter 20 linear residual 9.696e-04
gmres iter 30 linear residual 7.048e-04
gmres iter 40 linear residual 5.447e-04
gmres iter 50 linear residual 4.392e-04
gmres iter 60 linear residual 3.659e-04
gmres iter 70 linear residual 3.530e-04
gmres iter 80 linear residual 3.223e-04
gmres iter 90 linear residual 2.867e-04
gmres iter 100 linear residual 2.695e-04
gmres iter 110 linear residual 2.422e-04
gmres iter 120 linear residual 2.340e-04
gmres iter 130 linear residual 2.283e-04
gmres iter 140 linear residual 2.274e-04
gmres iter 150 linear residual 2.231e-04
gmres iter 160 linear residual 2.212e-04
gmres iter 170 linear residual 2.166e-04
gmres iter 180 linear residual 2.143e-04
gmres iter 190 linear residual 2.087e-04
gmres iter 200 linear residual 2.046e-04
gmres iter 210 linear residual 2.012e-04
gmres iter 220 linear residual 1.948e-04
gmres iter 230 linear residual 1.925e-04
gmres iter 240 linear residual 1.920e-04
gmres iter 250 linear residual 1.894e-04
gmres iter 260 linear residual 1.887e-04
gmres iter 270 linear residual 1.859e-04
gmres iter 280 linear residual 1.840e-04
gmres iter 290 linear residual 1.812e-04
gmres iter 300 linear residual 1.788e-04
gmres iter 310 linear residual 1.758e-04
gmres iter 320 linear residual 1.737e-04
gmres iter 330 linear residual 1.723e-04
gmres iter 340 linear residual 1.717e-04
gmres iter 350 linear residual 1.699e-04
gmres iter 360 linear residual 1.693e-04
gmres iter 370 linear residual 1.677e-04
gmres iter 380 linear residual 1.669e-04
gmres iter 390 linear residual 1.651e-04
gmres iter 400 linear residual 1.642e-04
gmres iter 410 linear residual 1.632e-04
gmres iter 420 linear residual 1.609e-04
res 5.874e-02 (F-block 8.735e-02 p-block 3.740e-02) alpha 1 eta 1.00e-02 iter times 422
gmres iter 10 linear residual 4.991e-03
gmres iter 20 linear residual 2.699e-03
gmres iter 30 linear residual 1.786e-03
gmres iter 40 linear residual 1.255e-03
gmres iter 50 linear residual 8.595e-04
gmres iter 60 linear residual 6.431e-04
gmres iter 70 linear residual 4.931e-04
gmres iter 80 linear residual 3.850e-04
gmres iter 90 linear residual 3.167e-04
gmres iter 100 linear residual 2.664e-04
gmres iter 110 linear residual 2.454e-04
gmres iter 120 linear residual 2.267e-04
gmres iter 130 linear residual 2.161e-04
gmres iter 140 linear residual 2.086e-04
gmres iter 150 linear residual 2.043e-04
gmres iter 160 linear residual 2.025e-04
gmres iter 170 linear residual 2.016e-04
gmres iter 180 linear residual 1.935e-04
gmres iter 190 linear residual 1.754e-04
gmres iter 200 linear residual 1.520e-04
gmres iter 210 linear residual 1.401e-04
gmres iter 220 linear residual 1.345e-04
gmres iter 230 linear residual 1.328e-04
gmres iter 240 linear residual 1.327e-04
gmres iter 250 linear residual 1.315e-04
gmres iter 260 linear residual 1.287e-04
gmres iter 270 linear residual 1.242e-04
gmres iter 280 linear residual 1.198e-04
gmres iter 290 linear residual 1.171e-04
gmres iter 300 linear residual 1.158e-04
gmres iter 310 linear residual 1.157e-04
gmres iter 320 linear residual 1.155e-04
gmres iter 330 linear residual 1.142e-04
gmres iter 340 linear residual 1.118e-04
gmres iter 350 linear residual 1.081e-04
gmres iter 360 linear residual 1.051e-04
gmres iter 370 linear residual 1.025e-04
gmres iter 380 linear residual 1.009e-04
gmres iter 390 linear residual 1.005e-04
gmres iter 400 linear residual 1.003e-04
gmres iter 410 linear residual 1.003e-04
gmres iter 420 linear residual 1.002e-04
gmres iter 430 linear residual 9.923e-05
gmres iter 440 linear residual 9.702e-05
gmres iter 450 linear residual 9.528e-05
gmres iter 460 linear residual 9.386e-05
gmres iter 470 linear residual 9.342e-05
gmres iter 480 linear residual 9.328e-05
gmres iter 490 linear residual 9.317e-05
gmres iter 500 linear residual 9.234e-05
gmres iter 510 linear residual 9.188e-05
gmres iter 520 linear residual 9.148e-05
gmres iter 530 linear residual 9.129e-05
gmres iter 540 linear residual 9.114e-05
gmres iter 550 linear residual 9.003e-05
gmres iter 560 linear residual 8.840e-05
gmres iter 570 linear residual 8.504e-05
gmres iter 580 linear residual 8.186e-05
gmres iter 590 linear residual 8.007e-05
gmres iter 600 linear residual 7.889e-05
gmres iter 610 linear residual 7.888e-05
gmres iter 620 linear residual 7.829e-05
gmres iter 630 linear residual 7.648e-05
gmres iter 640 linear residual 7.321e-05
gmres iter 650 linear residual 7.173e-05
gmres iter 660 linear residual 7.127e-05
gmres iter 670 linear residual 7.102e-05
gmres iter 680 linear residual 7.098e-05
gmres iter 690 linear residual 7.042e-05
gmres iter 700 linear residual 6.883e-05
gmres iter 710 linear residual 6.825e-05
gmres iter 720 linear residual 6.713e-05
gmres iter 730 linear residual 6.649e-05
gmres iter 740 linear residual 6.617e-05
gmres iter 750 linear residual 6.545e-05
gmres iter 760 linear residual 6.517e-05
gmres iter 770 linear residual 6.489e-05
gmres iter 780 linear residual 6.347e-05
gmres iter 790 linear residual 5.942e-05
gmres iter 800 linear residual 5.475e-05
gmres iter 810 linear residual 5.354e-05
gmres iter 820 linear residual 5.009e-05
gmres iter 830 linear residual 4.858e-05
gmres iter 840 linear residual 4.832e-05
gmres iter 850 linear residual 4.826e-05
gmres iter 860 linear residual 4.760e-05
gmres iter 870 linear residual 4.619e-05
gmres iter 880 linear residual 4.582e-05
gmres iter 890 linear residual 4.573e-05
gmres iter 900 linear residual 4.571e-05
gmres iter 910 linear residual 4.571e-05
gmres iter 920 linear residual 4.571e-05
gmres iter 930 linear residual 4.571e-05
gmres iter 940 linear residual 4.568e-05
gmres iter 950 linear residual 4.542e-05
gmres iter 960 linear residual 4.501e-05
gmres iter 970 linear residual 4.414e-05
gmres iter 980 linear residual 4.319e-05
gmres iter 990 linear residual 4.166e-05
gmres iter 1000 linear residual 3.971e-05
linear solver hit the iteration cap (1000 iterations, flag 10)
increment failed (gmres_iteration_cap); cutting step to 0.05
this increment is 0.05 (target 0.1) ------------------------
gmres iter 10 linear residual 2.304e-03
gmres iter 20 linear residual 9.297e-04
gmres iter 30 linear residual 6.415e-04
gmres iter 40 linear residual 4.328e-04
gmres iter 50 linear residual 2.013e-04
gmres iter 60 linear residual 1.645e-04
gmres iter 70 linear residual 1.461e-04
gmres iter 80 linear residual 1.340e-04
gmres iter 90 linear residual 1.184e-04
gmres iter 100 linear residual 1.155e-04
gmres iter 110 linear residual 1.154e-04
gmres iter 120 linear residual 1.149e-04
gmres iter 130 linear residual 1.123e-04
gmres iter 140 linear residual 1.108e-04
gmres iter 150 linear residual 1.102e-04
gmres iter 160 linear residual 1.052e-04
gmres iter 170 linear residual 1.020e-04
gmres iter 180 linear residual 9.802e-05
gmres iter 190 linear residual 9.260e-05
res 2.986e-02 (F-block 4.361e-02 p-block 1.942e-02) alpha 1 eta 1.00e-02 iter times 192
gmres iter 10 linear residual 5.268e-03
gmres iter 20 linear residual 3.299e-03
gmres iter 30 linear residual 2.436e-03
gmres iter 40 linear residual 1.882e-03
gmres iter 50 linear residual 1.381e-03
gmres iter 60 linear residual 1.013e-03
gmres iter 70 linear residual 7.600e-04
gmres iter 80 linear residual 5.724e-04
gmres iter 90 linear residual 4.493e-04
gmres iter 100 linear residual 3.549e-04
gmres iter 110 linear residual 3.144e-04
gmres iter 120 linear residual 2.808e-04
gmres iter 130 linear residual 2.509e-04
gmres iter 140 linear residual 2.135e-04
gmres iter 150 linear residual 1.722e-04
gmres iter 160 linear residual 1.276e-04
gmres iter 170 linear residual 9.805e-05
gmres iter 180 linear residual 7.857e-05
gmres iter 190 linear residual 6.622e-05
gmres iter 200 linear residual 5.854e-05
gmres iter 210 linear residual 5.386e-05
gmres iter 220 linear residual 4.838e-05
gmres iter 230 linear residual 4.398e-05
gmres iter 240 linear residual 3.928e-05
gmres iter 250 linear residual 3.611e-05
gmres iter 260 linear residual 3.372e-05
gmres iter 270 linear residual 3.214e-05
gmres iter 280 linear residual 3.091e-05
gmres iter 290 linear residual 2.935e-05
gmres iter 300 linear residual 2.822e-05
gmres iter 310 linear residual 2.778e-05
gmres iter 320 linear residual 2.751e-05
gmres iter 330 linear residual 2.744e-05
gmres iter 340 linear residual 2.741e-05
gmres iter 350 linear residual 2.716e-05
gmres iter 360 linear residual 2.674e-05
gmres iter 370 linear residual 2.625e-05
gmres iter 380 linear residual 2.554e-05
gmres iter 390 linear residual 2.440e-05
gmres iter 400 linear residual 2.295e-05
gmres iter 410 linear residual 2.224e-05
gmres iter 420 linear residual 2.157e-05
gmres iter 430 linear residual 2.124e-05
gmres iter 440 linear residual 2.101e-05
gmres iter 450 linear residual 2.087e-05
gmres iter 460 linear residual 2.063e-05
gmres iter 470 linear residual 2.053e-05
gmres iter 480 linear residual 2.050e-05
gmres iter 490 linear residual 2.049e-05
gmres iter 500 linear residual 2.043e-05
gmres iter 510 linear residual 2.041e-05
gmres iter 520 linear residual 2.040e-05
gmres iter 530 linear residual 2.040e-05
gmres iter 540 linear residual 2.036e-05
gmres iter 550 linear residual 2.025e-05
gmres iter 560 linear residual 2.005e-05
gmres iter 570 linear residual 1.979e-05
gmres iter 580 linear residual 1.938e-05
gmres iter 590 linear residual 1.910e-05
gmres iter 600 linear residual 1.862e-05
gmres iter 610 linear residual 1.842e-05
gmres iter 620 linear residual 1.823e-05
gmres iter 630 linear residual 1.819e-05
gmres iter 640 linear residual 1.817e-05
gmres iter 650 linear residual 1.814e-05
gmres iter 660 linear residual 1.813e-05
gmres iter 670 linear residual 1.812e-05
gmres iter 680 linear residual 1.812e-05
gmres iter 690 linear residual 1.811e-05
gmres iter 700 linear residual 1.809e-05
gmres iter 710 linear residual 1.809e-05
gmres iter 720 linear residual 1.808e-05
gmres iter 730 linear residual 1.808e-05
gmres iter 740 linear residual 1.807e-05
gmres iter 750 linear residual 1.804e-05
gmres iter 760 linear residual 1.802e-05
gmres iter 770 linear residual 1.800e-05
gmres iter 780 linear residual 1.797e-05
gmres iter 790 linear residual 1.783e-05
gmres iter 800 linear residual 1.718e-05
gmres iter 810 linear residual 1.692e-05
gmres iter 820 linear residual 1.667e-05
gmres iter 830 linear residual 1.653e-05
gmres iter 840 linear residual 1.649e-05
gmres iter 850 linear residual 1.648e-05
gmres iter 860 linear residual 1.647e-05
gmres iter 870 linear residual 1.641e-05
gmres iter 880 linear residual 1.630e-05
gmres iter 890 linear residual 1.623e-05
gmres iter 900 linear residual 1.618e-05
gmres iter 910 linear residual 1.617e-05
gmres iter 920 linear residual 1.613e-05
gmres iter 930 linear residual 1.610e-05
gmres iter 940 linear residual 1.605e-05
gmres iter 950 linear residual 1.600e-05
gmres iter 960 linear residual 1.596e-05
gmres iter 970 linear residual 1.594e-05
gmres iter 980 linear residual 1.593e-05
gmres iter 990 linear residual 1.588e-05
gmres iter 1000 linear residual 1.572e-05
linear solver hit the iteration cap (1000 iterations, flag 10)
increment failed (gmres_iteration_cap); cutting step to 0.025
this increment is 0.025 (target 0.1) ------------------------
gmres iter 10 linear residual 2.277e-03
gmres iter 20 linear residual 9.160e-04
gmres iter 30 linear residual 6.298e-04
gmres iter 40 linear residual 4.194e-04
gmres iter 50 linear residual 1.788e-04
gmres iter 60 linear residual 1.265e-04
gmres iter 70 linear residual 9.476e-05
gmres iter 80 linear residual 9.188e-05
gmres iter 90 linear residual 8.253e-05
gmres iter 100 linear residual 7.311e-05
gmres iter 110 linear residual 5.463e-05
gmres iter 120 linear residual 4.506e-05
gmres iter 130 linear residual 4.466e-05
gmres iter 140 linear residual 3.797e-05
gmres iter 150 linear residual 3.283e-05
gmres iter 160 linear residual 3.056e-05
res 1.646e-02 (F-block 2.207e-02 p-block 1.140e-02) alpha 1 eta 1.00e-02 iter times 164
gmres iter 10 linear residual 5.376e-03
gmres iter 20 linear residual 3.530e-03
gmres iter 30 linear residual 2.693e-03
gmres iter 40 linear residual 2.158e-03
gmres iter 50 linear residual 1.664e-03
gmres iter 60 linear residual 1.281e-03
gmres iter 70 linear residual 9.824e-04
gmres iter 80 linear residual 7.550e-04
gmres iter 90 linear residual 5.921e-04
gmres iter 100 linear residual 4.651e-04
gmres iter 110 linear residual 4.062e-04
gmres iter 120 linear residual 3.621e-04
gmres iter 130 linear residual 3.245e-04
gmres iter 140 linear residual 2.782e-04
gmres iter 150 linear residual 2.268e-04
gmres iter 160 linear residual 1.703e-04
gmres iter 170 linear residual 1.305e-04
gmres iter 180 linear residual 1.036e-04
gmres iter 190 linear residual 8.619e-05
gmres iter 200 linear residual 7.291e-05
gmres iter 210 linear residual 6.599e-05
gmres iter 220 linear residual 5.806e-05
gmres iter 230 linear residual 5.092e-05
gmres iter 240 linear residual 4.446e-05
gmres iter 250 linear residual 3.727e-05
gmres iter 260 linear residual 3.147e-05
gmres iter 270 linear residual 2.747e-05
gmres iter 280 linear residual 2.415e-05
gmres iter 290 linear residual 2.116e-05
gmres iter 300 linear residual 1.813e-05
gmres iter 310 linear residual 1.608e-05
gmres iter 320 linear residual 1.463e-05
gmres iter 330 linear residual 1.308e-05
gmres iter 340 linear residual 1.172e-05
gmres iter 350 linear residual 1.010e-05
gmres iter 360 linear residual 8.537e-06
gmres iter 370 linear residual 7.650e-06
gmres iter 380 linear residual 6.854e-06
gmres iter 390 linear residual 6.289e-06
gmres iter 400 linear residual 5.698e-06
gmres iter 410 linear residual 5.350e-06
gmres iter 420 linear residual 4.985e-06
gmres iter 430 linear residual 4.580e-06
gmres iter 440 linear residual 4.195e-06
gmres iter 450 linear residual 3.881e-06
gmres iter 460 linear residual 3.573e-06
gmres iter 470 linear residual 3.317e-06
gmres iter 480 linear residual 3.030e-06
gmres iter 490 linear residual 2.878e-06
gmres iter 500 linear residual 2.685e-06
gmres iter 510 linear residual 2.565e-06
gmres iter 520 linear residual 2.453e-06
gmres iter 530 linear residual 2.330e-06
gmres iter 540 linear residual 2.261e-06
gmres iter 550 linear residual 2.135e-06
gmres iter 560 linear residual 2.014e-06
gmres iter 570 linear residual 1.944e-06
gmres iter 580 linear residual 1.894e-06
gmres iter 590 linear residual 1.854e-06
gmres iter 600 linear residual 1.801e-06
res 5.710e-03 (F-block 1.855e-03 p-block 1.924e-03) alpha 1 eta 1.00e-03 iter times 600
gmres iter 10 linear residual 5.842e-03
gmres iter 20 linear residual 2.395e-03
gmres iter 30 linear residual 1.270e-03
gmres iter 40 linear residual 8.441e-04
gmres iter 50 linear residual 6.126e-04
gmres iter 60 linear residual 5.770e-04
gmres iter 70 linear residual 5.185e-04
gmres iter 80 linear residual 4.271e-04
gmres iter 90 linear residual 3.278e-04
gmres iter 100 linear residual 2.498e-04
gmres iter 110 linear residual 2.047e-04
gmres iter 120 linear residual 1.697e-04
gmres iter 130 linear residual 1.365e-04
gmres iter 140 linear residual 1.119e-04
gmres iter 150 linear residual 9.985e-05
gmres iter 160 linear residual 9.055e-05
gmres iter 170 linear residual 8.358e-05
gmres iter 180 linear residual 7.626e-05
gmres iter 190 linear residual 6.847e-05
gmres iter 200 linear residual 5.789e-05
gmres iter 210 linear residual 4.739e-05
gmres iter 220 linear residual 3.824e-05
gmres iter 230 linear residual 3.095e-05
gmres iter 240 linear residual 2.598e-05
gmres iter 250 linear residual 2.308e-05
gmres iter 260 linear residual 2.094e-05
gmres iter 270 linear residual 1.916e-05
gmres iter 280 linear residual 1.751e-05
gmres iter 290 linear residual 1.582e-05
gmres iter 300 linear residual 1.394e-05
gmres iter 310 linear residual 1.246e-05
gmres iter 320 linear residual 1.094e-05
gmres iter 330 linear residual 9.699e-06
gmres iter 340 linear residual 8.634e-06
res 5.631e-04 (F-block 5.430e-05 p-block 3.573e-05) alpha 1 eta 1.00e-02 iter times 341
gmres iter 10 linear residual 8.128e-03
gmres iter 20 linear residual 3.513e-03
gmres iter 30 linear residual 1.899e-03
gmres iter 40 linear residual 1.088e-03
gmres iter 50 linear residual 6.986e-04
gmres iter 60 linear residual 5.349e-04
gmres iter 70 linear residual 4.290e-04
gmres iter 80 linear residual 3.658e-04
gmres iter 90 linear residual 3.275e-04
gmres iter 100 linear residual 2.971e-04
gmres iter 110 linear residual 2.950e-04
gmres iter 120 linear residual 2.915e-04
gmres iter 130 linear residual 2.844e-04
gmres iter 140 linear residual 2.724e-04
gmres iter 150 linear residual 2.472e-04
gmres iter 160 linear residual 2.141e-04
gmres iter 170 linear residual 1.847e-04
gmres iter 180 linear residual 1.581e-04
gmres iter 190 linear residual 1.431e-04
gmres iter 200 linear residual 1.315e-04
gmres iter 210 linear residual 1.251e-04
gmres iter 220 linear residual 1.177e-04
gmres iter 230 linear residual 1.126e-04
gmres iter 240 linear residual 1.071e-04
gmres iter 250 linear residual 9.933e-05
gmres iter 260 linear residual 9.094e-05
gmres iter 270 linear residual 8.127e-05
gmres iter 280 linear residual 7.368e-05
gmres iter 290 linear residual 6.712e-05
gmres iter 300 linear residual 5.701e-05
gmres iter 310 linear residual 5.320e-05
gmres iter 320 linear residual 4.998e-05
gmres iter 330 linear residual 4.589e-05
gmres iter 340 linear residual 4.189e-05
gmres iter 350 linear residual 3.688e-05
gmres iter 360 linear residual 3.351e-05
gmres iter 370 linear residual 3.106e-05
gmres iter 380 linear residual 2.876e-05
gmres iter 390 linear residual 2.711e-05
gmres iter 400 linear residual 2.502e-05
gmres iter 410 linear residual 2.402e-05
gmres iter 420 linear residual 2.302e-05
gmres iter 430 linear residual 2.217e-05
gmres iter 440 linear residual 2.106e-05
gmres iter 450 linear residual 1.939e-05
gmres iter 460 linear residual 1.812e-05
gmres iter 470 linear residual 1.727e-05
gmres iter 480 linear residual 1.658e-05
gmres iter 490 linear residual 1.563e-05
gmres iter 500 linear residual 1.410e-05
gmres iter 510 linear residual 1.328e-05
gmres iter 520 linear residual 1.224e-05
gmres iter 530 linear residual 1.148e-05
gmres iter 540 linear residual 1.090e-05
gmres iter 550 linear residual 9.928e-06
gmres iter 560 linear residual 9.022e-06
gmres iter 570 linear residual 8.318e-06
gmres iter 580 linear residual 7.625e-06
gmres iter 590 linear residual 7.290e-06
gmres iter 600 linear residual 6.712e-06
gmres iter 610 linear residual 6.493e-06
gmres iter 620 linear residual 6.030e-06
gmres iter 630 linear residual 5.692e-06
gmres iter 640 linear residual 5.357e-06
gmres iter 650 linear residual 4.933e-06
gmres iter 660 linear residual 4.688e-06
gmres iter 670 linear residual 4.518e-06
gmres iter 680 linear residual 4.330e-06
gmres iter 690 linear residual 4.136e-06
gmres iter 700 linear residual 3.694e-06
gmres iter 710 linear residual 3.419e-06
gmres iter 720 linear residual 3.217e-06
gmres iter 730 linear residual 3.077e-06
gmres iter 740 linear residual 2.940e-06
gmres iter 750 linear residual 2.705e-06
gmres iter 760 linear residual 2.509e-06
gmres iter 770 linear residual 2.317e-06
gmres iter 780 linear residual 2.118e-06
gmres iter 790 linear residual 1.963e-06
gmres iter 800 linear residual 1.822e-06
gmres iter 810 linear residual 1.743e-06
gmres iter 820 linear residual 1.639e-06
gmres iter 830 linear residual 1.475e-06
gmres iter 840 linear residual 1.405e-06
gmres iter 850 linear residual 1.339e-06
gmres iter 860 linear residual 1.289e-06
gmres iter 870 linear residual 1.250e-06
gmres iter 880 linear residual 1.211e-06
gmres iter 890 linear residual 1.175e-06
gmres iter 900 linear residual 1.119e-06
gmres iter 910 linear residual 9.842e-07
gmres iter 920 linear residual 7.486e-07
gmres iter 930 linear residual 5.055e-07
gmres iter 940 linear residual 3.762e-07
res 1.551e-04 (F-block 4.831e-06 p-block 3.144e-06) alpha 1 eta 1.00e-03 iter times 949
time this step...251.31344318389893
this increment is 0.025 (target 0.1) ------------------------
gmres iter 10 linear residual 2.298e-03
gmres iter 20 linear residual 9.136e-04
gmres iter 30 linear residual 6.290e-04
gmres iter 40 linear residual 4.173e-04
gmres iter 50 linear residual 1.769e-04
gmres iter 60 linear residual 1.246e-04
gmres iter 70 linear residual 1.093e-04
gmres iter 80 linear residual 1.034e-04
gmres iter 90 linear residual 8.995e-05
gmres iter 100 linear residual 7.762e-05
gmres iter 110 linear residual 4.889e-05
gmres iter 120 linear residual 4.307e-05
gmres iter 130 linear residual 4.133e-05
gmres iter 140 linear residual 3.615e-05
gmres iter 150 linear residual 3.198e-05
gmres iter 160 linear residual 3.046e-05
res 1.605e-02 (F-block 2.205e-02 p-block 1.122e-02) alpha 1 eta 1.00e-02 iter times 162
gmres iter 10 linear residual 5.370e-03
gmres iter 20 linear residual 3.529e-03
gmres iter 30 linear residual 2.695e-03
gmres iter 40 linear residual 2.161e-03
gmres iter 50 linear residual 1.662e-03
gmres iter 60 linear residual 1.277e-03
gmres iter 70 linear residual 9.791e-04
gmres iter 80 linear residual 7.499e-04
gmres iter 90 linear residual 5.894e-04
gmres iter 100 linear residual 4.625e-04
gmres iter 110 linear residual 4.052e-04
gmres iter 120 linear residual 3.603e-04
gmres iter 130 linear residual 3.236e-04
gmres iter 140 linear residual 2.782e-04
gmres iter 150 linear residual 2.249e-04
gmres iter 160 linear residual 1.685e-04
gmres iter 170 linear residual 1.302e-04
gmres iter 180 linear residual 1.027e-04
gmres iter 190 linear residual 8.551e-05
gmres iter 200 linear residual 7.259e-05
gmres iter 210 linear residual 6.565e-05
gmres iter 220 linear residual 5.783e-05
gmres iter 230 linear residual 5.079e-05
gmres iter 240 linear residual 4.462e-05
gmres iter 250 linear residual 3.763e-05
gmres iter 260 linear residual 3.171e-05
gmres iter 270 linear residual 2.778e-05
gmres iter 280 linear residual 2.449e-05
gmres iter 290 linear residual 2.148e-05
gmres iter 300 linear residual 1.843e-05
gmres iter 310 linear residual 1.645e-05
gmres iter 320 linear residual 1.500e-05
gmres iter 330 linear residual 1.357e-05
gmres iter 340 linear residual 1.222e-05
gmres iter 350 linear residual 1.074e-05
gmres iter 360 linear residual 9.221e-06
gmres iter 370 linear residual 8.353e-06
gmres iter 380 linear residual 7.605e-06
gmres iter 390 linear residual 7.080e-06
gmres iter 400 linear residual 6.593e-06
gmres iter 410 linear residual 6.307e-06
gmres iter 420 linear residual 6.027e-06
gmres iter 430 linear residual 5.728e-06
gmres iter 440 linear residual 5.450e-06
gmres iter 450 linear residual 5.260e-06
gmres iter 460 linear residual 5.041e-06
gmres iter 470 linear residual 4.899e-06
gmres iter 480 linear residual 4.759e-06
gmres iter 490 linear residual 4.682e-06
gmres iter 500 linear residual 4.611e-06
gmres iter 510 linear residual 4.578e-06
gmres iter 520 linear residual 4.551e-06
gmres iter 530 linear residual 4.528e-06
gmres iter 540 linear residual 4.520e-06
gmres iter 550 linear residual 4.510e-06
gmres iter 560 linear residual 4.503e-06
gmres iter 570 linear residual 4.502e-06
gmres iter 580 linear residual 4.498e-06
gmres iter 590 linear residual 4.492e-06
gmres iter 600 linear residual 4.452e-06
gmres iter 610 linear residual 4.430e-06
gmres iter 620 linear residual 4.416e-06
gmres iter 630 linear residual 4.412e-06
gmres iter 640 linear residual 4.410e-06
gmres iter 650 linear residual 4.410e-06
gmres iter 660 linear residual 4.407e-06
gmres iter 670 linear residual 4.402e-06
gmres iter 680 linear residual 4.390e-06
gmres iter 690 linear residual 4.377e-06
gmres iter 700 linear residual 4.352e-06
gmres iter 710 linear residual 4.343e-06
gmres iter 720 linear residual 4.330e-06
gmres iter 730 linear residual 4.318e-06
gmres iter 740 linear residual 4.308e-06
gmres iter 750 linear residual 4.297e-06
gmres iter 760 linear residual 4.291e-06
gmres iter 770 linear residual 4.290e-06
gmres iter 780 linear residual 4.283e-06
gmres iter 790 linear residual 4.264e-06
gmres iter 800 linear residual 4.218e-06
gmres iter 810 linear residual 4.197e-06
gmres iter 820 linear residual 4.179e-06
gmres iter 830 linear residual 4.174e-06
gmres iter 840 linear residual 4.173e-06
gmres iter 850 linear residual 4.173e-06
gmres iter 860 linear residual 4.170e-06
gmres iter 870 linear residual 4.164e-06
gmres iter 880 linear residual 4.153e-06
gmres iter 890 linear residual 4.140e-06
gmres iter 900 linear residual 4.128e-06
gmres iter 910 linear residual 4.125e-06
gmres iter 920 linear residual 4.112e-06
gmres iter 930 linear residual 4.097e-06
gmres iter 940 linear residual 4.087e-06
gmres iter 950 linear residual 4.077e-06
gmres iter 960 linear residual 4.072e-06
gmres iter 970 linear residual 4.072e-06
gmres iter 980 linear residual 4.070e-06
gmres iter 990 linear residual 4.059e-06
gmres iter 1000 linear residual 3.974e-06
linear solver hit the iteration cap (1000 iterations, flag 10)
increment failed (gmres_iteration_cap); cutting step to 0.0125
this increment is 0.0125 (target 0.1) ------------------------
gmres iter 10 linear residual 2.293e-03
gmres iter 20 linear residual 9.077e-04
gmres iter 30 linear residual 6.274e-04
gmres iter 40 linear residual 4.136e-04
gmres iter 50 linear residual 1.760e-04
gmres iter 60 linear residual 1.214e-04
gmres iter 70 linear residual 1.048e-04
gmres iter 80 linear residual 9.841e-05
gmres iter 90 linear residual 8.402e-05
gmres iter 100 linear residual 7.018e-05
gmres iter 110 linear residual 3.494e-05
gmres iter 120 linear residual 1.909e-05
gmres iter 130 linear residual 1.611e-05
gmres iter 140 linear residual 1.488e-05
gmres iter 150 linear residual 1.360e-05
gmres iter 160 linear residual 1.191e-05
res 8.567e-03 (F-block 1.117e-02 p-block 6.418e-03) alpha 1 eta 1.00e-02 iter times 162
gmres iter 10 linear residual 5.760e-03
gmres iter 20 linear residual 3.910e-03
gmres iter 30 linear residual 3.033e-03
gmres iter 40 linear residual 2.467e-03
gmres iter 50 linear residual 1.939e-03
gmres iter 60 linear residual 1.527e-03
gmres iter 70 linear residual 1.201e-03
gmres iter 80 linear residual 9.406e-04
gmres iter 90 linear residual 7.478e-04
gmres iter 100 linear residual 5.913e-04
gmres iter 110 linear residual 5.185e-04
gmres iter 120 linear residual 4.606e-04
gmres iter 130 linear residual 4.194e-04
gmres iter 140 linear residual 3.635e-04
gmres iter 150 linear residual 2.955e-04
gmres iter 160 linear residual 2.300e-04
gmres iter 170 linear residual 1.774e-04
gmres iter 180 linear residual 1.397e-04
gmres iter 190 linear residual 1.149e-04
gmres iter 200 linear residual 9.573e-05
gmres iter 210 linear residual 8.575e-05
gmres iter 220 linear residual 7.594e-05
gmres iter 230 linear residual 6.794e-05
gmres iter 240 linear residual 5.945e-05
gmres iter 250 linear residual 4.997e-05
gmres iter 260 linear residual 4.177e-05
gmres iter 270 linear residual 3.641e-05
gmres iter 280 linear residual 3.174e-05
gmres iter 290 linear residual 2.768e-05
gmres iter 300 linear residual 2.361e-05
gmres iter 310 linear residual 2.125e-05
gmres iter 320 linear residual 1.931e-05
gmres iter 330 linear residual 1.750e-05
gmres iter 340 linear residual 1.567e-05
gmres iter 350 linear residual 1.358e-05
gmres iter 360 linear residual 1.173e-05
gmres iter 370 linear residual 1.026e-05
gmres iter 380 linear residual 9.107e-06
gmres iter 390 linear residual 8.334e-06
gmres iter 400 linear residual 7.436e-06
gmres iter 410 linear residual 6.900e-06
gmres iter 420 linear residual 6.346e-06
gmres iter 430 linear residual 5.753e-06
gmres iter 440 linear residual 5.276e-06
gmres iter 450 linear residual 4.709e-06
gmres iter 460 linear residual 4.180e-06
gmres iter 470 linear residual 3.789e-06
gmres iter 480 linear residual 3.401e-06
gmres iter 490 linear residual 3.176e-06
gmres iter 500 linear residual 2.915e-06
gmres iter 510 linear residual 2.733e-06
gmres iter 520 linear residual 2.551e-06
gmres iter 530 linear residual 2.341e-06
gmres iter 540 linear residual 2.212e-06
gmres iter 550 linear residual 2.001e-06
gmres iter 560 linear residual 1.869e-06
gmres iter 570 linear residual 1.791e-06
gmres iter 580 linear residual 1.711e-06
gmres iter 590 linear residual 1.665e-06
gmres iter 600 linear residual 1.578e-06
gmres iter 610 linear residual 1.450e-06
gmres iter 620 linear residual 1.318e-06
gmres iter 630 linear residual 1.155e-06
gmres iter 640 linear residual 1.003e-06
gmres iter 650 linear residual 9.168e-07
res 2.117e-03 (F-block 5.289e-04 p-block 5.415e-04) alpha 1 eta 1.00e-03 iter times 657
gmres iter 10 linear residual 5.926e-03
gmres iter 20 linear residual 2.415e-03
gmres iter 30 linear residual 1.271e-03
gmres iter 40 linear residual 7.815e-04
gmres iter 50 linear residual 5.374e-04
gmres iter 60 linear residual 4.005e-04
gmres iter 70 linear residual 3.172e-04
gmres iter 80 linear residual 2.627e-04
gmres iter 90 linear residual 2.120e-04
gmres iter 100 linear residual 1.824e-04
gmres iter 110 linear residual 1.761e-04
gmres iter 120 linear residual 1.648e-04
gmres iter 130 linear residual 1.499e-04
gmres iter 140 linear residual 1.327e-04
gmres iter 150 linear residual 1.079e-04
gmres iter 160 linear residual 7.973e-05
gmres iter 170 linear residual 6.170e-05
gmres iter 180 linear residual 5.255e-05
gmres iter 190 linear residual 4.653e-05
gmres iter 200 linear residual 4.112e-05
gmres iter 210 linear residual 3.777e-05
gmres iter 220 linear residual 3.543e-05
gmres iter 230 linear residual 3.346e-05
gmres iter 240 linear residual 3.104e-05
gmres iter 250 linear residual 2.762e-05
gmres iter 260 linear residual 2.389e-05
gmres iter 270 linear residual 2.025e-05
gmres iter 280 linear residual 1.731e-05
gmres iter 290 linear residual 1.507e-05
gmres iter 300 linear residual 1.314e-05
gmres iter 310 linear residual 1.192e-05
gmres iter 320 linear residual 1.100e-05
gmres iter 330 linear residual 1.003e-05
gmres iter 340 linear residual 8.912e-06
gmres iter 350 linear residual 7.938e-06
gmres iter 360 linear residual 7.135e-06
gmres iter 370 linear residual 6.603e-06
gmres iter 380 linear residual 6.275e-06
gmres iter 390 linear residual 6.002e-06
gmres iter 400 linear residual 5.727e-06
gmres iter 410 linear residual 5.465e-06
gmres iter 420 linear residual 5.109e-06
gmres iter 430 linear residual 4.786e-06
gmres iter 440 linear residual 4.494e-06
gmres iter 450 linear residual 4.112e-06
gmres iter 460 linear residual 3.762e-06
gmres iter 470 linear residual 3.164e-06
res 7.273e-05 (F-block 1.873e-06 p-block 1.191e-06) alpha 1 eta 3.11e-03 iter times 479
time this step...122.81740164756775
this increment is 0.0125 (target 0.1) ------------------------
gmres iter 10 linear residual 2.305e-03
gmres iter 20 linear residual 9.068e-04
gmres iter 30 linear residual 6.272e-04
gmres iter 40 linear residual 4.127e-04
gmres iter 50 linear residual 1.753e-04
gmres iter 60 linear residual 1.206e-04
res 6.827e-03 (F-block 1.306e-02 p-block 7.501e-03) alpha 1 eta 1.00e-02 iter times 61
gmres iter 10 linear residual 1.147e-02
gmres iter 20 linear residual 9.600e-03
gmres iter 30 linear residual 7.918e-03
gmres iter 40 linear residual 5.610e-03
gmres iter 50 linear residual 3.367e-03
gmres iter 60 linear residual 2.426e-03
gmres iter 70 linear residual 1.918e-03
gmres iter 80 linear residual 1.566e-03
gmres iter 90 linear residual 1.231e-03
gmres iter 100 linear residual 9.583e-04
gmres iter 110 linear residual 9.429e-04
gmres iter 120 linear residual 9.014e-04
gmres iter 130 linear residual 8.644e-04
gmres iter 140 linear residual 8.022e-04
gmres iter 150 linear residual 6.969e-04
gmres iter 160 linear residual 5.557e-04
gmres iter 170 linear residual 4.208e-04
gmres iter 180 linear residual 3.238e-04
gmres iter 190 linear residual 2.523e-04
gmres iter 200 linear residual 2.094e-04
gmres iter 210 linear residual 2.033e-04
gmres iter 220 linear residual 1.791e-04
gmres iter 230 linear residual 1.480e-04
gmres iter 240 linear residual 1.177e-04
gmres iter 250 linear residual 9.368e-05
gmres iter 260 linear residual 8.301e-05
gmres iter 270 linear residual 7.552e-05
gmres iter 280 linear residual 6.896e-05
gmres iter 290 linear residual 6.148e-05
gmres iter 300 linear residual 5.079e-05
gmres iter 310 linear residual 4.303e-05
gmres iter 320 linear residual 3.718e-05
gmres iter 330 linear residual 3.411e-05
gmres iter 340 linear residual 3.105e-05
gmres iter 350 linear residual 2.739e-05
gmres iter 360 linear residual 2.333e-05
gmres iter 370 linear residual 1.930e-05
gmres iter 380 linear residual 1.667e-05
gmres iter 390 linear residual 1.508e-05
gmres iter 400 linear residual 1.329e-05
gmres iter 410 linear residual 1.216e-05
gmres iter 420 linear residual 1.098e-05
gmres iter 430 linear residual 9.962e-06
gmres iter 440 linear residual 8.959e-06
gmres iter 450 linear residual 8.010e-06
gmres iter 460 linear residual 7.471e-06
gmres iter 470 linear residual 7.023e-06
gmres iter 480 linear residual 6.614e-06
gmres iter 490 linear residual 6.083e-06
gmres iter 500 linear residual 5.760e-06
gmres iter 510 linear residual 5.484e-06
gmres iter 520 linear residual 5.253e-06
gmres iter 530 linear residual 5.000e-06
gmres iter 540 linear residual 4.728e-06
gmres iter 550 linear residual 4.482e-06
gmres iter 560 linear residual 4.270e-06
gmres iter 570 linear residual 4.071e-06
gmres iter 580 linear residual 3.942e-06
gmres iter 590 linear residual 3.825e-06
gmres iter 600 linear residual 3.773e-06
gmres iter 610 linear residual 3.699e-06
gmres iter 620 linear residual 3.645e-06
gmres iter 630 linear residual 3.613e-06
gmres iter 640 linear residual 3.591e-06
gmres iter 650 linear residual 3.578e-06
gmres iter 660 linear residual 3.567e-06
gmres iter 670 linear residual 3.558e-06
gmres iter 680 linear residual 3.554e-06
gmres iter 690 linear residual 3.544e-06
gmres iter 700 linear residual 3.540e-06
gmres iter 710 linear residual 3.536e-06
gmres iter 720 linear residual 3.532e-06
gmres iter 730 linear residual 3.527e-06
gmres iter 740 linear residual 3.521e-06
gmres iter 750 linear residual 3.518e-06
gmres iter 760 linear residual 3.518e-06
gmres iter 770 linear residual 3.517e-06
gmres iter 780 linear residual 3.516e-06
gmres iter 790 linear residual 3.514e-06
gmres iter 800 linear residual 3.513e-06
gmres iter 810 linear residual 3.513e-06
gmres iter 820 linear residual 3.513e-06
gmres iter 830 linear residual 3.513e-06
gmres iter 840 linear residual 3.512e-06
gmres iter 850 linear residual 3.511e-06
gmres iter 860 linear residual 3.504e-06
gmres iter 870 linear residual 3.501e-06
gmres iter 880 linear residual 3.498e-06
gmres iter 890 linear residual 3.495e-06
gmres iter 900 linear residual 3.495e-06
gmres iter 910 linear residual 3.493e-06
gmres iter 920 linear residual 3.490e-06
gmres iter 930 linear residual 3.488e-06
gmres iter 940 linear residual 3.487e-06
gmres iter 950 linear residual 3.486e-06
gmres iter 960 linear residual 3.486e-06
gmres iter 970 linear residual 3.485e-06
gmres iter 980 linear residual 3.485e-06
gmres iter 990 linear residual 3.484e-06
linear solver hit the iteration cap (990 iterations, flag 10)
increment failed (gmres_iteration_cap); cutting step to 0.00625
this increment is 0.00625 (target 0.1) ------------------------
gmres iter 10 linear residual 2.304e-03
gmres iter 20 linear residual 9.041e-04
gmres iter 30 linear residual 6.275e-04
gmres iter 40 linear residual 4.114e-04
gmres iter 50 linear residual 1.765e-04
gmres iter 60 linear residual 1.209e-04
res 3.422e-03 (F-block 1.007e-02 p-block 6.136e-03) alpha 1 eta 1.00e-02 iter times 61
gmres iter 10 linear residual 1.456e-02
gmres iter 20 linear residual 1.168e-02
gmres iter 30 linear residual 9.420e-03
gmres iter 40 linear residual 7.117e-03
gmres iter 50 linear residual 3.546e-03
gmres iter 60 linear residual 2.679e-03
gmres iter 70 linear residual 2.192e-03
gmres iter 80 linear residual 1.837e-03
gmres iter 90 linear residual 1.446e-03
gmres iter 100 linear residual 1.117e-03
gmres iter 110 linear residual 1.111e-03
gmres iter 120 linear residual 1.091e-03
gmres iter 130 linear residual 1.068e-03
gmres iter 140 linear residual 1.030e-03
gmres iter 150 linear residual 9.518e-04
gmres iter 160 linear residual 8.139e-04
gmres iter 170 linear residual 6.636e-04
gmres iter 180 linear residual 5.284e-04
gmres iter 190 linear residual 4.149e-04
gmres iter 200 linear residual 3.344e-04
gmres iter 210 linear residual 3.241e-04
gmres iter 220 linear residual 2.840e-04
gmres iter 230 linear residual 2.370e-04
gmres iter 240 linear residual 1.868e-04
gmres iter 250 linear residual 1.501e-04
gmres iter 260 linear residual 1.328e-04
gmres iter 270 linear residual 1.213e-04
gmres iter 280 linear residual 1.092e-04
gmres iter 290 linear residual 9.517e-05
gmres iter 300 linear residual 7.723e-05
gmres iter 310 linear residual 6.467e-05
gmres iter 320 linear residual 5.405e-05
gmres iter 330 linear residual 4.928e-05
gmres iter 340 linear residual 4.458e-05
gmres iter 350 linear residual 3.947e-05
gmres iter 360 linear residual 3.384e-05
gmres iter 370 linear residual 2.865e-05
gmres iter 380 linear residual 2.450e-05
gmres iter 390 linear residual 2.170e-05
gmres iter 400 linear residual 1.911e-05
gmres iter 410 linear residual 1.738e-05
gmres iter 420 linear residual 1.538e-05
gmres iter 430 linear residual 1.351e-05
gmres iter 440 linear residual 1.204e-05
gmres iter 450 linear residual 1.076e-05
gmres iter 460 linear residual 9.760e-06
gmres iter 470 linear residual 8.991e-06
gmres iter 480 linear residual 8.262e-06
gmres iter 490 linear residual 7.735e-06
gmres iter 500 linear residual 7.153e-06
gmres iter 510 linear residual 6.654e-06
gmres iter 520 linear residual 5.963e-06
gmres iter 530 linear residual 5.097e-06
gmres iter 540 linear residual 4.536e-06
gmres iter 550 linear residual 4.063e-06
gmres iter 560 linear residual 3.604e-06
gmres iter 570 linear residual 3.105e-06
res 1.979e-03 (F-block 2.676e-04 p-block 8.167e-04) alpha 1 eta 1.00e-03 iter times 579
gmres iter 10 linear residual 6.660e-03
gmres iter 20 linear residual 3.044e-03
gmres iter 30 linear residual 1.700e-03
gmres iter 40 linear residual 1.163e-03
gmres iter 50 linear residual 8.462e-04
gmres iter 60 linear residual 7.381e-04
gmres iter 70 linear residual 6.131e-04
gmres iter 80 linear residual 4.654e-04
gmres iter 90 linear residual 3.425e-04
gmres iter 100 linear residual 2.683e-04
gmres iter 110 linear residual 2.194e-04
gmres iter 120 linear residual 1.869e-04
gmres iter 130 linear residual 1.573e-04
gmres iter 140 linear residual 1.325e-04
gmres iter 150 linear residual 1.127e-04
gmres iter 160 linear residual 1.017e-04
gmres iter 170 linear residual 9.386e-05
gmres iter 180 linear residual 8.654e-05
gmres iter 190 linear residual 7.837e-05
gmres iter 200 linear residual 6.939e-05
gmres iter 210 linear residual 6.091e-05
gmres iter 220 linear residual 5.107e-05
gmres iter 230 linear residual 4.254e-05
gmres iter 240 linear residual 3.583e-05
gmres iter 250 linear residual 3.032e-05
gmres iter 260 linear residual 2.740e-05
gmres iter 270 linear residual 2.498e-05
gmres iter 280 linear residual 2.291e-05
gmres iter 290 linear residual 2.100e-05
gmres iter 300 linear residual 1.902e-05
gmres iter 310 linear residual 1.695e-05
gmres iter 320 linear residual 1.523e-05
gmres iter 330 linear residual 1.392e-05
gmres iter 340 linear residual 1.282e-05
gmres iter 350 linear residual 1.183e-05
gmres iter 360 linear residual 1.111e-05
gmres iter 370 linear residual 1.051e-05
gmres iter 380 linear residual 9.768e-06
gmres iter 390 linear residual 9.134e-06
gmres iter 400 linear residual 8.663e-06
gmres iter 410 linear residual 8.081e-06
gmres iter 420 linear residual 7.299e-06
gmres iter 430 linear residual 6.076e-06
res 2.567e-05 (F-block 7.782e-07 p-block 2.751e-07) alpha 1 eta 4.78e-03 iter times 438
time this step...92.78468775749207
this increment is 0.00625 (target 0.1) ------------------------
gmres iter 10 linear residual 2.311e-03
gmres iter 20 linear residual 9.037e-04
gmres iter 30 linear residual 6.275e-04
gmres iter 40 linear residual 4.110e-04
gmres iter 50 linear residual 1.762e-04
gmres iter 60 linear residual 1.205e-04
res 3.408e-03 (F-block 9.890e-03 p-block 6.144e-03) alpha 1 eta 1.00e-02 iter times 61
gmres iter 10 linear residual 1.478e-02
gmres iter 20 linear residual 1.187e-02
gmres iter 30 linear residual 9.563e-03
gmres iter 40 linear residual 7.225e-03
gmres iter 50 linear residual 3.623e-03
gmres iter 60 linear residual 2.739e-03
gmres iter 70 linear residual 2.233e-03
gmres iter 80 linear residual 1.870e-03
gmres iter 90 linear residual 1.469e-03
gmres iter 100 linear residual 1.136e-03
gmres iter 110 linear residual 1.130e-03
gmres iter 120 linear residual 1.110e-03
gmres iter 130 linear residual 1.085e-03
gmres iter 140 linear residual 1.046e-03
gmres iter 150 linear residual 9.655e-04
gmres iter 160 linear residual 8.249e-04
gmres iter 170 linear residual 6.719e-04
gmres iter 180 linear residual 5.345e-04
gmres iter 190 linear residual 4.195e-04
gmres iter 200 linear residual 3.385e-04
gmres iter 210 linear residual 3.281e-04
gmres iter 220 linear residual 2.882e-04
gmres iter 230 linear residual 2.404e-04
gmres iter 240 linear residual 1.892e-04
gmres iter 250 linear residual 1.519e-04
gmres iter 260 linear residual 1.343e-04
gmres iter 270 linear residual 1.228e-04
gmres iter 280 linear residual 1.108e-04
gmres iter 290 linear residual 9.669e-05
gmres iter 300 linear residual 7.843e-05
gmres iter 310 linear residual 6.571e-05
gmres iter 320 linear residual 5.479e-05
gmres iter 330 linear residual 5.006e-05
gmres iter 340 linear residual 4.538e-05
gmres iter 350 linear residual 4.022e-05
gmres iter 360 linear residual 3.454e-05
gmres iter 370 linear residual 2.923e-05
gmres iter 380 linear residual 2.499e-05
gmres iter 390 linear residual 2.212e-05
gmres iter 400 linear residual 1.956e-05
gmres iter 410 linear residual 1.780e-05
gmres iter 420 linear residual 1.579e-05
gmres iter 430 linear residual 1.390e-05
gmres iter 440 linear residual 1.242e-05
gmres iter 450 linear residual 1.115e-05
gmres iter 460 linear residual 1.017e-05
gmres iter 470 linear residual 9.411e-06
gmres iter 480 linear residual 8.598e-06
gmres iter 490 linear residual 7.721e-06
gmres iter 500 linear residual 6.989e-06
gmres iter 510 linear residual 6.544e-06
gmres iter 520 linear residual 6.166e-06
gmres iter 530 linear residual 5.601e-06
gmres iter 540 linear residual 5.019e-06
gmres iter 550 linear residual 4.533e-06
gmres iter 560 linear residual 4.121e-06
gmres iter 570 linear residual 3.790e-06
gmres iter 580 linear residual 3.390e-06
res 1.971e-03 (F-block 2.715e-04 p-block 8.144e-04) alpha 1 eta 1.00e-03 iter times 588
gmres iter 10 linear residual 6.804e-03
gmres iter 20 linear residual 3.107e-03
gmres iter 30 linear residual 1.724e-03
gmres iter 40 linear residual 1.176e-03
gmres iter 50 linear residual 8.603e-04
gmres iter 60 linear residual 7.479e-04
gmres iter 70 linear residual 6.473e-04
gmres iter 80 linear residual 4.981e-04
gmres iter 90 linear residual 3.595e-04
gmres iter 100 linear residual 2.791e-04
gmres iter 110 linear residual 2.246e-04
gmres iter 120 linear residual 1.916e-04
gmres iter 130 linear residual 1.616e-04
gmres iter 140 linear residual 1.360e-04
gmres iter 150 linear residual 1.153e-04
gmres iter 160 linear residual 1.027e-04
gmres iter 170 linear residual 9.520e-05
gmres iter 180 linear residual 8.782e-05
gmres iter 190 linear residual 7.977e-05
gmres iter 200 linear residual 7.142e-05
gmres iter 210 linear residual 6.262e-05
gmres iter 220 linear residual 5.276e-05
gmres iter 230 linear residual 4.405e-05
gmres iter 240 linear residual 3.712e-05
gmres iter 250 linear residual 3.198e-05
gmres iter 260 linear residual 2.902e-05
gmres iter 270 linear residual 2.676e-05
gmres iter 280 linear residual 2.470e-05
gmres iter 290 linear residual 2.294e-05
gmres iter 300 linear residual 2.109e-05
gmres iter 310 linear residual 1.895e-05
gmres iter 320 linear residual 1.718e-05
gmres iter 330 linear residual 1.583e-05
gmres iter 340 linear residual 1.437e-05
gmres iter 350 linear residual 1.354e-05
gmres iter 360 linear residual 1.240e-05
gmres iter 370 linear residual 1.181e-05
gmres iter 380 linear residual 1.117e-05
gmres iter 390 linear residual 1.058e-05
gmres iter 400 linear residual 1.019e-05
gmres iter 410 linear residual 9.719e-06
gmres iter 420 linear residual 9.252e-06
gmres iter 430 linear residual 8.642e-06
gmres iter 440 linear residual 8.057e-06
res 2.557e-05 (F-block 9.533e-07 p-block 2.653e-07) alpha 1 eta 4.89e-03 iter times 446
time this step...86.24916744232178
this increment is 0.009375000000000001 (target 0.1) ------------------------
gmres iter 10 linear residual 2.317e-03
gmres iter 20 linear residual 9.046e-04
gmres iter 30 linear residual 6.273e-04
gmres iter 40 linear residual 4.112e-04
gmres iter 50 linear residual 1.752e-04
gmres iter 60 linear residual 1.198e-04
gmres iter 70 linear residual 1.169e-04
gmres iter 80 linear residual 1.039e-04
gmres iter 90 linear residual 8.698e-05
gmres iter 100 linear residual 6.236e-05
gmres iter 110 linear residual 2.565e-05
gmres iter 120 linear residual 1.764e-05
gmres iter 130 linear residual 1.515e-05
gmres iter 140 linear residual 1.412e-05
gmres iter 150 linear residual 1.110e-05
gmres iter 160 linear residual 8.348e-06
res 6.288e-03 (F-block 8.141e-03 p-block 4.846e-03) alpha 1 eta 1.00e-02 iter times 160
gmres iter 10 linear residual 6.075e-03
gmres iter 20 linear residual 4.410e-03
gmres iter 30 linear residual 3.555e-03
gmres iter 40 linear residual 2.940e-03
gmres iter 50 linear residual 2.338e-03
gmres iter 60 linear residual 1.859e-03
gmres iter 70 linear residual 1.464e-03
gmres iter 80 linear residual 1.139e-03
gmres iter 90 linear residual 9.087e-04
gmres iter 100 linear residual 7.207e-04
gmres iter 110 linear residual 6.417e-04
gmres iter 120 linear residual 5.723e-04
gmres iter 130 linear residual 5.238e-04
gmres iter 140 linear residual 4.519e-04
gmres iter 150 linear residual 3.713e-04
gmres iter 160 linear residual 2.949e-04
gmres iter 170 linear residual 2.227e-04
gmres iter 180 linear residual 1.765e-04
gmres iter 190 linear residual 1.444e-04
gmres iter 200 linear residual 1.191e-04
gmres iter 210 linear residual 1.072e-04
gmres iter 220 linear residual 9.521e-05
gmres iter 230 linear residual 8.522e-05
gmres iter 240 linear residual 7.463e-05
gmres iter 250 linear residual 6.296e-05
gmres iter 260 linear residual 5.318e-05
gmres iter 270 linear residual 4.595e-05
gmres iter 280 linear residual 3.999e-05
gmres iter 290 linear residual 3.451e-05
gmres iter 300 linear residual 2.936e-05
gmres iter 310 linear residual 2.647e-05
gmres iter 320 linear residual 2.393e-05
gmres iter 330 linear residual 2.188e-05
gmres iter 340 linear residual 1.985e-05
gmres iter 350 linear residual 1.772e-05
gmres iter 360 linear residual 1.534e-05
gmres iter 370 linear residual 1.348e-05
gmres iter 380 linear residual 1.199e-05
gmres iter 390 linear residual 1.101e-05
gmres iter 400 linear residual 9.865e-06
gmres iter 410 linear residual 9.179e-06
gmres iter 420 linear residual 8.568e-06
gmres iter 430 linear residual 7.988e-06
gmres iter 440 linear residual 7.451e-06
gmres iter 450 linear residual 6.833e-06
gmres iter 460 linear residual 6.298e-06
gmres iter 470 linear residual 5.874e-06
gmres iter 480 linear residual 5.488e-06
gmres iter 490 linear residual 5.242e-06
gmres iter 500 linear residual 5.013e-06
gmres iter 510 linear residual 4.845e-06
gmres iter 520 linear residual 4.706e-06
gmres iter 530 linear residual 4.537e-06
gmres iter 540 linear residual 4.418e-06
gmres iter 550 linear residual 4.261e-06
gmres iter 560 linear residual 4.112e-06
gmres iter 570 linear residual 4.012e-06
gmres iter 580 linear residual 3.938e-06
gmres iter 590 linear residual 3.869e-06
gmres iter 600 linear residual 3.755e-06
gmres iter 610 linear residual 3.690e-06
gmres iter 620 linear residual 3.645e-06
gmres iter 630 linear residual 3.609e-06
gmres iter 640 linear residual 3.579e-06
gmres iter 650 linear residual 3.529e-06
gmres iter 660 linear residual 3.466e-06
gmres iter 670 linear residual 3.435e-06
gmres iter 680 linear residual 3.401e-06
gmres iter 690 linear residual 3.353e-06
gmres iter 700 linear residual 3.317e-06
gmres iter 710 linear residual 3.296e-06
gmres iter 720 linear residual 3.270e-06
gmres iter 730 linear residual 3.243e-06
gmres iter 740 linear residual 3.216e-06
gmres iter 750 linear residual 3.197e-06
gmres iter 760 linear residual 3.178e-06
gmres iter 770 linear residual 3.153e-06
gmres iter 780 linear residual 3.127e-06
gmres iter 790 linear residual 3.114e-06
gmres iter 800 linear residual 3.084e-06
res 1.444e-03 (F-block 2.750e-04 p-block 3.332e-04) alpha 1 eta 1.00e-03 iter times 800
gmres iter 10 linear residual 7.698e-03
gmres iter 20 linear residual 3.393e-03
gmres iter 30 linear residual 1.748e-03
gmres iter 40 linear residual 1.023e-03
gmres iter 50 linear residual 6.842e-04
gmres iter 60 linear residual 5.123e-04
gmres iter 70 linear residual 4.011e-04
gmres iter 80 linear residual 3.229e-04
gmres iter 90 linear residual 2.621e-04
gmres iter 100 linear residual 2.206e-04
gmres iter 110 linear residual 2.165e-04
gmres iter 120 linear residual 2.108e-04
gmres iter 130 linear residual 2.013e-04
gmres iter 140 linear residual 1.861e-04
gmres iter 150 linear residual 1.608e-04
gmres iter 160 linear residual 1.293e-04
gmres iter 170 linear residual 1.036e-04
gmres iter 180 linear residual 8.507e-05
gmres iter 190 linear residual 7.363e-05
gmres iter 200 linear residual 6.441e-05
gmres iter 210 linear residual 6.158e-05
gmres iter 220 linear residual 5.980e-05
gmres iter 230 linear residual 5.794e-05
gmres iter 240 linear residual 5.566e-05
gmres iter 250 linear residual 5.278e-05
gmres iter 260 linear residual 4.838e-05
gmres iter 270 linear residual 4.178e-05
gmres iter 280 linear residual 3.610e-05
gmres iter 290 linear residual 3.206e-05
gmres iter 300 linear residual 2.944e-05
gmres iter 310 linear residual 2.864e-05
gmres iter 320 linear residual 2.806e-05
gmres iter 330 linear residual 2.746e-05
gmres iter 340 linear residual 2.684e-05
gmres iter 350 linear residual 2.625e-05
gmres iter 360 linear residual 2.564e-05
gmres iter 370 linear residual 2.500e-05
gmres iter 380 linear residual 2.436e-05
gmres iter 390 linear residual 2.367e-05
gmres iter 400 linear residual 2.285e-05
gmres iter 410 linear residual 2.242e-05
gmres iter 420 linear residual 2.201e-05
gmres iter 430 linear residual 2.183e-05
gmres iter 440 linear residual 2.167e-05
gmres iter 450 linear residual 2.139e-05
gmres iter 460 linear residual 2.101e-05
gmres iter 470 linear residual 2.043e-05
gmres iter 480 linear residual 1.961e-05
gmres iter 490 linear residual 1.899e-05
gmres iter 500 linear residual 1.817e-05
gmres iter 510 linear residual 1.764e-05
gmres iter 520 linear residual 1.725e-05
gmres iter 530 linear residual 1.692e-05
gmres iter 540 linear residual 1.668e-05
gmres iter 550 linear residual 1.641e-05
gmres iter 560 linear residual 1.621e-05
gmres iter 570 linear residual 1.605e-05
gmres iter 580 linear residual 1.581e-05
gmres iter 590 linear residual 1.552e-05
gmres iter 600 linear residual 1.505e-05
gmres iter 610 linear residual 1.480e-05
gmres iter 620 linear residual 1.459e-05
gmres iter 630 linear residual 1.443e-05
gmres iter 640 linear residual 1.435e-05
gmres iter 650 linear residual 1.427e-05
gmres iter 660 linear residual 1.417e-05
gmres iter 670 linear residual 1.379e-05
gmres iter 680 linear residual 1.337e-05
gmres iter 690 linear residual 1.298e-05
gmres iter 700 linear residual 1.252e-05
gmres iter 710 linear residual 1.227e-05
gmres iter 720 linear residual 1.203e-05
gmres iter 730 linear residual 1.180e-05
gmres iter 740 linear residual 1.165e-05
gmres iter 750 linear residual 1.145e-05
gmres iter 760 linear residual 1.129e-05
gmres iter 770 linear residual 1.122e-05
gmres iter 780 linear residual 1.111e-05
gmres iter 790 linear residual 1.088e-05
gmres iter 800 linear residual 1.034e-05
gmres iter 810 linear residual 1.013e-05
gmres iter 820 linear residual 9.930e-06
gmres iter 830 linear residual 9.838e-06
gmres iter 840 linear residual 9.792e-06
gmres iter 850 linear residual 9.747e-06
gmres iter 860 linear residual 9.706e-06
gmres iter 870 linear residual 9.612e-06
gmres iter 880 linear residual 9.377e-06
gmres iter 890 linear residual 9.091e-06
gmres iter 900 linear residual 8.783e-06
gmres iter 910 linear residual 8.653e-06
gmres iter 920 linear residual 8.451e-06
gmres iter 930 linear residual 8.237e-06
gmres iter 940 linear residual 8.132e-06
gmres iter 950 linear residual 8.000e-06
gmres iter 960 linear residual 7.919e-06
gmres iter 970 linear residual 7.779e-06
gmres iter 980 linear residual 7.640e-06
gmres iter 990 linear residual 7.563e-06
gmres iter 1000 linear residual 7.441e-06
linear solver hit the iteration cap (1000 iterations, flag 10)
increment failed (gmres_iteration_cap); cutting step to 0.004688
SOLVER FAILED: no convergence at load 0.05 even with the
minimum sub-step; results are only saved up to the last
converged increment boundary.
solver stats are saved to solver_stats.json
F and P are saved to output.csv
