---------------------------------------------
-- mixed FFT based solver, by WANG Mingchuan
---------------------------------------------
gmres restart length: 100
Ghat4 is formed (fourier discretization)...
this increment is 0.1 (target 0.1) ------------------------
gmres iter 10 linear residual 1.138e-05
gmres iter 20 linear residual 8.834e-06
gmres iter 30 linear residual 4.737e-06
gmres iter 40 linear residual 3.475e-06
gmres iter 50 linear residual 2.113e-06
gmres iter 60 linear residual 8.028e-07
res 1.783e-01 (F-block 4.843e-01 p-block 7.676e-01) alpha 0.5 eta 1.00e-02 iter times 68
gmres iter 10 linear residual 3.153e-05
gmres iter 20 linear residual 1.197e-05
gmres iter 30 linear residual 5.985e-06
gmres iter 40 linear residual 3.980e-06
gmres iter 50 linear residual 2.245e-06
gmres iter 60 linear residual 1.420e-06
gmres iter 70 linear residual 8.563e-07
res 1.540e-02 (F-block 4.236e-01 p-block 6.737e-01) alpha 0.125 eta 1.00e-02 iter times 70
gmres iter 10 linear residual 1.393e-05
gmres iter 20 linear residual 6.535e-06
gmres iter 30 linear residual 4.368e-06
gmres iter 40 linear residual 2.490e-06
gmres iter 50 linear residual 1.539e-06
gmres iter 60 linear residual 1.007e-06
res 8.480e-02 (F-block 2.268e-02 p-block 1.873e-01) alpha 1 eta 1.00e-02 iter times 64
gmres iter 10 linear residual 1.775e-04
gmres iter 20 linear residual 1.084e-04
gmres iter 30 linear residual 7.794e-05
gmres iter 40 linear residual 5.125e-05
gmres iter 50 linear residual 3.205e-05
gmres iter 60 linear residual 2.126e-05
gmres iter 70 linear residual 1.571e-05
gmres iter 80 linear residual 1.204e-05
gmres iter 90 linear residual 8.267e-06
gmres iter 100 linear residual 4.988e-06
gmres iter 110 linear residual 2.510e-06
gmres iter 120 linear residual 1.595e-06
gmres iter 130 linear residual 1.092e-06
res 4.870e-02 (F-block 1.224e-02 p-block 1.310e-01) alpha 0.5 eta 1.00e-02 iter times 131
gmres iter 10 linear residual 1.795e-04
gmres iter 20 linear residual 1.032e-04
gmres iter 30 linear residual 7.193e-05
gmres iter 40 linear residual 4.490e-05
gmres iter 50 linear residual 2.776e-05
gmres iter 60 linear residual 1.813e-05
gmres iter 70 linear residual 1.294e-05
gmres iter 80 linear residual 8.230e-06
gmres iter 90 linear residual 4.414e-06
gmres iter 100 linear residual 2.704e-06
gmres iter 110 linear residual 1.558e-06
res 2.774e-02 (F-block 6.684e-03 p-block 8.814e-02) alpha 0.5 eta 1.00e-02 iter times 113
gmres iter 10 linear residual 1.861e-04
gmres iter 20 linear residual 1.038e-04
gmres iter 30 linear residual 6.924e-05
gmres iter 40 linear residual 4.244e-05
gmres iter 50 linear residual 2.608e-05
gmres iter 60 linear residual 1.868e-05
gmres iter 70 linear residual 1.149e-05
gmres iter 80 linear residual 6.975e-06
gmres iter 90 linear residual 4.055e-06
gmres iter 100 linear residual 2.166e-06
res 3.234e-02 (F-block 1.503e-03 p-block 7.139e-02) alpha 1 eta 1.00e-02 iter times 106
gmres iter 10 linear residual 2.130e-04
gmres iter 20 linear residual 1.153e-04
gmres iter 30 linear residual 4.766e-05
gmres iter 40 linear residual 3.185e-05
gmres iter 50 linear residual 1.882e-05
gmres iter 60 linear residual 8.479e-06
gmres iter 70 linear residual 5.520e-06
gmres iter 80 linear residual 3.720e-06
gmres iter 90 linear residual 2.354e-06
gmres iter 100 linear residual 1.073e-06
gmres iter 110 linear residual 5.656e-07
res 7.971e-03 (F-block 3.687e-04 p-block 1.643e-02) alpha 1 eta 1.00e-02 iter times 114
gmres iter 10 linear residual 2.372e-04
gmres iter 20 linear residual 1.356e-04
gmres iter 30 linear residual 4.061e-05
gmres iter 40 linear residual 1.952e-05
gmres iter 50 linear residual 1.427e-05
gmres iter 60 linear residual 8.834e-06
gmres iter 70 linear residual 4.451e-06
gmres iter 80 linear residual 2.630e-06
gmres iter 90 linear residual 1.721e-06
gmres iter 100 linear residual 1.183e-06
gmres iter 110 linear residual 6.457e-07
gmres iter 120 linear residual 3.254e-07
res 2.767e-03 (F-block 3.782e-05 p-block 3.819e-03) alpha 1 eta 1.00e-02 iter times 121
gmres iter 10 linear residual 2.502e-04
gmres iter 20 linear residual 1.525e-04
gmres iter 30 linear residual 3.827e-05
gmres iter 40 linear residual 1.457e-05
gmres iter 50 linear residual 9.909e-06
gmres iter 60 linear residual 7.071e-06
gmres iter 70 linear residual 4.059e-06
gmres iter 80 linear residual 2.663e-06
gmres iter 90 linear residual 1.861e-06
gmres iter 100 linear residual 1.204e-06
gmres iter 110 linear residual 5.326e-07
res 3.536e-04 (F-block 6.122e-07 p-block 4.072e-05) alpha 1 eta 1.00e-02 iter times 119
gmres iter 10 linear residual 2.671e-04
gmres iter 20 linear residual 2.182e-04
gmres iter 30 linear residual 3.841e-05
gmres iter 40 linear residual 1.691e-05
gmres iter 50 linear residual 1.037e-05
gmres iter 60 linear residual 7.350e-06
gmres iter 70 linear residual 4.251e-06
gmres iter 80 linear residual 2.285e-06
gmres iter 90 linear residual 1.007e-06
gmres iter 100 linear residual 4.413e-07
gmres iter 110 linear residual 2.980e-07
gmres iter 120 linear residual 2.020e-07
gmres iter 130 linear residual 1.266e-07
gmres iter 140 linear residual 7.439e-08
gmres iter 150 linear residual 4.188e-08
gmres iter 160 linear residual 2.049e-08
res 6.012e-06 (F-block 1.832e-10 p-block 2.305e-08) alpha 1 eta 1.00e-03 iter times 160
time this step...259.973042011261
now P is...
[[ 1.10621908e+00  1.75634884e-04 -1.22794008e-03]
 [ 1.86739879e-04 -2.40052091e-10  8.70282031e-03]
 [-1.22049722e-03  8.71429241e-03 -3.69324453e-10]]
now F is...
[[ 1.10000000e+00  2.68397376e-17 -6.91676659e-18]
 [-3.14832134e-17  9.56476643e-01 -2.82652027e-17]
 [-1.55478180e-17  2.01298032e-17  9.56314868e-01]]
intermediate results saved (1 increments in output.csv)
this increment is 0.1 (target 0.2) ------------------------
gmres iter 10 linear residual 1.147e-05
gmres iter 20 linear residual 8.942e-06
gmres iter 30 linear residual 4.563e-06
gmres iter 40 linear residual 3.121e-06
gmres iter 50 linear residual 2.096e-06
gmres iter 60 linear residual 9.681e-07
gmres iter 70 linear residual 3.875e-07
res 9.286e-02 (F-block 7.460e-01 p-block 6.672e-01) alpha 0.25 eta 1.00e-02 iter times 71
gmres iter 10 linear residual 5.362e-06
gmres iter 20 linear residual 3.694e-06
gmres iter 30 linear residual 2.321e-06
gmres iter 40 linear residual 1.127e-06
gmres iter 50 linear residual 7.346e-07
gmres iter 60 linear residual 5.090e-07
res 1.078e-01 (F-block 5.119e-02 p-block 2.893e-01) alpha 1 eta 1.00e-02 iter times 66
gmres iter 10 linear residual 9.720e-05
gmres iter 20 linear residual 5.742e-05
gmres iter 30 linear residual 3.501e-05
gmres iter 40 linear residual 2.642e-05
gmres iter 50 linear residual 1.694e-05
gmres iter 60 linear residual 1.220e-05
gmres iter 70 linear residual 9.232e-06
gmres iter 80 linear residual 5.445e-06
gmres iter 90 linear residual 3.193e-06
gmres iter 100 linear residual 2.075e-06
gmres iter 110 linear residual 1.441e-06
res 7.907e-02 (F-block 2.622e-02 p-block 2.811e-01) alpha 0.5 eta 1.00e-02 iter times 117
gmres iter 10 linear residual 1.157e-04
gmres iter 20 linear residual 6.820e-05
gmres iter 30 linear residual 3.415e-05
gmres iter 40 linear residual 2.536e-05
gmres iter 50 linear residual 2.065e-05
gmres iter 60 linear residual 1.268e-05
gmres iter 70 linear residual 5.634e-06
gmres iter 80 linear residual 4.036e-06
gmres iter 90 linear residual 2.555e-06
gmres iter 100 linear residual 1.576e-06
res 5.119e-02 (F-block 1.338e-02 p-block 2.167e-01) alpha 0.5 eta 1.00e-02 iter times 101
gmres iter 10 linear residual 1.299e-04
gmres iter 20 linear residual 7.802e-05
gmres iter 30 linear residual 3.172e-05
gmres iter 40 linear residual 2.256e-05
gmres iter 50 linear residual 1.625e-05
gmres iter 60 linear residual 8.860e-06
gmres iter 70 linear residual 4.754e-06
gmres iter 80 linear residual 2.842e-06
gmres iter 90 linear residual 1.869e-06
res 6.086e-02 (F-block 9.477e-04 p-block 1.379e-01) alpha 1 eta 1.00e-02 iter times 92
gmres iter 10 linear residual 2.134e-04
gmres iter 20 linear residual 1.713e-04
gmres iter 30 linear residual 7.211e-05
gmres iter 40 linear residual 3.379e-05
gmres iter 50 linear residual 2.189e-05
gmres iter 60 linear residual 1.618e-05
gmres iter 70 linear residual 9.590e-06
gmres iter 80 linear residual 4.730e-06
res 7.960e-03 (F-block 2.652e-05 p-block 3.068e-03) alpha 1 eta 1.00e-02 iter times 88
gmres iter 10 linear residual 2.917e-04
gmres iter 20 linear residual 1.783e-04
gmres iter 30 linear residual 8.044e-05
gmres iter 40 linear residual 4.753e-05
gmres iter 50 linear residual 2.797e-05
gmres iter 60 linear residual 1.914e-05
gmres iter 70 linear residual 1.280e-05
gmres iter 80 linear residual 7.311e-06
gmres iter 90 linear residual 4.069e-06
gmres iter 100 linear residual 2.598e-06
gmres iter 110 linear residual 1.974e-06
gmres iter 120 linear residual 1.417e-06
gmres iter 130 linear residual 8.613e-07
gmres iter 140 linear residual 5.380e-07
gmres iter 150 linear residual 3.350e-07
res 2.813e-04 (F-block 6.172e-08 p-block 6.647e-06) alpha 1 eta 1.00e-03 iter times 150
time this step...117.06376481056213
now P is...
[[ 2.01881815e+00  2.02060696e-04 -1.95411510e-03]
 [ 2.54386946e-04 -7.62225437e-07  1.63152348e-02]
 [-1.93247220e-03  1.63554914e-02 -7.83511406e-07]]
now F is...
[[ 1.20000000e+00  6.54409597e-17  3.98310352e-17]
 [-2.86211031e-18  9.20035265e-01  9.73788313e-18]
 [-9.07229341e-17 -1.22496831e-17  9.19682816e-01]]
intermediate results saved (2 increments in output.csv)
this increment is 0.1 (target 0.30000000000000004) ------------------------
gmres iter 10 linear residual 1.155e-05
gmres iter 20 linear residual 9.023e-06
gmres iter 30 linear residual 4.653e-06
gmres iter 40 linear residual 3.220e-06
gmres iter 50 linear residual 2.203e-06
gmres iter 60 linear residual 1.068e-06
gmres iter 70 linear residual 4.871e-07
res 9.486e-02 (F-block 7.460e-01 p-block 6.659e-01) alpha 0.25 eta 1.00e-02 iter times 77
gmres iter 10 linear residual 5.424e-06
gmres iter 20 linear residual 3.740e-06
gmres iter 30 linear residual 2.348e-06
gmres iter 40 linear residual 1.176e-06
gmres iter 50 linear residual 8.006e-07
gmres iter 60 linear residual 5.513e-07
res 1.096e-01 (F-block 5.136e-02 p-block 3.412e-01) alpha 1 eta 1.00e-02 iter times 68
gmres iter 10 linear residual 9.697e-05
gmres iter 20 linear residual 5.809e-05
gmres iter 30 linear residual 3.621e-05
gmres iter 40 linear residual 2.742e-05
gmres iter 50 linear residual 1.810e-05
gmres iter 60 linear residual 1.343e-05
gmres iter 70 linear residual 1.009e-05
gmres iter 80 linear residual 5.719e-06
gmres iter 90 linear residual 3.590e-06
gmres iter 100 linear residual 2.418e-06
gmres iter 110 linear residual 1.648e-06
res 7.882e-02 (F-block 2.638e-02 p-block 3.245e-01) alpha 0.5 eta 1.00e-02 iter times 118
gmres iter 10 linear residual 1.161e-04
gmres iter 20 linear residual 6.944e-05
gmres iter 30 linear residual 3.652e-05
gmres iter 40 linear residual 2.746e-05
gmres iter 50 linear residual 2.163e-05
gmres iter 60 linear residual 1.563e-05
gmres iter 70 linear residual 7.481e-06
gmres iter 80 linear residual 4.624e-06
gmres iter 90 linear residual 3.305e-06
gmres iter 100 linear residual 1.911e-06
res 5.184e-02 (F-block 1.352e-02 p-block 2.513e-01) alpha 0.5 eta 1.00e-02 iter times 105
gmres iter 10 linear residual 1.310e-04
gmres iter 20 linear residual 7.966e-05
gmres iter 30 linear residual 3.532e-05
gmres iter 40 linear residual 2.633e-05
gmres iter 50 linear residual 1.848e-05
gmres iter 60 linear residual 1.118e-05
gmres iter 70 linear residual 5.801e-06
gmres iter 80 linear residual 3.796e-06
gmres iter 90 linear residual 2.620e-06
res 6.235e-02 (F-block 1.150e-03 p-block 1.659e-01) alpha 1 eta 1.00e-02 iter times 98
gmres iter 10 linear residual 1.892e-04
gmres iter 20 linear residual 1.517e-04
gmres iter 30 linear residual 6.543e-05
gmres iter 40 linear residual 3.570e-05
gmres iter 50 linear residual 2.483e-05
gmres iter 60 linear residual 1.794e-05
gmres iter 70 linear residual 1.029e-05
gmres iter 80 linear residual 5.777e-06
gmres iter 90 linear residual 3.682e-06
res 8.628e-03 (F-block 3.753e-05 p-block 4.615e-03) alpha 1 eta 1.00e-02 iter times 98
gmres iter 10 linear residual 3.060e-04
gmres iter 20 linear residual 1.691e-04
gmres iter 30 linear residual 7.532e-05
gmres iter 40 linear residual 4.978e-05
gmres iter 50 linear residual 3.644e-05
gmres iter 60 linear residual 2.063e-05
gmres iter 70 linear residual 1.210e-05
gmres iter 80 linear residual 7.812e-06
gmres iter 90 linear residual 5.626e-06
gmres iter 100 linear residual 3.548e-06
gmres iter 110 linear residual 2.422e-06
gmres iter 120 linear residual 1.789e-06
gmres iter 130 linear residual 1.282e-06
gmres iter 140 linear residual 8.609e-07
gmres iter 150 linear residual 5.181e-07
res 3.980e-04 (F-block 1.352e-07 p-block 1.702e-05) alpha 1 eta 1.00e-03 iter times 158
gmres iter 10 linear residual 2.177e-04
gmres iter 20 linear residual 1.572e-04
gmres iter 30 linear residual 8.024e-05
gmres iter 40 linear residual 4.491e-05
gmres iter 50 linear residual 3.086e-05
gmres iter 60 linear residual 2.130e-05
gmres iter 70 linear residual 1.409e-05
gmres iter 80 linear residual 9.279e-06
gmres iter 90 linear residual 5.844e-06
gmres iter 100 linear residual 3.895e-06
gmres iter 110 linear residual 3.002e-06
gmres iter 120 linear residual 2.207e-06
gmres iter 130 linear residual 1.454e-06
gmres iter 140 linear residual 9.275e-07
gmres iter 150 linear residual 6.254e-07
gmres iter 160 linear residual 4.381e-07
res 1.093e-06 (F-block 1.303e-10 p-block 3.087e-10) alpha 1 eta 1.00e-03 iter times 167
time this step...123.97914123535156
now P is...
[[ 2.80271233e+00  5.41275859e-05 -2.33658865e-03]
 [ 1.76885299e-04  1.98386833e-11  2.35261962e-02]
 [-2.30031397e-03  2.35974092e-02 -5.01341076e-11]]
now F is...
[[ 1.30000000e+00  1.73217301e-17  1.09117956e-17]
 [-6.63651828e-17  8.89220048e-01 -6.30148740e-17]
 [-1.09654601e-16 -1.98260766e-17  8.88645819e-01]]
intermediate results saved (3 increments in output.csv)
finish!
solver stats are saved to solver_stats.json
F and P are saved to output.csv
