---------------------------------------------
-- mixed FFT based solver, by WANG Mingchuan
---------------------------------------------
gmres restart length: 100
Ghat4 is formed (fourier discretization)...
this increment is 0.1 (target 0.1) ------------------------
gmres iter 10 linear residual 9.640e-03
gmres iter 20 linear residual 8.850e-03
gmres iter 30 linear residual 4.569e-03
gmres iter 40 linear residual 2.059e-03
gmres iter 50 linear residual 1.204e-03
gmres iter 60 linear residual 8.420e-04
gmres iter 70 linear residual 5.945e-04
gmres iter 80 linear residual 3.937e-04
gmres iter 90 linear residual 2.427e-04
gmres iter 100 linear residual 1.586e-04
gmres iter 110 linear residual 1.294e-04
gmres iter 120 linear residual 9.704e-05
gmres iter 130 linear residual 7.105e-05
gmres iter 140 linear residual 5.227e-05
gmres iter 150 linear residual 3.911e-05
gmres iter 160 linear residual 3.095e-05
gmres iter 170 linear residual 2.575e-05
gmres iter 180 linear residual 2.265e-05
gmres iter 190 linear residual 1.903e-05
gmres iter 200 linear residual 1.346e-05
gmres iter 210 linear residual 1.248e-05
gmres iter 220 linear residual 9.966e-06
gmres iter 230 linear residual 7.821e-06
gmres iter 240 linear residual 6.050e-06
gmres iter 250 linear residual 4.355e-06
gmres iter 260 linear residual 2.887e-06
gmres iter 270 linear residual 1.799e-06
gmres iter 280 linear residual 1.067e-06
gmres iter 290 linear residual 5.861e-07
gmres iter 300 linear residual 3.474e-07
gmres iter 310 linear residual 2.750e-07
res 1.055e-01 (F-block 8.741e-01 p-block 7.741e-01) alpha 0.125 eta 1.00e-06 iter times 318
gmres iter 10 linear residual 6.202e-03
gmres iter 20 linear residual 5.605e-03
gmres iter 30 linear residual 2.960e-03
gmres iter 40 linear residual 1.793e-03
gmres iter 50 linear residual 1.369e-03
gmres iter 60 linear residual 1.091e-03
gmres iter 70 linear residual 9.086e-04
gmres iter 80 linear residual 7.919e-04
gmres iter 90 linear residual 6.836e-04
gmres iter 100 linear residual 5.902e-04
gmres iter 110 linear residual 5.563e-04
gmres iter 120 linear residual 5.203e-04
gmres iter 130 linear residual 4.919e-04
gmres iter 140 linear residual 4.652e-04
gmres iter 150 linear residual 4.461e-04
gmres iter 160 linear residual 4.348e-04
gmres iter 170 linear residual 4.307e-04
gmres iter 180 linear residual 4.303e-04
gmres iter 190 linear residual 4.279e-04
gmres iter 200 linear residual 4.202e-04
gmres iter 210 linear residual 4.135e-04
gmres iter 220 linear residual 4.115e-04
gmres iter 230 linear residual 4.114e-04
gmres iter 240 linear residual 4.103e-04
gmres iter 250 linear residual 4.058e-04
gmres iter 260 linear residual 3.971e-04
gmres iter 270 linear residual 3.855e-04
gmres iter 280 linear residual 3.746e-04
gmres iter 290 linear residual 3.648e-04
gmres iter 300 linear residual 3.543e-04
gmres iter 310 linear residual 3.472e-04
gmres iter 320 linear residual 3.416e-04
gmres iter 330 linear residual 3.373e-04
gmres iter 340 linear residual 3.338e-04
gmres iter 350 linear residual 3.314e-04
gmres iter 360 linear residual 3.305e-04
gmres iter 370 linear residual 3.304e-04
gmres iter 380 linear residual 3.302e-04
gmres iter 390 linear residual 3.293e-04
gmres iter 400 linear residual 3.269e-04
gmres iter 410 linear residual 3.247e-04
gmres iter 420 linear residual 3.238e-04
gmres iter 430 linear residual 3.236e-04
gmres iter 440 linear residual 3.236e-04
gmres iter 450 linear residual 3.230e-04
gmres iter 460 linear residual 3.214e-04
gmres iter 470 linear residual 3.182e-04
gmres iter 480 linear residual 3.141e-04
gmres iter 490 linear residual 3.095e-04
gmres iter 500 linear residual 3.054e-04
gmres iter 510 linear residual 3.018e-04
gmres iter 520 linear residual 2.987e-04
gmres iter 530 linear residual 2.963e-04
gmres iter 540 linear residual 2.947e-04
gmres iter 550 linear residual 2.939e-04
gmres iter 560 linear residual 2.935e-04
gmres iter 570 linear residual 2.935e-04
gmres iter 580 linear residual 2.934e-04
gmres iter 590 linear residual 2.929e-04
gmres iter 600 linear residual 2.918e-04
gmres iter 610 linear residual 2.907e-04
gmres iter 620 linear residual 2.902e-04
gmres iter 630 linear residual 2.902e-04
gmres iter 640 linear residual 2.901e-04
gmres iter 650 linear residual 2.899e-04
gmres iter 660 linear residual 2.892e-04
gmres iter 670 linear residual 2.875e-04
gmres iter 680 linear residual 2.848e-04
gmres iter 690 linear residual 2.814e-04
gmres iter 700 linear residual 2.784e-04
gmres iter 710 linear residual 2.757e-04
gmres iter 720 linear residual 2.732e-04
gmres iter 730 linear residual 2.715e-04
gmres iter 740 linear residual 2.705e-04
gmres iter 750 linear residual 2.700e-04
gmres iter 760 linear residual 2.698e-04
gmres iter 770 linear residual 2.698e-04
gmres iter 780 linear residual 2.697e-04
gmres iter 790 linear residual 2.694e-04
gmres iter 800 linear residual 2.689e-04
gmres iter 810 linear residual 2.683e-04
gmres iter 820 linear residual 2.680e-04
gmres iter 830 linear residual 2.680e-04
gmres iter 840 linear residual 2.679e-04
gmres iter 850 linear residual 2.678e-04
gmres iter 860 linear residual 2.674e-04
gmres iter 870 linear residual 2.662e-04
gmres iter 880 linear residual 2.639e-04
gmres iter 890 linear residual 2.609e-04
gmres iter 900 linear residual 2.581e-04
gmres iter 910 linear residual 2.557e-04
gmres iter 920 linear residual 2.533e-04
gmres iter 930 linear residual 2.518e-04
gmres iter 940 linear residual 2.512e-04
gmres iter 950 linear residual 2.509e-04
gmres iter 960 linear residual 2.508e-04
gmres iter 970 linear residual 2.507e-04
gmres iter 980 linear residual 2.507e-04
gmres iter 990 linear residual 2.505e-04
gmres iter 1000 linear residual 2.502e-04
linear solver hit the iteration cap (1000 iterations, flag 10)
increment failed (gmres_iteration_cap); cutting step to 0.05
this increment is 0.05 (target 0.1) ------------------------
gmres iter 10 linear residual 4.638e-03
gmres iter 20 linear residual 4.413e-03
gmres iter 30 linear residual 2.896e-03
gmres iter 40 linear residual 1.176e-03
gmres iter 50 linear residual 5.205e-04
gmres iter 60 linear residual 2.675e-04
gmres iter 70 linear residual 1.608e-04
gmres iter 80 linear residual 1.134e-04
gmres iter 90 linear residual 8.690e-05
gmres iter 100 linear residual 6.533e-05
gmres iter 110 linear residual 5.557e-05
gmres iter 120 linear residual 4.381e-05
gmres iter 130 linear residual 3.199e-05
gmres iter 140 linear residual 2.106e-05
gmres iter 150 linear residual 1.193e-05
gmres iter 160 linear residual 7.307e-06
gmres iter 170 linear residual 5.205e-06
gmres iter 180 linear residual 4.470e-06
gmres iter 190 linear residual 3.715e-06
gmres iter 200 linear residual 2.589e-06
gmres iter 210 linear residual 2.328e-06
gmres iter 220 linear residual 1.884e-06
gmres iter 230 linear residual 1.539e-06
gmres iter 240 linear residual 1.190e-06
gmres iter 250 linear residual 7.886e-07
gmres iter 260 linear residual 4.548e-07
gmres iter 270 linear residual 2.749e-07
res 1.114e-01 (F-block 4.909e-01 p-block 6.697e-01) alpha 0.5 eta 1.00e-06 iter times 276
gmres iter 10 linear residual 4.361e-03
gmres iter 20 linear residual 3.488e-03
gmres iter 30 linear residual 1.730e-03
gmres iter 40 linear residual 7.897e-04
gmres iter 50 linear residual 5.749e-04
gmres iter 60 linear residual 4.311e-04
gmres iter 70 linear residual 2.793e-04
gmres iter 80 linear residual 1.898e-04
gmres iter 90 linear residual 1.455e-04
gmres iter 100 linear residual 1.106e-04
gmres iter 110 linear residual 9.454e-05
gmres iter 120 linear residual 7.980e-05
gmres iter 130 linear residual 6.434e-05
gmres iter 140 linear residual 5.118e-05
gmres iter 150 linear residual 4.301e-05
gmres iter 160 linear residual 3.477e-05
gmres iter 170 linear residual 2.550e-05
gmres iter 180 linear residual 1.922e-05
gmres iter 190 linear residual 1.451e-05
gmres iter 200 linear residual 1.276e-05
gmres iter 210 linear residual 9.928e-06
gmres iter 220 linear residual 8.443e-06
gmres iter 230 linear residual 6.701e-06
gmres iter 240 linear residual 4.716e-06
gmres iter 250 linear residual 3.457e-06
gmres iter 260 linear residual 2.478e-06
gmres iter 270 linear residual 1.652e-06
gmres iter 280 linear residual 1.139e-06
gmres iter 290 linear residual 9.473e-07
gmres iter 300 linear residual 7.999e-07
gmres iter 310 linear residual 7.142e-07
gmres iter 320 linear residual 6.269e-07
gmres iter 330 linear residual 5.004e-07
gmres iter 340 linear residual 3.809e-07
gmres iter 350 linear residual 2.905e-07
gmres iter 360 linear residual 2.129e-07
gmres iter 370 linear residual 1.758e-07
gmres iter 380 linear residual 1.430e-07
gmres iter 390 linear residual 1.162e-07
gmres iter 400 linear residual 9.054e-08
gmres iter 410 linear residual 6.850e-08
gmres iter 420 linear residual 5.434e-08
res 5.341e-02 (F-block 1.137e-02 p-block 1.241e-01) alpha 1 eta 1.00e-06 iter times 425
gmres iter 10 linear residual 1.271e-01
gmres iter 20 linear residual 6.990e-02
gmres iter 30 linear residual 2.755e-02
gmres iter 40 linear residual 1.615e-02
gmres iter 50 linear residual 1.263e-02
gmres iter 60 linear residual 1.070e-02
gmres iter 70 linear residual 8.698e-03
gmres iter 80 linear residual 6.445e-03
gmres iter 90 linear residual 4.518e-03
gmres iter 100 linear residual 3.296e-03
gmres iter 110 linear residual 2.859e-03
gmres iter 120 linear residual 2.351e-03
gmres iter 130 linear residual 1.850e-03
gmres iter 140 linear residual 1.428e-03
gmres iter 150 linear residual 1.102e-03
gmres iter 160 linear residual 8.494e-04
gmres iter 170 linear residual 6.361e-04
gmres iter 180 linear residual 4.669e-04
gmres iter 190 linear residual 3.436e-04
gmres iter 200 linear residual 2.073e-04
gmres iter 210 linear residual 1.598e-04
gmres iter 220 linear residual 1.219e-04
gmres iter 230 linear residual 9.156e-05
gmres iter 240 linear residual 6.849e-05
gmres iter 250 linear residual 5.172e-05
gmres iter 260 linear residual 3.961e-05
gmres iter 270 linear residual 2.969e-05
gmres iter 280 linear residual 2.204e-05
gmres iter 290 linear residual 1.783e-05
gmres iter 300 linear residual 1.455e-05
gmres iter 310 linear residual 1.257e-05
gmres iter 320 linear residual 1.044e-05
gmres iter 330 linear residual 8.090e-06
gmres iter 340 linear residual 6.225e-06
gmres iter 350 linear residual 4.814e-06
gmres iter 360 linear residual 3.717e-06
gmres iter 370 linear residual 2.833e-06
gmres iter 380 linear residual 2.141e-06
gmres iter 390 linear residual 1.641e-06
gmres iter 400 linear residual 1.192e-06
gmres iter 410 linear residual 9.222e-07
gmres iter 420 linear residual 7.120e-07
gmres iter 430 linear residual 5.352e-07
gmres iter 440 linear residual 4.110e-07
gmres iter 450 linear residual 3.144e-07
gmres iter 460 linear residual 2.380e-07
gmres iter 470 linear residual 1.861e-07
gmres iter 480 linear residual 1.561e-07
gmres iter 490 linear residual 1.305e-07
gmres iter 500 linear residual 1.100e-07
gmres iter 510 linear residual 8.421e-08
gmres iter 520 linear residual 6.261e-08
res 2.915e-02 (F-block 5.718e-03 p-block 1.115e-01) alpha 0.5 eta 1.00e-06 iter times 528
gmres iter 10 linear residual 1.332e-01
gmres iter 20 linear residual 7.550e-02
gmres iter 30 linear residual 2.794e-02
gmres iter 40 linear residual 1.347e-02
gmres iter 50 linear residual 8.763e-03
gmres iter 60 linear residual 6.895e-03
gmres iter 70 linear residual 5.745e-03
gmres iter 80 linear residual 4.635e-03
gmres iter 90 linear residual 3.341e-03
gmres iter 100 linear residual 2.152e-03
gmres iter 110 linear residual 1.667e-03
gmres iter 120 linear residual 1.285e-03
gmres iter 130 linear residual 1.037e-03
gmres iter 140 linear residual 8.518e-04
gmres iter 150 linear residual 6.722e-04
gmres iter 160 linear residual 4.760e-04
gmres iter 170 linear residual 3.007e-04
gmres iter 180 linear residual 1.849e-04
gmres iter 190 linear residual 1.238e-04
gmres iter 200 linear residual 7.190e-05
gmres iter 210 linear residual 5.588e-05
gmres iter 220 linear residual 4.319e-05
gmres iter 230 linear residual 3.245e-05
gmres iter 240 linear residual 2.418e-05
gmres iter 250 linear residual 1.827e-05
gmres iter 260 linear residual 1.382e-05
gmres iter 270 linear residual 1.010e-05
gmres iter 280 linear residual 7.086e-06
gmres iter 290 linear residual 5.360e-06
gmres iter 300 linear residual 4.109e-06
gmres iter 310 linear residual 3.472e-06
gmres iter 320 linear residual 2.882e-06
gmres iter 330 linear residual 2.215e-06
gmres iter 340 linear residual 1.626e-06
gmres iter 350 linear residual 1.141e-06
gmres iter 360 linear residual 8.045e-07
gmres iter 370 linear residual 5.976e-07
gmres iter 380 linear residual 4.644e-07
gmres iter 390 linear residual 3.710e-07
gmres iter 400 linear residual 2.797e-07
gmres iter 410 linear residual 2.214e-07
res 3.025e-02 (F-block 1.519e-04 p-block 6.922e-02) alpha 1 eta 1.00e-06 iter times 413
gmres iter 10 linear residual 2.612e-01
gmres iter 20 linear residual 1.138e-01
gmres iter 30 linear residual 3.603e-02
gmres iter 40 linear residual 1.593e-02
gmres iter 50 linear residual 8.249e-03
gmres iter 60 linear residual 5.481e-03
gmres iter 70 linear residual 4.290e-03
gmres iter 80 linear residual 3.524e-03
gmres iter 90 linear residual 2.805e-03
gmres iter 100 linear residual 2.017e-03
gmres iter 110 linear residual 1.591e-03
gmres iter 120 linear residual 1.251e-03
gmres iter 130 linear residual 1.009e-03
gmres iter 140 linear residual 8.041e-04
gmres iter 150 linear residual 5.735e-04
gmres iter 160 linear residual 3.580e-04
gmres iter 170 linear residual 2.011e-04
gmres iter 180 linear residual 1.113e-04
gmres iter 190 linear residual 7.153e-05
gmres iter 200 linear residual 4.110e-05
gmres iter 210 linear residual 3.087e-05
gmres iter 220 linear residual 2.367e-05
gmres iter 230 linear residual 1.727e-05
gmres iter 240 linear residual 1.313e-05
gmres iter 250 linear residual 1.029e-05
gmres iter 260 linear residual 7.810e-06
gmres iter 270 linear residual 5.468e-06
gmres iter 280 linear residual 3.327e-06
gmres iter 290 linear residual 2.087e-06
gmres iter 300 linear residual 1.368e-06
gmres iter 310 linear residual 9.988e-07
gmres iter 320 linear residual 7.101e-07
gmres iter 330 linear residual 5.170e-07
gmres iter 340 linear residual 4.053e-07
gmres iter 350 linear residual 3.192e-07
gmres iter 360 linear residual 2.453e-07
res 1.898e-03 (F-block 1.120e-06 p-block 7.717e-04) alpha 1 eta 1.00e-06 iter times 365
gmres iter 10 linear residual 2.431e-01
gmres iter 20 linear residual 1.370e-01
gmres iter 30 linear residual 4.263e-02
gmres iter 40 linear residual 1.781e-02
gmres iter 50 linear residual 9.463e-03
gmres iter 60 linear residual 6.052e-03
gmres iter 70 linear residual 4.648e-03
gmres iter 80 linear residual 3.785e-03
gmres iter 90 linear residual 3.039e-03
gmres iter 100 linear residual 2.202e-03
gmres iter 110 linear residual 1.766e-03
gmres iter 120 linear residual 1.408e-03
gmres iter 130 linear residual 1.131e-03
gmres iter 140 linear residual 8.715e-04
gmres iter 150 linear residual 6.132e-04
gmres iter 160 linear residual 3.820e-04
gmres iter 170 linear residual 2.119e-04
gmres iter 180 linear residual 1.166e-04
gmres iter 190 linear residual 7.339e-05
gmres iter 200 linear residual 4.071e-05
gmres iter 210 linear residual 2.997e-05
gmres iter 220 linear residual 2.264e-05
gmres iter 230 linear residual 1.681e-05
gmres iter 240 linear residual 1.304e-05
gmres iter 250 linear residual 1.028e-05
gmres iter 260 linear residual 7.790e-06
gmres iter 270 linear residual 5.227e-06
gmres iter 280 linear residual 3.031e-06
gmres iter 290 linear residual 1.849e-06
gmres iter 300 linear residual 1.193e-06
gmres iter 310 linear residual 8.550e-07
gmres iter 320 linear residual 5.787e-07
gmres iter 330 linear residual 3.970e-07
gmres iter 340 linear residual 2.988e-07
gmres iter 350 linear residual 2.356e-07
res 1.980e-05 (F-block 7.525e-10 p-block 4.867e-07) alpha 1 eta 1.00e-06 iter times 356
time this step...350.981271982193
this increment is 0.05 (target 0.1) ------------------------
gmres iter 10 linear residual 4.832e-03
gmres iter 20 linear residual 4.602e-03
gmres iter 30 linear residual 3.124e-03
gmres iter 40 linear residual 1.309e-03
gmres iter 50 linear residual 6.200e-04
gmres iter 60 linear residual 3.640e-04
gmres iter 70 linear residual 2.554e-04
gmres iter 80 linear residual 1.964e-04
gmres iter 90 linear residual 1.483e-04
gmres iter 100 linear residual 1.011e-04
gmres iter 110 linear residual 8.056e-05
gmres iter 120 linear residual 6.183e-05
gmres iter 130 linear residual 4.768e-05
gmres iter 140 linear residual 3.521e-05
gmres iter 150 linear residual 2.237e-05
gmres iter 160 linear residual 1.336e-05
gmres iter 170 linear residual 7.910e-06
gmres iter 180 linear residual 5.688e-06
gmres iter 190 linear residual 4.298e-06
gmres iter 200 linear residual 3.197e-06
gmres iter 210 linear residual 2.791e-06
gmres iter 220 linear residual 2.256e-06
gmres iter 230 linear residual 1.703e-06
gmres iter 240 linear residual 1.212e-06
gmres iter 250 linear residual 8.643e-07
gmres iter 260 linear residual 6.374e-07
gmres iter 270 linear residual 5.089e-07
gmres iter 280 linear residual 4.087e-07
gmres iter 290 linear residual 2.939e-07
gmres iter 300 linear residual 2.172e-07
res 1.123e-01 (F-block 4.909e-01 p-block 7.028e-01) alpha 0.5 eta 1.00e-06 iter times 300
gmres iter 10 linear residual 4.599e-03
gmres iter 20 linear residual 3.745e-03
gmres iter 30 linear residual 1.974e-03
gmres iter 40 linear residual 8.851e-04
gmres iter 50 linear residual 6.347e-04
gmres iter 60 linear residual 4.769e-04
gmres iter 70 linear residual 3.086e-04
gmres iter 80 linear residual 2.057e-04
gmres iter 90 linear residual 1.559e-04
gmres iter 100 linear residual 1.193e-04
gmres iter 110 linear residual 1.017e-04
gmres iter 120 linear residual 8.413e-05
gmres iter 130 linear residual 6.709e-05
gmres iter 140 linear residual 5.296e-05
gmres iter 150 linear residual 4.402e-05
gmres iter 160 linear residual 3.396e-05
gmres iter 170 linear residual 2.426e-05
gmres iter 180 linear residual 1.934e-05
gmres iter 190 linear residual 1.573e-05
gmres iter 200 linear residual 1.406e-05
gmres iter 210 linear residual 1.158e-05
gmres iter 220 linear residual 1.053e-05
gmres iter 230 linear residual 8.701e-06
gmres iter 240 linear residual 6.579e-06
gmres iter 250 linear residual 4.799e-06
gmres iter 260 linear residual 3.448e-06
gmres iter 270 linear residual 2.274e-06
gmres iter 280 linear residual 1.626e-06
gmres iter 290 linear residual 1.317e-06
gmres iter 300 linear residual 1.091e-06
gmres iter 310 linear residual 9.749e-07
gmres iter 320 linear residual 8.606e-07
gmres iter 330 linear residual 7.464e-07
gmres iter 340 linear residual 6.282e-07
gmres iter 350 linear residual 5.110e-07
gmres iter 360 linear residual 3.618e-07
gmres iter 370 linear residual 2.564e-07
res 5.174e-02 (F-block 1.137e-02 p-block 1.222e-01) alpha 1 eta 1.00e-06 iter times 378
gmres iter 10 linear residual 1.313e-01
gmres iter 20 linear residual 7.627e-02
gmres iter 30 linear residual 3.060e-02
gmres iter 40 linear residual 1.781e-02
gmres iter 50 linear residual 1.384e-02
gmres iter 60 linear residual 1.183e-02
gmres iter 70 linear residual 9.829e-03
gmres iter 80 linear residual 7.570e-03
gmres iter 90 linear residual 5.423e-03
gmres iter 100 linear residual 4.003e-03
gmres iter 110 linear residual 3.478e-03
gmres iter 120 linear residual 2.900e-03
gmres iter 130 linear residual 2.352e-03
gmres iter 140 linear residual 1.851e-03
gmres iter 150 linear residual 1.453e-03
gmres iter 160 linear residual 1.119e-03
gmres iter 170 linear residual 8.413e-04
gmres iter 180 linear residual 6.342e-04
gmres iter 190 linear residual 4.830e-04
gmres iter 200 linear residual 2.912e-04
gmres iter 210 linear residual 2.276e-04
gmres iter 220 linear residual 1.749e-04
gmres iter 230 linear residual 1.335e-04
gmres iter 240 linear residual 1.012e-04
gmres iter 250 linear residual 7.778e-05
gmres iter 260 linear residual 6.059e-05
gmres iter 270 linear residual 4.687e-05
gmres iter 280 linear residual 3.580e-05
gmres iter 290 linear residual 2.907e-05
gmres iter 300 linear residual 2.391e-05
gmres iter 310 linear residual 2.081e-05
gmres iter 320 linear residual 1.740e-05
gmres iter 330 linear residual 1.375e-05
gmres iter 340 linear residual 1.085e-05
gmres iter 350 linear residual 8.547e-06
gmres iter 360 linear residual 6.653e-06
gmres iter 370 linear residual 5.139e-06
gmres iter 380 linear residual 3.936e-06
gmres iter 390 linear residual 3.050e-06
gmres iter 400 linear residual 2.258e-06
gmres iter 410 linear residual 1.800e-06
gmres iter 420 linear residual 1.404e-06
gmres iter 430 linear residual 1.081e-06
gmres iter 440 linear residual 8.419e-07
gmres iter 450 linear residual 6.532e-07
gmres iter 460 linear residual 5.057e-07
gmres iter 470 linear residual 3.875e-07
gmres iter 480 linear residual 2.984e-07
gmres iter 490 linear residual 2.454e-07
gmres iter 500 linear residual 2.105e-07
res 3.008e-02 (F-block 5.716e-03 p-block 1.154e-01) alpha 0.5 eta 1.00e-06 iter times 506
gmres iter 10 linear residual 1.379e-01
gmres iter 20 linear residual 8.282e-02
gmres iter 30 linear residual 3.154e-02
gmres iter 40 linear residual 1.531e-02
gmres iter 50 linear residual 9.888e-03
gmres iter 60 linear residual 7.788e-03
gmres iter 70 linear residual 6.526e-03
gmres iter 80 linear residual 5.383e-03
gmres iter 90 linear residual 4.021e-03
gmres iter 100 linear residual 2.710e-03
gmres iter 110 linear residual 2.145e-03
gmres iter 120 linear residual 1.691e-03
gmres iter 130 linear residual 1.392e-03
gmres iter 140 linear residual 1.154e-03
gmres iter 150 linear residual 9.240e-04
gmres iter 160 linear residual 6.591e-04
gmres iter 170 linear residual 4.150e-04
gmres iter 180 linear residual 2.545e-04
gmres iter 190 linear residual 1.756e-04
gmres iter 200 linear residual 1.028e-04
gmres iter 210 linear residual 8.075e-05
gmres iter 220 linear residual 6.443e-05
gmres iter 230 linear residual 5.028e-05
gmres iter 240 linear residual 3.886e-05
gmres iter 250 linear residual 3.037e-05
gmres iter 260 linear residual 2.368e-05
gmres iter 270 linear residual 1.749e-05
gmres iter 280 linear residual 1.232e-05
gmres iter 290 linear residual 9.133e-06
gmres iter 300 linear residual 6.927e-06
gmres iter 310 linear residual 5.857e-06
gmres iter 320 linear residual 4.817e-06
gmres iter 330 linear residual 3.785e-06
gmres iter 340 linear residual 2.882e-06
gmres iter 350 linear residual 2.102e-06
gmres iter 360 linear residual 1.506e-06
gmres iter 370 linear residual 1.129e-06
gmres iter 380 linear residual 8.852e-07
gmres iter 390 linear residual 7.200e-07
gmres iter 400 linear residual 5.666e-07
gmres iter 410 linear residual 4.657e-07
gmres iter 420 linear residual 3.883e-07
gmres iter 430 linear residual 3.105e-07
gmres iter 440 linear residual 2.349e-07
res 3.114e-02 (F-block 1.718e-04 p-block 7.655e-02) alpha 1 eta 1.00e-06 iter times 444
gmres iter 10 linear residual 2.559e-01
gmres iter 20 linear residual 1.258e-01
gmres iter 30 linear residual 4.138e-02
gmres iter 40 linear residual 1.934e-02
gmres iter 50 linear residual 1.141e-02
gmres iter 60 linear residual 8.587e-03
gmres iter 70 linear residual 7.141e-03
gmres iter 80 linear residual 5.895e-03
gmres iter 90 linear residual 4.474e-03
gmres iter 100 linear residual 3.025e-03
gmres iter 110 linear residual 2.279e-03
gmres iter 120 linear residual 1.721e-03
gmres iter 130 linear residual 1.378e-03
gmres iter 140 linear residual 1.141e-03
gmres iter 150 linear residual 8.994e-04
gmres iter 160 linear residual 6.220e-04
gmres iter 170 linear residual 3.821e-04
gmres iter 180 linear residual 2.177e-04
gmres iter 190 linear residual 1.463e-04
gmres iter 200 linear residual 8.507e-05
gmres iter 210 linear residual 6.475e-05
gmres iter 220 linear residual 5.073e-05
gmres iter 230 linear residual 3.773e-05
gmres iter 240 linear residual 2.928e-05
gmres iter 250 linear residual 2.309e-05
gmres iter 260 linear residual 1.778e-05
gmres iter 270 linear residual 1.252e-05
gmres iter 280 linear residual 7.861e-06
gmres iter 290 linear residual 5.115e-06
gmres iter 300 linear residual 3.653e-06
gmres iter 310 linear residual 2.915e-06
gmres iter 320 linear residual 2.271e-06
gmres iter 330 linear residual 1.777e-06
gmres iter 340 linear residual 1.427e-06
gmres iter 350 linear residual 1.087e-06
gmres iter 360 linear residual 7.957e-07
gmres iter 370 linear residual 5.662e-07
gmres iter 380 linear residual 3.882e-07
gmres iter 390 linear residual 2.743e-07
res 1.981e-03 (F-block 1.459e-06 p-block 9.101e-04) alpha 1 eta 1.00e-06 iter times 397
gmres iter 10 linear residual 2.365e-01
gmres iter 20 linear residual 1.612e-01
gmres iter 30 linear residual 5.592e-02
gmres iter 40 linear residual 2.464e-02
gmres iter 50 linear residual 1.428e-02
gmres iter 60 linear residual 1.003e-02
gmres iter 70 linear residual 8.162e-03
gmres iter 80 linear residual 6.744e-03
gmres iter 90 linear residual 5.307e-03
gmres iter 100 linear residual 3.780e-03
gmres iter 110 linear residual 2.989e-03
gmres iter 120 linear residual 2.337e-03
gmres iter 130 linear residual 1.892e-03
gmres iter 140 linear residual 1.536e-03
gmres iter 150 linear residual 1.150e-03
gmres iter 160 linear residual 7.877e-04
gmres iter 170 linear residual 4.635e-04
gmres iter 180 linear residual 2.757e-04
gmres iter 190 linear residual 1.846e-04
gmres iter 200 linear residual 1.071e-04
gmres iter 210 linear residual 8.424e-05
gmres iter 220 linear residual 6.847e-05
gmres iter 230 linear residual 5.361e-05
gmres iter 240 linear residual 4.147e-05
gmres iter 250 linear residual 3.193e-05
gmres iter 260 linear residual 2.291e-05
gmres iter 270 linear residual 1.503e-05
gmres iter 280 linear residual 8.653e-06
gmres iter 290 linear residual 5.638e-06
gmres iter 300 linear residual 4.017e-06
gmres iter 310 linear residual 3.273e-06
gmres iter 320 linear residual 2.560e-06
gmres iter 330 linear residual 1.996e-06
gmres iter 340 linear residual 1.602e-06
gmres iter 350 linear residual 1.222e-06
gmres iter 360 linear residual 8.686e-07
gmres iter 370 linear residual 5.829e-07
gmres iter 380 linear residual 3.831e-07
gmres iter 390 linear residual 2.667e-07
res 2.394e-05 (F-block 8.160e-10 p-block 6.878e-07) alpha 1 eta 1.00e-06 iter times 397
time this step...263.8849127292633
now P is...
[[ 1.09161625e+00  1.67478638e-04 -1.28077349e-03]
 [ 1.87235498e-04 -3.31564211e-09  7.65969604e-03]
 [-1.26133284e-03  7.64097873e-03 -3.67148946e-09]]
now F is...
[[ 1.10000000e+00  1.22203912e-15 -1.23777327e-15]
 [ 1.26915213e-15  9.56300879e-01 -4.53025851e-16]
 [-2.66042098e-16  7.26320119e-16  9.56122332e-01]]
intermediate results saved (1 increments in output.csv)
this increment is 0.05 (target 0.2) ------------------------
gmres iter 10 linear residual 5.001e-03
gmres iter 20 linear residual 4.769e-03
gmres iter 30 linear residual 3.428e-03
gmres iter 40 linear residual 1.526e-03
gmres iter 50 linear residual 7.895e-04
gmres iter 60 linear residual 5.103e-04
gmres iter 70 linear residual 3.784e-04
gmres iter 80 linear residual 2.858e-04
gmres iter 90 linear residual 2.029e-04
gmres iter 100 linear residual 1.299e-04
gmres iter 110 linear residual 1.021e-04
gmres iter 120 linear residual 7.842e-05
gmres iter 130 linear residual 6.167e-05
gmres iter 140 linear residual 4.725e-05
gmres iter 150 linear residual 3.188e-05
gmres iter 160 linear residual 2.001e-05
gmres iter 170 linear residual 1.232e-05
gmres iter 180 linear residual 8.903e-06
gmres iter 190 linear residual 6.626e-06
gmres iter 200 linear residual 5.003e-06
gmres iter 210 linear residual 4.179e-06
gmres iter 220 linear residual 3.356e-06
gmres iter 230 linear residual 2.516e-06
gmres iter 240 linear residual 1.766e-06
gmres iter 250 linear residual 1.259e-06
gmres iter 260 linear residual 9.016e-07
gmres iter 270 linear residual 7.031e-07
gmres iter 280 linear residual 5.718e-07
gmres iter 290 linear residual 4.277e-07
gmres iter 300 linear residual 3.143e-07
gmres iter 310 linear residual 2.611e-07
res 1.134e-01 (F-block 4.910e-01 p-block 7.389e-01) alpha 0.5 eta 1.00e-06 iter times 315
gmres iter 10 linear residual 4.840e-03
gmres iter 20 linear residual 3.995e-03
gmres iter 30 linear residual 2.238e-03
gmres iter 40 linear residual 1.043e-03
gmres iter 50 linear residual 7.411e-04
gmres iter 60 linear residual 5.390e-04
gmres iter 70 linear residual 3.529e-04
gmres iter 80 linear residual 2.464e-04
gmres iter 90 linear residual 1.835e-04
gmres iter 100 linear residual 1.348e-04
gmres iter 110 linear residual 1.140e-04
gmres iter 120 linear residual 9.497e-05
gmres iter 130 linear residual 7.712e-05
gmres iter 140 linear residual 6.036e-05
gmres iter 150 linear residual 4.926e-05
gmres iter 160 linear residual 3.832e-05
gmres iter 170 linear residual 2.744e-05
gmres iter 180 linear residual 2.192e-05
gmres iter 190 linear residual 1.776e-05
gmres iter 200 linear residual 1.608e-05
gmres iter 210 linear residual 1.415e-05
gmres iter 220 linear residual 1.300e-05
gmres iter 230 linear residual 1.113e-05
gmres iter 240 linear residual 9.229e-06
gmres iter 250 linear residual 7.085e-06
gmres iter 260 linear residual 4.820e-06
gmres iter 270 linear residual 3.153e-06
gmres iter 280 linear residual 2.357e-06
gmres iter 290 linear residual 1.968e-06
gmres iter 300 linear residual 1.609e-06
gmres iter 310 linear residual 1.448e-06
gmres iter 320 linear residual 1.297e-06
gmres iter 330 linear residual 1.151e-06
gmres iter 340 linear residual 1.024e-06
gmres iter 350 linear residual 8.730e-07
gmres iter 360 linear residual 6.482e-07
gmres iter 370 linear residual 4.629e-07
gmres iter 380 linear residual 3.533e-07
gmres iter 390 linear residual 2.993e-07
gmres iter 400 linear residual 2.526e-07
gmres iter 410 linear residual 2.286e-07
res 5.112e-02 (F-block 1.136e-02 p-block 1.263e-01) alpha 1 eta 1.00e-06 iter times 416
gmres iter 10 linear residual 1.352e-01
gmres iter 20 linear residual 8.287e-02
gmres iter 30 linear residual 3.442e-02
gmres iter 40 linear residual 1.996e-02
gmres iter 50 linear residual 1.540e-02
gmres iter 60 linear residual 1.314e-02
gmres iter 70 linear residual 1.102e-02
gmres iter 80 linear residual 8.730e-03
gmres iter 90 linear residual 6.577e-03
gmres iter 100 linear residual 5.060e-03
gmres iter 110 linear residual 4.461e-03
gmres iter 120 linear residual 3.767e-03
gmres iter 130 linear residual 3.097e-03
gmres iter 140 linear residual 2.483e-03
gmres iter 150 linear residual 2.002e-03
gmres iter 160 linear residual 1.575e-03
gmres iter 170 linear residual 1.166e-03
gmres iter 180 linear residual 8.337e-04
gmres iter 190 linear residual 6.226e-04
gmres iter 200 linear residual 3.800e-04
gmres iter 210 linear residual 3.004e-04
gmres iter 220 linear residual 2.386e-04
gmres iter 230 linear residual 1.847e-04
gmres iter 240 linear residual 1.404e-04
gmres iter 250 linear residual 1.077e-04
gmres iter 260 linear residual 8.547e-05
gmres iter 270 linear residual 6.726e-05
gmres iter 280 linear residual 5.340e-05
gmres iter 290 linear residual 4.432e-05
gmres iter 300 linear residual 3.619e-05
gmres iter 310 linear residual 3.125e-05
gmres iter 320 linear residual 2.639e-05
gmres iter 330 linear residual 2.145e-05
gmres iter 340 linear residual 1.728e-05
gmres iter 350 linear residual 1.381e-05
gmres iter 360 linear residual 1.075e-05
gmres iter 370 linear residual 8.380e-06
gmres iter 380 linear residual 6.431e-06
gmres iter 390 linear residual 5.092e-06
gmres iter 400 linear residual 3.897e-06
gmres iter 410 linear residual 3.146e-06
gmres iter 420 linear residual 2.519e-06
gmres iter 430 linear residual 1.971e-06
gmres iter 440 linear residual 1.557e-06
gmres iter 450 linear residual 1.230e-06
gmres iter 460 linear residual 9.887e-07
gmres iter 470 linear residual 7.945e-07
gmres iter 480 linear residual 6.392e-07
gmres iter 490 linear residual 5.314e-07
gmres iter 500 linear residual 4.470e-07
gmres iter 510 linear residual 3.856e-07
gmres iter 520 linear residual 3.242e-07
gmres iter 530 linear residual 2.646e-07
gmres iter 540 linear residual 2.144e-07
res 3.078e-02 (F-block 5.710e-03 p-block 1.213e-01) alpha 0.5 eta 1.00e-06 iter times 544
gmres iter 10 linear residual 1.425e-01
gmres iter 20 linear residual 9.047e-02
gmres iter 30 linear residual 3.604e-02
gmres iter 40 linear residual 1.771e-02
gmres iter 50 linear residual 1.153e-02
gmres iter 60 linear residual 9.089e-03
gmres iter 70 linear residual 7.620e-03
gmres iter 80 linear residual 6.306e-03
gmres iter 90 linear residual 4.824e-03
gmres iter 100 linear residual 3.405e-03
gmres iter 110 linear residual 2.795e-03
gmres iter 120 linear residual 2.276e-03
gmres iter 130 linear residual 1.910e-03
gmres iter 140 linear residual 1.587e-03
gmres iter 150 linear residual 1.258e-03
gmres iter 160 linear residual 8.909e-04
gmres iter 170 linear residual 5.722e-04
gmres iter 180 linear residual 3.653e-04
gmres iter 190 linear residual 2.681e-04
gmres iter 200 linear residual 1.793e-04
gmres iter 210 linear residual 1.494e-04
gmres iter 220 linear residual 1.241e-04
gmres iter 230 linear residual 9.640e-05
gmres iter 240 linear residual 7.233e-05
gmres iter 250 linear residual 5.506e-05
gmres iter 260 linear residual 4.353e-05
gmres iter 270 linear residual 3.379e-05
gmres iter 280 linear residual 2.603e-05
gmres iter 290 linear residual 2.070e-05
gmres iter 300 linear residual 1.566e-05
gmres iter 310 linear residual 1.307e-05
gmres iter 320 linear residual 1.089e-05
gmres iter 330 linear residual 8.742e-06
gmres iter 340 linear residual 6.815e-06
gmres iter 350 linear residual 5.282e-06
gmres iter 360 linear residual 3.992e-06
gmres iter 370 linear residual 3.060e-06
gmres iter 380 linear residual 2.336e-06
gmres iter 390 linear residual 1.877e-06
gmres iter 400 linear residual 1.480e-06
gmres iter 410 linear residual 1.228e-06
gmres iter 420 linear residual 1.014e-06
gmres iter 430 linear residual 7.994e-07
gmres iter 440 linear residual 6.230e-07
gmres iter 450 linear residual 4.816e-07
gmres iter 460 linear residual 3.810e-07
gmres iter 470 linear residual 3.025e-07
gmres iter 480 linear residual 2.424e-07
res 3.183e-02 (F-block 2.078e-04 p-block 8.339e-02) alpha 1 eta 1.00e-06 iter times 487
gmres iter 10 linear residual 2.325e-01
gmres iter 20 linear residual 1.343e-01
gmres iter 30 linear residual 4.651e-02
gmres iter 40 linear residual 2.271e-02
gmres iter 50 linear residual 1.473e-02
gmres iter 60 linear residual 1.173e-02
gmres iter 70 linear residual 9.880e-03
gmres iter 80 linear residual 8.062e-03
gmres iter 90 linear residual 5.898e-03
gmres iter 100 linear residual 3.913e-03
gmres iter 110 linear residual 2.961e-03
gmres iter 120 linear residual 2.220e-03
gmres iter 130 linear residual 1.785e-03
gmres iter 140 linear residual 1.498e-03
gmres iter 150 linear residual 1.224e-03
gmres iter 160 linear residual 8.884e-04
gmres iter 170 linear residual 5.684e-04
gmres iter 180 linear residual 3.421e-04
gmres iter 190 linear residual 2.363e-04
gmres iter 200 linear residual 1.423e-04
gmres iter 210 linear residual 1.107e-04
gmres iter 220 linear residual 8.773e-05
gmres iter 230 linear residual 6.730e-05
gmres iter 240 linear residual 5.225e-05
gmres iter 250 linear residual 4.193e-05
gmres iter 260 linear residual 3.304e-05
gmres iter 270 linear residual 2.358e-05
gmres iter 280 linear residual 1.569e-05
gmres iter 290 linear residual 1.090e-05
gmres iter 300 linear residual 8.119e-06
gmres iter 310 linear residual 6.838e-06
gmres iter 320 linear residual 5.641e-06
gmres iter 330 linear residual 4.559e-06
gmres iter 340 linear residual 3.549e-06
gmres iter 350 linear residual 2.642e-06
gmres iter 360 linear residual 1.836e-06
gmres iter 370 linear residual 1.274e-06
gmres iter 380 linear residual 9.144e-07
gmres iter 390 linear residual 6.980e-07
gmres iter 400 linear residual 5.112e-07
gmres iter 410 linear residual 4.085e-07
gmres iter 420 linear residual 3.369e-07
gmres iter 430 linear residual 2.657e-07
gmres iter 440 linear residual 2.039e-07
res 2.058e-03 (F-block 2.788e-06 p-block 1.021e-03) alpha 1 eta 1.00e-06 iter times 440
gmres iter 10 linear residual 1.864e-01
gmres iter 20 linear residual 1.462e-01
gmres iter 30 linear residual 5.732e-02
gmres iter 40 linear residual 2.596e-02
gmres iter 50 linear residual 1.649e-02
gmres iter 60 linear residual 1.260e-02
gmres iter 70 linear residual 1.055e-02
gmres iter 80 linear residual 8.712e-03
gmres iter 90 linear residual 6.519e-03
gmres iter 100 linear residual 4.427e-03
gmres iter 110 linear residual 3.430e-03
gmres iter 120 linear residual 2.598e-03
gmres iter 130 linear residual 2.091e-03
gmres iter 140 linear residual 1.747e-03
gmres iter 150 linear residual 1.398e-03
gmres iter 160 linear residual 1.019e-03
gmres iter 170 linear residual 6.553e-04
gmres iter 180 linear residual 4.283e-04
gmres iter 190 linear residual 3.053e-04
gmres iter 200 linear residual 1.955e-04
gmres iter 210 linear residual 1.619e-04
gmres iter 220 linear residual 1.359e-04
gmres iter 230 linear residual 1.082e-04
gmres iter 240 linear residual 7.936e-05
gmres iter 250 linear residual 5.851e-05
gmres iter 260 linear residual 4.169e-05
gmres iter 270 linear residual 2.693e-05
gmres iter 280 linear residual 1.751e-05
gmres iter 290 linear residual 1.247e-05
gmres iter 300 linear residual 9.858e-06
gmres iter 310 linear residual 8.592e-06
gmres iter 320 linear residual 7.139e-06
gmres iter 330 linear residual 5.720e-06
gmres iter 340 linear residual 4.286e-06
gmres iter 350 linear residual 3.102e-06
gmres iter 360 linear residual 2.123e-06
gmres iter 370 linear residual 1.399e-06
gmres iter 380 linear residual 1.021e-06
gmres iter 390 linear residual 8.013e-07
gmres iter 400 linear residual 6.347e-07
gmres iter 410 linear residual 5.373e-07
gmres iter 420 linear residual 4.576e-07
gmres iter 430 linear residual 3.648e-07
gmres iter 440 linear residual 2.544e-07
res 3.537e-05 (F-block 3.188e-09 p-block 1.078e-06) alpha 1 eta 1.00e-06 iter times 446
time this step...239.3142282962799
this increment is 0.04999999999999999 (target 0.2) ------------------------
gmres iter 10 linear residual 5.143e-03
gmres iter 20 linear residual 4.902e-03
gmres iter 30 linear residual 3.695e-03
gmres iter 40 linear residual 1.752e-03
gmres iter 50 linear residual 9.693e-04
gmres iter 60 linear residual 6.591e-04
gmres iter 70 linear residual 4.935e-04
gmres iter 80 linear residual 3.608e-04
gmres iter 90 linear residual 2.497e-04
gmres iter 100 linear residual 1.622e-04
gmres iter 110 linear residual 1.312e-04
gmres iter 120 linear residual 1.034e-04
gmres iter 130 linear residual 8.168e-05
gmres iter 140 linear residual 6.234e-05
gmres iter 150 linear residual 4.256e-05
gmres iter 160 linear residual 2.795e-05
gmres iter 170 linear residual 1.891e-05
gmres iter 180 linear residual 1.429e-05
gmres iter 190 linear residual 1.067e-05
gmres iter 200 linear residual 8.158e-06
gmres iter 210 linear residual 6.739e-06
gmres iter 220 linear residual 5.452e-06
gmres iter 230 linear residual 4.255e-06
gmres iter 240 linear residual 3.118e-06
gmres iter 250 linear residual 2.237e-06
gmres iter 260 linear residual 1.574e-06
gmres iter 270 linear residual 1.191e-06
gmres iter 280 linear residual 9.549e-07
gmres iter 290 linear residual 7.386e-07
gmres iter 300 linear residual 5.526e-07
gmres iter 310 linear residual 4.527e-07
gmres iter 320 linear residual 3.590e-07
gmres iter 330 linear residual 2.864e-07
gmres iter 340 linear residual 2.229e-07
res 1.144e-01 (F-block 4.911e-01 p-block 7.746e-01) alpha 0.5 eta 1.00e-06 iter times 340
gmres iter 10 linear residual 5.075e-03
gmres iter 20 linear residual 4.226e-03
gmres iter 30 linear residual 2.521e-03
gmres iter 40 linear residual 1.286e-03
gmres iter 50 linear residual 8.903e-04
gmres iter 60 linear residual 6.087e-04
gmres iter 70 linear residual 4.236e-04
gmres iter 80 linear residual 3.054e-04
gmres iter 90 linear residual 2.081e-04
gmres iter 100 linear residual 1.527e-04
gmres iter 110 linear residual 1.335e-04
gmres iter 120 linear residual 1.086e-04
gmres iter 130 linear residual 8.557e-05
gmres iter 140 linear residual 6.912e-05
gmres iter 150 linear residual 5.767e-05
gmres iter 160 linear residual 4.342e-05
gmres iter 170 linear residual 3.032e-05
gmres iter 180 linear residual 2.472e-05
gmres iter 190 linear residual 2.115e-05
gmres iter 200 linear residual 1.906e-05
gmres iter 210 linear residual 1.672e-05
gmres iter 220 linear residual 1.543e-05
gmres iter 230 linear residual 1.364e-05
gmres iter 240 linear residual 1.179e-05
gmres iter 250 linear residual 9.571e-06
gmres iter 260 linear residual 6.864e-06
gmres iter 270 linear residual 4.881e-06
gmres iter 280 linear residual 3.692e-06
gmres iter 290 linear residual 3.034e-06
gmres iter 300 linear residual 2.346e-06
gmres iter 310 linear residual 2.118e-06
gmres iter 320 linear residual 1.993e-06
gmres iter 330 linear residual 1.902e-06
gmres iter 340 linear residual 1.750e-06
gmres iter 350 linear residual 1.487e-06
gmres iter 360 linear residual 1.145e-06
gmres iter 370 linear residual 8.267e-07
gmres iter 380 linear residual 5.993e-07
gmres iter 390 linear residual 4.962e-07
gmres iter 400 linear residual 4.525e-07
gmres iter 410 linear residual 4.220e-07
gmres iter 420 linear residual 3.852e-07
gmres iter 430 linear residual 3.569e-07
gmres iter 440 linear residual 3.132e-07
gmres iter 450 linear residual 2.281e-07
res 5.078e-02 (F-block 1.137e-02 p-block 1.328e-01) alpha 1 eta 1.00e-06 iter times 453
gmres iter 10 linear residual 1.386e-01
gmres iter 20 linear residual 8.912e-02
gmres iter 30 linear residual 3.887e-02
gmres iter 40 linear residual 2.295e-02
gmres iter 50 linear residual 1.760e-02
gmres iter 60 linear residual 1.475e-02
gmres iter 70 linear residual 1.226e-02
gmres iter 80 linear residual 9.990e-03
gmres iter 90 linear residual 8.073e-03
gmres iter 100 linear residual 6.517e-03
gmres iter 110 linear residual 5.833e-03
gmres iter 120 linear residual 4.983e-03
gmres iter 130 linear residual 4.163e-03
gmres iter 140 linear residual 3.427e-03
gmres iter 150 linear residual 2.827e-03
gmres iter 160 linear residual 2.215e-03
gmres iter 170 linear residual 1.487e-03
gmres iter 180 linear residual 8.905e-04
gmres iter 190 linear residual 6.321e-04
gmres iter 200 linear residual 4.654e-04
gmres iter 210 linear residual 4.016e-04
gmres iter 220 linear residual 3.296e-04
gmres iter 230 linear residual 2.528e-04
gmres iter 240 linear residual 1.948e-04
gmres iter 250 linear residual 1.547e-04
gmres iter 260 linear residual 1.232e-04
gmres iter 270 linear residual 9.962e-05
gmres iter 280 linear residual 8.047e-05
gmres iter 290 linear residual 6.453e-05
gmres iter 300 linear residual 4.726e-05
gmres iter 310 linear residual 3.794e-05
gmres iter 320 linear residual 3.179e-05
gmres iter 330 linear residual 2.678e-05
gmres iter 340 linear residual 2.229e-05
gmres iter 350 linear residual 1.823e-05
gmres iter 360 linear residual 1.447e-05
gmres iter 370 linear residual 1.115e-05
gmres iter 380 linear residual 8.417e-06
gmres iter 390 linear residual 6.765e-06
gmres iter 400 linear residual 5.677e-06
gmres iter 410 linear residual 4.922e-06
gmres iter 420 linear residual 4.054e-06
gmres iter 430 linear residual 3.157e-06
gmres iter 440 linear residual 2.491e-06
gmres iter 450 linear residual 2.031e-06
gmres iter 460 linear residual 1.688e-06
gmres iter 470 linear residual 1.409e-06
gmres iter 480 linear residual 1.171e-06
gmres iter 490 linear residual 9.649e-07
gmres iter 500 linear residual 7.490e-07
gmres iter 510 linear residual 6.070e-07
gmres iter 520 linear residual 5.056e-07
gmres iter 530 linear residual 4.270e-07
gmres iter 540 linear residual 3.567e-07
gmres iter 550 linear residual 2.924e-07
gmres iter 560 linear residual 2.308e-07
gmres iter 570 linear residual 1.900e-07
gmres iter 580 linear residual 1.625e-07
gmres iter 590 linear residual 1.409e-07
gmres iter 600 linear residual 1.241e-07
gmres iter 610 linear residual 9.853e-08
gmres iter 620 linear residual 7.944e-08
gmres iter 630 linear residual 6.185e-08
res 3.133e-02 (F-block 5.708e-03 p-block 1.278e-01) alpha 0.5 eta 1.00e-06 iter times 633
gmres iter 10 linear residual 1.465e-01
gmres iter 20 linear residual 9.777e-02
gmres iter 30 linear residual 4.103e-02
gmres iter 40 linear residual 2.088e-02
gmres iter 50 linear residual 1.396e-02
gmres iter 60 linear residual 1.103e-02
gmres iter 70 linear residual 9.151e-03
gmres iter 80 linear residual 7.429e-03
gmres iter 90 linear residual 5.752e-03
gmres iter 100 linear residual 4.308e-03
gmres iter 110 linear residual 3.723e-03
gmres iter 120 linear residual 3.143e-03
gmres iter 130 linear residual 2.643e-03
gmres iter 140 linear residual 2.150e-03
gmres iter 150 linear residual 1.646e-03
gmres iter 160 linear residual 1.184e-03
gmres iter 170 linear residual 8.220e-04
gmres iter 180 linear residual 5.846e-04
gmres iter 190 linear residual 4.587e-04
gmres iter 200 linear residual 3.270e-04
gmres iter 210 linear residual 2.758e-04
gmres iter 220 linear residual 2.304e-04
gmres iter 230 linear residual 1.833e-04
gmres iter 240 linear residual 1.401e-04
gmres iter 250 linear residual 1.098e-04
gmres iter 260 linear residual 8.798e-05
gmres iter 270 linear residual 7.017e-05
gmres iter 280 linear residual 5.450e-05
gmres iter 290 linear residual 4.364e-05
gmres iter 300 linear residual 3.269e-05
gmres iter 310 linear residual 2.718e-05
gmres iter 320 linear residual 2.283e-05
gmres iter 330 linear residual 1.884e-05
gmres iter 340 linear residual 1.547e-05
gmres iter 350 linear residual 1.240e-05
gmres iter 360 linear residual 9.313e-06
gmres iter 370 linear residual 6.780e-06
gmres iter 380 linear residual 5.029e-06
gmres iter 390 linear residual 4.089e-06
gmres iter 400 linear residual 3.457e-06
gmres iter 410 linear residual 3.032e-06
gmres iter 420 linear residual 2.550e-06
gmres iter 430 linear residual 1.998e-06
gmres iter 440 linear residual 1.519e-06
gmres iter 450 linear residual 1.185e-06
gmres iter 460 linear residual 9.509e-07
gmres iter 470 linear residual 7.626e-07
gmres iter 480 linear residual 5.993e-07
gmres iter 490 linear residual 4.871e-07
gmres iter 500 linear residual 3.788e-07
gmres iter 510 linear residual 3.140e-07
gmres iter 520 linear residual 2.660e-07
gmres iter 530 linear residual 2.216e-07
res 3.238e-02 (F-block 2.662e-04 p-block 9.003e-02) alpha 1 eta 1.00e-06 iter times 532
gmres iter 10 linear residual 1.984e-01
gmres iter 20 linear residual 1.340e-01
gmres iter 30 linear residual 5.050e-02
gmres iter 40 linear residual 2.625e-02
gmres iter 50 linear residual 1.865e-02
gmres iter 60 linear residual 1.543e-02
gmres iter 70 linear residual 1.280e-02
gmres iter 80 linear residual 9.977e-03
gmres iter 90 linear residual 6.874e-03
gmres iter 100 linear residual 4.536e-03
gmres iter 110 linear residual 3.526e-03
gmres iter 120 linear residual 2.697e-03
gmres iter 130 linear residual 2.206e-03
gmres iter 140 linear residual 1.867e-03
gmres iter 150 linear residual 1.543e-03
gmres iter 160 linear residual 1.134e-03
gmres iter 170 linear residual 7.269e-04
gmres iter 180 linear residual 4.608e-04
gmres iter 190 linear residual 3.244e-04
gmres iter 200 linear residual 2.081e-04
gmres iter 210 linear residual 1.686e-04
gmres iter 220 linear residual 1.359e-04
gmres iter 230 linear residual 1.085e-04
gmres iter 240 linear residual 8.522e-05
gmres iter 250 linear residual 6.815e-05
gmres iter 260 linear residual 5.390e-05
gmres iter 270 linear residual 3.939e-05
gmres iter 280 linear residual 2.673e-05
gmres iter 290 linear residual 1.960e-05
gmres iter 300 linear residual 1.504e-05
gmres iter 310 linear residual 1.300e-05
gmres iter 320 linear residual 1.102e-05
gmres iter 330 linear residual 9.001e-06
gmres iter 340 linear residual 7.001e-06
gmres iter 350 linear residual 5.110e-06
gmres iter 360 linear residual 3.606e-06
gmres iter 370 linear residual 2.497e-06
gmres iter 380 linear residual 1.872e-06
gmres iter 390 linear residual 1.500e-06
gmres iter 400 linear residual 1.193e-06
gmres iter 410 linear residual 1.008e-06
gmres iter 420 linear residual 8.561e-07
gmres iter 430 linear residual 6.937e-07
gmres iter 440 linear residual 5.244e-07
gmres iter 450 linear residual 3.888e-07
gmres iter 460 linear residual 2.895e-07
gmres iter 470 linear residual 2.224e-07
res 2.149e-03 (F-block 7.009e-06 p-block 1.072e-03) alpha 1 eta 1.00e-06 iter times 475
gmres iter 10 linear residual 1.396e-01
gmres iter 20 linear residual 1.151e-01
gmres iter 30 linear residual 4.728e-02
gmres iter 40 linear residual 2.262e-02
gmres iter 50 linear residual 1.676e-02
gmres iter 60 linear residual 1.409e-02
gmres iter 70 linear residual 1.190e-02
gmres iter 80 linear residual 9.373e-03
gmres iter 90 linear residual 6.228e-03
gmres iter 100 linear residual 3.846e-03
gmres iter 110 linear residual 2.882e-03
gmres iter 120 linear residual 2.126e-03
gmres iter 130 linear residual 1.683e-03
gmres iter 140 linear residual 1.427e-03
gmres iter 150 linear residual 1.207e-03
gmres iter 160 linear residual 9.302e-04
gmres iter 170 linear residual 6.400e-04
gmres iter 180 linear residual 4.582e-04
gmres iter 190 linear residual 3.252e-04
gmres iter 200 linear residual 2.194e-04
gmres iter 210 linear residual 1.794e-04
gmres iter 220 linear residual 1.473e-04
gmres iter 230 linear residual 1.199e-04
gmres iter 240 linear residual 8.979e-05
gmres iter 250 linear residual 6.732e-05
gmres iter 260 linear residual 5.046e-05
gmres iter 270 linear residual 3.462e-05
gmres iter 280 linear residual 2.332e-05
gmres iter 290 linear residual 1.645e-05
gmres iter 300 linear residual 1.339e-05
gmres iter 310 linear residual 1.170e-05
gmres iter 320 linear residual 9.837e-06
gmres iter 330 linear residual 8.053e-06
gmres iter 340 linear residual 6.291e-06
gmres iter 350 linear residual 4.668e-06
gmres iter 360 linear residual 3.279e-06
gmres iter 370 linear residual 2.360e-06
gmres iter 380 linear residual 1.860e-06
gmres iter 390 linear residual 1.478e-06
gmres iter 400 linear residual 1.173e-06
gmres iter 410 linear residual 9.894e-07
gmres iter 420 linear residual 8.403e-07
gmres iter 430 linear residual 6.871e-07
gmres iter 440 linear residual 4.898e-07
gmres iter 450 linear residual 3.251e-07
gmres iter 460 linear residual 2.239e-07
res 6.503e-05 (F-block 2.826e-08 p-block 5.479e-06) alpha 1 eta 1.00e-06 iter times 463
time this step...230.19071412086487
now P is...
[[ 1.99498257e+00  2.02152240e-04 -2.29851926e-03]
 [ 2.43134527e-04 -7.15242459e-08  1.42279335e-02]
 [-2.20747388e-03  1.41718922e-02 -7.66118686e-08]]
now F is...
[[ 1.20000000e+00  1.19053354e-15 -1.33612850e-15]
 [ 7.06017024e-16  9.19442809e-01 -3.76963779e-16]
 [-2.16387465e-16 -3.41030878e-16  9.18957593e-01]]
intermediate results saved (2 increments in output.csv)
this increment is 0.04999999999999999 (target 0.30000000000000004) ------------------------
gmres iter 10 linear residual 5.260e-03
gmres iter 20 linear residual 5.002e-03
gmres iter 30 linear residual 3.908e-03
gmres iter 40 linear residual 1.972e-03
gmres iter 50 linear residual 1.145e-03
gmres iter 60 linear residual 8.010e-04
gmres iter 70 linear residual 5.997e-04
gmres iter 80 linear residual 4.280e-04
gmres iter 90 linear residual 2.951e-04
gmres iter 100 linear residual 2.009e-04
gmres iter 110 linear residual 1.664e-04
gmres iter 120 linear residual 1.331e-04
gmres iter 130 linear residual 1.043e-04
gmres iter 140 linear residual 7.980e-05
gmres iter 150 linear residual 5.560e-05
gmres iter 160 linear residual 3.867e-05
gmres iter 170 linear residual 2.801e-05
gmres iter 180 linear residual 2.177e-05
gmres iter 190 linear residual 1.620e-05
gmres iter 200 linear residual 1.266e-05
gmres iter 210 linear residual 1.058e-05
gmres iter 220 linear residual 8.639e-06
gmres iter 230 linear residual 6.872e-06
gmres iter 240 linear residual 5.214e-06
gmres iter 250 linear residual 3.853e-06
gmres iter 260 linear residual 2.778e-06
gmres iter 270 linear residual 2.115e-06
gmres iter 280 linear residual 1.668e-06
gmres iter 290 linear residual 1.287e-06
gmres iter 300 linear residual 9.911e-07
gmres iter 310 linear residual 8.209e-07
gmres iter 320 linear residual 6.509e-07
gmres iter 330 linear residual 5.164e-07
gmres iter 340 linear residual 4.014e-07
gmres iter 350 linear residual 3.001e-07
gmres iter 360 linear residual 2.211e-07
res 1.152e-01 (F-block 4.913e-01 p-block 8.090e-01) alpha 0.5 eta 1.00e-06 iter times 360
gmres iter 10 linear residual 5.300e-03
gmres iter 20 linear residual 4.441e-03
gmres iter 30 linear residual 2.858e-03
gmres iter 40 linear residual 1.617e-03
gmres iter 50 linear residual 1.030e-03
gmres iter 60 linear residual 7.024e-04
gmres iter 70 linear residual 5.181e-04
gmres iter 80 linear residual 3.321e-04
gmres iter 90 linear residual 2.274e-04
gmres iter 100 linear residual 1.868e-04
gmres iter 110 linear residual 1.656e-04
gmres iter 120 linear residual 1.257e-04
gmres iter 130 linear residual 9.898e-05
gmres iter 140 linear residual 8.638e-05
gmres iter 150 linear residual 6.882e-05
gmres iter 160 linear residual 5.120e-05
gmres iter 170 linear residual 4.016e-05
gmres iter 180 linear residual 3.061e-05
gmres iter 190 linear residual 2.534e-05
gmres iter 200 linear residual 2.258e-05
gmres iter 210 linear residual 2.109e-05
gmres iter 220 linear residual 2.005e-05
gmres iter 230 linear residual 1.831e-05
gmres iter 240 linear residual 1.542e-05
gmres iter 250 linear residual 1.205e-05
gmres iter 260 linear residual 9.629e-06
gmres iter 270 linear residual 7.609e-06
gmres iter 280 linear residual 6.310e-06
gmres iter 290 linear residual 4.899e-06
gmres iter 300 linear residual 3.890e-06
gmres iter 310 linear residual 3.616e-06
gmres iter 320 linear residual 3.560e-06
gmres iter 330 linear residual 3.455e-06
gmres iter 340 linear residual 3.098e-06
gmres iter 350 linear residual 2.607e-06
gmres iter 360 linear residual 2.080e-06
gmres iter 370 linear residual 1.551e-06
gmres iter 380 linear residual 1.263e-06
gmres iter 390 linear residual 1.078e-06
gmres iter 400 linear residual 8.738e-07
gmres iter 410 linear residual 7.911e-07
gmres iter 420 linear residual 7.589e-07
gmres iter 430 linear residual 7.173e-07
gmres iter 440 linear residual 6.270e-07
gmres iter 450 linear residual 5.205e-07
gmres iter 460 linear residual 4.099e-07
gmres iter 470 linear residual 3.253e-07
gmres iter 480 linear residual 2.897e-07
gmres iter 490 linear residual 2.673e-07
gmres iter 500 linear residual 2.277e-07
res 5.054e-02 (F-block 1.140e-02 p-block 1.421e-01) alpha 1 eta 1.00e-06 iter times 507
gmres iter 10 linear residual 1.413e-01
gmres iter 20 linear residual 9.490e-02
gmres iter 30 linear residual 4.499e-02
gmres iter 40 linear residual 2.787e-02
gmres iter 50 linear residual 2.093e-02
gmres iter 60 linear residual 1.655e-02
gmres iter 70 linear residual 1.362e-02
gmres iter 80 linear residual 1.163e-02
gmres iter 90 linear residual 9.926e-03
gmres iter 100 linear residual 7.920e-03
gmres iter 110 linear residual 6.992e-03
gmres iter 120 linear residual 6.134e-03
gmres iter 130 linear residual 5.381e-03
gmres iter 140 linear residual 4.490e-03
gmres iter 150 linear residual 3.489e-03
gmres iter 160 linear residual 2.590e-03
gmres iter 170 linear residual 1.725e-03
gmres iter 180 linear residual 1.084e-03
gmres iter 190 linear residual 8.185e-04
gmres iter 200 linear residual 6.612e-04
gmres iter 210 linear residual 5.950e-04
gmres iter 220 linear residual 4.973e-04
gmres iter 230 linear residual 3.746e-04
gmres iter 240 linear residual 2.912e-04
gmres iter 250 linear residual 2.411e-04
gmres iter 260 linear residual 1.952e-04
gmres iter 270 linear residual 1.526e-04
gmres iter 280 linear residual 1.142e-04
gmres iter 290 linear residual 8.791e-05
gmres iter 300 linear residual 7.042e-05
gmres iter 310 linear residual 6.083e-05
gmres iter 320 linear residual 5.118e-05
gmres iter 330 linear residual 4.238e-05
gmres iter 340 linear residual 3.482e-05
gmres iter 350 linear residual 2.834e-05
gmres iter 360 linear residual 2.311e-05
gmres iter 370 linear residual 1.817e-05
gmres iter 380 linear residual 1.441e-05
gmres iter 390 linear residual 1.219e-05
gmres iter 400 linear residual 1.024e-05
gmres iter 410 linear residual 8.870e-06
gmres iter 420 linear residual 7.654e-06
gmres iter 430 linear residual 6.219e-06
gmres iter 440 linear residual 4.883e-06
gmres iter 450 linear residual 3.981e-06
gmres iter 460 linear residual 3.288e-06
gmres iter 470 linear residual 2.768e-06
gmres iter 480 linear residual 2.325e-06
gmres iter 490 linear residual 1.963e-06
gmres iter 500 linear residual 1.653e-06
gmres iter 510 linear residual 1.428e-06
gmres iter 520 linear residual 1.209e-06
gmres iter 530 linear residual 1.012e-06
gmres iter 540 linear residual 8.380e-07
gmres iter 550 linear residual 6.710e-07
gmres iter 560 linear residual 5.304e-07
gmres iter 570 linear residual 4.062e-07
gmres iter 580 linear residual 3.268e-07
gmres iter 590 linear residual 2.834e-07
gmres iter 600 linear residual 2.502e-07
gmres iter 610 linear residual 2.230e-07
gmres iter 620 linear residual 2.003e-07
gmres iter 630 linear residual 1.830e-07
gmres iter 640 linear residual 1.379e-07
gmres iter 650 linear residual 9.693e-08
gmres iter 660 linear residual 8.220e-08
gmres iter 670 linear residual 7.172e-08
gmres iter 680 linear residual 5.779e-08
res 3.179e-02 (F-block 5.713e-03 p-block 1.347e-01) alpha 0.5 eta 1.00e-06 iter times 687
gmres iter 10 linear residual 1.500e-01
gmres iter 20 linear residual 1.045e-01
gmres iter 30 linear residual 4.719e-02
gmres iter 40 linear residual 2.590e-02
gmres iter 50 linear residual 1.823e-02
gmres iter 60 linear residual 1.418e-02
gmres iter 70 linear residual 1.114e-02
gmres iter 80 linear residual 8.633e-03
gmres iter 90 linear residual 6.936e-03
gmres iter 100 linear residual 5.701e-03
gmres iter 110 linear residual 5.180e-03
gmres iter 120 linear residual 4.464e-03
gmres iter 130 linear residual 3.570e-03
gmres iter 140 linear residual 2.738e-03
gmres iter 150 linear residual 2.089e-03
gmres iter 160 linear residual 1.628e-03
gmres iter 170 linear residual 1.220e-03
gmres iter 180 linear residual 8.915e-04
gmres iter 190 linear residual 7.067e-04
gmres iter 200 linear residual 5.376e-04
gmres iter 210 linear residual 4.694e-04
gmres iter 220 linear residual 4.017e-04
gmres iter 230 linear residual 3.213e-04
gmres iter 240 linear residual 2.412e-04
gmres iter 250 linear residual 1.812e-04
gmres iter 260 linear residual 1.375e-04
gmres iter 270 linear residual 1.087e-04
gmres iter 280 linear residual 8.826e-05
gmres iter 290 linear residual 7.621e-05
gmres iter 300 linear residual 6.356e-05
gmres iter 310 linear residual 5.592e-05
gmres iter 320 linear residual 4.869e-05
gmres iter 330 linear residual 4.019e-05
gmres iter 340 linear residual 3.216e-05
gmres iter 350 linear residual 2.491e-05
gmres iter 360 linear residual 1.949e-05
gmres iter 370 linear residual 1.528e-05
gmres iter 380 linear residual 1.221e-05
gmres iter 390 linear residual 1.025e-05
gmres iter 400 linear residual 8.631e-06
gmres iter 410 linear residual 7.503e-06
gmres iter 420 linear residual 6.352e-06
gmres iter 430 linear residual 5.157e-06
gmres iter 440 linear residual 4.022e-06
gmres iter 450 linear residual 3.143e-06
gmres iter 460 linear residual 2.418e-06
gmres iter 470 linear residual 1.905e-06
gmres iter 480 linear residual 1.532e-06
gmres iter 490 linear residual 1.324e-06
gmres iter 500 linear residual 1.145e-06
gmres iter 510 linear residual 1.014e-06
gmres iter 520 linear residual 8.852e-07
gmres iter 530 linear residual 7.205e-07
gmres iter 540 linear residual 5.748e-07
gmres iter 550 linear residual 4.519e-07
gmres iter 560 linear residual 3.609e-07
gmres iter 570 linear residual 2.885e-07
gmres iter 580 linear residual 2.341e-07
res 3.283e-02 (F-block 3.521e-04 p-block 9.688e-02) alpha 1 eta 1.00e-06 iter times 586
gmres iter 10 linear residual 1.663e-01
gmres iter 20 linear residual 1.261e-01
gmres iter 30 linear residual 5.441e-02
gmres iter 40 linear residual 3.267e-02
gmres iter 50 linear residual 2.572e-02
gmres iter 60 linear residual 2.149e-02
gmres iter 70 linear residual 1.653e-02
gmres iter 80 linear residual 1.128e-02
gmres iter 90 linear residual 7.259e-03
gmres iter 100 linear residual 4.909e-03
gmres iter 110 linear residual 4.049e-03
gmres iter 120 linear residual 3.290e-03
gmres iter 130 linear residual 2.757e-03
gmres iter 140 linear residual 2.322e-03
gmres iter 150 linear residual 1.854e-03
gmres iter 160 linear residual 1.297e-03
gmres iter 170 linear residual 8.249e-04
gmres iter 180 linear residual 5.605e-04
gmres iter 190 linear residual 4.297e-04
gmres iter 200 linear residual 3.147e-04
gmres iter 210 linear residual 2.735e-04
gmres iter 220 linear residual 2.325e-04
gmres iter 230 linear residual 1.865e-04
gmres iter 240 linear residual 1.386e-04
gmres iter 250 linear residual 1.010e-04
gmres iter 260 linear residual 7.844e-05
gmres iter 270 linear residual 5.951e-05
gmres iter 280 linear residual 4.640e-05
gmres iter 290 linear residual 3.783e-05
gmres iter 300 linear residual 3.090e-05
gmres iter 310 linear residual 2.730e-05
gmres iter 320 linear residual 2.361e-05
gmres iter 330 linear residual 1.929e-05
gmres iter 340 linear residual 1.471e-05
gmres iter 350 linear residual 1.105e-05
gmres iter 360 linear residual 8.089e-06
gmres iter 370 linear residual 6.097e-06
gmres iter 380 linear residual 4.777e-06
gmres iter 390 linear residual 3.970e-06
gmres iter 400 linear residual 3.287e-06
gmres iter 410 linear residual 2.821e-06
gmres iter 420 linear residual 2.405e-06
gmres iter 430 linear residual 1.946e-06
gmres iter 440 linear residual 1.492e-06
gmres iter 450 linear residual 1.083e-06
gmres iter 460 linear residual 8.203e-07
gmres iter 470 linear residual 6.263e-07
gmres iter 480 linear residual 5.153e-07
gmres iter 490 linear residual 4.360e-07
gmres iter 500 linear residual 3.715e-07
gmres iter 510 linear residual 3.241e-07
gmres iter 520 linear residual 2.782e-07
gmres iter 530 linear residual 2.320e-07
res 2.291e-03 (F-block 2.004e-05 p-block 1.188e-03) alpha 1 eta 1.00e-06 iter times 539
gmres iter 10 linear residual 1.140e-01
gmres iter 20 linear residual 9.510e-02
gmres iter 30 linear residual 3.837e-02
gmres iter 40 linear residual 1.821e-02
gmres iter 50 linear residual 1.485e-02
gmres iter 60 linear residual 1.300e-02
gmres iter 70 linear residual 1.082e-02
gmres iter 80 linear residual 8.137e-03
gmres iter 90 linear residual 5.179e-03
gmres iter 100 linear residual 3.107e-03
gmres iter 110 linear residual 2.383e-03
gmres iter 120 linear residual 1.861e-03
gmres iter 130 linear residual 1.538e-03
gmres iter 140 linear residual 1.318e-03
gmres iter 150 linear residual 1.111e-03
gmres iter 160 linear residual 8.375e-04
gmres iter 170 linear residual 5.595e-04
gmres iter 180 linear residual 4.152e-04
gmres iter 190 linear residual 3.084e-04
gmres iter 200 linear residual 2.278e-04
gmres iter 210 linear residual 1.959e-04
gmres iter 220 linear residual 1.639e-04
gmres iter 230 linear residual 1.338e-04
gmres iter 240 linear residual 9.827e-05
gmres iter 250 linear residual 7.120e-05
gmres iter 260 linear residual 5.188e-05
gmres iter 270 linear residual 3.659e-05
gmres iter 280 linear residual 2.711e-05
gmres iter 290 linear residual 2.114e-05
gmres iter 300 linear residual 1.751e-05
gmres iter 310 linear residual 1.559e-05
gmres iter 320 linear residual 1.349e-05
gmres iter 330 linear residual 1.104e-05
gmres iter 340 linear residual 8.504e-06
gmres iter 350 linear residual 6.384e-06
gmres iter 360 linear residual 4.672e-06
gmres iter 370 linear residual 3.608e-06
gmres iter 380 linear residual 2.992e-06
gmres iter 390 linear residual 2.469e-06
gmres iter 400 linear residual 1.950e-06
gmres iter 410 linear residual 1.622e-06
gmres iter 420 linear residual 1.361e-06
gmres iter 430 linear residual 1.136e-06
gmres iter 440 linear residual 8.683e-07
gmres iter 450 linear residual 6.122e-07
gmres iter 460 linear residual 4.285e-07
gmres iter 470 linear residual 3.006e-07
gmres iter 480 linear residual 2.327e-07
gmres iter 490 linear residual 1.984e-07
gmres iter 500 linear residual 1.820e-07
gmres iter 510 linear residual 1.464e-07
gmres iter 520 linear residual 1.099e-07
gmres iter 530 linear residual 8.213e-08
gmres iter 540 linear residual 6.150e-08
res 1.410e-04 (F-block 2.572e-07 p-block 3.694e-05) alpha 1 eta 1.00e-06 iter times 549
gmres iter 10 linear residual 7.580e-02
gmres iter 20 linear residual 6.217e-02
gmres iter 30 linear residual 2.122e-02
gmres iter 40 linear residual 6.946e-03
gmres iter 50 linear residual 5.223e-03
gmres iter 60 linear residual 4.606e-03
gmres iter 70 linear residual 3.850e-03
gmres iter 80 linear residual 2.974e-03
gmres iter 90 linear residual 1.923e-03
gmres iter 100 linear residual 1.203e-03
gmres iter 110 linear residual 9.401e-04
gmres iter 120 linear residual 7.528e-04
gmres iter 130 linear residual 6.364e-04
gmres iter 140 linear residual 5.422e-04
gmres iter 150 linear residual 4.514e-04
gmres iter 160 linear residual 3.229e-04
gmres iter 170 linear residual 2.091e-04
gmres iter 180 linear residual 1.500e-04
gmres iter 190 linear residual 1.037e-04
gmres iter 200 linear residual 7.812e-05
gmres iter 210 linear residual 6.686e-05
gmres iter 220 linear residual 5.514e-05
gmres iter 230 linear residual 4.456e-05
gmres iter 240 linear residual 3.350e-05
gmres iter 250 linear residual 2.611e-05
gmres iter 260 linear residual 2.008e-05
gmres iter 270 linear residual 1.480e-05
gmres iter 280 linear residual 1.118e-05
gmres iter 290 linear residual 8.703e-06
gmres iter 300 linear residual 7.123e-06
gmres iter 310 linear residual 6.290e-06
gmres iter 320 linear residual 5.457e-06
gmres iter 330 linear residual 4.457e-06
gmres iter 340 linear residual 3.408e-06
gmres iter 350 linear residual 2.514e-06
gmres iter 360 linear residual 1.793e-06
gmres iter 370 linear residual 1.328e-06
gmres iter 380 linear residual 1.058e-06
gmres iter 390 linear residual 8.443e-07
gmres iter 400 linear residual 6.904e-07
gmres iter 410 linear residual 5.925e-07
gmres iter 420 linear residual 4.972e-07
gmres iter 430 linear residual 4.083e-07
gmres iter 440 linear residual 3.098e-07
gmres iter 450 linear residual 2.294e-07
res 1.062e-06 (F-block 2.230e-11 p-block 8.039e-10) alpha 1 eta 1.00e-06 iter times 457
time this step...283.01705384254456
this increment is 0.04999999999999999 (target 0.30000000000000004) ------------------------
gmres iter 10 linear residual 5.354e-03
gmres iter 20 linear residual 5.074e-03
gmres iter 30 linear residual 4.085e-03
gmres iter 40 linear residual 2.174e-03
gmres iter 50 linear residual 1.308e-03
gmres iter 60 linear residual 9.328e-04
gmres iter 70 linear residual 6.967e-04
gmres iter 80 linear residual 4.931e-04
gmres iter 90 linear residual 3.411e-04
gmres iter 100 linear residual 2.422e-04
gmres iter 110 linear residual 2.034e-04
gmres iter 120 linear residual 1.636e-04
gmres iter 130 linear residual 1.278e-04
gmres iter 140 linear residual 9.876e-05
gmres iter 150 linear residual 7.111e-05
gmres iter 160 linear residual 5.190e-05
gmres iter 170 linear residual 3.900e-05
gmres iter 180 linear residual 3.097e-05
gmres iter 190 linear residual 2.334e-05
gmres iter 200 linear residual 1.870e-05
gmres iter 210 linear residual 1.587e-05
gmres iter 220 linear residual 1.301e-05
gmres iter 230 linear residual 1.050e-05
gmres iter 240 linear residual 8.182e-06
gmres iter 250 linear residual 6.265e-06
gmres iter 260 linear residual 4.625e-06
gmres iter 270 linear residual 3.508e-06
gmres iter 280 linear residual 2.731e-06
gmres iter 290 linear residual 2.106e-06
gmres iter 300 linear residual 1.671e-06
gmres iter 310 linear residual 1.412e-06
gmres iter 320 linear residual 1.132e-06
gmres iter 330 linear residual 8.870e-07
gmres iter 340 linear residual 6.924e-07
gmres iter 350 linear residual 5.297e-07
gmres iter 360 linear residual 4.056e-07
gmres iter 370 linear residual 3.208e-07
gmres iter 380 linear residual 2.562e-07
res 1.157e-01 (F-block 4.914e-01 p-block 8.420e-01) alpha 0.5 eta 1.00e-06 iter times 387
gmres iter 10 linear residual 5.520e-03
gmres iter 20 linear residual 4.638e-03
gmres iter 30 linear residual 3.290e-03
gmres iter 40 linear residual 1.868e-03
gmres iter 50 linear residual 1.132e-03
gmres iter 60 linear residual 8.454e-04
gmres iter 70 linear residual 5.344e-04
gmres iter 80 linear residual 3.498e-04
gmres iter 90 linear residual 2.782e-04
gmres iter 100 linear residual 2.045e-04
gmres iter 110 linear residual 1.744e-04
gmres iter 120 linear residual 1.473e-04
gmres iter 130 linear residual 1.188e-04
gmres iter 140 linear residual 9.757e-05
gmres iter 150 linear residual 8.136e-05
gmres iter 160 linear residual 6.608e-05
gmres iter 170 linear residual 5.122e-05
gmres iter 180 linear residual 4.126e-05
gmres iter 190 linear residual 3.374e-05
gmres iter 200 linear residual 2.915e-05
gmres iter 210 linear residual 2.683e-05
gmres iter 220 linear residual 2.593e-05
gmres iter 230 linear residual 2.424e-05
gmres iter 240 linear residual 2.171e-05
gmres iter 250 linear residual 1.845e-05
gmres iter 260 linear residual 1.505e-05
gmres iter 270 linear residual 1.175e-05
gmres iter 280 linear residual 9.678e-06
gmres iter 290 linear residual 8.354e-06
gmres iter 300 linear residual 7.308e-06
gmres iter 310 linear residual 6.849e-06
gmres iter 320 linear residual 6.450e-06
gmres iter 330 linear residual 5.991e-06
gmres iter 340 linear residual 5.515e-06
gmres iter 350 linear residual 5.084e-06
gmres iter 360 linear residual 4.198e-06
gmres iter 370 linear residual 3.419e-06
gmres iter 380 linear residual 2.648e-06
gmres iter 390 linear residual 2.204e-06
gmres iter 400 linear residual 1.905e-06
gmres iter 410 linear residual 1.713e-06
gmres iter 420 linear residual 1.614e-06
gmres iter 430 linear residual 1.530e-06
gmres iter 440 linear residual 1.370e-06
gmres iter 450 linear residual 1.196e-06
gmres iter 460 linear residual 1.039e-06
gmres iter 470 linear residual 8.559e-07
gmres iter 480 linear residual 7.326e-07
gmres iter 490 linear residual 6.507e-07
gmres iter 500 linear residual 5.748e-07
gmres iter 510 linear residual 5.283e-07
gmres iter 520 linear residual 4.894e-07
gmres iter 530 linear residual 4.533e-07
gmres iter 540 linear residual 4.202e-07
gmres iter 550 linear residual 3.862e-07
gmres iter 560 linear residual 3.184e-07
gmres iter 570 linear residual 2.588e-07
gmres iter 580 linear residual 2.257e-07
gmres iter 590 linear residual 1.989e-07
gmres iter 600 linear residual 1.824e-07
gmres iter 610 linear residual 1.629e-07
gmres iter 620 linear residual 1.487e-07
gmres iter 630 linear residual 1.358e-07
gmres iter 640 linear residual 1.208e-07
gmres iter 650 linear residual 1.046e-07
gmres iter 660 linear residual 9.165e-08
gmres iter 670 linear residual 8.357e-08
gmres iter 680 linear residual 6.270e-08
res 5.039e-02 (F-block 1.145e-02 p-block 1.569e-01) alpha 1 eta 1.00e-06 iter times 686
gmres iter 10 linear residual 1.434e-01
gmres iter 20 linear residual 1.013e-01
gmres iter 30 linear residual 5.605e-02
gmres iter 40 linear residual 3.634e-02
gmres iter 50 linear residual 2.426e-02
gmres iter 60 linear residual 1.804e-02
gmres iter 70 linear residual 1.556e-02
gmres iter 80 linear residual 1.362e-02
gmres iter 90 linear residual 1.108e-02
gmres iter 100 linear residual 8.507e-03
gmres iter 110 linear residual 7.664e-03
gmres iter 120 linear residual 6.845e-03
gmres iter 130 linear residual 5.939e-03
gmres iter 140 linear residual 4.852e-03
gmres iter 150 linear residual 3.773e-03
gmres iter 160 linear residual 3.008e-03
gmres iter 170 linear residual 2.261e-03
gmres iter 180 linear residual 1.551e-03
gmres iter 190 linear residual 1.160e-03
gmres iter 200 linear residual 8.788e-04
gmres iter 210 linear residual 7.653e-04
gmres iter 220 linear residual 6.344e-04
gmres iter 230 linear residual 5.057e-04
gmres iter 240 linear residual 4.153e-04
gmres iter 250 linear residual 3.493e-04
gmres iter 260 linear residual 2.844e-04
gmres iter 270 linear residual 2.272e-04
gmres iter 280 linear residual 1.781e-04
gmres iter 290 linear residual 1.429e-04
gmres iter 300 linear residual 1.112e-04
gmres iter 310 linear residual 9.449e-05
gmres iter 320 linear residual 8.041e-05
gmres iter 330 linear residual 6.705e-05
gmres iter 340 linear residual 5.592e-05
gmres iter 350 linear residual 4.642e-05
gmres iter 360 linear residual 3.857e-05
gmres iter 370 linear residual 3.141e-05
gmres iter 380 linear residual 2.471e-05
gmres iter 390 linear residual 2.029e-05
gmres iter 400 linear residual 1.721e-05
gmres iter 410 linear residual 1.509e-05
gmres iter 420 linear residual 1.273e-05
gmres iter 430 linear residual 1.034e-05
gmres iter 440 linear residual 8.553e-06
gmres iter 450 linear residual 7.257e-06
gmres iter 460 linear residual 6.118e-06
gmres iter 470 linear residual 5.163e-06
gmres iter 480 linear residual 4.311e-06
gmres iter 490 linear residual 3.651e-06
gmres iter 500 linear residual 3.053e-06
gmres iter 510 linear residual 2.646e-06
gmres iter 520 linear residual 2.280e-06
gmres iter 530 linear residual 1.904e-06
gmres iter 540 linear residual 1.589e-06
gmres iter 550 linear residual 1.295e-06
gmres iter 560 linear residual 1.054e-06
gmres iter 570 linear residual 8.422e-07
gmres iter 580 linear residual 6.729e-07
gmres iter 590 linear residual 5.686e-07
gmres iter 600 linear residual 5.027e-07
gmres iter 610 linear residual 4.502e-07
gmres iter 620 linear residual 3.886e-07
gmres iter 630 linear residual 3.152e-07
gmres iter 640 linear residual 2.547e-07
gmres iter 650 linear residual 2.124e-07
res 3.219e-02 (F-block 5.738e-03 p-block 1.429e-01) alpha 0.5 eta 1.00e-06 iter times 654
gmres iter 10 linear residual 1.529e-01
gmres iter 20 linear residual 1.112e-01
gmres iter 30 linear residual 5.743e-02
gmres iter 40 linear residual 3.666e-02
gmres iter 50 linear residual 2.610e-02
gmres iter 60 linear residual 1.792e-02
gmres iter 70 linear residual 1.269e-02
gmres iter 80 linear residual 1.003e-02
gmres iter 90 linear residual 8.737e-03
gmres iter 100 linear residual 7.448e-03
gmres iter 110 linear residual 6.766e-03
gmres iter 120 linear residual 5.942e-03
gmres iter 130 linear residual 4.855e-03
gmres iter 140 linear residual 3.629e-03
gmres iter 150 linear residual 2.673e-03
gmres iter 160 linear residual 2.161e-03
gmres iter 170 linear residual 1.757e-03
gmres iter 180 linear residual 1.387e-03
gmres iter 190 linear residual 1.147e-03
gmres iter 200 linear residual 9.173e-04
gmres iter 210 linear residual 8.012e-04
gmres iter 220 linear residual 6.657e-04
gmres iter 230 linear residual 5.155e-04
gmres iter 240 linear residual 4.036e-04
gmres iter 250 linear residual 3.251e-04
gmres iter 260 linear residual 2.572e-04
gmres iter 270 linear residual 2.032e-04
gmres iter 280 linear residual 1.656e-04
gmres iter 290 linear residual 1.446e-04
gmres iter 300 linear residual 1.255e-04
gmres iter 310 linear residual 1.134e-04
gmres iter 320 linear residual 9.889e-05
gmres iter 330 linear residual 7.836e-05
gmres iter 340 linear residual 5.877e-05
gmres iter 350 linear residual 4.530e-05
gmres iter 360 linear residual 3.890e-05
gmres iter 370 linear residual 3.435e-05
gmres iter 380 linear residual 2.824e-05
gmres iter 390 linear residual 2.199e-05
gmres iter 400 linear residual 1.797e-05
gmres iter 410 linear residual 1.532e-05
gmres iter 420 linear residual 1.185e-05
gmres iter 430 linear residual 8.987e-06
gmres iter 440 linear residual 7.351e-06
gmres iter 450 linear residual 6.160e-06
gmres iter 460 linear residual 4.865e-06
gmres iter 470 linear residual 3.714e-06
gmres iter 480 linear residual 2.986e-06
gmres iter 490 linear residual 2.621e-06
gmres iter 500 linear residual 2.384e-06
gmres iter 510 linear residual 2.204e-06
gmres iter 520 linear residual 1.933e-06
gmres iter 530 linear residual 1.510e-06
gmres iter 540 linear residual 1.118e-06
gmres iter 550 linear residual 8.755e-07
gmres iter 560 linear residual 7.761e-07
gmres iter 570 linear residual 6.864e-07
gmres iter 580 linear residual 4.938e-07
gmres iter 590 linear residual 2.407e-07
res 3.324e-02 (F-block 4.783e-04 p-block 1.044e-01) alpha 1 eta 1.00e-06 iter times 592
gmres iter 10 linear residual 1.426e-01
gmres iter 20 linear residual 1.136e-01
gmres iter 30 linear residual 5.891e-02
gmres iter 40 linear residual 4.349e-02
gmres iter 50 linear residual 3.646e-02
gmres iter 60 linear residual 2.809e-02
gmres iter 70 linear residual 1.805e-02
gmres iter 80 linear residual 1.071e-02
gmres iter 90 linear residual 7.070e-03
gmres iter 100 linear residual 5.341e-03
gmres iter 110 linear residual 4.737e-03
gmres iter 120 linear residual 4.052e-03
gmres iter 130 linear residual 3.330e-03
gmres iter 140 linear residual 2.595e-03
gmres iter 150 linear residual 1.900e-03
gmres iter 160 linear residual 1.287e-03
gmres iter 170 linear residual 8.860e-04
gmres iter 180 linear residual 6.913e-04
gmres iter 190 linear residual 5.857e-04
gmres iter 200 linear residual 4.642e-04
gmres iter 210 linear residual 4.064e-04
gmres iter 220 linear residual 3.529e-04
gmres iter 230 linear residual 2.881e-04
gmres iter 240 linear residual 2.164e-04
gmres iter 250 linear residual 1.586e-04
gmres iter 260 linear residual 1.236e-04
gmres iter 270 linear residual 9.912e-05
gmres iter 280 linear residual 8.300e-05
gmres iter 290 linear residual 7.040e-05
gmres iter 300 linear residual 5.729e-05
gmres iter 310 linear residual 4.937e-05
gmres iter 320 linear residual 4.226e-05
gmres iter 330 linear residual 3.549e-05
gmres iter 340 linear residual 2.857e-05
gmres iter 350 linear residual 2.212e-05
gmres iter 360 linear residual 1.647e-05
gmres iter 370 linear residual 1.192e-05
gmres iter 380 linear residual 9.087e-06
gmres iter 390 linear residual 7.575e-06
gmres iter 400 linear residual 6.602e-06
gmres iter 410 linear residual 5.916e-06
gmres iter 420 linear residual 5.080e-06
gmres iter 430 linear residual 4.025e-06
gmres iter 440 linear residual 2.994e-06
gmres iter 450 linear residual 2.299e-06
gmres iter 460 linear residual 1.881e-06
gmres iter 470 linear residual 1.555e-06
gmres iter 480 linear residual 1.321e-06
gmres iter 490 linear residual 1.109e-06
gmres iter 500 linear residual 8.914e-07
gmres iter 510 linear residual 7.408e-07
gmres iter 520 linear residual 6.253e-07
gmres iter 530 linear residual 5.359e-07
gmres iter 540 linear residual 4.441e-07
gmres iter 550 linear residual 3.592e-07
gmres iter 560 linear residual 2.760e-07
gmres iter 570 linear residual 2.040e-07
gmres iter 580 linear residual 1.673e-07
gmres iter 590 linear residual 1.442e-07
gmres iter 600 linear residual 1.285e-07
gmres iter 610 linear residual 1.051e-07
gmres iter 620 linear residual 8.255e-08
gmres iter 630 linear residual 6.408e-08
gmres iter 640 linear residual 5.077e-08
res 2.527e-03 (F-block 5.617e-05 p-block 2.480e-03) alpha 1 eta 1.00e-06 iter times 644
gmres iter 10 linear residual 1.038e-01
gmres iter 20 linear residual 8.604e-02
gmres iter 30 linear residual 3.411e-02
gmres iter 40 linear residual 1.581e-02
gmres iter 50 linear residual 1.343e-02
gmres iter 60 linear residual 1.201e-02
gmres iter 70 linear residual 9.795e-03
gmres iter 80 linear residual 7.178e-03
gmres iter 90 linear residual 4.616e-03
gmres iter 100 linear residual 3.028e-03
gmres iter 110 linear residual 2.492e-03
gmres iter 120 linear residual 2.075e-03
gmres iter 130 linear residual 1.786e-03
gmres iter 140 linear residual 1.517e-03
gmres iter 150 linear residual 1.224e-03
gmres iter 160 linear residual 8.956e-04
gmres iter 170 linear residual 6.270e-04
gmres iter 180 linear residual 5.077e-04
gmres iter 190 linear residual 4.128e-04
gmres iter 200 linear residual 3.307e-04
gmres iter 210 linear residual 2.931e-04
gmres iter 220 linear residual 2.493e-04
gmres iter 230 linear residual 2.018e-04
gmres iter 240 linear residual 1.471e-04
gmres iter 250 linear residual 1.027e-04
gmres iter 260 linear residual 7.155e-05
gmres iter 270 linear residual 5.344e-05
gmres iter 280 linear residual 4.460e-05
gmres iter 290 linear residual 3.806e-05
gmres iter 300 linear residual 3.275e-05
gmres iter 310 linear residual 2.930e-05
gmres iter 320 linear residual 2.533e-05
gmres iter 330 linear residual 2.125e-05
gmres iter 340 linear residual 1.699e-05
gmres iter 350 linear residual 1.318e-05
gmres iter 360 linear residual 1.028e-05
gmres iter 370 linear residual 8.279e-06
gmres iter 380 linear residual 7.005e-06
gmres iter 390 linear residual 5.845e-06
gmres iter 400 linear residual 4.528e-06
gmres iter 410 linear residual 3.705e-06
gmres iter 420 linear residual 3.108e-06
gmres iter 430 linear residual 2.576e-06
gmres iter 440 linear residual 2.069e-06
gmres iter 450 linear residual 1.588e-06
gmres iter 460 linear residual 1.154e-06
gmres iter 470 linear residual 8.133e-07
gmres iter 480 linear residual 6.270e-07
gmres iter 490 linear residual 5.173e-07
gmres iter 500 linear residual 4.624e-07
gmres iter 510 linear residual 4.245e-07
gmres iter 520 linear residual 3.627e-07
gmres iter 530 linear residual 2.922e-07
gmres iter 540 linear residual 2.216e-07
gmres iter 550 linear residual 1.766e-07
res 3.216e-04 (F-block 2.131e-06 p-block 2.287e-04) alpha 1 eta 1.00e-06 iter times 550
gmres iter 10 linear residual 7.344e-02
gmres iter 20 linear residual 6.142e-02
gmres iter 30 linear residual 2.268e-02
gmres iter 40 linear residual 7.469e-03
gmres iter 50 linear residual 5.554e-03
gmres iter 60 linear residual 4.938e-03
gmres iter 70 linear residual 4.113e-03
gmres iter 80 linear residual 3.164e-03
gmres iter 90 linear residual 2.123e-03
gmres iter 100 linear residual 1.427e-03
gmres iter 110 linear residual 1.171e-03
gmres iter 120 linear residual 9.749e-04
gmres iter 130 linear residual 8.414e-04
gmres iter 140 linear residual 7.183e-04
gmres iter 150 linear residual 5.866e-04
gmres iter 160 linear residual 4.222e-04
gmres iter 170 linear residual 2.953e-04
gmres iter 180 linear residual 2.330e-04
gmres iter 190 linear residual 1.839e-04
gmres iter 200 linear residual 1.478e-04
gmres iter 210 linear residual 1.317e-04
gmres iter 220 linear residual 1.106e-04
gmres iter 230 linear residual 8.673e-05
gmres iter 240 linear residual 6.213e-05
gmres iter 250 linear residual 4.246e-05
gmres iter 260 linear residual 2.975e-05
gmres iter 270 linear residual 2.239e-05
gmres iter 280 linear residual 1.877e-05
gmres iter 290 linear residual 1.595e-05
gmres iter 300 linear residual 1.372e-05
gmres iter 310 linear residual 1.230e-05
gmres iter 320 linear residual 1.068e-05
gmres iter 330 linear residual 8.985e-06
gmres iter 340 linear residual 7.187e-06
gmres iter 350 linear residual 5.484e-06
gmres iter 360 linear residual 4.071e-06
gmres iter 370 linear residual 3.182e-06
gmres iter 380 linear residual 2.624e-06
gmres iter 390 linear residual 2.194e-06
gmres iter 400 linear residual 1.764e-06
gmres iter 410 linear residual 1.499e-06
gmres iter 420 linear residual 1.267e-06
gmres iter 430 linear residual 1.019e-06
gmres iter 440 linear residual 7.986e-07
gmres iter 450 linear residual 5.845e-07
gmres iter 460 linear residual 4.230e-07
gmres iter 470 linear residual 3.079e-07
gmres iter 480 linear residual 2.481e-07
gmres iter 490 linear residual 2.110e-07
gmres iter 500 linear residual 1.917e-07
gmres iter 510 linear residual 1.717e-07
gmres iter 520 linear residual 1.460e-07
gmres iter 530 linear residual 1.142e-07
gmres iter 540 linear residual 8.591e-08
gmres iter 550 linear residual 6.652e-08
gmres iter 560 linear residual 5.310e-08
res 7.895e-06 (F-block 1.614e-09 p-block 1.010e-07) alpha 1 eta 1.00e-06 iter times 565
time this step...285.9081916809082
now P is...
[[ 2.77452440e+00  2.10500220e-04 -2.96868947e-03]
 [ 2.53055705e-04 -2.19049426e-09  2.02277864e-02]
 [-2.75153066e-03  2.01342077e-02 -2.96092392e-09]]
now F is...
[[ 1.30000000e+00  1.33767881e-15 -1.28088381e-15]
 [ 5.90310252e-18  8.87996950e-01 -5.19532649e-16]
 [-2.30310439e-16 -5.53721451e-16  8.87135469e-01]]
intermediate results saved (3 increments in output.csv)
finish! (with 1 load-step cuts)
solver stats are saved to solver_stats.json
F and P are saved to output.csv
