---------------------------------------------
-- mixed FFT based solver, by WANG Mingchuan
---------------------------------------------
gmres restart length: 100
Ghat4 is formed (fourier discretization)...
this increment is 0.1 (target 0.1) ------------------------
gmres iter 10 linear residual 7.866e-05
gmres iter 20 linear residual 2.022e-05
gmres iter 30 linear residual 2.207e-06
res 5.883e-02 (F-block 8.735e-02 p-block 5.849e-02) alpha 1 eta 1.00e-02 iter times 30
gmres iter 10 linear residual 3.753e-04
gmres iter 20 linear residual 7.454e-05
res 3.312e-02 (F-block 2.402e-03 p-block 3.740e-02) alpha 1 eta 4.97e-03 iter times 29
gmres iter 10 linear residual 9.425e-04
gmres iter 20 linear residual 1.085e-04
gmres iter 30 linear residual 2.944e-05
gmres iter 40 linear residual 4.743e-06
res 2.054e-03 (F-block 1.205e-05 p-block 2.286e-04) alpha 1 eta 1.00e-02 iter times 43
gmres iter 10 linear residual 7.084e-04
gmres iter 20 linear residual 1.339e-04
gmres iter 30 linear residual 2.831e-05
gmres iter 40 linear residual 4.456e-06
res 1.446e-05 (F-block 1.075e-08 p-block 3.550e-08) alpha 1 eta 1.00e-03 iter times 42
time this step...42.883280754089355
now P is...
[[ 1.08375785e+00  2.49373507e-04 -1.14366947e-03]
 [ 2.50999910e-04 -8.72905863e-10  6.47188524e-03]
 [-1.13955006e-03  6.47466045e-03  5.31576293e-11]]
now F is...
[[ 1.10000000e+00  6.44720161e-19 -2.17639638e-18]
 [-2.68322842e-19  9.56246733e-01  1.58385011e-19]
 [ 1.40124151e-18 -8.23602056e-19  9.56143591e-01]]
intermediate results saved (1 increments in output.csv)
this increment is 0.1 (target 0.2) ------------------------
gmres iter 10 linear residual 8.496e-05
gmres iter 20 linear residual 2.165e-05
gmres iter 30 linear residual 2.831e-06
res 5.792e-02 (F-block 8.835e-02 p-block 6.813e-02) alpha 1 eta 1.00e-02 iter times 31
gmres iter 10 linear residual 4.024e-04
gmres iter 20 linear residual 1.032e-04
gmres iter 30 linear residual 1.909e-05
gmres iter 40 linear residual 5.061e-06
res 3.487e-02 (F-block 3.076e-03 p-block 4.656e-02) alpha 1 eta 5.60e-03 iter times 49
gmres iter 10 linear residual 8.467e-04
gmres iter 20 linear residual 1.227e-04
gmres iter 30 linear residual 3.792e-05
gmres iter 40 linear residual 9.078e-06
res 2.382e-03 (F-block 2.320e-05 p-block 3.249e-04) alpha 1 eta 1.00e-02 iter times 46
gmres iter 10 linear residual 7.537e-04
gmres iter 20 linear residual 1.508e-04
gmres iter 30 linear residual 4.501e-05
gmres iter 40 linear residual 9.187e-06
res 2.543e-05 (F-block 2.222e-08 p-block 7.872e-08) alpha 1 eta 1.00e-03 iter times 47
time this step...45.16720747947693
now P is...
[[ 1.97988796e+00  2.63088248e-04 -1.99418559e-03]
 [ 2.71218893e-04 -9.20879474e-09  1.21043669e-02]
 [-1.98091071e-03  1.21132944e-02 -6.34751421e-09]]
now F is...
[[ 1.20000000e+00 -3.42856964e-19  0.00000000e+00]
 [ 7.00620753e-19  9.19274921e-01  5.29192271e-19]
 [ 2.13167591e-18 -1.31552727e-18  9.19041534e-01]]
intermediate results saved (2 increments in output.csv)
this increment is 0.1 (target 0.30000000000000004) ------------------------
gmres iter 10 linear residual 8.952e-05
gmres iter 20 linear residual 2.001e-05
gmres iter 30 linear residual 4.019e-06
res 5.725e-02 (F-block 8.907e-02 p-block 7.572e-02) alpha 1 eta 1.00e-02 iter times 33
gmres iter 10 linear residual 4.286e-04
gmres iter 20 linear residual 1.264e-04
gmres iter 30 linear residual 2.340e-05
gmres iter 40 linear residual 7.544e-06
gmres iter 50 linear residual 1.662e-06
res 3.575e-02 (F-block 3.791e-03 p-block 5.470e-02) alpha 1 eta 6.15e-03 iter times 53
gmres iter 10 linear residual 7.467e-04
gmres iter 20 linear residual 1.385e-04
gmres iter 30 linear residual 4.278e-05
gmres iter 40 linear residual 1.248e-05
res 2.552e-03 (F-block 3.833e-05 p-block 4.040e-04) alpha 1 eta 1.00e-02 iter times 49
gmres iter 10 linear residual 8.098e-04
gmres iter 20 linear residual 1.870e-04
gmres iter 30 linear residual 4.609e-05
gmres iter 40 linear residual 1.347e-05
res 3.787e-05 (F-block 3.732e-08 p-block 1.755e-07) alpha 1 eta 1.00e-03 iter times 49
time this step...42.76170897483826
now P is...
[[ 2.75099480e+00  1.26281862e-04 -2.60219006e-03]
 [ 1.47460813e-04 -1.20833691e-08  1.74015783e-02]
 [-2.57789387e-03  1.74172048e-02 -8.70511511e-09]]
now F is...
[[ 1.30000000e+00 -1.40124151e-18  5.06832034e-19]
 [-9.54036771e-19  8.87697133e-01  1.94161390e-18]
 [ 2.22111686e-18 -2.15403615e-18  8.87330693e-01]]
intermediate results saved (3 increments in output.csv)
finish!
solver stats are saved to solver_stats.json
F and P are saved to output.csv
