---------------------------------------------
-- mixed FFT based solver, by WANG Mingchuan
---------------------------------------------
gmres restart length: 100
Ghat4 is formed (fourier discretization)...
this increment is 0.1 (target 0.1) ------------------------
gmres iter 10 linear residual 4.487e-05
gmres iter 20 linear residual 2.348e-05
gmres iter 30 linear residual 1.760e-05
gmres iter 40 linear residual 8.812e-06
gmres iter 50 linear residual 4.938e-06
gmres iter 60 linear residual 3.349e-06
gmres iter 70 linear residual 2.413e-06
gmres iter 80 linear residual 1.667e-06
gmres iter 90 linear residual 1.050e-06
gmres iter 100 linear residual 6.706e-07
gmres iter 110 linear residual 5.549e-07
gmres iter 120 linear residual 3.962e-07
gmres iter 130 linear residual 2.955e-07
gmres iter 140 linear residual 2.089e-07
gmres iter 150 linear residual 1.402e-07
gmres iter 160 linear residual 8.987e-08
gmres iter 170 linear residual 5.838e-08
gmres iter 180 linear residual 4.369e-08
gmres iter 190 linear residual 2.942e-08
gmres iter 200 linear residual 2.058e-08
gmres iter 210 linear residual 1.682e-08
gmres iter 220 linear residual 1.296e-08
gmres iter 230 linear residual 9.532e-09
gmres iter 240 linear residual 6.668e-09
gmres iter 250 linear residual 4.487e-09
gmres iter 260 linear residual 3.053e-09
gmres iter 270 linear residual 2.150e-09
gmres iter 280 linear residual 1.563e-09
gmres iter 290 linear residual 1.089e-09
gmres iter 300 linear residual 7.904e-10
res 1.088e-01 (F-block 8.741e-01 p-block 7.723e-01) alpha 0.125 eta 1.00e-06 iter times 300
gmres iter 10 linear residual 3.551e-05
gmres iter 20 linear residual 1.608e-05
gmres iter 30 linear residual 1.283e-05
gmres iter 40 linear residual 7.351e-06
gmres iter 50 linear residual 4.978e-06
gmres iter 60 linear residual 3.991e-06
gmres iter 70 linear residual 3.177e-06
gmres iter 80 linear residual 2.285e-06
gmres iter 90 linear residual 1.517e-06
gmres iter 100 linear residual 1.078e-06
gmres iter 110 linear residual 9.265e-07
gmres iter 120 linear residual 7.121e-07
gmres iter 130 linear residual 5.334e-07
gmres iter 140 linear residual 3.917e-07
gmres iter 150 linear residual 2.944e-07
gmres iter 160 linear residual 2.121e-07
gmres iter 170 linear residual 1.437e-07
gmres iter 180 linear residual 1.014e-07
gmres iter 190 linear residual 6.289e-08
gmres iter 200 linear residual 4.452e-08
gmres iter 210 linear residual 3.720e-08
gmres iter 220 linear residual 2.937e-08
gmres iter 230 linear residual 2.237e-08
gmres iter 240 linear residual 1.641e-08
gmres iter 250 linear residual 1.201e-08
gmres iter 260 linear residual 8.421e-09
gmres iter 270 linear residual 5.626e-09
gmres iter 280 linear residual 3.844e-09
gmres iter 290 linear residual 2.663e-09
gmres iter 300 linear residual 2.035e-09
gmres iter 310 linear residual 1.686e-09
gmres iter 320 linear residual 1.302e-09
gmres iter 330 linear residual 9.860e-10
gmres iter 340 linear residual 7.911e-10
gmres iter 350 linear residual 6.348e-10
gmres iter 360 linear residual 5.123e-10
gmres iter 370 linear residual 4.034e-10
gmres iter 380 linear residual 2.668e-10
res 1.263e-01 (F-block 6.525e-01 p-block 6.436e-01) alpha 0.25 eta 1.00e-06 iter times 388
gmres iter 10 linear residual 2.527e-05
gmres iter 20 linear residual 4.547e-06
gmres iter 30 linear residual 3.890e-06
gmres iter 40 linear residual 2.911e-06
gmres iter 50 linear residual 2.240e-06
gmres iter 60 linear residual 1.871e-06
gmres iter 70 linear residual 1.492e-06
gmres iter 80 linear residual 1.112e-06
gmres iter 90 linear residual 8.261e-07
gmres iter 100 linear residual 6.170e-07
gmres iter 110 linear residual 5.375e-07
gmres iter 120 linear residual 4.159e-07
gmres iter 130 linear residual 3.253e-07
gmres iter 140 linear residual 2.489e-07
gmres iter 150 linear residual 1.891e-07
gmres iter 160 linear residual 1.279e-07
gmres iter 170 linear residual 8.244e-08
gmres iter 180 linear residual 6.297e-08
gmres iter 190 linear residual 4.820e-08
gmres iter 200 linear residual 3.757e-08
gmres iter 210 linear residual 3.268e-08
gmres iter 220 linear residual 2.706e-08
gmres iter 230 linear residual 2.087e-08
gmres iter 240 linear residual 1.338e-08
gmres iter 250 linear residual 9.187e-09
gmres iter 260 linear residual 6.696e-09
gmres iter 270 linear residual 4.937e-09
gmres iter 280 linear residual 3.768e-09
gmres iter 290 linear residual 2.979e-09
gmres iter 300 linear residual 2.393e-09
gmres iter 310 linear residual 2.081e-09
gmres iter 320 linear residual 1.658e-09
gmres iter 330 linear residual 1.287e-09
gmres iter 340 linear residual 9.228e-10
res 1.024e-01 (F-block 3.869e-02 p-block 1.363e-01) alpha 1 eta 1.00e-06 iter times 346
gmres iter 10 linear residual 2.171e-04
gmres iter 20 linear residual 1.766e-04
gmres iter 30 linear residual 1.128e-04
gmres iter 40 linear residual 8.979e-05
gmres iter 50 linear residual 7.642e-05
gmres iter 60 linear residual 6.081e-05
gmres iter 70 linear residual 4.596e-05
gmres iter 80 linear residual 3.548e-05
gmres iter 90 linear residual 2.725e-05
gmres iter 100 linear residual 2.000e-05
gmres iter 110 linear residual 1.776e-05
gmres iter 120 linear residual 1.371e-05
gmres iter 130 linear residual 1.126e-05
gmres iter 140 linear residual 8.687e-06
gmres iter 150 linear residual 6.788e-06
gmres iter 160 linear residual 5.321e-06
gmres iter 170 linear residual 3.877e-06
gmres iter 180 linear residual 2.478e-06
gmres iter 190 linear residual 1.845e-06
gmres iter 200 linear residual 1.404e-06
gmres iter 210 linear residual 1.235e-06
gmres iter 220 linear residual 1.009e-06
gmres iter 230 linear residual 7.325e-07
gmres iter 240 linear residual 5.599e-07
gmres iter 250 linear residual 4.453e-07
gmres iter 260 linear residual 3.488e-07
gmres iter 270 linear residual 2.649e-07
gmres iter 280 linear residual 1.970e-07
gmres iter 290 linear residual 1.514e-07
gmres iter 300 linear residual 1.205e-07
gmres iter 310 linear residual 1.035e-07
gmres iter 320 linear residual 8.180e-08
gmres iter 330 linear residual 6.338e-08
gmres iter 340 linear residual 4.776e-08
gmres iter 350 linear residual 3.490e-08
gmres iter 360 linear residual 2.513e-08
gmres iter 370 linear residual 1.727e-08
gmres iter 380 linear residual 1.088e-08
gmres iter 390 linear residual 8.173e-09
gmres iter 400 linear residual 7.100e-09
gmres iter 410 linear residual 6.352e-09
gmres iter 420 linear residual 5.079e-09
gmres iter 430 linear residual 3.520e-09
gmres iter 440 linear residual 2.555e-09
gmres iter 450 linear residual 1.808e-09
gmres iter 460 linear residual 1.240e-09
gmres iter 470 linear residual 8.672e-10
res 3.124e-02 (F-block 3.389e-02 p-block 1.297e-01) alpha 0.125 eta 1.00e-06 iter times 475
gmres iter 10 linear residual 2.218e-04
gmres iter 20 linear residual 1.822e-04
gmres iter 30 linear residual 1.147e-04
gmres iter 40 linear residual 8.952e-05
gmres iter 50 linear residual 7.645e-05
gmres iter 60 linear residual 6.146e-05
gmres iter 70 linear residual 4.578e-05
gmres iter 80 linear residual 3.472e-05
gmres iter 90 linear residual 2.683e-05
gmres iter 100 linear residual 1.999e-05
gmres iter 110 linear residual 1.772e-05
gmres iter 120 linear residual 1.375e-05
gmres iter 130 linear residual 1.119e-05
gmres iter 140 linear residual 8.560e-06
gmres iter 150 linear residual 6.686e-06
gmres iter 160 linear residual 5.267e-06
gmres iter 170 linear residual 3.826e-06
gmres iter 180 linear residual 2.417e-06
gmres iter 190 linear residual 1.794e-06
gmres iter 200 linear residual 1.363e-06
gmres iter 210 linear residual 1.196e-06
gmres iter 220 linear residual 9.748e-07
gmres iter 230 linear residual 7.069e-07
gmres iter 240 linear residual 5.421e-07
gmres iter 250 linear residual 4.293e-07
gmres iter 260 linear residual 3.326e-07
gmres iter 270 linear residual 2.507e-07
gmres iter 280 linear residual 1.875e-07
gmres iter 290 linear residual 1.460e-07
gmres iter 300 linear residual 1.168e-07
gmres iter 310 linear residual 1.006e-07
gmres iter 320 linear residual 8.023e-08
gmres iter 330 linear residual 6.269e-08
gmres iter 340 linear residual 4.685e-08
gmres iter 350 linear residual 3.369e-08
gmres iter 360 linear residual 2.418e-08
gmres iter 370 linear residual 1.670e-08
gmres iter 380 linear residual 1.059e-08
gmres iter 390 linear residual 8.023e-09
gmres iter 400 linear residual 6.986e-09
gmres iter 410 linear residual 6.253e-09
gmres iter 420 linear residual 4.994e-09
gmres iter 430 linear residual 3.436e-09
gmres iter 440 linear residual 2.466e-09
gmres iter 450 linear residual 1.736e-09
gmres iter 460 linear residual 1.184e-09
gmres iter 470 linear residual 8.310e-10
res 2.895e-02 (F-block 2.968e-02 p-block 1.234e-01) alpha 0.125 eta 1.00e-06 iter times 474
gmres iter 10 linear residual 2.263e-04
gmres iter 20 linear residual 1.874e-04
gmres iter 30 linear residual 1.166e-04
gmres iter 40 linear residual 8.891e-05
gmres iter 50 linear residual 7.591e-05
gmres iter 60 linear residual 6.188e-05
gmres iter 70 linear residual 4.569e-05
gmres iter 80 linear residual 3.381e-05
gmres iter 90 linear residual 2.600e-05
gmres iter 100 linear residual 1.970e-05
gmres iter 110 linear residual 1.755e-05
gmres iter 120 linear residual 1.360e-05
gmres iter 130 linear residual 1.088e-05
gmres iter 140 linear residual 8.277e-06
gmres iter 150 linear residual 6.520e-06
gmres iter 160 linear residual 5.141e-06
gmres iter 170 linear residual 3.692e-06
gmres iter 180 linear residual 2.305e-06
gmres iter 190 linear residual 1.717e-06
gmres iter 200 linear residual 1.300e-06
gmres iter 210 linear residual 1.134e-06
gmres iter 220 linear residual 9.235e-07
gmres iter 230 linear residual 6.726e-07
gmres iter 240 linear residual 5.165e-07
gmres iter 250 linear residual 4.068e-07
gmres iter 260 linear residual 3.131e-07
gmres iter 270 linear residual 2.338e-07
gmres iter 280 linear residual 1.742e-07
gmres iter 290 linear residual 1.362e-07
gmres iter 300 linear residual 1.095e-07
gmres iter 310 linear residual 9.515e-08
gmres iter 320 linear residual 7.597e-08
gmres iter 330 linear residual 5.934e-08
gmres iter 340 linear residual 4.405e-08
gmres iter 350 linear residual 3.172e-08
gmres iter 360 linear residual 2.251e-08
gmres iter 370 linear residual 1.560e-08
gmres iter 380 linear residual 1.000e-08
gmres iter 390 linear residual 7.653e-09
gmres iter 400 linear residual 6.648e-09
gmres iter 410 linear residual 5.934e-09
gmres iter 420 linear residual 4.773e-09
gmres iter 430 linear residual 3.284e-09
gmres iter 440 linear residual 2.351e-09
gmres iter 450 linear residual 1.665e-09
gmres iter 460 linear residual 1.149e-09
gmres iter 470 linear residual 8.117e-10
res 2.675e-02 (F-block 2.599e-02 p-block 1.172e-01) alpha 0.125 eta 1.00e-06 iter times 473
gmres iter 10 linear residual 2.306e-04
gmres iter 20 linear residual 1.925e-04
gmres iter 30 linear residual 1.184e-04
gmres iter 40 linear residual 8.795e-05
gmres iter 50 linear residual 7.480e-05
gmres iter 60 linear residual 6.186e-05
gmres iter 70 linear residual 4.574e-05
gmres iter 80 linear residual 3.285e-05
gmres iter 90 linear residual 2.485e-05
gmres iter 100 linear residual 1.909e-05
gmres iter 110 linear residual 1.712e-05
gmres iter 120 linear residual 1.322e-05
gmres iter 130 linear residual 1.031e-05
gmres iter 140 linear residual 7.810e-06
gmres iter 150 linear residual 6.220e-06
gmres iter 160 linear residual 4.897e-06
gmres iter 170 linear residual 3.456e-06
gmres iter 180 linear residual 2.147e-06
gmres iter 190 linear residual 1.613e-06
gmres iter 200 linear residual 1.212e-06
gmres iter 210 linear residual 1.049e-06
gmres iter 220 linear residual 8.531e-07
gmres iter 230 linear residual 6.268e-07
gmres iter 240 linear residual 4.784e-07
gmres iter 250 linear residual 3.743e-07
gmres iter 260 linear residual 2.889e-07
gmres iter 270 linear residual 2.143e-07
gmres iter 280 linear residual 1.567e-07
gmres iter 290 linear residual 1.218e-07
gmres iter 300 linear residual 9.864e-08
gmres iter 310 linear residual 8.628e-08
gmres iter 320 linear residual 6.897e-08
gmres iter 330 linear residual 5.308e-08
gmres iter 340 linear residual 3.942e-08
gmres iter 350 linear residual 2.870e-08
gmres iter 360 linear residual 2.037e-08
gmres iter 370 linear residual 1.411e-08
gmres iter 380 linear residual 9.178e-09
gmres iter 390 linear residual 7.103e-09
gmres iter 400 linear residual 6.089e-09
gmres iter 410 linear residual 5.378e-09
gmres iter 420 linear residual 4.370e-09
gmres iter 430 linear residual 3.065e-09
gmres iter 440 linear residual 2.213e-09
gmres iter 450 linear residual 1.592e-09
gmres iter 460 linear residual 1.129e-09
gmres iter 470 linear residual 8.114e-10
res 2.462e-02 (F-block 2.276e-02 p-block 1.111e-01) alpha 0.125 eta 1.00e-06 iter times 473
gmres iter 10 linear residual 2.347e-04
gmres iter 20 linear residual 1.972e-04
gmres iter 30 linear residual 1.202e-04
gmres iter 40 linear residual 8.666e-05
gmres iter 50 linear residual 7.315e-05
gmres iter 60 linear residual 6.125e-05
gmres iter 70 linear residual 4.579e-05
gmres iter 80 linear residual 3.205e-05
gmres iter 90 linear residual 2.351e-05
gmres iter 100 linear residual 1.812e-05
gmres iter 110 linear residual 1.629e-05
gmres iter 120 linear residual 1.254e-05
gmres iter 130 linear residual 9.530e-06
gmres iter 140 linear residual 7.189e-06
gmres iter 150 linear residual 5.763e-06
gmres iter 160 linear residual 4.518e-06
gmres iter 170 linear residual 3.151e-06
gmres iter 180 linear residual 1.984e-06
gmres iter 190 linear residual 1.499e-06
gmres iter 200 linear residual 1.098e-06
gmres iter 210 linear residual 9.343e-07
gmres iter 220 linear residual 7.617e-07
gmres iter 230 linear residual 5.683e-07
gmres iter 240 linear residual 4.293e-07
gmres iter 250 linear residual 3.317e-07
gmres iter 260 linear residual 2.578e-07
gmres iter 270 linear residual 1.914e-07
gmres iter 280 linear residual 1.372e-07
gmres iter 290 linear residual 1.057e-07
gmres iter 300 linear residual 8.530e-08
gmres iter 310 linear residual 7.484e-08
gmres iter 320 linear residual 5.937e-08
gmres iter 330 linear residual 4.522e-08
gmres iter 340 linear residual 3.373e-08
gmres iter 350 linear residual 2.492e-08
gmres iter 360 linear residual 1.761e-08
gmres iter 370 linear residual 1.224e-08
gmres iter 380 linear residual 8.268e-09
gmres iter 390 linear residual 6.486e-09
gmres iter 400 linear residual 5.397e-09
gmres iter 410 linear residual 4.655e-09
gmres iter 420 linear residual 3.829e-09
gmres iter 430 linear residual 2.777e-09
gmres iter 440 linear residual 2.019e-09
gmres iter 450 linear residual 1.463e-09
gmres iter 460 linear residual 1.068e-09
gmres iter 470 linear residual 7.880e-10
res 2.257e-02 (F-block 1.993e-02 p-block 1.050e-01) alpha 0.125 eta 1.00e-06 iter times 472
gmres iter 10 linear residual 2.386e-04
gmres iter 20 linear residual 2.016e-04
gmres iter 30 linear residual 1.219e-04
gmres iter 40 linear residual 8.509e-05
gmres iter 50 linear residual 7.098e-05
gmres iter 60 linear residual 6.003e-05
gmres iter 70 linear residual 4.564e-05
gmres iter 80 linear residual 3.146e-05
gmres iter 90 linear residual 2.220e-05
gmres iter 100 linear residual 1.686e-05
gmres iter 110 linear residual 1.514e-05
gmres iter 120 linear residual 1.167e-05
gmres iter 130 linear residual 8.746e-06
gmres iter 140 linear residual 6.539e-06
gmres iter 150 linear residual 5.221e-06
gmres iter 160 linear residual 4.079e-06
gmres iter 170 linear residual 2.878e-06
gmres iter 180 linear residual 1.890e-06
gmres iter 190 linear residual 1.419e-06
gmres iter 200 linear residual 9.807e-07
gmres iter 210 linear residual 8.181e-07
gmres iter 220 linear residual 6.650e-07
gmres iter 230 linear residual 5.028e-07
gmres iter 240 linear residual 3.777e-07
gmres iter 250 linear residual 2.893e-07
gmres iter 260 linear residual 2.253e-07
gmres iter 270 linear residual 1.662e-07
gmres iter 280 linear residual 1.179e-07
gmres iter 290 linear residual 9.091e-08
gmres iter 300 linear residual 7.289e-08
gmres iter 310 linear residual 6.378e-08
gmres iter 320 linear residual 5.032e-08
gmres iter 330 linear residual 3.813e-08
gmres iter 340 linear residual 2.834e-08
gmres iter 350 linear residual 2.119e-08
gmres iter 360 linear residual 1.516e-08
gmres iter 370 linear residual 1.067e-08
gmres iter 380 linear residual 7.437e-09
gmres iter 390 linear residual 5.887e-09
gmres iter 400 linear residual 4.777e-09
gmres iter 410 linear residual 4.037e-09
gmres iter 420 linear residual 3.315e-09
gmres iter 430 linear residual 2.457e-09
gmres iter 440 linear residual 1.798e-09
gmres iter 450 linear residual 1.322e-09
gmres iter 460 linear residual 9.870e-10
gmres iter 470 linear residual 7.370e-10
res 2.060e-02 (F-block 1.745e-02 p-block 9.892e-02) alpha 0.125 eta 1.00e-06 iter times 470
gmres iter 10 linear residual 2.423e-04
gmres iter 20 linear residual 2.057e-04
gmres iter 30 linear residual 1.236e-04
gmres iter 40 linear residual 8.330e-05
gmres iter 50 linear residual 6.837e-05
gmres iter 60 linear residual 5.820e-05
gmres iter 70 linear residual 4.514e-05
gmres iter 80 linear residual 3.101e-05
gmres iter 90 linear residual 2.104e-05
gmres iter 100 linear residual 1.552e-05
gmres iter 110 linear residual 1.383e-05
gmres iter 120 linear residual 1.072e-05
gmres iter 130 linear residual 8.094e-06
gmres iter 140 linear residual 6.008e-06
gmres iter 150 linear residual 4.700e-06
gmres iter 160 linear residual 3.633e-06
gmres iter 170 linear residual 2.644e-06
gmres iter 180 linear residual 1.843e-06
gmres iter 190 linear residual 1.361e-06
gmres iter 200 linear residual 8.856e-07
gmres iter 210 linear residual 7.247e-07
gmres iter 220 linear residual 5.820e-07
gmres iter 230 linear residual 4.430e-07
gmres iter 240 linear residual 3.339e-07
gmres iter 250 linear residual 2.550e-07
gmres iter 260 linear residual 1.973e-07
gmres iter 270 linear residual 1.439e-07
gmres iter 280 linear residual 1.028e-07
gmres iter 290 linear residual 7.961e-08
gmres iter 300 linear residual 6.300e-08
gmres iter 310 linear residual 5.474e-08
gmres iter 320 linear residual 4.324e-08
gmres iter 330 linear residual 3.279e-08
gmres iter 340 linear residual 2.397e-08
gmres iter 350 linear residual 1.791e-08
gmres iter 360 linear residual 1.308e-08
gmres iter 370 linear residual 9.443e-09
gmres iter 380 linear residual 6.778e-09
gmres iter 390 linear residual 5.364e-09
gmres iter 400 linear residual 4.257e-09
gmres iter 410 linear residual 3.541e-09
gmres iter 420 linear residual 2.885e-09
gmres iter 430 linear residual 2.185e-09
gmres iter 440 linear residual 1.618e-09
gmres iter 450 linear residual 1.204e-09
gmres iter 460 linear residual 9.040e-10
res 1.871e-02 (F-block 1.528e-02 p-block 9.284e-02) alpha 0.125 eta 1.00e-06 iter times 466
gmres iter 10 linear residual 2.457e-04
gmres iter 20 linear residual 2.095e-04
gmres iter 30 linear residual 1.251e-04
gmres iter 40 linear residual 8.135e-05
gmres iter 50 linear residual 6.541e-05
gmres iter 60 linear residual 5.584e-05
gmres iter 70 linear residual 4.420e-05
gmres iter 80 linear residual 3.062e-05
gmres iter 90 linear residual 2.009e-05
gmres iter 100 linear residual 1.424e-05
gmres iter 110 linear residual 1.249e-05
gmres iter 120 linear residual 9.740e-06
gmres iter 130 linear residual 7.515e-06
gmres iter 140 linear residual 5.607e-06
gmres iter 150 linear residual 4.280e-06
gmres iter 160 linear residual 3.229e-06
gmres iter 170 linear residual 2.382e-06
gmres iter 180 linear residual 1.739e-06
gmres iter 190 linear residual 1.290e-06
gmres iter 200 linear residual 8.223e-07
gmres iter 210 linear residual 6.636e-07
gmres iter 220 linear residual 5.260e-07
gmres iter 230 linear residual 4.000e-07
gmres iter 240 linear residual 3.028e-07
gmres iter 250 linear residual 2.301e-07
gmres iter 260 linear residual 1.753e-07
gmres iter 270 linear residual 1.272e-07
gmres iter 280 linear residual 9.222e-08
gmres iter 290 linear residual 7.183e-08
gmres iter 300 linear residual 5.621e-08
gmres iter 310 linear residual 4.855e-08
gmres iter 320 linear residual 3.832e-08
gmres iter 330 linear residual 2.917e-08
gmres iter 340 linear residual 2.119e-08
gmres iter 350 linear residual 1.578e-08
gmres iter 360 linear residual 1.168e-08
gmres iter 370 linear residual 8.531e-09
gmres iter 380 linear residual 6.244e-09
gmres iter 390 linear residual 4.924e-09
gmres iter 400 linear residual 3.867e-09
gmres iter 410 linear residual 3.190e-09
gmres iter 420 linear residual 2.579e-09
gmres iter 430 linear residual 1.971e-09
gmres iter 440 linear residual 1.479e-09
gmres iter 450 linear residual 1.112e-09
gmres iter 460 linear residual 8.371e-10
gmres iter 470 linear residual 6.798e-10
gmres iter 480 linear residual 5.590e-10
gmres iter 490 linear residual 4.539e-10
gmres iter 500 linear residual 3.727e-10
gmres iter 510 linear residual 2.612e-10
gmres iter 520 linear residual 1.949e-10
res 3.384e-02 (F-block 1.149e-02 p-block 9.269e-02) alpha 0.25 eta 1.00e-06 iter times 521
gmres iter 10 linear residual 2.537e-04
gmres iter 20 linear residual 2.181e-04
gmres iter 30 linear residual 1.290e-04
gmres iter 40 linear residual 7.762e-05
gmres iter 50 linear residual 5.891e-05
gmres iter 60 linear residual 4.994e-05
gmres iter 70 linear residual 4.091e-05
gmres iter 80 linear residual 2.955e-05
gmres iter 90 linear residual 1.886e-05
gmres iter 100 linear residual 1.224e-05
gmres iter 110 linear residual 1.023e-05
gmres iter 120 linear residual 7.852e-06
gmres iter 130 linear residual 6.298e-06
gmres iter 140 linear residual 4.920e-06
gmres iter 150 linear residual 3.733e-06
gmres iter 160 linear residual 2.665e-06
gmres iter 170 linear residual 1.868e-06
gmres iter 180 linear residual 1.360e-06
gmres iter 190 linear residual 1.031e-06
gmres iter 200 linear residual 6.930e-07
gmres iter 210 linear residual 5.715e-07
gmres iter 220 linear residual 4.531e-07
gmres iter 230 linear residual 3.370e-07
gmres iter 240 linear residual 2.433e-07
gmres iter 250 linear residual 1.770e-07
gmres iter 260 linear residual 1.327e-07
gmres iter 270 linear residual 9.932e-08
gmres iter 280 linear residual 7.570e-08
gmres iter 290 linear residual 5.946e-08
gmres iter 300 linear residual 4.500e-08
gmres iter 310 linear residual 3.803e-08
gmres iter 320 linear residual 2.963e-08
gmres iter 330 linear residual 2.319e-08
gmres iter 340 linear residual 1.752e-08
gmres iter 350 linear residual 1.326e-08
gmres iter 360 linear residual 9.657e-09
gmres iter 370 linear residual 6.810e-09
gmres iter 380 linear residual 4.973e-09
gmres iter 390 linear residual 3.926e-09
gmres iter 400 linear residual 3.163e-09
gmres iter 410 linear residual 2.653e-09
gmres iter 420 linear residual 2.156e-09
gmres iter 430 linear residual 1.606e-09
gmres iter 440 linear residual 1.169e-09
gmres iter 450 linear residual 8.606e-10
res 2.689e-02 (F-block 8.631e-03 p-block 8.650e-02) alpha 0.25 eta 1.00e-06 iter times 455
gmres iter 10 linear residual 2.605e-04
gmres iter 20 linear residual 2.253e-04
gmres iter 30 linear residual 1.323e-04
gmres iter 40 linear residual 7.406e-05
gmres iter 50 linear residual 5.225e-05
gmres iter 60 linear residual 4.326e-05
gmres iter 70 linear residual 3.612e-05
gmres iter 80 linear residual 2.745e-05
gmres iter 90 linear residual 1.795e-05
gmres iter 100 linear residual 1.108e-05
gmres iter 110 linear residual 8.827e-06
gmres iter 120 linear residual 6.488e-06
gmres iter 130 linear residual 5.208e-06
gmres iter 140 linear residual 4.213e-06
gmres iter 150 linear residual 3.319e-06
gmres iter 160 linear residual 2.381e-06
gmres iter 170 linear residual 1.584e-06
gmres iter 180 linear residual 1.066e-06
gmres iter 190 linear residual 7.683e-07
gmres iter 200 linear residual 4.962e-07
gmres iter 210 linear residual 4.100e-07
gmres iter 220 linear residual 3.314e-07
gmres iter 230 linear residual 2.478e-07
gmres iter 240 linear residual 1.759e-07
gmres iter 250 linear residual 1.246e-07
gmres iter 260 linear residual 9.223e-08
gmres iter 270 linear residual 6.901e-08
gmres iter 280 linear residual 5.220e-08
gmres iter 290 linear residual 4.138e-08
gmres iter 300 linear residual 3.104e-08
gmres iter 310 linear residual 2.617e-08
gmres iter 320 linear residual 2.060e-08
gmres iter 330 linear residual 1.611e-08
gmres iter 340 linear residual 1.202e-08
gmres iter 350 linear residual 8.979e-09
gmres iter 360 linear residual 6.539e-09
gmres iter 370 linear residual 4.712e-09
gmres iter 380 linear residual 3.534e-09
gmres iter 390 linear residual 2.793e-09
gmres iter 400 linear residual 2.227e-09
gmres iter 410 linear residual 1.852e-09
gmres iter 420 linear residual 1.500e-09
gmres iter 430 linear residual 1.144e-09
gmres iter 440 linear residual 8.351e-10
gmres iter 450 linear residual 6.724e-10
gmres iter 460 linear residual 5.486e-10
gmres iter 470 linear residual 4.457e-10
gmres iter 480 linear residual 3.660e-10
gmres iter 490 linear residual 2.848e-10
gmres iter 500 linear residual 1.956e-10
res 2.103e-02 (F-block 6.483e-03 p-block 7.649e-02) alpha 0.25 eta 1.00e-06 iter times 501
gmres iter 10 linear residual 2.659e-04
gmres iter 20 linear residual 2.312e-04
gmres iter 30 linear residual 1.349e-04
gmres iter 40 linear residual 7.110e-05
gmres iter 50 linear residual 4.629e-05
gmres iter 60 linear residual 3.685e-05
gmres iter 70 linear residual 3.086e-05
gmres iter 80 linear residual 2.446e-05
gmres iter 90 linear residual 1.683e-05
gmres iter 100 linear residual 1.041e-05
gmres iter 110 linear residual 8.114e-06
gmres iter 120 linear residual 5.815e-06
gmres iter 130 linear residual 4.622e-06
gmres iter 140 linear residual 3.765e-06
gmres iter 150 linear residual 3.012e-06
gmres iter 160 linear residual 2.187e-06
gmres iter 170 linear residual 1.436e-06
gmres iter 180 linear residual 9.290e-07
gmres iter 190 linear residual 6.370e-07
gmres iter 200 linear residual 3.726e-07
gmres iter 210 linear residual 2.950e-07
gmres iter 220 linear residual 2.375e-07
gmres iter 230 linear residual 1.856e-07
gmres iter 240 linear residual 1.427e-07
gmres iter 250 linear residual 1.078e-07
gmres iter 260 linear residual 8.002e-08
gmres iter 270 linear residual 5.528e-08
gmres iter 280 linear residual 3.628e-08
gmres iter 290 linear residual 2.653e-08
gmres iter 300 linear residual 1.959e-08
gmres iter 310 linear residual 1.680e-08
gmres iter 320 linear residual 1.335e-08
gmres iter 330 linear residual 1.023e-08
gmres iter 340 linear residual 7.351e-09
gmres iter 350 linear residual 5.260e-09
gmres iter 360 linear residual 3.769e-09
gmres iter 370 linear residual 2.835e-09
gmres iter 380 linear residual 2.270e-09
gmres iter 390 linear residual 1.843e-09
gmres iter 400 linear residual 1.425e-09
gmres iter 410 linear residual 1.139e-09
gmres iter 420 linear residual 9.317e-10
gmres iter 430 linear residual 7.478e-10
gmres iter 440 linear residual 6.647e-10
gmres iter 450 linear residual 5.525e-10
gmres iter 460 linear residual 4.505e-10
gmres iter 470 linear residual 2.640e-10
res 3.248e-02 (F-block 3.261e-03 p-block 6.972e-02) alpha 0.5 eta 1.00e-06 iter times 478
gmres iter 10 linear residual 2.780e-04
gmres iter 20 linear residual 2.460e-04
gmres iter 30 linear residual 1.461e-04
gmres iter 40 linear residual 6.980e-05
gmres iter 50 linear residual 3.837e-05
gmres iter 60 linear residual 2.665e-05
gmres iter 70 linear residual 2.128e-05
gmres iter 80 linear residual 1.756e-05
gmres iter 90 linear residual 1.351e-05
gmres iter 100 linear residual 9.244e-06
gmres iter 110 linear residual 7.427e-06
gmres iter 120 linear residual 5.582e-06
gmres iter 130 linear residual 4.510e-06
gmres iter 140 linear residual 3.597e-06
gmres iter 150 linear residual 2.706e-06
gmres iter 160 linear residual 1.803e-06
gmres iter 170 linear residual 1.110e-06
gmres iter 180 linear residual 7.218e-07
gmres iter 190 linear residual 5.084e-07
gmres iter 200 linear residual 3.226e-07
gmres iter 210 linear residual 2.672e-07
gmres iter 220 linear residual 2.224e-07
gmres iter 230 linear residual 1.744e-07
gmres iter 240 linear residual 1.297e-07
gmres iter 250 linear residual 9.254e-08
gmres iter 260 linear residual 6.532e-08
gmres iter 270 linear residual 4.352e-08
gmres iter 280 linear residual 2.906e-08
gmres iter 290 linear residual 2.129e-08
gmres iter 300 linear residual 1.629e-08
gmres iter 310 linear residual 1.425e-08
gmres iter 320 linear residual 1.161e-08
gmres iter 330 linear residual 9.013e-09
gmres iter 340 linear residual 6.309e-09
gmres iter 350 linear residual 4.202e-09
gmres iter 360 linear residual 2.745e-09
gmres iter 370 linear residual 1.838e-09
gmres iter 380 linear residual 1.428e-09
gmres iter 390 linear residual 1.183e-09
gmres iter 400 linear residual 9.931e-10
gmres iter 410 linear residual 8.476e-10
gmres iter 420 linear residual 7.349e-10
gmres iter 430 linear residual 6.501e-10
gmres iter 440 linear residual 5.221e-10
gmres iter 450 linear residual 2.990e-10
res 3.405e-02 (F-block 9.265e-05 p-block 3.992e-02) alpha 1 eta 1.00e-06 iter times 459
gmres iter 10 linear residual 8.907e-04
gmres iter 20 linear residual 4.407e-04
gmres iter 30 linear residual 3.953e-04
gmres iter 40 linear residual 2.615e-04
gmres iter 50 linear residual 1.245e-04
gmres iter 60 linear residual 6.001e-05
gmres iter 70 linear residual 3.590e-05
gmres iter 80 linear residual 2.625e-05
gmres iter 90 linear residual 2.157e-05
gmres iter 100 linear residual 1.760e-05
gmres iter 110 linear residual 1.581e-05
gmres iter 120 linear residual 1.285e-05
gmres iter 130 linear residual 9.834e-06
gmres iter 140 linear residual 6.365e-06
gmres iter 150 linear residual 3.533e-06
gmres iter 160 linear residual 1.999e-06
gmres iter 170 linear residual 1.414e-06
gmres iter 180 linear residual 1.167e-06
gmres iter 190 linear residual 9.269e-07
gmres iter 200 linear residual 7.239e-07
gmres iter 210 linear residual 6.106e-07
gmres iter 220 linear residual 4.781e-07
gmres iter 230 linear residual 3.915e-07
gmres iter 240 linear residual 2.943e-07
gmres iter 250 linear residual 1.866e-07
gmres iter 260 linear residual 1.100e-07
gmres iter 270 linear residual 7.085e-08
gmres iter 280 linear residual 5.056e-08
gmres iter 290 linear residual 4.122e-08
gmres iter 300 linear residual 3.503e-08
gmres iter 310 linear residual 3.119e-08
gmres iter 320 linear residual 2.585e-08
gmres iter 330 linear residual 1.906e-08
gmres iter 340 linear residual 1.233e-08
gmres iter 350 linear residual 7.443e-09
gmres iter 360 linear residual 4.729e-09
gmres iter 370 linear residual 3.500e-09
gmres iter 380 linear residual 2.823e-09
gmres iter 390 linear residual 2.265e-09
gmres iter 400 linear residual 1.845e-09
gmres iter 410 linear residual 1.572e-09
gmres iter 420 linear residual 1.242e-09
gmres iter 430 linear residual 9.995e-10
gmres iter 440 linear residual 7.485e-10
res 2.114e-03 (F-block 4.872e-07 p-block 2.883e-04) alpha 1 eta 1.00e-06 iter times 441
gmres iter 10 linear residual 1.009e-03
gmres iter 20 linear residual 6.708e-04
gmres iter 30 linear residual 3.382e-04
gmres iter 40 linear residual 1.243e-04
gmres iter 50 linear residual 6.808e-05
gmres iter 60 linear residual 4.765e-05
gmres iter 70 linear residual 3.854e-05
gmres iter 80 linear residual 3.155e-05
gmres iter 90 linear residual 2.409e-05
gmres iter 100 linear residual 1.641e-05
gmres iter 110 linear residual 1.311e-05
gmres iter 120 linear residual 9.728e-06
gmres iter 130 linear residual 7.751e-06
gmres iter 140 linear residual 6.182e-06
gmres iter 150 linear residual 4.672e-06
gmres iter 160 linear residual 3.151e-06
gmres iter 170 linear residual 1.903e-06
gmres iter 180 linear residual 1.252e-06
gmres iter 190 linear residual 7.937e-07
gmres iter 200 linear residual 5.168e-07
gmres iter 210 linear residual 4.338e-07
gmres iter 220 linear residual 3.557e-07
gmres iter 230 linear residual 2.760e-07
gmres iter 240 linear residual 2.028e-07
gmres iter 250 linear residual 1.394e-07
gmres iter 260 linear residual 9.453e-08
gmres iter 270 linear residual 6.042e-08
gmres iter 280 linear residual 4.204e-08
gmres iter 290 linear residual 3.138e-08
gmres iter 300 linear residual 2.439e-08
gmres iter 310 linear residual 2.129e-08
gmres iter 320 linear residual 1.770e-08
gmres iter 330 linear residual 1.379e-08
gmres iter 340 linear residual 8.925e-09
gmres iter 350 linear residual 5.852e-09
gmres iter 360 linear residual 3.685e-09
gmres iter 370 linear residual 2.524e-09
gmres iter 380 linear residual 1.963e-09
gmres iter 390 linear residual 1.610e-09
gmres iter 400 linear residual 1.308e-09
gmres iter 410 linear residual 1.105e-09
gmres iter 420 linear residual 9.191e-10
gmres iter 430 linear residual 7.487e-10
res 1.613e-05 (F-block 6.710e-11 p-block 7.559e-08) alpha 1 eta 1.00e-06 iter times 431
time this step...1084.0574443340302
now P is...
[[ 1.11834198e+00  3.82974296e-04 -1.12388146e-03]
 [ 4.10334208e-04 -1.21579031e-09  9.64316147e-03]
 [-1.11027509e-03  9.66434235e-03 -1.28020896e-09]]
now F is...
[[ 1.10000000e+00  6.58658042e-16  4.03401032e-16]
 [ 6.23090359e-16  9.56601037e-01 -4.08791713e-16]
 [ 6.03964903e-16  3.11932757e-16  9.56498760e-01]]
intermediate results saved (1 increments in output.csv)
this increment is 0.1 (target 0.2) ------------------------
gmres iter 10 linear residual 4.133e-05
gmres iter 20 linear residual 2.378e-05
gmres iter 30 linear residual 1.785e-05
gmres iter 40 linear residual 9.092e-06
gmres iter 50 linear residual 5.299e-06
gmres iter 60 linear residual 3.745e-06
gmres iter 70 linear residual 2.785e-06
gmres iter 80 linear residual 1.982e-06
gmres iter 90 linear residual 1.316e-06
gmres iter 100 linear residual 9.156e-07
gmres iter 110 linear residual 7.815e-07
gmres iter 120 linear residual 6.013e-07
gmres iter 130 linear residual 4.590e-07
gmres iter 140 linear residual 3.346e-07
gmres iter 150 linear residual 2.345e-07
gmres iter 160 linear residual 1.560e-07
gmres iter 170 linear residual 1.051e-07
gmres iter 180 linear residual 7.830e-08
gmres iter 190 linear residual 5.389e-08
gmres iter 200 linear residual 3.881e-08
gmres iter 210 linear residual 3.233e-08
gmres iter 220 linear residual 2.558e-08
gmres iter 230 linear residual 1.919e-08
gmres iter 240 linear residual 1.373e-08
gmres iter 250 linear residual 9.656e-09
gmres iter 260 linear residual 6.810e-09
gmres iter 270 linear residual 4.925e-09
gmres iter 280 linear residual 3.724e-09
gmres iter 290 linear residual 2.754e-09
gmres iter 300 linear residual 2.107e-09
gmres iter 310 linear residual 1.748e-09
gmres iter 320 linear residual 1.348e-09
gmres iter 330 linear residual 1.031e-09
res 1.130e-01 (F-block 8.741e-01 p-block 7.729e-01) alpha 0.125 eta 1.00e-06 iter times 338
gmres iter 10 linear residual 3.188e-05
gmres iter 20 linear residual 1.625e-05
gmres iter 30 linear residual 1.293e-05
gmres iter 40 linear residual 7.509e-06
gmres iter 50 linear residual 5.216e-06
gmres iter 60 linear residual 4.219e-06
gmres iter 70 linear residual 3.337e-06
gmres iter 80 linear residual 2.388e-06
gmres iter 90 linear residual 1.613e-06
gmres iter 100 linear residual 1.179e-06
gmres iter 110 linear residual 1.031e-06
gmres iter 120 linear residual 7.927e-07
gmres iter 130 linear residual 5.982e-07
gmres iter 140 linear residual 4.434e-07
gmres iter 150 linear residual 3.416e-07
gmres iter 160 linear residual 2.478e-07
gmres iter 170 linear residual 1.652e-07
gmres iter 180 linear residual 1.162e-07
gmres iter 190 linear residual 7.606e-08
gmres iter 200 linear residual 5.428e-08
gmres iter 210 linear residual 4.573e-08
gmres iter 220 linear residual 3.662e-08
gmres iter 230 linear residual 2.781e-08
gmres iter 240 linear residual 2.029e-08
gmres iter 250 linear residual 1.492e-08
gmres iter 260 linear residual 1.062e-08
gmres iter 270 linear residual 7.067e-09
gmres iter 280 linear residual 4.895e-09
gmres iter 290 linear residual 3.472e-09
gmres iter 300 linear residual 2.719e-09
gmres iter 310 linear residual 2.307e-09
gmres iter 320 linear residual 1.827e-09
gmres iter 330 linear residual 1.376e-09
gmres iter 340 linear residual 1.002e-09
res 1.291e-01 (F-block 6.525e-01 p-block 6.987e-01) alpha 0.25 eta 1.00e-06 iter times 348
gmres iter 10 linear residual 2.129e-05
gmres iter 20 linear residual 4.708e-06
gmres iter 30 linear residual 4.034e-06
gmres iter 40 linear residual 3.001e-06
gmres iter 50 linear residual 2.378e-06
gmres iter 60 linear residual 2.006e-06
gmres iter 70 linear residual 1.586e-06
gmres iter 80 linear residual 1.200e-06
gmres iter 90 linear residual 9.135e-07
gmres iter 100 linear residual 6.900e-07
gmres iter 110 linear residual 6.050e-07
gmres iter 120 linear residual 4.752e-07
gmres iter 130 linear residual 3.801e-07
gmres iter 140 linear residual 2.905e-07
gmres iter 150 linear residual 2.226e-07
gmres iter 160 linear residual 1.542e-07
gmres iter 170 linear residual 9.810e-08
gmres iter 180 linear residual 7.523e-08
gmres iter 190 linear residual 5.849e-08
gmres iter 200 linear residual 4.677e-08
gmres iter 210 linear residual 4.058e-08
gmres iter 220 linear residual 3.389e-08
gmres iter 230 linear residual 2.585e-08
gmres iter 240 linear residual 1.655e-08
gmres iter 250 linear residual 1.133e-08
gmres iter 260 linear residual 8.494e-09
gmres iter 270 linear residual 6.509e-09
gmres iter 280 linear residual 4.986e-09
gmres iter 290 linear residual 3.920e-09
gmres iter 300 linear residual 3.198e-09
gmres iter 310 linear residual 2.790e-09
gmres iter 320 linear residual 2.229e-09
gmres iter 330 linear residual 1.746e-09
gmres iter 340 linear residual 1.313e-09
gmres iter 350 linear residual 9.680e-10
res 1.067e-01 (F-block 3.871e-02 p-block 1.658e-01) alpha 1 eta 1.00e-06 iter times 356
gmres iter 10 linear residual 2.196e-04
gmres iter 20 linear residual 1.752e-04
gmres iter 30 linear residual 1.138e-04
gmres iter 40 linear residual 9.138e-05
gmres iter 50 linear residual 7.785e-05
gmres iter 60 linear residual 6.228e-05
gmres iter 70 linear residual 4.790e-05
gmres iter 80 linear residual 3.752e-05
gmres iter 90 linear residual 2.909e-05
gmres iter 100 linear residual 2.164e-05
gmres iter 110 linear residual 1.931e-05
gmres iter 120 linear residual 1.514e-05
gmres iter 130 linear residual 1.256e-05
gmres iter 140 linear residual 9.904e-06
gmres iter 150 linear residual 7.838e-06
gmres iter 160 linear residual 6.180e-06
gmres iter 170 linear residual 4.560e-06
gmres iter 180 linear residual 3.001e-06
gmres iter 190 linear residual 2.224e-06
gmres iter 200 linear residual 1.715e-06
gmres iter 210 linear residual 1.501e-06
gmres iter 220 linear residual 1.244e-06
gmres iter 230 linear residual 9.030e-07
gmres iter 240 linear residual 6.908e-07
gmres iter 250 linear residual 5.461e-07
gmres iter 260 linear residual 4.299e-07
gmres iter 270 linear residual 3.285e-07
gmres iter 280 linear residual 2.465e-07
gmres iter 290 linear residual 1.899e-07
gmres iter 300 linear residual 1.530e-07
gmres iter 310 linear residual 1.324e-07
gmres iter 320 linear residual 1.054e-07
gmres iter 330 linear residual 8.219e-08
gmres iter 340 linear residual 6.266e-08
gmres iter 350 linear residual 4.664e-08
gmres iter 360 linear residual 3.379e-08
gmres iter 370 linear residual 2.351e-08
gmres iter 380 linear residual 1.537e-08
gmres iter 390 linear residual 1.180e-08
gmres iter 400 linear residual 1.026e-08
gmres iter 410 linear residual 9.217e-09
gmres iter 420 linear residual 7.579e-09
gmres iter 430 linear residual 5.428e-09
gmres iter 440 linear residual 3.963e-09
gmres iter 450 linear residual 2.887e-09
gmres iter 460 linear residual 2.079e-09
gmres iter 470 linear residual 1.533e-09
gmres iter 480 linear residual 1.193e-09
gmres iter 490 linear residual 9.688e-10
gmres iter 500 linear residual 8.163e-10
gmres iter 510 linear residual 7.389e-10
gmres iter 520 linear residual 5.926e-10
gmres iter 530 linear residual 4.676e-10
gmres iter 540 linear residual 3.632e-10
gmres iter 550 linear residual 2.646e-10
gmres iter 560 linear residual 1.988e-10
res 3.144e-02 (F-block 3.390e-02 p-block 1.564e-01) alpha 0.125 eta 1.00e-06 iter times 563
gmres iter 10 linear residual 2.241e-04
gmres iter 20 linear residual 1.806e-04
gmres iter 30 linear residual 1.159e-04
gmres iter 40 linear residual 9.140e-05
gmres iter 50 linear residual 7.818e-05
gmres iter 60 linear residual 6.309e-05
gmres iter 70 linear residual 4.779e-05
gmres iter 80 linear residual 3.688e-05
gmres iter 90 linear residual 2.880e-05
gmres iter 100 linear residual 2.161e-05
gmres iter 110 linear residual 1.923e-05
gmres iter 120 linear residual 1.516e-05
gmres iter 130 linear residual 1.249e-05
gmres iter 140 linear residual 9.755e-06
gmres iter 150 linear residual 7.703e-06
gmres iter 160 linear residual 6.110e-06
gmres iter 170 linear residual 4.496e-06
gmres iter 180 linear residual 2.927e-06
gmres iter 190 linear residual 2.166e-06
gmres iter 200 linear residual 1.671e-06
gmres iter 210 linear residual 1.459e-06
gmres iter 220 linear residual 1.209e-06
gmres iter 230 linear residual 8.780e-07
gmres iter 240 linear residual 6.751e-07
gmres iter 250 linear residual 5.318e-07
gmres iter 260 linear residual 4.140e-07
gmres iter 270 linear residual 3.129e-07
gmres iter 280 linear residual 2.362e-07
gmres iter 290 linear residual 1.847e-07
gmres iter 300 linear residual 1.499e-07
gmres iter 310 linear residual 1.298e-07
gmres iter 320 linear residual 1.049e-07
gmres iter 330 linear residual 8.200e-08
gmres iter 340 linear residual 6.201e-08
gmres iter 350 linear residual 4.553e-08
gmres iter 360 linear residual 3.290e-08
gmres iter 370 linear residual 2.311e-08
gmres iter 380 linear residual 1.519e-08
gmres iter 390 linear residual 1.174e-08
gmres iter 400 linear residual 1.025e-08
gmres iter 410 linear residual 9.238e-09
gmres iter 420 linear residual 7.601e-09
gmres iter 430 linear residual 5.369e-09
gmres iter 440 linear residual 3.915e-09
gmres iter 450 linear residual 2.852e-09
gmres iter 460 linear residual 2.050e-09
gmres iter 470 linear residual 1.515e-09
gmres iter 480 linear residual 1.185e-09
gmres iter 490 linear residual 9.680e-10
gmres iter 500 linear residual 8.127e-10
res 2.920e-02 (F-block 2.969e-02 p-block 1.476e-01) alpha 0.125 eta 1.00e-06 iter times 506
gmres iter 10 linear residual 2.284e-04
gmres iter 20 linear residual 1.858e-04
gmres iter 30 linear residual 1.180e-04
gmres iter 40 linear residual 9.109e-05
gmres iter 50 linear residual 7.797e-05
gmres iter 60 linear residual 6.371e-05
gmres iter 70 linear residual 4.775e-05
gmres iter 80 linear residual 3.608e-05
gmres iter 90 linear residual 2.811e-05
gmres iter 100 linear residual 2.139e-05
gmres iter 110 linear residual 1.906e-05
gmres iter 120 linear residual 1.504e-05
gmres iter 130 linear residual 1.224e-05
gmres iter 140 linear residual 9.492e-06
gmres iter 150 linear residual 7.529e-06
gmres iter 160 linear residual 5.984e-06
gmres iter 170 linear residual 4.366e-06
gmres iter 180 linear residual 2.809e-06
gmres iter 190 linear residual 2.082e-06
gmres iter 200 linear residual 1.605e-06
gmres iter 210 linear residual 1.397e-06
gmres iter 220 linear residual 1.158e-06
gmres iter 230 linear residual 8.433e-07
gmres iter 240 linear residual 6.504e-07
gmres iter 250 linear residual 5.109e-07
gmres iter 260 linear residual 3.945e-07
gmres iter 270 linear residual 2.946e-07
gmres iter 280 linear residual 2.216e-07
gmres iter 290 linear residual 1.738e-07
gmres iter 300 linear residual 1.416e-07
gmres iter 310 linear residual 1.228e-07
gmres iter 320 linear residual 1.002e-07
gmres iter 330 linear residual 7.820e-08
gmres iter 340 linear residual 5.866e-08
gmres iter 350 linear residual 4.286e-08
gmres iter 360 linear residual 3.094e-08
gmres iter 370 linear residual 2.189e-08
gmres iter 380 linear residual 1.452e-08
gmres iter 390 linear residual 1.131e-08
gmres iter 400 linear residual 9.846e-09
gmres iter 410 linear residual 8.853e-09
gmres iter 420 linear residual 7.313e-09
gmres iter 430 linear residual 5.212e-09
gmres iter 440 linear residual 3.820e-09
gmres iter 450 linear residual 2.799e-09
gmres iter 460 linear residual 2.024e-09
gmres iter 470 linear residual 1.501e-09
gmres iter 480 linear residual 1.171e-09
gmres iter 490 linear residual 9.490e-10
gmres iter 500 linear residual 7.892e-10
res 2.703e-02 (F-block 2.600e-02 p-block 1.394e-01) alpha 0.125 eta 1.00e-06 iter times 504
gmres iter 10 linear residual 2.325e-04
gmres iter 20 linear residual 1.908e-04
gmres iter 30 linear residual 1.201e-04
gmres iter 40 linear residual 9.045e-05
gmres iter 50 linear residual 7.721e-05
gmres iter 60 linear residual 6.394e-05
gmres iter 70 linear residual 4.781e-05
gmres iter 80 linear residual 3.520e-05
gmres iter 90 linear residual 2.712e-05
gmres iter 100 linear residual 2.089e-05
gmres iter 110 linear residual 1.872e-05
gmres iter 120 linear residual 1.473e-05
gmres iter 130 linear residual 1.176e-05
gmres iter 140 linear residual 9.088e-06
gmres iter 150 linear residual 7.272e-06
gmres iter 160 linear residual 5.767e-06
gmres iter 170 linear residual 4.150e-06
gmres iter 180 linear residual 2.655e-06
gmres iter 190 linear residual 1.983e-06
gmres iter 200 linear residual 1.518e-06
gmres iter 210 linear residual 1.311e-06
gmres iter 220 linear residual 1.089e-06
gmres iter 230 linear residual 8.013e-07
gmres iter 240 linear residual 6.175e-07
gmres iter 250 linear residual 4.821e-07
gmres iter 260 linear residual 3.711e-07
gmres iter 270 linear residual 2.751e-07
gmres iter 280 linear residual 2.046e-07
gmres iter 290 linear residual 1.596e-07
gmres iter 300 linear residual 1.303e-07
gmres iter 310 linear residual 1.126e-07
gmres iter 320 linear residual 9.242e-08
gmres iter 330 linear residual 7.155e-08
gmres iter 340 linear residual 5.399e-08
gmres iter 350 linear residual 3.965e-08
gmres iter 360 linear residual 2.858e-08
gmres iter 370 linear residual 2.028e-08
gmres iter 380 linear residual 1.369e-08
gmres iter 390 linear residual 1.079e-08
gmres iter 400 linear residual 9.267e-09
gmres iter 410 linear residual 8.243e-09
gmres iter 420 linear residual 6.856e-09
gmres iter 430 linear residual 4.998e-09
gmres iter 440 linear residual 3.717e-09
gmres iter 450 linear residual 2.766e-09
gmres iter 460 linear residual 2.038e-09
gmres iter 470 linear residual 1.524e-09
gmres iter 480 linear residual 1.169e-09
gmres iter 490 linear residual 9.307e-10
gmres iter 500 linear residual 7.665e-10
res 2.495e-02 (F-block 2.277e-02 p-block 1.314e-01) alpha 0.125 eta 1.00e-06 iter times 502
gmres iter 10 linear residual 2.365e-04
gmres iter 20 linear residual 1.956e-04
gmres iter 30 linear residual 1.222e-04
gmres iter 40 linear residual 8.951e-05
gmres iter 50 linear residual 7.592e-05
gmres iter 60 linear residual 6.363e-05
gmres iter 70 linear residual 4.789e-05
gmres iter 80 linear residual 3.438e-05
gmres iter 90 linear residual 2.589e-05
gmres iter 100 linear residual 2.009e-05
gmres iter 110 linear residual 1.806e-05
gmres iter 120 linear residual 1.415e-05
gmres iter 130 linear residual 1.106e-05
gmres iter 140 linear residual 8.520e-06
gmres iter 150 linear residual 6.880e-06
gmres iter 160 linear residual 5.434e-06
gmres iter 170 linear residual 3.839e-06
gmres iter 180 linear residual 2.463e-06
gmres iter 190 linear residual 1.859e-06
gmres iter 200 linear residual 1.405e-06
gmres iter 210 linear residual 1.201e-06
gmres iter 220 linear residual 9.989e-07
gmres iter 230 linear residual 7.457e-07
gmres iter 240 linear residual 5.708e-07
gmres iter 250 linear residual 4.427e-07
gmres iter 260 linear residual 3.423e-07
gmres iter 270 linear residual 2.535e-07
gmres iter 280 linear residual 1.838e-07
gmres iter 290 linear residual 1.421e-07
gmres iter 300 linear residual 1.160e-07
gmres iter 310 linear residual 1.002e-07
gmres iter 320 linear residual 8.192e-08
gmres iter 330 linear residual 6.247e-08
gmres iter 340 linear residual 4.749e-08
gmres iter 350 linear residual 3.567e-08
gmres iter 360 linear residual 2.586e-08
gmres iter 370 linear residual 1.845e-08
gmres iter 380 linear residual 1.274e-08
gmres iter 390 linear residual 1.013e-08
gmres iter 400 linear residual 8.474e-09
gmres iter 410 linear residual 7.398e-09
gmres iter 420 linear residual 6.170e-09
gmres iter 430 linear residual 4.619e-09
gmres iter 440 linear residual 3.473e-09
gmres iter 450 linear residual 2.630e-09
gmres iter 460 linear residual 1.998e-09
gmres iter 470 linear residual 1.522e-09
gmres iter 480 linear residual 1.143e-09
gmres iter 490 linear residual 8.915e-10
res 2.293e-02 (F-block 1.994e-02 p-block 1.238e-01) alpha 0.125 eta 1.00e-06 iter times 498
gmres iter 10 linear residual 2.403e-04
gmres iter 20 linear residual 2.000e-04
gmres iter 30 linear residual 1.242e-04
gmres iter 40 linear residual 8.829e-05
gmres iter 50 linear residual 7.414e-05
gmres iter 60 linear residual 6.274e-05
gmres iter 70 linear residual 4.783e-05
gmres iter 80 linear residual 3.372e-05
gmres iter 90 linear residual 2.461e-05
gmres iter 100 linear residual 1.897e-05
gmres iter 110 linear residual 1.708e-05
gmres iter 120 linear residual 1.335e-05
gmres iter 130 linear residual 1.025e-05
gmres iter 140 linear residual 7.857e-06
gmres iter 150 linear residual 6.367e-06
gmres iter 160 linear residual 5.012e-06
gmres iter 170 linear residual 3.521e-06
gmres iter 180 linear residual 2.300e-06
gmres iter 190 linear residual 1.739e-06
gmres iter 200 linear residual 1.274e-06
gmres iter 210 linear residual 1.075e-06
gmres iter 220 linear residual 8.951e-07
gmres iter 230 linear residual 6.763e-07
gmres iter 240 linear residual 5.132e-07
gmres iter 250 linear residual 3.961e-07
gmres iter 260 linear residual 3.090e-07
gmres iter 270 linear residual 2.285e-07
gmres iter 280 linear residual 1.617e-07
gmres iter 290 linear residual 1.240e-07
gmres iter 300 linear residual 1.008e-07
gmres iter 310 linear residual 8.688e-08
gmres iter 320 linear residual 7.057e-08
gmres iter 330 linear residual 5.312e-08
gmres iter 340 linear residual 4.057e-08
gmres iter 350 linear residual 3.110e-08
gmres iter 360 linear residual 2.284e-08
gmres iter 370 linear residual 1.651e-08
gmres iter 380 linear residual 1.176e-08
gmres iter 390 linear residual 9.409e-09
gmres iter 400 linear residual 7.614e-09
gmres iter 410 linear residual 6.481e-09
gmres iter 420 linear residual 5.404e-09
gmres iter 430 linear residual 4.150e-09
gmres iter 440 linear residual 3.145e-09
gmres iter 450 linear residual 2.407e-09
gmres iter 460 linear residual 1.871e-09
gmres iter 470 linear residual 1.444e-09
gmres iter 480 linear residual 1.069e-09
gmres iter 490 linear residual 8.312e-10
res 2.098e-02 (F-block 1.746e-02 p-block 1.163e-01) alpha 0.125 eta 1.00e-06 iter times 494
gmres iter 10 linear residual 2.440e-04
gmres iter 20 linear residual 2.042e-04
gmres iter 30 linear residual 1.261e-04
gmres iter 40 linear residual 8.683e-05
gmres iter 50 linear residual 7.194e-05
gmres iter 60 linear residual 6.128e-05
gmres iter 70 linear residual 4.747e-05
gmres iter 80 linear residual 3.320e-05
gmres iter 90 linear residual 2.341e-05
gmres iter 100 linear residual 1.771e-05
gmres iter 110 linear residual 1.588e-05
gmres iter 120 linear residual 1.245e-05
gmres iter 130 linear residual 9.522e-06
gmres iter 140 linear residual 7.241e-06
gmres iter 150 linear residual 5.817e-06
gmres iter 160 linear residual 4.566e-06
gmres iter 170 linear residual 3.271e-06
gmres iter 180 linear residual 2.224e-06
gmres iter 190 linear residual 1.655e-06
gmres iter 200 linear residual 1.150e-06
gmres iter 210 linear residual 9.578e-07
gmres iter 220 linear residual 7.932e-07
gmres iter 230 linear residual 6.062e-07
gmres iter 240 linear residual 4.581e-07
gmres iter 250 linear residual 3.525e-07
gmres iter 260 linear residual 2.756e-07
gmres iter 270 linear residual 2.037e-07
gmres iter 280 linear residual 1.439e-07
gmres iter 290 linear residual 1.104e-07
gmres iter 300 linear residual 8.822e-08
gmres iter 310 linear residual 7.513e-08
gmres iter 320 linear residual 6.113e-08
gmres iter 330 linear residual 4.616e-08
gmres iter 340 linear residual 3.515e-08
gmres iter 350 linear residual 2.709e-08
gmres iter 360 linear residual 2.028e-08
gmres iter 370 linear residual 1.503e-08
gmres iter 380 linear residual 1.106e-08
gmres iter 390 linear residual 8.825e-09
gmres iter 400 linear residual 6.974e-09
gmres iter 410 linear residual 5.814e-09
gmres iter 420 linear residual 4.827e-09
gmres iter 430 linear residual 3.770e-09
gmres iter 440 linear residual 2.888e-09
gmres iter 450 linear residual 2.221e-09
gmres iter 460 linear residual 1.738e-09
gmres iter 470 linear residual 1.347e-09
gmres iter 480 linear residual 1.005e-09
gmres iter 490 linear residual 7.917e-10
gmres iter 500 linear residual 6.931e-10
gmres iter 510 linear residual 5.294e-10
gmres iter 520 linear residual 4.149e-10
gmres iter 530 linear residual 3.273e-10
gmres iter 540 linear residual 2.540e-10
gmres iter 550 linear residual 1.968e-10
res 1.911e-02 (F-block 1.529e-02 p-block 1.089e-01) alpha 0.125 eta 1.00e-06 iter times 552
gmres iter 10 linear residual 2.475e-04
gmres iter 20 linear residual 2.080e-04
gmres iter 30 linear residual 1.280e-04
gmres iter 40 linear residual 8.520e-05
gmres iter 50 linear residual 6.940e-05
gmres iter 60 linear residual 5.932e-05
gmres iter 70 linear residual 4.673e-05
gmres iter 80 linear residual 3.274e-05
gmres iter 90 linear residual 2.237e-05
gmres iter 100 linear residual 1.643e-05
gmres iter 110 linear residual 1.460e-05
gmres iter 120 linear residual 1.151e-05
gmres iter 130 linear residual 8.897e-06
gmres iter 140 linear residual 6.746e-06
gmres iter 150 linear residual 5.320e-06
gmres iter 160 linear residual 4.132e-06
gmres iter 170 linear residual 3.039e-06
gmres iter 180 linear residual 2.170e-06
gmres iter 190 linear residual 1.591e-06
gmres iter 200 linear residual 1.055e-06
gmres iter 210 linear residual 8.655e-07
gmres iter 220 linear residual 7.093e-07
gmres iter 230 linear residual 5.485e-07
gmres iter 240 linear residual 4.169e-07
gmres iter 250 linear residual 3.200e-07
gmres iter 260 linear residual 2.478e-07
gmres iter 270 linear residual 1.826e-07
gmres iter 280 linear residual 1.315e-07
gmres iter 290 linear residual 1.020e-07
gmres iter 300 linear residual 8.015e-08
gmres iter 310 linear residual 6.752e-08
gmres iter 320 linear residual 5.490e-08
gmres iter 330 linear residual 4.193e-08
gmres iter 340 linear residual 3.174e-08
gmres iter 350 linear residual 2.448e-08
gmres iter 360 linear residual 1.866e-08
gmres iter 370 linear residual 1.408e-08
gmres iter 380 linear residual 1.063e-08
gmres iter 390 linear residual 8.519e-09
gmres iter 400 linear residual 6.733e-09
gmres iter 410 linear residual 5.554e-09
gmres iter 420 linear residual 4.572e-09
gmres iter 430 linear residual 3.597e-09
gmres iter 440 linear residual 2.783e-09
gmres iter 450 linear residual 2.152e-09
gmres iter 460 linear residual 1.680e-09
gmres iter 470 linear residual 1.288e-09
gmres iter 480 linear residual 9.731e-10
gmres iter 490 linear residual 7.803e-10
gmres iter 500 linear residual 6.868e-10
gmres iter 510 linear residual 5.237e-10
gmres iter 520 linear residual 4.033e-10
gmres iter 530 linear residual 3.185e-10
gmres iter 540 linear residual 2.462e-10
gmres iter 550 linear residual 1.917e-10
res 3.465e-02 (F-block 1.150e-02 p-block 1.085e-01) alpha 0.25 eta 1.00e-06 iter times 551
gmres iter 10 linear residual 2.560e-04
gmres iter 20 linear residual 2.169e-04
gmres iter 30 linear residual 1.326e-04
gmres iter 40 linear residual 8.200e-05
gmres iter 50 linear residual 6.377e-05
gmres iter 60 linear residual 5.430e-05
gmres iter 70 linear residual 4.410e-05
gmres iter 80 linear residual 3.171e-05
gmres iter 90 linear residual 2.082e-05
gmres iter 100 linear residual 1.423e-05
gmres iter 110 linear residual 1.225e-05
gmres iter 120 linear residual 9.637e-06
gmres iter 130 linear residual 7.729e-06
gmres iter 140 linear residual 5.996e-06
gmres iter 150 linear residual 4.604e-06
gmres iter 160 linear residual 3.422e-06
gmres iter 170 linear residual 2.504e-06
gmres iter 180 linear residual 1.879e-06
gmres iter 190 linear residual 1.402e-06
gmres iter 200 linear residual 9.349e-07
gmres iter 210 linear residual 7.619e-07
gmres iter 220 linear residual 6.128e-07
gmres iter 230 linear residual 4.745e-07
gmres iter 240 linear residual 3.607e-07
gmres iter 250 linear residual 2.758e-07
gmres iter 260 linear residual 2.111e-07
gmres iter 270 linear residual 1.570e-07
gmres iter 280 linear residual 1.176e-07
gmres iter 290 linear residual 9.228e-08
gmres iter 300 linear residual 7.115e-08
gmres iter 310 linear residual 5.980e-08
gmres iter 320 linear residual 4.808e-08
gmres iter 330 linear residual 3.748e-08
gmres iter 340 linear residual 2.858e-08
gmres iter 350 linear residual 2.231e-08
gmres iter 360 linear residual 1.728e-08
gmres iter 370 linear residual 1.317e-08
gmres iter 380 linear residual 1.016e-08
gmres iter 390 linear residual 8.098e-09
gmres iter 400 linear residual 6.407e-09
gmres iter 410 linear residual 5.262e-09
gmres iter 420 linear residual 4.262e-09
gmres iter 430 linear residual 3.349e-09
gmres iter 440 linear residual 2.594e-09
gmres iter 450 linear residual 2.018e-09
gmres iter 460 linear residual 1.577e-09
gmres iter 470 linear residual 1.207e-09
gmres iter 480 linear residual 9.266e-10
gmres iter 490 linear residual 7.633e-10
gmres iter 500 linear residual 6.798e-10
gmres iter 510 linear residual 5.119e-10
gmres iter 520 linear residual 3.941e-10
gmres iter 530 linear residual 3.096e-10
gmres iter 540 linear residual 2.403e-10
gmres iter 550 linear residual 1.871e-10
res 2.764e-02 (F-block 8.647e-03 p-block 1.014e-01) alpha 0.25 eta 1.00e-06 iter times 550
gmres iter 10 linear residual 2.634e-04
gmres iter 20 linear residual 2.244e-04
gmres iter 30 linear residual 1.366e-04
gmres iter 40 linear residual 7.885e-05
gmres iter 50 linear residual 5.795e-05
gmres iter 60 linear residual 4.857e-05
gmres iter 70 linear residual 4.022e-05
gmres iter 80 linear residual 3.004e-05
gmres iter 90 linear residual 1.976e-05
gmres iter 100 linear residual 1.278e-05
gmres iter 110 linear residual 1.058e-05
gmres iter 120 linear residual 8.144e-06
gmres iter 130 linear residual 6.642e-06
gmres iter 140 linear residual 5.330e-06
gmres iter 150 linear residual 4.146e-06
gmres iter 160 linear residual 3.007e-06
gmres iter 170 linear residual 2.089e-06
gmres iter 180 linear residual 1.526e-06
gmres iter 190 linear residual 1.146e-06
gmres iter 200 linear residual 7.939e-07
gmres iter 210 linear residual 6.598e-07
gmres iter 220 linear residual 5.350e-07
gmres iter 230 linear residual 4.090e-07
gmres iter 240 linear residual 2.995e-07
gmres iter 250 linear residual 2.240e-07
gmres iter 260 linear residual 1.734e-07
gmres iter 270 linear residual 1.346e-07
gmres iter 280 linear residual 1.048e-07
gmres iter 290 linear residual 8.190e-08
gmres iter 300 linear residual 5.975e-08
gmres iter 310 linear residual 4.865e-08
gmres iter 320 linear residual 3.844e-08
gmres iter 330 linear residual 3.081e-08
gmres iter 340 linear residual 2.446e-08
gmres iter 350 linear residual 1.943e-08
gmres iter 360 linear residual 1.486e-08
gmres iter 370 linear residual 1.099e-08
gmres iter 380 linear residual 8.416e-09
gmres iter 390 linear residual 6.726e-09
gmres iter 400 linear residual 5.473e-09
gmres iter 410 linear residual 4.578e-09
gmres iter 420 linear residual 3.723e-09
gmres iter 430 linear residual 2.856e-09
gmres iter 440 linear residual 2.136e-09
gmres iter 450 linear residual 1.633e-09
gmres iter 460 linear residual 1.296e-09
gmres iter 470 linear residual 1.025e-09
gmres iter 480 linear residual 8.122e-10
gmres iter 490 linear residual 6.998e-10
gmres iter 500 linear residual 5.977e-10
gmres iter 510 linear residual 4.528e-10
gmres iter 520 linear residual 3.530e-10
gmres iter 530 linear residual 2.779e-10
gmres iter 540 linear residual 2.104e-10
res 2.167e-02 (F-block 6.497e-03 p-block 8.989e-02) alpha 0.25 eta 1.00e-06 iter times 545
gmres iter 10 linear residual 2.696e-04
gmres iter 20 linear residual 2.306e-04
gmres iter 30 linear residual 1.396e-04
gmres iter 40 linear residual 7.620e-05
gmres iter 50 linear residual 5.281e-05
gmres iter 60 linear residual 4.321e-05
gmres iter 70 linear residual 3.608e-05
gmres iter 80 linear residual 2.789e-05
gmres iter 90 linear residual 1.883e-05
gmres iter 100 linear residual 1.193e-05
gmres iter 110 linear residual 9.618e-06
gmres iter 120 linear residual 7.230e-06
gmres iter 130 linear residual 5.899e-06
gmres iter 140 linear residual 4.823e-06
gmres iter 150 linear residual 3.823e-06
gmres iter 160 linear residual 2.778e-06
gmres iter 170 linear residual 1.855e-06
gmres iter 180 linear residual 1.293e-06
gmres iter 190 linear residual 9.475e-07
gmres iter 200 linear residual 6.453e-07
gmres iter 210 linear residual 5.385e-07
gmres iter 220 linear residual 4.431e-07
gmres iter 230 linear residual 3.418e-07
gmres iter 240 linear residual 2.496e-07
gmres iter 250 linear residual 1.856e-07
gmres iter 260 linear residual 1.433e-07
gmres iter 270 linear residual 1.110e-07
gmres iter 280 linear residual 8.573e-08
gmres iter 290 linear residual 6.681e-08
gmres iter 300 linear residual 4.806e-08
gmres iter 310 linear residual 3.894e-08
gmres iter 320 linear residual 3.126e-08
gmres iter 330 linear residual 2.502e-08
gmres iter 340 linear residual 1.967e-08
gmres iter 350 linear residual 1.548e-08
gmres iter 360 linear residual 1.190e-08
gmres iter 370 linear residual 8.976e-09
gmres iter 380 linear residual 6.944e-09
gmres iter 390 linear residual 5.476e-09
gmres iter 400 linear residual 4.407e-09
gmres iter 410 linear residual 3.689e-09
gmres iter 420 linear residual 3.000e-09
gmres iter 430 linear residual 2.353e-09
gmres iter 440 linear residual 1.769e-09
gmres iter 450 linear residual 1.340e-09
gmres iter 460 linear residual 1.047e-09
gmres iter 470 linear residual 8.190e-10
res 3.352e-02 (F-block 3.274e-03 p-block 8.277e-02) alpha 0.5 eta 1.00e-06 iter times 474
gmres iter 10 linear residual 2.856e-04
gmres iter 20 linear residual 2.463e-04
gmres iter 30 linear residual 1.509e-04
gmres iter 40 linear residual 7.551e-05
gmres iter 50 linear residual 4.669e-05
gmres iter 60 linear residual 3.584e-05
gmres iter 70 linear residual 2.977e-05
gmres iter 80 linear residual 2.412e-05
gmres iter 90 linear residual 1.742e-05
gmres iter 100 linear residual 1.136e-05
gmres iter 110 linear residual 9.041e-06
gmres iter 120 linear residual 6.759e-06
gmres iter 130 linear residual 5.513e-06
gmres iter 140 linear residual 4.538e-06
gmres iter 150 linear residual 3.601e-06
gmres iter 160 linear residual 2.604e-06
gmres iter 170 linear residual 1.662e-06
gmres iter 180 linear residual 1.130e-06
gmres iter 190 linear residual 8.236e-07
gmres iter 200 linear residual 5.377e-07
gmres iter 210 linear residual 4.493e-07
gmres iter 220 linear residual 3.758e-07
gmres iter 230 linear residual 2.992e-07
gmres iter 240 linear residual 2.244e-07
gmres iter 250 linear residual 1.652e-07
gmres iter 260 linear residual 1.206e-07
gmres iter 270 linear residual 8.569e-08
gmres iter 280 linear residual 6.219e-08
gmres iter 290 linear residual 4.767e-08
gmres iter 300 linear residual 3.667e-08
gmres iter 310 linear residual 3.169e-08
gmres iter 320 linear residual 2.667e-08
gmres iter 330 linear residual 2.089e-08
gmres iter 340 linear residual 1.508e-08
gmres iter 350 linear residual 1.082e-08
gmres iter 360 linear residual 8.077e-09
gmres iter 370 linear residual 6.164e-09
gmres iter 380 linear residual 5.025e-09
gmres iter 390 linear residual 3.983e-09
gmres iter 400 linear residual 3.140e-09
gmres iter 410 linear residual 2.638e-09
gmres iter 420 linear residual 2.151e-09
gmres iter 430 linear residual 1.772e-09
gmres iter 440 linear residual 1.372e-09
gmres iter 450 linear residual 1.033e-09
gmres iter 460 linear residual 7.510e-10
res 3.519e-02 (F-block 1.148e-04 p-block 4.732e-02) alpha 1 eta 1.00e-06 iter times 460
gmres iter 10 linear residual 9.913e-04
gmres iter 20 linear residual 3.830e-04
gmres iter 30 linear residual 3.422e-04
gmres iter 40 linear residual 2.209e-04
gmres iter 50 linear residual 1.094e-04
gmres iter 60 linear residual 6.165e-05
gmres iter 70 linear residual 4.467e-05
gmres iter 80 linear residual 3.687e-05
gmres iter 90 linear residual 3.070e-05
gmres iter 100 linear residual 2.319e-05
gmres iter 110 linear residual 1.986e-05
gmres iter 120 linear residual 1.583e-05
gmres iter 130 linear residual 1.327e-05
gmres iter 140 linear residual 1.025e-05
gmres iter 150 linear residual 6.898e-06
gmres iter 160 linear residual 4.283e-06
gmres iter 170 linear residual 3.023e-06
gmres iter 180 linear residual 2.437e-06
gmres iter 190 linear residual 1.919e-06
gmres iter 200 linear residual 1.570e-06
gmres iter 210 linear residual 1.391e-06
gmres iter 220 linear residual 1.104e-06
gmres iter 230 linear residual 8.817e-07
gmres iter 240 linear residual 6.456e-07
gmres iter 250 linear residual 4.321e-07
gmres iter 260 linear residual 3.000e-07
gmres iter 270 linear residual 2.349e-07
gmres iter 280 linear residual 1.886e-07
gmres iter 290 linear residual 1.539e-07
gmres iter 300 linear residual 1.190e-07
gmres iter 310 linear residual 9.837e-08
gmres iter 320 linear residual 7.998e-08
gmres iter 330 linear residual 6.497e-08
gmres iter 340 linear residual 5.178e-08
gmres iter 350 linear residual 3.787e-08
gmres iter 360 linear residual 2.664e-08
gmres iter 370 linear residual 1.923e-08
gmres iter 380 linear residual 1.484e-08
gmres iter 390 linear residual 1.174e-08
gmres iter 400 linear residual 9.966e-09
gmres iter 410 linear residual 8.703e-09
gmres iter 420 linear residual 7.116e-09
gmres iter 430 linear residual 5.675e-09
gmres iter 440 linear residual 4.147e-09
gmres iter 450 linear residual 2.879e-09
gmres iter 460 linear residual 2.074e-09
gmres iter 470 linear residual 1.634e-09
gmres iter 480 linear residual 1.301e-09
gmres iter 490 linear residual 1.060e-09
gmres iter 500 linear residual 8.569e-10
res 2.243e-03 (F-block 8.891e-07 p-block 3.645e-04) alpha 1 eta 1.00e-06 iter times 507
gmres iter 10 linear residual 9.503e-04
gmres iter 20 linear residual 6.902e-04
gmres iter 30 linear residual 3.711e-04
gmres iter 40 linear residual 1.540e-04
gmres iter 50 linear residual 9.810e-05
gmres iter 60 linear residual 7.849e-05
gmres iter 70 linear residual 6.590e-05
gmres iter 80 linear residual 5.104e-05
gmres iter 90 linear residual 3.515e-05
gmres iter 100 linear residual 2.274e-05
gmres iter 110 linear residual 1.743e-05
gmres iter 120 linear residual 1.323e-05
gmres iter 130 linear residual 1.061e-05
gmres iter 140 linear residual 8.777e-06
gmres iter 150 linear residual 7.092e-06
gmres iter 160 linear residual 5.070e-06
gmres iter 170 linear residual 3.238e-06
gmres iter 180 linear residual 2.142e-06
gmres iter 190 linear residual 1.406e-06
gmres iter 200 linear residual 9.699e-07
gmres iter 210 linear residual 8.257e-07
gmres iter 220 linear residual 6.985e-07
gmres iter 230 linear residual 5.595e-07
gmres iter 240 linear residual 4.168e-07
gmres iter 250 linear residual 2.917e-07
gmres iter 260 linear residual 2.076e-07
gmres iter 270 linear residual 1.457e-07
gmres iter 280 linear residual 1.112e-07
gmres iter 290 linear residual 8.590e-08
gmres iter 300 linear residual 6.632e-08
gmres iter 310 linear residual 5.706e-08
gmres iter 320 linear residual 4.680e-08
gmres iter 330 linear residual 3.693e-08
gmres iter 340 linear residual 2.676e-08
gmres iter 350 linear residual 1.994e-08
gmres iter 360 linear residual 1.450e-08
gmres iter 370 linear residual 1.116e-08
gmres iter 380 linear residual 8.919e-09
gmres iter 390 linear residual 7.059e-09
gmres iter 400 linear residual 5.678e-09
gmres iter 410 linear residual 4.798e-09
gmres iter 420 linear residual 3.930e-09
gmres iter 430 linear residual 3.138e-09
gmres iter 440 linear residual 2.427e-09
gmres iter 450 linear residual 1.818e-09
gmres iter 460 linear residual 1.385e-09
gmres iter 470 linear residual 1.014e-09
gmres iter 480 linear residual 7.923e-10
res 2.567e-05 (F-block 1.737e-10 p-block 1.108e-07) alpha 1 eta 1.00e-06 iter times 483
time this step...652.7725110054016
now P is...
[[ 2.03779113e+00  4.94045919e-04 -1.70848339e-03]
 [ 5.97381093e-04 -4.41804068e-09  1.81043289e-02]
 [-1.67198097e-03  1.81682897e-02 -4.44624675e-09]]
now F is...
[[ 1.20000000e+00  6.23045638e-16  7.12814536e-16]
 [ 3.99383643e-16  9.20480456e-01 -1.28202418e-16]
 [-5.45932635e-16 -1.36781295e-16  9.20202254e-01]]
intermediate results saved (2 increments in output.csv)
this increment is 0.1 (target 0.30000000000000004) ------------------------
gmres iter 10 linear residual 3.857e-05
gmres iter 20 linear residual 2.403e-05
gmres iter 30 linear residual 1.800e-05
gmres iter 40 linear residual 9.435e-06
gmres iter 50 linear residual 5.862e-06
gmres iter 60 linear residual 4.392e-06
gmres iter 70 linear residual 3.402e-06
gmres iter 80 linear residual 2.501e-06
gmres iter 90 linear residual 1.735e-06
gmres iter 100 linear residual 1.272e-06
gmres iter 110 linear residual 1.080e-06
gmres iter 120 linear residual 8.740e-07
gmres iter 130 linear residual 6.738e-07
gmres iter 140 linear residual 5.031e-07
gmres iter 150 linear residual 3.722e-07
gmres iter 160 linear residual 2.621e-07
gmres iter 170 linear residual 1.815e-07
gmres iter 180 linear residual 1.354e-07
gmres iter 190 linear residual 9.588e-08
gmres iter 200 linear residual 7.080e-08
gmres iter 210 linear residual 6.043e-08
gmres iter 220 linear residual 4.957e-08
gmres iter 230 linear residual 3.812e-08
gmres iter 240 linear residual 2.790e-08
gmres iter 250 linear residual 2.016e-08
gmres iter 260 linear residual 1.447e-08
gmres iter 270 linear residual 1.041e-08
gmres iter 280 linear residual 7.973e-09
gmres iter 290 linear residual 6.082e-09
gmres iter 300 linear residual 4.798e-09
gmres iter 310 linear residual 4.092e-09
gmres iter 320 linear residual 3.245e-09
gmres iter 330 linear residual 2.519e-09
gmres iter 340 linear residual 1.875e-09
gmres iter 350 linear residual 1.379e-09
gmres iter 360 linear residual 9.900e-10
res 1.146e-01 (F-block 8.741e-01 p-block 7.766e-01) alpha 0.125 eta 1.00e-06 iter times 366
gmres iter 10 linear residual 2.911e-05
gmres iter 20 linear residual 1.639e-05
gmres iter 30 linear residual 1.299e-05
gmres iter 40 linear residual 7.721e-06
gmres iter 50 linear residual 5.533e-06
gmres iter 60 linear residual 4.510e-06
gmres iter 70 linear residual 3.533e-06
gmres iter 80 linear residual 2.530e-06
gmres iter 90 linear residual 1.755e-06
gmres iter 100 linear residual 1.312e-06
gmres iter 110 linear residual 1.155e-06
gmres iter 120 linear residual 8.913e-07
gmres iter 130 linear residual 6.798e-07
gmres iter 140 linear residual 5.139e-07
gmres iter 150 linear residual 4.022e-07
gmres iter 160 linear residual 2.923e-07
gmres iter 170 linear residual 1.913e-07
gmres iter 180 linear residual 1.358e-07
gmres iter 190 linear residual 9.447e-08
gmres iter 200 linear residual 6.789e-08
gmres iter 210 linear residual 5.787e-08
gmres iter 220 linear residual 4.754e-08
gmres iter 230 linear residual 3.638e-08
gmres iter 240 linear residual 2.596e-08
gmres iter 250 linear residual 1.899e-08
gmres iter 260 linear residual 1.392e-08
gmres iter 270 linear residual 9.595e-09
gmres iter 280 linear residual 6.857e-09
gmres iter 290 linear residual 5.032e-09
gmres iter 300 linear residual 4.025e-09
gmres iter 310 linear residual 3.495e-09
gmres iter 320 linear residual 2.813e-09
gmres iter 330 linear residual 2.184e-09
gmres iter 340 linear residual 1.618e-09
gmres iter 350 linear residual 1.239e-09
gmres iter 360 linear residual 9.232e-10
res 1.301e-01 (F-block 6.525e-01 p-block 7.626e-01) alpha 0.25 eta 1.00e-06 iter times 364
gmres iter 10 linear residual 1.816e-05
gmres iter 20 linear residual 4.910e-06
gmres iter 30 linear residual 4.187e-06
gmres iter 40 linear residual 3.117e-06
gmres iter 50 linear residual 2.533e-06
gmres iter 60 linear residual 2.137e-06
gmres iter 70 linear residual 1.678e-06
gmres iter 80 linear residual 1.295e-06
gmres iter 90 linear residual 9.991e-07
gmres iter 100 linear residual 7.563e-07
gmres iter 110 linear residual 6.664e-07
gmres iter 120 linear residual 5.296e-07
gmres iter 130 linear residual 4.321e-07
gmres iter 140 linear residual 3.308e-07
gmres iter 150 linear residual 2.540e-07
gmres iter 160 linear residual 1.796e-07
gmres iter 170 linear residual 1.153e-07
gmres iter 180 linear residual 8.768e-08
gmres iter 190 linear residual 6.930e-08
gmres iter 200 linear residual 5.590e-08
gmres iter 210 linear residual 4.886e-08
gmres iter 220 linear residual 4.080e-08
gmres iter 230 linear residual 3.138e-08
gmres iter 240 linear residual 2.015e-08
gmres iter 250 linear residual 1.361e-08
gmres iter 260 linear residual 1.030e-08
gmres iter 270 linear residual 7.975e-09
gmres iter 280 linear residual 6.171e-09
gmres iter 290 linear residual 4.772e-09
gmres iter 300 linear residual 3.958e-09
gmres iter 310 linear residual 3.454e-09
gmres iter 320 linear residual 2.743e-09
gmres iter 330 linear residual 2.161e-09
gmres iter 340 linear residual 1.673e-09
gmres iter 350 linear residual 1.264e-09
gmres iter 360 linear residual 8.322e-10
res 1.101e-01 (F-block 3.873e-02 p-block 2.073e-01) alpha 1 eta 1.00e-06 iter times 361
gmres iter 10 linear residual 2.221e-04
gmres iter 20 linear residual 1.749e-04
gmres iter 30 linear residual 1.158e-04
gmres iter 40 linear residual 9.347e-05
gmres iter 50 linear residual 7.964e-05
gmres iter 60 linear residual 6.397e-05
gmres iter 70 linear residual 4.999e-05
gmres iter 80 linear residual 3.959e-05
gmres iter 90 linear residual 3.090e-05
gmres iter 100 linear residual 2.335e-05
gmres iter 110 linear residual 2.092e-05
gmres iter 120 linear residual 1.660e-05
gmres iter 130 linear residual 1.385e-05
gmres iter 140 linear residual 1.113e-05
gmres iter 150 linear residual 8.887e-06
gmres iter 160 linear residual 7.028e-06
gmres iter 170 linear residual 5.233e-06
gmres iter 180 linear residual 3.518e-06
gmres iter 190 linear residual 2.642e-06
gmres iter 200 linear residual 2.058e-06
gmres iter 210 linear residual 1.813e-06
gmres iter 220 linear residual 1.502e-06
gmres iter 230 linear residual 1.105e-06
gmres iter 240 linear residual 8.421e-07
gmres iter 250 linear residual 6.666e-07
gmres iter 260 linear residual 5.208e-07
gmres iter 270 linear residual 4.024e-07
gmres iter 280 linear residual 3.015e-07
gmres iter 290 linear residual 2.319e-07
gmres iter 300 linear residual 1.886e-07
gmres iter 310 linear residual 1.631e-07
gmres iter 320 linear residual 1.304e-07
gmres iter 330 linear residual 1.021e-07
gmres iter 340 linear residual 7.911e-08
gmres iter 350 linear residual 5.938e-08
gmres iter 360 linear residual 4.357e-08
gmres iter 370 linear residual 3.083e-08
gmres iter 380 linear residual 2.106e-08
gmres iter 390 linear residual 1.648e-08
gmres iter 400 linear residual 1.442e-08
gmres iter 410 linear residual 1.294e-08
gmres iter 420 linear residual 1.062e-08
gmres iter 430 linear residual 7.870e-09
gmres iter 440 linear residual 5.901e-09
gmres iter 450 linear residual 4.429e-09
gmres iter 460 linear residual 3.292e-09
gmres iter 470 linear residual 2.531e-09
gmres iter 480 linear residual 2.007e-09
gmres iter 490 linear residual 1.649e-09
gmres iter 500 linear residual 1.375e-09
gmres iter 510 linear residual 1.202e-09
gmres iter 520 linear residual 9.890e-10
gmres iter 530 linear residual 8.074e-10
res 6.251e-02 (F-block 2.919e-02 p-block 2.075e-01) alpha 0.25 eta 1.00e-06 iter times 533
gmres iter 10 linear residual 2.337e-04
gmres iter 20 linear residual 1.877e-04
gmres iter 30 linear residual 1.218e-04
gmres iter 40 linear residual 9.475e-05
gmres iter 50 linear residual 8.127e-05
gmres iter 60 linear residual 6.619e-05
gmres iter 70 linear residual 5.025e-05
gmres iter 80 linear residual 3.881e-05
gmres iter 90 linear residual 3.049e-05
gmres iter 100 linear residual 2.323e-05
gmres iter 110 linear residual 2.074e-05
gmres iter 120 linear residual 1.657e-05
gmres iter 130 linear residual 1.368e-05
gmres iter 140 linear residual 1.078e-05
gmres iter 150 linear residual 8.592e-06
gmres iter 160 linear residual 6.862e-06
gmres iter 170 linear residual 5.064e-06
gmres iter 180 linear residual 3.341e-06
gmres iter 190 linear residual 2.498e-06
gmres iter 200 linear residual 1.943e-06
gmres iter 210 linear residual 1.702e-06
gmres iter 220 linear residual 1.414e-06
gmres iter 230 linear residual 1.043e-06
gmres iter 240 linear residual 8.047e-07
gmres iter 250 linear residual 6.315e-07
gmres iter 260 linear residual 4.844e-07
gmres iter 270 linear residual 3.655e-07
gmres iter 280 linear residual 2.749e-07
gmres iter 290 linear residual 2.168e-07
gmres iter 300 linear residual 1.783e-07
gmres iter 310 linear residual 1.550e-07
gmres iter 320 linear residual 1.274e-07
gmres iter 330 linear residual 1.003e-07
gmres iter 340 linear residual 7.581e-08
gmres iter 350 linear residual 5.659e-08
gmres iter 360 linear residual 4.153e-08
gmres iter 370 linear residual 2.995e-08
gmres iter 380 linear residual 2.070e-08
gmres iter 390 linear residual 1.624e-08
gmres iter 400 linear residual 1.423e-08
gmres iter 410 linear residual 1.282e-08
gmres iter 420 linear residual 1.069e-08
gmres iter 430 linear residual 7.915e-09
gmres iter 440 linear residual 5.975e-09
gmres iter 450 linear residual 4.514e-09
gmres iter 460 linear residual 3.385e-09
gmres iter 470 linear residual 2.604e-09
gmres iter 480 linear residual 2.063e-09
gmres iter 490 linear residual 1.687e-09
gmres iter 500 linear residual 1.409e-09
gmres iter 510 linear residual 1.209e-09
gmres iter 520 linear residual 1.016e-09
gmres iter 530 linear residual 8.290e-10
gmres iter 540 linear residual 7.047e-10
gmres iter 550 linear residual 6.109e-10
gmres iter 560 linear residual 5.332e-10
gmres iter 570 linear residual 4.306e-10
gmres iter 580 linear residual 2.749e-10
gmres iter 590 linear residual 2.010e-10
res 5.336e-02 (F-block 2.200e-02 p-block 2.043e-01) alpha 0.25 eta 1.00e-06 iter times 593
gmres iter 10 linear residual 2.455e-04
gmres iter 20 linear residual 2.005e-04
gmres iter 30 linear residual 1.281e-04
gmres iter 40 linear residual 9.500e-05
gmres iter 50 linear residual 8.102e-05
gmres iter 60 linear residual 6.742e-05
gmres iter 70 linear residual 5.078e-05
gmres iter 80 linear residual 3.753e-05
gmres iter 90 linear residual 2.893e-05
gmres iter 100 linear residual 2.249e-05
gmres iter 110 linear residual 2.024e-05
gmres iter 120 linear residual 1.607e-05
gmres iter 130 linear residual 1.291e-05
gmres iter 140 linear residual 1.008e-05
gmres iter 150 linear residual 8.131e-06
gmres iter 160 linear residual 6.469e-06
gmres iter 170 linear residual 4.648e-06
gmres iter 180 linear residual 3.037e-06
gmres iter 190 linear residual 2.297e-06
gmres iter 200 linear residual 1.769e-06
gmres iter 210 linear residual 1.528e-06
gmres iter 220 linear residual 1.276e-06
gmres iter 230 linear residual 9.581e-07
gmres iter 240 linear residual 7.423e-07
gmres iter 250 linear residual 5.784e-07
gmres iter 260 linear residual 4.411e-07
gmres iter 270 linear residual 3.271e-07
gmres iter 280 linear residual 2.397e-07
gmres iter 290 linear residual 1.870e-07
gmres iter 300 linear residual 1.536e-07
gmres iter 310 linear residual 1.332e-07
gmres iter 320 linear residual 1.098e-07
gmres iter 330 linear residual 8.545e-08
gmres iter 340 linear residual 6.564e-08
gmres iter 350 linear residual 4.970e-08
gmres iter 360 linear residual 3.694e-08
gmres iter 370 linear residual 2.708e-08
gmres iter 380 linear residual 1.935e-08
gmres iter 390 linear residual 1.543e-08
gmres iter 400 linear residual 1.314e-08
gmres iter 410 linear residual 1.158e-08
gmres iter 420 linear residual 9.770e-09
gmres iter 430 linear residual 7.532e-09
gmres iter 440 linear residual 5.863e-09
gmres iter 450 linear residual 4.557e-09
gmres iter 460 linear residual 3.501e-09
gmres iter 470 linear residual 2.707e-09
gmres iter 480 linear residual 2.076e-09
gmres iter 490 linear residual 1.656e-09
gmres iter 500 linear residual 1.366e-09
gmres iter 510 linear residual 1.179e-09
gmres iter 520 linear residual 9.595e-10
gmres iter 530 linear residual 7.751e-10
gmres iter 540 linear residual 6.939e-10
gmres iter 550 linear residual 5.905e-10
gmres iter 560 linear residual 5.062e-10
gmres iter 570 linear residual 3.556e-10
gmres iter 580 linear residual 2.439e-10
res 4.508e-02 (F-block 1.658e-02 p-block 1.957e-01) alpha 0.25 eta 1.00e-06 iter times 589
gmres iter 10 linear residual 2.570e-04
gmres iter 20 linear residual 2.129e-04
gmres iter 30 linear residual 1.342e-04
gmres iter 40 linear residual 9.416e-05
gmres iter 50 linear residual 7.885e-05
gmres iter 60 linear residual 6.670e-05
gmres iter 70 linear residual 5.102e-05
gmres iter 80 linear residual 3.642e-05
gmres iter 90 linear residual 2.673e-05
gmres iter 100 linear residual 2.073e-05
gmres iter 110 linear residual 1.870e-05
gmres iter 120 linear residual 1.474e-05
gmres iter 130 linear residual 1.147e-05
gmres iter 140 linear residual 8.889e-06
gmres iter 150 linear residual 7.240e-06
gmres iter 160 linear residual 5.720e-06
gmres iter 170 linear residual 4.010e-06
gmres iter 180 linear residual 2.655e-06
gmres iter 190 linear residual 2.022e-06
gmres iter 200 linear residual 1.505e-06
gmres iter 210 linear residual 1.279e-06
gmres iter 220 linear residual 1.068e-06
gmres iter 230 linear residual 8.193e-07
gmres iter 240 linear residual 6.244e-07
gmres iter 250 linear residual 4.857e-07
gmres iter 260 linear residual 3.790e-07
gmres iter 270 linear residual 2.818e-07
gmres iter 280 linear residual 1.969e-07
gmres iter 290 linear residual 1.506e-07
gmres iter 300 linear residual 1.220e-07
gmres iter 310 linear residual 1.072e-07
gmres iter 320 linear residual 8.562e-08
gmres iter 330 linear residual 6.604e-08
gmres iter 340 linear residual 5.201e-08
gmres iter 350 linear residual 4.103e-08
gmres iter 360 linear residual 3.134e-08
gmres iter 370 linear residual 2.352e-08
gmres iter 380 linear residual 1.753e-08
gmres iter 390 linear residual 1.417e-08
gmres iter 400 linear residual 1.148e-08
gmres iter 410 linear residual 9.694e-09
gmres iter 420 linear residual 8.104e-09
gmres iter 430 linear residual 6.435e-09
gmres iter 440 linear residual 5.069e-09
gmres iter 450 linear residual 4.024e-09
gmres iter 460 linear residual 3.218e-09
gmres iter 470 linear residual 2.543e-09
gmres iter 480 linear residual 1.910e-09
gmres iter 490 linear residual 1.506e-09
gmres iter 500 linear residual 1.227e-09
gmres iter 510 linear residual 1.055e-09
gmres iter 520 linear residual 8.377e-10
res 3.748e-02 (F-block 1.249e-02 p-block 1.819e-01) alpha 0.25 eta 1.00e-06 iter times 525
gmres iter 10 linear residual 2.678e-04
gmres iter 20 linear residual 2.242e-04
gmres iter 30 linear residual 1.397e-04
gmres iter 40 linear residual 9.239e-05
gmres iter 50 linear residual 7.511e-05
gmres iter 60 linear residual 6.396e-05
gmres iter 70 linear residual 5.017e-05
gmres iter 80 linear residual 3.552e-05
gmres iter 90 linear residual 2.465e-05
gmres iter 100 linear residual 1.846e-05
gmres iter 110 linear residual 1.647e-05
gmres iter 120 linear residual 1.304e-05
gmres iter 130 linear residual 1.015e-05
gmres iter 140 linear residual 7.795e-06
gmres iter 150 linear residual 6.233e-06
gmres iter 160 linear residual 4.885e-06
gmres iter 170 linear residual 3.548e-06
gmres iter 180 linear residual 2.512e-06
gmres iter 190 linear residual 1.852e-06
gmres iter 200 linear residual 1.270e-06
gmres iter 210 linear residual 1.058e-06
gmres iter 220 linear residual 8.745e-07
gmres iter 230 linear residual 6.879e-07
gmres iter 240 linear residual 5.259e-07
gmres iter 250 linear residual 4.088e-07
gmres iter 260 linear residual 3.201e-07
gmres iter 270 linear residual 2.394e-07
gmres iter 280 linear residual 1.712e-07
gmres iter 290 linear residual 1.333e-07
gmres iter 300 linear residual 1.044e-07
gmres iter 310 linear residual 9.110e-08
gmres iter 320 linear residual 7.239e-08
gmres iter 330 linear residual 5.670e-08
gmres iter 340 linear residual 4.457e-08
gmres iter 350 linear residual 3.540e-08
gmres iter 360 linear residual 2.810e-08
gmres iter 370 linear residual 2.192e-08
gmres iter 380 linear residual 1.692e-08
gmres iter 390 linear residual 1.373e-08
gmres iter 400 linear residual 1.076e-08
gmres iter 410 linear residual 8.808e-09
gmres iter 420 linear residual 7.209e-09
gmres iter 430 linear residual 5.760e-09
gmres iter 440 linear residual 4.577e-09
gmres iter 450 linear residual 3.666e-09
gmres iter 460 linear residual 2.941e-09
gmres iter 470 linear residual 2.320e-09
gmres iter 480 linear residual 1.786e-09
gmres iter 490 linear residual 1.442e-09
gmres iter 500 linear residual 1.146e-09
gmres iter 510 linear residual 9.465e-10
gmres iter 520 linear residual 7.719e-10
gmres iter 530 linear residual 6.824e-10
gmres iter 540 linear residual 6.033e-10
gmres iter 550 linear residual 4.337e-10
gmres iter 560 linear residual 3.177e-10
gmres iter 570 linear residual 2.653e-10
gmres iter 580 linear residual 2.190e-10
res 3.054e-02 (F-block 9.397e-03 p-block 1.635e-01) alpha 0.25 eta 1.00e-06 iter times 587
gmres iter 10 linear residual 2.776e-04
gmres iter 20 linear residual 2.339e-04
gmres iter 30 linear residual 1.441e-04
gmres iter 40 linear residual 9.005e-05
gmres iter 50 linear residual 7.049e-05
gmres iter 60 linear residual 5.987e-05
gmres iter 70 linear residual 4.804e-05
gmres iter 80 linear residual 3.450e-05
gmres iter 90 linear residual 2.311e-05
gmres iter 100 linear residual 1.648e-05
gmres iter 110 linear residual 1.440e-05
gmres iter 120 linear residual 1.142e-05
gmres iter 130 linear residual 9.106e-06
gmres iter 140 linear residual 7.054e-06
gmres iter 150 linear residual 5.501e-06
gmres iter 160 linear residual 4.201e-06
gmres iter 170 linear residual 3.093e-06
gmres iter 180 linear residual 2.309e-06
gmres iter 190 linear residual 1.706e-06
gmres iter 200 linear residual 1.146e-06
gmres iter 210 linear residual 9.392e-07
gmres iter 220 linear residual 7.662e-07
gmres iter 230 linear residual 6.098e-07
gmres iter 240 linear residual 4.732e-07
gmres iter 250 linear residual 3.703e-07
gmres iter 260 linear residual 2.895e-07
gmres iter 270 linear residual 2.184e-07
gmres iter 280 linear residual 1.629e-07
gmres iter 290 linear residual 1.280e-07
gmres iter 300 linear residual 9.780e-08
gmres iter 310 linear residual 8.392e-08
gmres iter 320 linear residual 6.718e-08
gmres iter 330 linear residual 5.344e-08
gmres iter 340 linear residual 4.184e-08
gmres iter 350 linear residual 3.319e-08
gmres iter 360 linear residual 2.663e-08
gmres iter 370 linear residual 2.087e-08
gmres iter 380 linear residual 1.648e-08
gmres iter 390 linear residual 1.324e-08
gmres iter 400 linear residual 1.041e-08
gmres iter 410 linear residual 8.533e-09
gmres iter 420 linear residual 6.945e-09
gmres iter 430 linear residual 5.551e-09
gmres iter 440 linear residual 4.408e-09
gmres iter 450 linear residual 3.538e-09
gmres iter 460 linear residual 2.820e-09
gmres iter 470 linear residual 2.196e-09
gmres iter 480 linear residual 1.724e-09
gmres iter 490 linear residual 1.403e-09
gmres iter 500 linear residual 1.109e-09
gmres iter 510 linear residual 9.291e-10
gmres iter 520 linear residual 7.643e-10
gmres iter 530 linear residual 6.822e-10
gmres iter 540 linear residual 5.658e-10
gmres iter 550 linear residual 4.027e-10
gmres iter 560 linear residual 3.181e-10
gmres iter 570 linear residual 2.672e-10
gmres iter 580 linear residual 2.085e-10
res 2.436e-02 (F-block 7.068e-03 p-block 1.419e-01) alpha 0.25 eta 1.00e-06 iter times 584
gmres iter 10 linear residual 2.860e-04
gmres iter 20 linear residual 2.417e-04
gmres iter 30 linear residual 1.474e-04
gmres iter 40 linear residual 8.766e-05
gmres iter 50 linear residual 6.592e-05
gmres iter 60 linear residual 5.549e-05
gmres iter 70 linear residual 4.526e-05
gmres iter 80 linear residual 3.326e-05
gmres iter 90 linear residual 2.207e-05
gmres iter 100 linear residual 1.513e-05
gmres iter 110 linear residual 1.294e-05
gmres iter 120 linear residual 1.021e-05
gmres iter 130 linear residual 8.298e-06
gmres iter 140 linear residual 6.567e-06
gmres iter 150 linear residual 5.098e-06
gmres iter 160 linear residual 3.793e-06
gmres iter 170 linear residual 2.721e-06
gmres iter 180 linear residual 2.052e-06
gmres iter 190 linear residual 1.560e-06
gmres iter 200 linear residual 1.068e-06
gmres iter 210 linear residual 8.798e-07
gmres iter 220 linear residual 7.183e-07
gmres iter 230 linear residual 5.702e-07
gmres iter 240 linear residual 4.406e-07
gmres iter 250 linear residual 3.434e-07
gmres iter 260 linear residual 2.696e-07
gmres iter 270 linear residual 2.080e-07
gmres iter 280 linear residual 1.602e-07
gmres iter 290 linear residual 1.254e-07
gmres iter 300 linear residual 9.301e-08
gmres iter 310 linear residual 7.742e-08
gmres iter 320 linear residual 6.231e-08
gmres iter 330 linear residual 5.021e-08
gmres iter 340 linear residual 3.980e-08
gmres iter 350 linear residual 3.181e-08
gmres iter 360 linear residual 2.532e-08
gmres iter 370 linear residual 1.954e-08
gmres iter 380 linear residual 1.551e-08
gmres iter 390 linear residual 1.234e-08
gmres iter 400 linear residual 9.892e-09
gmres iter 410 linear residual 8.279e-09
gmres iter 420 linear residual 6.745e-09
gmres iter 430 linear residual 5.410e-09
gmres iter 440 linear residual 4.250e-09
gmres iter 450 linear residual 3.374e-09
gmres iter 460 linear residual 2.693e-09
gmres iter 470 linear residual 2.111e-09
gmres iter 480 linear residual 1.682e-09
gmres iter 490 linear residual 1.354e-09
gmres iter 500 linear residual 1.077e-09
gmres iter 510 linear residual 8.951e-10
gmres iter 520 linear residual 7.564e-10
gmres iter 530 linear residual 6.658e-10
gmres iter 540 linear residual 5.334e-10
gmres iter 550 linear residual 3.890e-10
gmres iter 560 linear residual 3.199e-10
gmres iter 570 linear residual 2.626e-10
gmres iter 580 linear residual 1.943e-10
res 3.814e-02 (F-block 3.579e-03 p-block 1.255e-01) alpha 0.5 eta 1.00e-06 iter times 581
gmres iter 10 linear residual 3.107e-04
gmres iter 20 linear residual 2.613e-04
gmres iter 30 linear residual 1.588e-04
gmres iter 40 linear residual 8.661e-05
gmres iter 50 linear residual 6.023e-05
gmres iter 60 linear residual 4.940e-05
gmres iter 70 linear residual 4.105e-05
gmres iter 80 linear residual 3.159e-05
gmres iter 90 linear residual 2.147e-05
gmres iter 100 linear residual 1.433e-05
gmres iter 110 linear residual 1.181e-05
gmres iter 120 linear residual 9.307e-06
gmres iter 130 linear residual 7.730e-06
gmres iter 140 linear residual 6.322e-06
gmres iter 150 linear residual 5.111e-06
gmres iter 160 linear residual 3.674e-06
gmres iter 170 linear residual 2.446e-06
gmres iter 180 linear residual 1.809e-06
gmres iter 190 linear residual 1.413e-06
gmres iter 200 linear residual 9.809e-07
gmres iter 210 linear residual 8.255e-07
gmres iter 220 linear residual 6.870e-07
gmres iter 230 linear residual 5.420e-07
gmres iter 240 linear residual 4.103e-07
gmres iter 250 linear residual 3.137e-07
gmres iter 260 linear residual 2.458e-07
gmres iter 270 linear residual 1.912e-07
gmres iter 280 linear residual 1.506e-07
gmres iter 290 linear residual 1.143e-07
gmres iter 300 linear residual 8.187e-08
gmres iter 310 linear residual 6.702e-08
gmres iter 320 linear residual 5.379e-08
gmres iter 330 linear residual 4.418e-08
gmres iter 340 linear residual 3.535e-08
gmres iter 350 linear residual 2.822e-08
gmres iter 360 linear residual 2.179e-08
gmres iter 370 linear residual 1.620e-08
gmres iter 380 linear residual 1.289e-08
gmres iter 390 linear residual 1.024e-08
gmres iter 400 linear residual 8.415e-09
gmres iter 410 linear residual 7.274e-09
gmres iter 420 linear residual 5.993e-09
gmres iter 430 linear residual 4.810e-09
gmres iter 440 linear residual 3.656e-09
gmres iter 450 linear residual 2.848e-09
gmres iter 460 linear residual 2.237e-09
gmres iter 470 linear residual 1.769e-09
gmres iter 480 linear residual 1.428e-09
gmres iter 490 linear residual 1.121e-09
gmres iter 500 linear residual 8.829e-10
gmres iter 510 linear residual 7.424e-10
gmres iter 520 linear residual 5.873e-10
gmres iter 530 linear residual 4.801e-10
gmres iter 540 linear residual 3.896e-10
gmres iter 550 linear residual 3.130e-10
gmres iter 560 linear residual 2.429e-10
res 4.078e-02 (F-block 1.836e-04 p-block 7.060e-02) alpha 1 eta 1.00e-06 iter times 568
gmres iter 10 linear residual 1.031e-03
gmres iter 20 linear residual 3.382e-04
gmres iter 30 linear residual 2.986e-04
gmres iter 40 linear residual 1.834e-04
gmres iter 50 linear residual 9.645e-05
gmres iter 60 linear residual 6.322e-05
gmres iter 70 linear residual 5.045e-05
gmres iter 80 linear residual 4.235e-05
gmres iter 90 linear residual 3.349e-05
gmres iter 100 linear residual 2.346e-05
gmres iter 110 linear residual 1.957e-05
gmres iter 120 linear residual 1.522e-05
gmres iter 130 linear residual 1.297e-05
gmres iter 140 linear residual 1.074e-05
gmres iter 150 linear residual 7.983e-06
gmres iter 160 linear residual 5.282e-06
gmres iter 170 linear residual 3.718e-06
gmres iter 180 linear residual 2.928e-06
gmres iter 190 linear residual 2.299e-06
gmres iter 200 linear residual 1.905e-06
gmres iter 210 linear residual 1.721e-06
gmres iter 220 linear residual 1.382e-06
gmres iter 230 linear residual 1.099e-06
gmres iter 240 linear residual 8.136e-07
gmres iter 250 linear residual 5.736e-07
gmres iter 260 linear residual 4.281e-07
gmres iter 270 linear residual 3.572e-07
gmres iter 280 linear residual 2.950e-07
gmres iter 290 linear residual 2.334e-07
gmres iter 300 linear residual 1.714e-07
gmres iter 310 linear residual 1.371e-07
gmres iter 320 linear residual 1.088e-07
gmres iter 330 linear residual 9.022e-08
gmres iter 340 linear residual 7.616e-08
gmres iter 350 linear residual 5.948e-08
gmres iter 360 linear residual 4.357e-08
gmres iter 370 linear residual 3.223e-08
gmres iter 380 linear residual 2.494e-08
gmres iter 390 linear residual 2.025e-08
gmres iter 400 linear residual 1.737e-08
gmres iter 410 linear residual 1.584e-08
gmres iter 420 linear residual 1.282e-08
gmres iter 430 linear residual 1.017e-08
gmres iter 440 linear residual 7.535e-09
gmres iter 450 linear residual 5.445e-09
gmres iter 460 linear residual 4.145e-09
gmres iter 470 linear residual 3.461e-09
gmres iter 480 linear residual 2.839e-09
gmres iter 490 linear residual 2.277e-09
gmres iter 500 linear residual 1.723e-09
gmres iter 510 linear residual 1.368e-09
gmres iter 520 linear residual 1.092e-09
gmres iter 530 linear residual 8.993e-10
gmres iter 540 linear residual 7.575e-10
gmres iter 550 linear residual 6.802e-10
gmres iter 560 linear residual 5.802e-10
gmres iter 570 linear residual 4.818e-10
gmres iter 580 linear residual 3.941e-10
gmres iter 590 linear residual 2.452e-10
gmres iter 600 linear residual 1.913e-10
res 3.052e-03 (F-block 2.574e-06 p-block 7.261e-04) alpha 1 eta 1.00e-06 iter times 601
gmres iter 10 linear residual 7.388e-04
gmres iter 20 linear residual 6.603e-04
gmres iter 30 linear residual 3.452e-04
gmres iter 40 linear residual 1.702e-04
gmres iter 50 linear residual 1.201e-04
gmres iter 60 linear residual 9.994e-05
gmres iter 70 linear residual 8.253e-05
gmres iter 80 linear residual 6.039e-05
gmres iter 90 linear residual 4.041e-05
gmres iter 100 linear residual 2.787e-05
gmres iter 110 linear residual 2.292e-05
gmres iter 120 linear residual 1.850e-05
gmres iter 130 linear residual 1.507e-05
gmres iter 140 linear residual 1.219e-05
gmres iter 150 linear residual 9.409e-06
gmres iter 160 linear residual 6.545e-06
gmres iter 170 linear residual 4.323e-06
gmres iter 180 linear residual 3.223e-06
gmres iter 190 linear residual 2.416e-06
gmres iter 200 linear residual 1.846e-06
gmres iter 210 linear residual 1.600e-06
gmres iter 220 linear residual 1.318e-06
gmres iter 230 linear residual 1.030e-06
gmres iter 240 linear residual 7.711e-07
gmres iter 250 linear residual 5.855e-07
gmres iter 260 linear residual 4.669e-07
gmres iter 270 linear residual 3.691e-07
gmres iter 280 linear residual 2.929e-07
gmres iter 290 linear residual 2.162e-07
gmres iter 300 linear residual 1.620e-07
gmres iter 310 linear residual 1.331e-07
gmres iter 320 linear residual 1.048e-07
gmres iter 330 linear residual 8.521e-08
gmres iter 340 linear residual 6.999e-08
gmres iter 350 linear residual 5.807e-08
gmres iter 360 linear residual 4.385e-08
gmres iter 370 linear residual 3.242e-08
gmres iter 380 linear residual 2.507e-08
gmres iter 390 linear residual 1.981e-08
gmres iter 400 linear residual 1.655e-08
gmres iter 410 linear residual 1.439e-08
gmres iter 420 linear residual 1.186e-08
gmres iter 430 linear residual 9.322e-09
gmres iter 440 linear residual 7.019e-09
gmres iter 450 linear residual 5.413e-09
gmres iter 460 linear residual 4.382e-09
gmres iter 470 linear residual 3.573e-09
gmres iter 480 linear residual 2.896e-09
gmres iter 490 linear residual 2.224e-09
gmres iter 500 linear residual 1.771e-09
gmres iter 510 linear residual 1.472e-09
gmres iter 520 linear residual 1.172e-09
gmres iter 530 linear residual 9.516e-10
gmres iter 540 linear residual 7.822e-10
gmres iter 550 linear residual 6.982e-10
gmres iter 560 linear residual 5.971e-10
gmres iter 570 linear residual 4.965e-10
gmres iter 580 linear residual 4.155e-10
gmres iter 590 linear residual 2.950e-10
gmres iter 600 linear residual 2.160e-10
res 6.425e-05 (F-block 1.681e-09 p-block 5.193e-07) alpha 1 eta 1.00e-06 iter times 603
time this step...461.3875107765198
now P is...
[[ 2.82751978e+00  4.11057164e-04 -1.90008673e-03]
 [ 6.33445813e-04 -4.11501072e-08  2.61945874e-02]
 [-1.84223201e-03  2.62997939e-02 -3.72497251e-08]]
now F is...
[[ 1.30000000e+00  7.78404564e-16  5.30682954e-18]
 [-1.47994954e-16  8.90142480e-01  3.32071877e-16]
 [-2.60094275e-16 -6.78342504e-16  8.89638952e-01]]
intermediate results saved (3 increments in output.csv)
finish!
solver stats are saved to solver_stats.json
F and P are saved to output.csv
