---------------------------------------------
-- mixed FFT based solver, by WANG Mingchuan
---------------------------------------------
gmres restart length: 100
Ghat4 is formed (fourier discretization)...
this increment is 0.1 (target 0.1) ------------------------
gmres iter 10 linear residual 4.520e-05
gmres iter 20 linear residual 2.349e-05
gmres iter 30 linear residual 1.764e-05
gmres iter 40 linear residual 8.829e-06
gmres iter 50 linear residual 5.895e-06
gmres iter 60 linear residual 4.306e-06
gmres iter 70 linear residual 3.465e-06
gmres iter 80 linear residual 2.581e-06
gmres iter 90 linear residual 1.761e-06
gmres iter 100 linear residual 1.215e-06
gmres iter 110 linear residual 8.509e-07
gmres iter 120 linear residual 6.007e-07
res 1.079e-01 (F-block 8.741e-01 p-block 7.726e-01) alpha 0.125 eta 1.00e-02 iter times 124
gmres iter 10 linear residual 3.563e-05
gmres iter 20 linear residual 1.612e-05
gmres iter 30 linear residual 1.286e-05
gmres iter 40 linear residual 8.245e-06
gmres iter 50 linear residual 5.900e-06
gmres iter 60 linear residual 5.092e-06
gmres iter 70 linear residual 4.050e-06
gmres iter 80 linear residual 2.586e-06
gmres iter 90 linear residual 1.621e-06
gmres iter 100 linear residual 1.104e-06
gmres iter 110 linear residual 8.757e-07
gmres iter 120 linear residual 6.941e-07
gmres iter 130 linear residual 5.031e-07
res 1.270e-01 (F-block 6.525e-01 p-block 6.412e-01) alpha 0.25 eta 1.00e-02 iter times 130
gmres iter 10 linear residual 2.523e-05
res 2.838e-02 (F-block 3.895e-02 p-block 2.852e-02) alpha 1 eta 1.00e-02 iter times 13
gmres iter 10 linear residual 1.621e-04
gmres iter 20 linear residual 1.378e-04
gmres iter 30 linear residual 8.554e-05
gmres iter 40 linear residual 6.176e-05
gmres iter 50 linear residual 5.202e-05
gmres iter 60 linear residual 4.175e-05
gmres iter 70 linear residual 3.001e-05
gmres iter 80 linear residual 2.197e-05
gmres iter 90 linear residual 1.676e-05
gmres iter 100 linear residual 1.285e-05
gmres iter 110 linear residual 1.126e-05
gmres iter 120 linear residual 8.910e-06
gmres iter 130 linear residual 6.957e-06
gmres iter 140 linear residual 5.328e-06
gmres iter 150 linear residual 4.133e-06
gmres iter 160 linear residual 3.262e-06
gmres iter 170 linear residual 2.281e-06
res 4.921e-02 (F-block 2.927e-02 p-block 3.524e-02) alpha 0.25 eta 2.51e-03 iter times 176
gmres iter 10 linear residual 1.978e-04
gmres iter 20 linear residual 1.576e-04
gmres iter 30 linear residual 9.230e-05
gmres iter 40 linear residual 6.033e-05
gmres iter 50 linear residual 4.998e-05
gmres iter 60 linear residual 4.156e-05
gmres iter 70 linear residual 3.048e-05
gmres iter 80 linear residual 2.119e-05
gmres iter 90 linear residual 1.530e-05
gmres iter 100 linear residual 1.171e-05
gmres iter 110 linear residual 9.415e-06
gmres iter 120 linear residual 8.220e-06
gmres iter 130 linear residual 6.314e-06
gmres iter 140 linear residual 4.914e-06
gmres iter 150 linear residual 3.584e-06
res 2.043e-02 (F-block 2.562e-02 p-block 3.727e-02) alpha 0.125 eta 1.00e-02 iter times 150
gmres iter 10 linear residual 2.020e-04
gmres iter 20 linear residual 1.608e-04
gmres iter 30 linear residual 9.430e-05
gmres iter 40 linear residual 5.939e-05
gmres iter 50 linear residual 4.853e-05
gmres iter 60 linear residual 4.080e-05
gmres iter 70 linear residual 3.067e-05
gmres iter 80 linear residual 2.111e-05
gmres iter 90 linear residual 1.461e-05
gmres iter 100 linear residual 1.090e-05
gmres iter 110 linear residual 8.856e-06
gmres iter 120 linear residual 7.793e-06
gmres iter 130 linear residual 5.899e-06
gmres iter 140 linear residual 4.491e-06
res 1.866e-02 (F-block 2.242e-02 p-block 3.867e-02) alpha 0.125 eta 1.00e-02 iter times 149
gmres iter 10 linear residual 2.377e-04
gmres iter 20 linear residual 1.624e-04
gmres iter 30 linear residual 9.710e-05
gmres iter 40 linear residual 5.871e-05
gmres iter 50 linear residual 4.676e-05
gmres iter 60 linear residual 3.936e-05
gmres iter 70 linear residual 3.022e-05
gmres iter 80 linear residual 2.090e-05
gmres iter 90 linear residual 1.401e-05
gmres iter 100 linear residual 1.006e-05
gmres iter 110 linear residual 8.307e-06
gmres iter 120 linear residual 7.091e-06
gmres iter 130 linear residual 5.374e-06
gmres iter 140 linear residual 4.019e-06
res 1.697e-02 (F-block 1.963e-02 p-block 3.935e-02) alpha 0.125 eta 1.00e-02 iter times 148
gmres iter 10 linear residual 2.436e-04
gmres iter 20 linear residual 1.651e-04
gmres iter 30 linear residual 9.887e-05
gmres iter 40 linear residual 5.777e-05
gmres iter 50 linear residual 4.472e-05
gmres iter 60 linear residual 3.761e-05
gmres iter 70 linear residual 2.953e-05
gmres iter 80 linear residual 2.078e-05
gmres iter 90 linear residual 1.362e-05
gmres iter 100 linear residual 9.350e-06
gmres iter 110 linear residual 7.685e-06
gmres iter 120 linear residual 6.337e-06
gmres iter 130 linear residual 4.884e-06
gmres iter 140 linear residual 3.681e-06
gmres iter 150 linear residual 2.661e-06
gmres iter 160 linear residual 2.028e-06
gmres iter 170 linear residual 1.532e-06
gmres iter 180 linear residual 1.123e-06
gmres iter 190 linear residual 8.042e-07
gmres iter 200 linear residual 6.025e-07
res 1.538e-02 (F-block 1.718e-02 p-block 3.937e-02) alpha 0.125 eta 1.00e-02 iter times 205
gmres iter 10 linear residual 3.310e-04
gmres iter 20 linear residual 1.676e-04
gmres iter 30 linear residual 1.016e-04
gmres iter 40 linear residual 5.809e-05
gmres iter 50 linear residual 4.328e-05
gmres iter 60 linear residual 3.642e-05
gmres iter 70 linear residual 2.954e-05
gmres iter 80 linear residual 2.161e-05
gmres iter 90 linear residual 1.416e-05
gmres iter 100 linear residual 9.247e-06
gmres iter 110 linear residual 7.371e-06
gmres iter 120 linear residual 5.858e-06
gmres iter 130 linear residual 4.637e-06
gmres iter 140 linear residual 3.584e-06
gmres iter 150 linear residual 2.678e-06
gmres iter 160 linear residual 1.969e-06
gmres iter 170 linear residual 1.405e-06
gmres iter 180 linear residual 1.021e-06
gmres iter 190 linear residual 7.641e-07
gmres iter 200 linear residual 5.608e-07
res 1.387e-02 (F-block 1.504e-02 p-block 3.874e-02) alpha 0.125 eta 1.00e-02 iter times 204
gmres iter 10 linear residual 3.356e-04
gmres iter 20 linear residual 1.702e-04
gmres iter 30 linear residual 1.031e-04
gmres iter 40 linear residual 5.710e-05
gmres iter 50 linear residual 4.119e-05
gmres iter 60 linear residual 3.431e-05
gmres iter 70 linear residual 2.814e-05
gmres iter 80 linear residual 2.109e-05
gmres iter 90 linear residual 1.394e-05
gmres iter 100 linear residual 8.832e-06
gmres iter 110 linear residual 6.650e-06
gmres iter 120 linear residual 5.317e-06
gmres iter 130 linear residual 4.231e-06
gmres iter 140 linear residual 3.362e-06
gmres iter 150 linear residual 2.600e-06
gmres iter 160 linear residual 1.854e-06
gmres iter 170 linear residual 1.256e-06
gmres iter 180 linear residual 8.768e-07
gmres iter 190 linear residual 6.783e-07
gmres iter 200 linear residual 4.783e-07
res 1.246e-02 (F-block 1.316e-02 p-block 3.758e-02) alpha 0.125 eta 1.00e-02 iter times 200
gmres iter 10 linear residual 3.394e-04
gmres iter 20 linear residual 1.725e-04
gmres iter 30 linear residual 1.042e-04
gmres iter 40 linear residual 5.614e-05
gmres iter 50 linear residual 3.911e-05
gmres iter 60 linear residual 3.214e-05
gmres iter 70 linear residual 2.655e-05
gmres iter 80 linear residual 2.034e-05
gmres iter 90 linear residual 1.368e-05
gmres iter 100 linear residual 8.522e-06
gmres iter 110 linear residual 6.349e-06
gmres iter 120 linear residual 4.882e-06
gmres iter 130 linear residual 3.887e-06
gmres iter 140 linear residual 3.150e-06
gmres iter 150 linear residual 2.490e-06
gmres iter 160 linear residual 1.774e-06
gmres iter 170 linear residual 1.150e-06
gmres iter 180 linear residual 7.682e-07
gmres iter 190 linear residual 5.783e-07
res 1.115e-02 (F-block 1.152e-02 p-block 3.597e-02) alpha 0.125 eta 1.00e-02 iter times 196
gmres iter 10 linear residual 3.983e-04
gmres iter 20 linear residual 1.765e-04
gmres iter 30 linear residual 1.148e-04
gmres iter 40 linear residual 5.824e-05
gmres iter 50 linear residual 3.822e-05
gmres iter 60 linear residual 3.056e-05
gmres iter 70 linear residual 2.538e-05
gmres iter 80 linear residual 2.004e-05
gmres iter 90 linear residual 1.399e-05
gmres iter 100 linear residual 8.736e-06
gmres iter 110 linear residual 6.612e-06
gmres iter 120 linear residual 4.854e-06
gmres iter 130 linear residual 3.884e-06
gmres iter 140 linear residual 3.168e-06
gmres iter 150 linear residual 2.540e-06
gmres iter 160 linear residual 1.806e-06
gmres iter 170 linear residual 1.132e-06
gmres iter 180 linear residual 7.281e-07
gmres iter 190 linear residual 5.210e-07
res 9.945e-03 (F-block 1.008e-02 p-block 3.405e-02) alpha 0.125 eta 1.00e-02 iter times 191
gmres iter 10 linear residual 2.582e-04
gmres iter 20 linear residual 1.734e-04
gmres iter 30 linear residual 1.098e-04
gmres iter 40 linear residual 5.562e-05
gmres iter 50 linear residual 3.578e-05
gmres iter 60 linear residual 2.819e-05
gmres iter 70 linear residual 2.335e-05
gmres iter 80 linear residual 1.862e-05
gmres iter 90 linear residual 1.322e-05
gmres iter 100 linear residual 8.498e-06
gmres iter 110 linear residual 6.625e-06
gmres iter 120 linear residual 4.806e-06
gmres iter 130 linear residual 3.911e-06
gmres iter 140 linear residual 3.173e-06
gmres iter 150 linear residual 2.502e-06
gmres iter 160 linear residual 1.691e-06
gmres iter 170 linear residual 1.031e-06
gmres iter 180 linear residual 6.675e-07
res 1.769e-02 (F-block 7.565e-03 p-block 3.416e-02) alpha 0.25 eta 1.00e-02 iter times 186
gmres iter 10 linear residual 2.098e-04
gmres iter 20 linear residual 1.696e-04
gmres iter 30 linear residual 9.841e-05
gmres iter 40 linear residual 4.868e-05
gmres iter 50 linear residual 3.052e-05
gmres iter 60 linear residual 2.345e-05
gmres iter 70 linear residual 1.925e-05
gmres iter 80 linear residual 1.557e-05
gmres iter 90 linear residual 1.132e-05
gmres iter 100 linear residual 8.488e-06
gmres iter 110 linear residual 6.592e-06
gmres iter 120 linear residual 5.349e-06
gmres iter 130 linear residual 4.314e-06
gmres iter 140 linear residual 3.308e-06
gmres iter 150 linear residual 2.145e-06
gmres iter 160 linear residual 1.277e-06
gmres iter 170 linear residual 7.923e-07
res 1.365e-02 (F-block 5.677e-03 p-block 3.111e-02) alpha 0.25 eta 1.00e-02 iter times 177
gmres iter 10 linear residual 2.154e-04
gmres iter 20 linear residual 1.728e-04
gmres iter 30 linear residual 9.995e-05
gmres iter 40 linear residual 4.770e-05
gmres iter 50 linear residual 2.805e-05
gmres iter 60 linear residual 2.047e-05
gmres iter 70 linear residual 1.647e-05
gmres iter 80 linear residual 1.350e-05
gmres iter 90 linear residual 1.027e-05
gmres iter 100 linear residual 8.743e-06
gmres iter 110 linear residual 6.915e-06
gmres iter 120 linear residual 5.611e-06
gmres iter 130 linear residual 4.202e-06
gmres iter 140 linear residual 2.785e-06
gmres iter 150 linear residual 1.548e-06
gmres iter 160 linear residual 8.910e-07
gmres iter 170 linear residual 6.669e-07
res 2.090e-02 (F-block 2.845e-03 p-block 2.933e-02) alpha 0.5 eta 1.00e-02 iter times 171
gmres iter 10 linear residual 2.429e-04
gmres iter 20 linear residual 1.807e-04
gmres iter 30 linear residual 1.020e-04
gmres iter 40 linear residual 4.783e-05
gmres iter 50 linear residual 2.548e-05
gmres iter 60 linear residual 1.678e-05
gmres iter 70 linear residual 1.270e-05
gmres iter 80 linear residual 1.137e-05
gmres iter 90 linear residual 9.193e-06
gmres iter 100 linear residual 6.649e-06
gmres iter 110 linear residual 4.271e-06
gmres iter 120 linear residual 2.848e-06
gmres iter 130 linear residual 1.823e-06
gmres iter 140 linear residual 1.037e-06
res 2.169e-02 (F-block 3.774e-05 p-block 1.583e-02) alpha 1 eta 1.00e-02 iter times 149
gmres iter 10 linear residual 9.739e-04
gmres iter 20 linear residual 4.486e-04
gmres iter 30 linear residual 4.021e-04
gmres iter 40 linear residual 2.673e-04
gmres iter 50 linear residual 1.302e-04
gmres iter 60 linear residual 6.530e-05
gmres iter 70 linear residual 4.002e-05
gmres iter 80 linear residual 2.872e-05
gmres iter 90 linear residual 2.269e-05
gmres iter 100 linear residual 1.812e-05
gmres iter 110 linear residual 1.597e-05
gmres iter 120 linear residual 1.312e-05
gmres iter 130 linear residual 1.013e-05
gmres iter 140 linear residual 6.887e-06
res 8.563e-04 (F-block 3.359e-07 p-block 4.214e-05) alpha 1 eta 1.00e-02 iter times 141
gmres iter 10 linear residual 6.390e-04
gmres iter 20 linear residual 4.786e-04
gmres iter 30 linear residual 3.836e-04
gmres iter 40 linear residual 3.276e-04
gmres iter 50 linear residual 2.379e-04
gmres iter 60 linear residual 1.444e-04
gmres iter 70 linear residual 9.001e-05
gmres iter 80 linear residual 6.398e-05
gmres iter 90 linear residual 4.276e-05
gmres iter 100 linear residual 2.962e-05
gmres iter 110 linear residual 2.232e-05
gmres iter 120 linear residual 1.764e-05
gmres iter 130 linear residual 1.365e-05
gmres iter 140 linear residual 1.082e-05
gmres iter 150 linear residual 7.712e-06
gmres iter 160 linear residual 4.843e-06
gmres iter 170 linear residual 3.274e-06
gmres iter 180 linear residual 2.358e-06
gmres iter 190 linear residual 1.602e-06
gmres iter 200 linear residual 1.101e-06
gmres iter 210 linear residual 8.315e-07
gmres iter 220 linear residual 7.065e-07
gmres iter 230 linear residual 5.866e-07
gmres iter 240 linear residual 4.662e-07
gmres iter 250 linear residual 3.530e-07
gmres iter 260 linear residual 2.125e-07
gmres iter 270 linear residual 1.432e-07
gmres iter 280 linear residual 1.039e-07
res 7.052e-06 (F-block 3.038e-11 p-block 1.818e-09) alpha 1 eta 1.00e-03 iter times 287
time this step...587.9214601516724
now P is...
[[ 1.11487068e+00  3.13833486e-04 -1.11608145e-03]
 [ 3.36023791e-04 -4.16655447e-10  9.49570975e-03]
 [-1.10526787e-03  9.50802535e-03 -4.43790589e-10]]
now F is...
[[1.10000000e+00 2.48004840e-16 1.66846124e-15]
 [4.26066859e-16 9.56572417e-01 3.07080586e-17]
 [4.53771192e-16 1.53340914e-16 9.56428750e-01]]
intermediate results saved (1 increments in output.csv)
this increment is 0.1 (target 0.2) ------------------------
gmres iter 10 linear residual 4.141e-05
gmres iter 20 linear residual 2.377e-05
gmres iter 30 linear residual 1.784e-05
gmres iter 40 linear residual 9.083e-06
gmres iter 50 linear residual 6.315e-06
gmres iter 60 linear residual 4.595e-06
gmres iter 70 linear residual 3.758e-06
gmres iter 80 linear residual 2.841e-06
gmres iter 90 linear residual 1.936e-06
gmres iter 100 linear residual 1.372e-06
gmres iter 110 linear residual 9.762e-07
gmres iter 120 linear residual 7.006e-07
res 1.122e-01 (F-block 8.741e-01 p-block 7.732e-01) alpha 0.125 eta 1.00e-02 iter times 127
gmres iter 10 linear residual 3.196e-05
gmres iter 20 linear residual 1.628e-05
gmres iter 30 linear residual 1.297e-05
gmres iter 40 linear residual 8.286e-06
gmres iter 50 linear residual 6.043e-06
gmres iter 60 linear residual 5.242e-06
gmres iter 70 linear residual 4.113e-06
gmres iter 80 linear residual 2.658e-06
gmres iter 90 linear residual 1.686e-06
gmres iter 100 linear residual 1.191e-06
gmres iter 110 linear residual 9.476e-07
gmres iter 120 linear residual 7.533e-07
gmres iter 130 linear residual 5.509e-07
res 1.299e-01 (F-block 6.525e-01 p-block 6.970e-01) alpha 0.25 eta 1.00e-02 iter times 132
gmres iter 10 linear residual 2.128e-05
res 2.709e-02 (F-block 3.850e-02 p-block 4.263e-02) alpha 1 eta 1.00e-02 iter times 13
gmres iter 10 linear residual 1.634e-04
gmres iter 20 linear residual 1.382e-04
gmres iter 30 linear residual 8.670e-05
gmres iter 40 linear residual 6.330e-05
gmres iter 50 linear residual 5.349e-05
gmres iter 60 linear residual 4.318e-05
gmres iter 70 linear residual 3.158e-05
gmres iter 80 linear residual 2.358e-05
gmres iter 90 linear residual 1.816e-05
gmres iter 100 linear residual 1.399e-05
gmres iter 110 linear residual 1.251e-05
gmres iter 120 linear residual 9.884e-06
gmres iter 130 linear residual 7.864e-06
gmres iter 140 linear residual 6.105e-06
gmres iter 150 linear residual 4.782e-06
gmres iter 160 linear residual 3.755e-06
gmres iter 170 linear residual 2.721e-06
res 4.971e-02 (F-block 2.893e-02 p-block 3.910e-02) alpha 0.25 eta 3.26e-03 iter times 174
gmres iter 10 linear residual 1.951e-04
gmres iter 20 linear residual 1.590e-04
gmres iter 30 linear residual 9.690e-05
gmres iter 40 linear residual 6.302e-05
gmres iter 50 linear residual 5.205e-05
gmres iter 60 linear residual 4.344e-05
gmres iter 70 linear residual 3.217e-05
gmres iter 80 linear residual 2.301e-05
gmres iter 90 linear residual 1.699e-05
gmres iter 100 linear residual 1.308e-05
gmres iter 110 linear residual 1.057e-05
gmres iter 120 linear residual 9.007e-06
gmres iter 130 linear residual 7.200e-06
gmres iter 140 linear residual 5.633e-06
gmres iter 150 linear residual 4.267e-06
res 2.067e-02 (F-block 2.533e-02 p-block 4.068e-02) alpha 0.125 eta 1.00e-02 iter times 153
gmres iter 10 linear residual 2.203e-04
gmres iter 20 linear residual 1.615e-04
gmres iter 30 linear residual 9.908e-05
gmres iter 40 linear residual 6.216e-05
gmres iter 50 linear residual 5.055e-05
gmres iter 60 linear residual 4.239e-05
gmres iter 70 linear residual 3.200e-05
gmres iter 80 linear residual 2.262e-05
gmres iter 90 linear residual 1.625e-05
gmres iter 100 linear residual 1.232e-05
gmres iter 110 linear residual 1.028e-05
gmres iter 120 linear residual 8.631e-06
gmres iter 130 linear residual 6.799e-06
gmres iter 140 linear residual 5.199e-06
gmres iter 150 linear residual 3.917e-06
res 1.890e-02 (F-block 2.217e-02 p-block 4.199e-02) alpha 0.125 eta 1.00e-02 iter times 151
gmres iter 10 linear residual 2.277e-04
gmres iter 20 linear residual 1.641e-04
gmres iter 30 linear residual 1.006e-04
gmres iter 40 linear residual 6.127e-05
gmres iter 50 linear residual 4.903e-05
gmres iter 60 linear residual 4.137e-05
gmres iter 70 linear residual 3.189e-05
gmres iter 80 linear residual 2.259e-05
gmres iter 90 linear residual 1.573e-05
gmres iter 100 linear residual 1.158e-05
gmres iter 110 linear residual 9.593e-06
gmres iter 120 linear residual 8.087e-06
gmres iter 130 linear residual 6.355e-06
gmres iter 140 linear residual 4.766e-06
gmres iter 150 linear residual 3.605e-06
res 1.721e-02 (F-block 1.940e-02 p-block 4.276e-02) alpha 0.125 eta 1.00e-02 iter times 150
gmres iter 10 linear residual 2.335e-04
gmres iter 20 linear residual 1.666e-04
gmres iter 30 linear residual 1.024e-04
gmres iter 40 linear residual 6.049e-05
gmres iter 50 linear residual 4.738e-05
gmres iter 60 linear residual 4.005e-05
gmres iter 70 linear residual 3.146e-05
gmres iter 80 linear residual 2.249e-05
gmres iter 90 linear residual 1.529e-05
gmres iter 100 linear residual 1.086e-05
gmres iter 110 linear residual 8.860e-06
gmres iter 120 linear residual 7.475e-06
gmres iter 130 linear residual 5.894e-06
gmres iter 140 linear residual 4.412e-06
gmres iter 150 linear residual 3.327e-06
res 1.560e-02 (F-block 1.698e-02 p-block 4.286e-02) alpha 0.125 eta 1.00e-02 iter times 150
gmres iter 10 linear residual 3.155e-04
gmres iter 20 linear residual 1.683e-04
gmres iter 30 linear residual 1.042e-04
gmres iter 40 linear residual 6.126e-05
gmres iter 50 linear residual 4.629e-05
gmres iter 60 linear residual 3.922e-05
gmres iter 70 linear residual 3.162e-05
gmres iter 80 linear residual 2.315e-05
gmres iter 90 linear residual 1.558e-05
gmres iter 100 linear residual 1.061e-05
gmres iter 110 linear residual 8.666e-06
gmres iter 120 linear residual 7.052e-06
gmres iter 130 linear residual 5.576e-06
gmres iter 140 linear residual 4.313e-06
gmres iter 150 linear residual 3.227e-06
res 1.407e-02 (F-block 1.487e-02 p-block 4.232e-02) alpha 0.125 eta 1.00e-02 iter times 150
gmres iter 10 linear residual 3.206e-04
gmres iter 20 linear residual 1.710e-04
gmres iter 30 linear residual 1.059e-04
gmres iter 40 linear residual 6.055e-05
gmres iter 50 linear residual 4.453e-05
gmres iter 60 linear residual 3.750e-05
gmres iter 70 linear residual 3.057e-05
gmres iter 80 linear residual 2.275e-05
gmres iter 90 linear residual 1.527e-05
gmres iter 100 linear residual 1.009e-05
gmres iter 110 linear residual 8.068e-06
gmres iter 120 linear residual 6.448e-06
gmres iter 130 linear residual 5.144e-06
gmres iter 140 linear residual 4.044e-06
gmres iter 150 linear residual 3.047e-06
res 1.265e-02 (F-block 1.301e-02 p-block 4.118e-02) alpha 0.125 eta 1.00e-02 iter times 150
gmres iter 10 linear residual 3.837e-04
gmres iter 20 linear residual 1.762e-04
gmres iter 30 linear residual 1.181e-04
gmres iter 40 linear residual 6.300e-05
gmres iter 50 linear residual 4.405e-05
gmres iter 60 linear residual 3.648e-05
gmres iter 70 linear residual 3.017e-05
gmres iter 80 linear residual 2.313e-05
gmres iter 90 linear residual 1.575e-05
gmres iter 100 linear residual 1.017e-05
gmres iter 110 linear residual 7.950e-06
gmres iter 120 linear residual 6.149e-06
gmres iter 130 linear residual 4.955e-06
gmres iter 140 linear residual 3.949e-06
gmres iter 150 linear residual 3.073e-06
res 1.132e-02 (F-block 1.139e-02 p-block 3.955e-02) alpha 0.125 eta 1.00e-02 iter times 150
gmres iter 10 linear residual 3.869e-04
gmres iter 20 linear residual 1.780e-04
gmres iter 30 linear residual 1.192e-04
gmres iter 40 linear residual 6.228e-05
gmres iter 50 linear residual 4.237e-05
gmres iter 60 linear residual 3.469e-05
gmres iter 70 linear residual 2.878e-05
gmres iter 80 linear residual 2.237e-05
gmres iter 90 linear residual 1.538e-05
gmres iter 100 linear residual 9.811e-06
gmres iter 110 linear residual 7.306e-06
gmres iter 120 linear residual 5.756e-06
gmres iter 130 linear residual 4.633e-06
gmres iter 140 linear residual 3.737e-06
gmres iter 150 linear residual 2.958e-06
gmres iter 160 linear residual 2.180e-06
gmres iter 170 linear residual 1.500e-06
gmres iter 180 linear residual 1.064e-06
gmres iter 190 linear residual 8.118e-07
gmres iter 200 linear residual 5.879e-07
res 1.012e-02 (F-block 9.966e-03 p-block 3.757e-02) alpha 0.125 eta 1.00e-02 iter times 204
gmres iter 10 linear residual 2.530e-04
gmres iter 20 linear residual 1.745e-04
gmres iter 30 linear residual 1.145e-04
gmres iter 40 linear residual 5.994e-05
gmres iter 50 linear residual 4.021e-05
gmres iter 60 linear residual 3.269e-05
gmres iter 70 linear residual 2.710e-05
gmres iter 80 linear residual 2.124e-05
gmres iter 90 linear residual 1.474e-05
gmres iter 100 linear residual 9.323e-06
gmres iter 110 linear residual 7.273e-06
gmres iter 120 linear residual 5.518e-06
gmres iter 130 linear residual 4.496e-06
gmres iter 140 linear residual 3.682e-06
gmres iter 150 linear residual 2.922e-06
gmres iter 160 linear residual 2.073e-06
gmres iter 170 linear residual 1.347e-06
gmres iter 180 linear residual 9.404e-07
gmres iter 190 linear residual 7.076e-07
res 9.003e-03 (F-block 8.722e-03 p-block 3.531e-02) alpha 0.125 eta 1.00e-02 iter times 197
gmres iter 10 linear residual 2.062e-04
gmres iter 20 linear residual 1.696e-04
gmres iter 30 linear residual 1.054e-04
gmres iter 40 linear residual 5.562e-05
gmres iter 50 linear residual 3.754e-05
gmres iter 60 linear residual 3.045e-05
gmres iter 70 linear residual 2.520e-05
gmres iter 80 linear residual 1.978e-05
gmres iter 90 linear residual 1.370e-05
gmres iter 100 linear residual 9.713e-06
gmres iter 110 linear residual 7.004e-06
gmres iter 120 linear residual 5.540e-06
gmres iter 130 linear residual 4.569e-06
gmres iter 140 linear residual 3.757e-06
gmres iter 150 linear residual 2.866e-06
gmres iter 160 linear residual 1.861e-06
gmres iter 170 linear residual 1.170e-06
gmres iter 180 linear residual 8.436e-07
res 1.597e-02 (F-block 6.546e-03 p-block 3.460e-02) alpha 0.25 eta 1.00e-02 iter times 189
gmres iter 10 linear residual 2.112e-04
gmres iter 20 linear residual 1.706e-04
gmres iter 30 linear residual 1.031e-04
gmres iter 40 linear residual 5.307e-05
gmres iter 50 linear residual 3.460e-05
gmres iter 60 linear residual 2.753e-05
gmres iter 70 linear residual 2.274e-05
gmres iter 80 linear residual 1.813e-05
gmres iter 90 linear residual 1.285e-05
gmres iter 100 linear residual 9.748e-06
gmres iter 110 linear residual 6.947e-06
gmres iter 120 linear residual 5.587e-06
gmres iter 130 linear residual 4.609e-06
gmres iter 140 linear residual 3.749e-06
gmres iter 150 linear residual 2.706e-06
gmres iter 160 linear residual 1.711e-06
gmres iter 170 linear residual 1.078e-06
gmres iter 180 linear residual 7.843e-07
res 1.227e-02 (F-block 4.913e-03 p-block 3.100e-02) alpha 0.25 eta 1.00e-02 iter times 186
gmres iter 10 linear residual 2.139e-04
gmres iter 20 linear residual 1.736e-04
gmres iter 30 linear residual 1.045e-04
gmres iter 40 linear residual 5.247e-05
gmres iter 50 linear residual 3.306e-05
gmres iter 60 linear residual 2.577e-05
gmres iter 70 linear residual 2.121e-05
gmres iter 80 linear residual 1.715e-05
gmres iter 90 linear residual 1.367e-05
gmres iter 100 linear residual 1.084e-05
gmres iter 110 linear residual 8.810e-06
gmres iter 120 linear residual 7.265e-06
gmres iter 130 linear residual 5.354e-06
gmres iter 140 linear residual 3.542e-06
gmres iter 150 linear residual 2.078e-06
gmres iter 160 linear residual 1.444e-06
gmres iter 170 linear residual 1.145e-06
gmres iter 180 linear residual 8.992e-07
res 1.872e-02 (F-block 2.463e-03 p-block 2.797e-02) alpha 0.5 eta 1.00e-02 iter times 182
gmres iter 10 linear residual 2.402e-04
gmres iter 20 linear residual 1.806e-04
gmres iter 30 linear residual 1.075e-04
gmres iter 40 linear residual 5.279e-05
gmres iter 50 linear residual 3.210e-05
gmres iter 60 linear residual 2.431e-05
gmres iter 70 linear residual 1.990e-05
gmres iter 80 linear residual 1.629e-05
gmres iter 90 linear residual 1.296e-05
gmres iter 100 linear residual 1.053e-05
gmres iter 110 linear residual 8.653e-06
gmres iter 120 linear residual 7.038e-06
gmres iter 130 linear residual 5.236e-06
gmres iter 140 linear residual 3.515e-06
gmres iter 150 linear residual 2.075e-06
gmres iter 160 linear residual 1.414e-06
gmres iter 170 linear residual 1.133e-06
gmres iter 180 linear residual 8.985e-07
res 1.932e-02 (F-block 3.456e-05 p-block 1.385e-02) alpha 1 eta 1.00e-02 iter times 185
gmres iter 10 linear residual 1.297e-03
gmres iter 20 linear residual 3.936e-04
gmres iter 30 linear residual 3.518e-04
gmres iter 40 linear residual 2.284e-04
gmres iter 50 linear residual 1.148e-04
gmres iter 60 linear residual 6.580e-05
gmres iter 70 linear residual 4.747e-05
gmres iter 80 linear residual 3.906e-05
gmres iter 90 linear residual 3.299e-05
gmres iter 100 linear residual 2.542e-05
gmres iter 110 linear residual 2.113e-05
gmres iter 120 linear residual 1.720e-05
gmres iter 130 linear residual 1.443e-05
gmres iter 140 linear residual 1.144e-05
gmres iter 150 linear residual 7.891e-06
res 6.767e-04 (F-block 3.419e-07 p-block 2.706e-05) alpha 1 eta 1.00e-02 iter times 152
gmres iter 10 linear residual 6.516e-04
gmres iter 20 linear residual 5.068e-04
gmres iter 30 linear residual 4.267e-04
gmres iter 40 linear residual 3.562e-04
gmres iter 50 linear residual 2.896e-04
gmres iter 60 linear residual 1.861e-04
gmres iter 70 linear residual 1.079e-04
gmres iter 80 linear residual 7.510e-05
gmres iter 90 linear residual 5.537e-05
gmres iter 100 linear residual 4.116e-05
gmres iter 110 linear residual 3.569e-05
gmres iter 120 linear residual 3.006e-05
gmres iter 130 linear residual 2.253e-05
gmres iter 140 linear residual 1.509e-05
gmres iter 150 linear residual 1.052e-05
gmres iter 160 linear residual 7.482e-06
gmres iter 170 linear residual 5.724e-06
gmres iter 180 linear residual 4.772e-06
gmres iter 190 linear residual 3.798e-06
gmres iter 200 linear residual 2.752e-06
gmres iter 210 linear residual 2.299e-06
gmres iter 220 linear residual 1.865e-06
gmres iter 230 linear residual 1.494e-06
gmres iter 240 linear residual 1.201e-06
gmres iter 250 linear residual 8.921e-07
res 8.698e-06 (F-block 3.421e-10 p-block 1.832e-09) alpha 1 eta 1.00e-03 iter times 256
time this step...349.4504110813141
now P is...
[[ 2.03192030e+00  3.71545803e-04 -1.69324810e-03]
 [ 4.56484533e-04 -5.49887456e-10  1.78477298e-02]
 [-1.66479831e-03  1.78800630e-02 -1.03160659e-09]]
now F is...
[[ 1.20000000e+00  6.33241906e-17  2.61607317e-15]
 [ 1.24343786e-15  9.20351043e-01 -2.01398653e-16]
 [ 6.97087836e-16 -2.60541479e-16  9.19995340e-01]]
intermediate results saved (2 increments in output.csv)
this increment is 0.1 (target 0.30000000000000004) ------------------------
gmres iter 10 linear residual 3.858e-05
gmres iter 20 linear residual 2.402e-05
gmres iter 30 linear residual 1.800e-05
gmres iter 40 linear residual 9.419e-06
gmres iter 50 linear residual 6.534e-06
gmres iter 60 linear residual 4.958e-06
gmres iter 70 linear residual 4.155e-06
gmres iter 80 linear residual 3.094e-06
gmres iter 90 linear residual 2.208e-06
gmres iter 100 linear residual 1.578e-06
gmres iter 110 linear residual 1.163e-06
gmres iter 120 linear residual 8.542e-07
gmres iter 130 linear residual 5.686e-07
res 1.142e-01 (F-block 8.741e-01 p-block 7.773e-01) alpha 0.125 eta 1.00e-02 iter times 133
gmres iter 10 linear residual 2.918e-05
gmres iter 20 linear residual 1.640e-05
gmres iter 30 linear residual 1.300e-05
gmres iter 40 linear residual 8.436e-06
gmres iter 50 linear residual 6.273e-06
gmres iter 60 linear residual 5.452e-06
gmres iter 70 linear residual 4.247e-06
gmres iter 80 linear residual 2.792e-06
gmres iter 90 linear residual 1.817e-06
gmres iter 100 linear residual 1.320e-06
gmres iter 110 linear residual 1.044e-06
gmres iter 120 linear residual 8.215e-07
gmres iter 130 linear residual 6.092e-07
res 1.307e-01 (F-block 6.525e-01 p-block 7.627e-01) alpha 0.25 eta 1.00e-02 iter times 136
gmres iter 10 linear residual 1.816e-05
res 2.645e-02 (F-block 3.805e-02 p-block 6.461e-02) alpha 1 eta 1.00e-02 iter times 13
gmres iter 10 linear residual 1.642e-04
gmres iter 20 linear residual 1.389e-04
gmres iter 30 linear residual 8.801e-05
gmres iter 40 linear residual 6.549e-05
gmres iter 50 linear residual 5.556e-05
gmres iter 60 linear residual 4.489e-05
gmres iter 70 linear residual 3.345e-05
gmres iter 80 linear residual 2.562e-05
gmres iter 90 linear residual 1.987e-05
gmres iter 100 linear residual 1.524e-05
gmres iter 110 linear residual 1.374e-05
gmres iter 120 linear residual 1.091e-05
gmres iter 130 linear residual 8.907e-06
gmres iter 140 linear residual 6.941e-06
gmres iter 150 linear residual 5.464e-06
gmres iter 160 linear residual 4.309e-06
res 4.969e-02 (F-block 2.860e-02 p-block 4.735e-02) alpha 0.25 eta 5.02e-03 iter times 166
gmres iter 10 linear residual 1.923e-04
gmres iter 20 linear residual 1.585e-04
gmres iter 30 linear residual 1.009e-04
gmres iter 40 linear residual 6.663e-05
gmres iter 50 linear residual 5.528e-05
gmres iter 60 linear residual 4.595e-05
gmres iter 70 linear residual 3.413e-05
gmres iter 80 linear residual 2.511e-05
gmres iter 90 linear residual 1.902e-05
gmres iter 100 linear residual 1.463e-05
gmres iter 110 linear residual 1.166e-05
gmres iter 120 linear residual 9.949e-06
gmres iter 130 linear residual 8.113e-06
gmres iter 140 linear residual 6.510e-06
gmres iter 150 linear residual 4.997e-06
res 2.068e-02 (F-block 2.503e-02 p-block 4.697e-02) alpha 0.125 eta 1.00e-02 iter times 155
gmres iter 10 linear residual 2.101e-04
gmres iter 20 linear residual 1.626e-04
gmres iter 30 linear residual 1.029e-04
gmres iter 40 linear residual 6.595e-05
gmres iter 50 linear residual 5.408e-05
gmres iter 60 linear residual 4.514e-05
gmres iter 70 linear residual 3.394e-05
gmres iter 80 linear residual 2.469e-05
gmres iter 90 linear residual 1.842e-05
gmres iter 100 linear residual 1.411e-05
gmres iter 110 linear residual 1.173e-05
gmres iter 120 linear residual 9.733e-06
gmres iter 130 linear residual 7.853e-06
gmres iter 140 linear residual 6.187e-06
gmres iter 150 linear residual 4.765e-06
res 1.891e-02 (F-block 2.191e-02 p-block 4.717e-02) alpha 0.125 eta 1.00e-02 iter times 153
gmres iter 10 linear residual 2.180e-04
gmres iter 20 linear residual 1.653e-04
gmres iter 30 linear residual 1.040e-04
gmres iter 40 linear residual 6.513e-05
gmres iter 50 linear residual 5.275e-05
gmres iter 60 linear residual 4.439e-05
gmres iter 70 linear residual 3.391e-05
gmres iter 80 linear residual 2.454e-05
gmres iter 90 linear residual 1.790e-05
gmres iter 100 linear residual 1.351e-05
gmres iter 110 linear residual 1.132e-05
gmres iter 120 linear residual 9.377e-06
gmres iter 130 linear residual 7.500e-06
gmres iter 140 linear residual 5.809e-06
gmres iter 150 linear residual 4.481e-06
res 1.722e-02 (F-block 1.918e-02 p-block 4.732e-02) alpha 0.125 eta 1.00e-02 iter times 152
gmres iter 10 linear residual 2.856e-04
gmres iter 20 linear residual 1.646e-04
gmres iter 30 linear residual 1.032e-04
gmres iter 40 linear residual 6.561e-05
gmres iter 50 linear residual 5.192e-05
gmres iter 60 linear residual 4.415e-05
gmres iter 70 linear residual 3.447e-05
gmres iter 80 linear residual 2.494e-05
gmres iter 90 linear residual 1.775e-05
gmres iter 100 linear residual 1.308e-05
gmres iter 110 linear residual 1.103e-05
gmres iter 120 linear residual 9.134e-06
gmres iter 130 linear residual 7.168e-06
gmres iter 140 linear residual 5.522e-06
gmres iter 150 linear residual 4.245e-06
res 1.561e-02 (F-block 1.679e-02 p-block 4.710e-02) alpha 0.125 eta 1.00e-02 iter times 151
gmres iter 10 linear residual 2.955e-04
gmres iter 20 linear residual 1.682e-04
gmres iter 30 linear residual 1.060e-04
gmres iter 40 linear residual 6.540e-05
gmres iter 50 linear residual 5.072e-05
gmres iter 60 linear residual 4.316e-05
gmres iter 70 linear residual 3.417e-05
gmres iter 80 linear residual 2.486e-05
gmres iter 90 linear residual 1.741e-05
gmres iter 100 linear residual 1.251e-05
gmres iter 110 linear residual 1.045e-05
gmres iter 120 linear residual 8.633e-06
gmres iter 130 linear residual 6.791e-06
gmres iter 140 linear residual 5.211e-06
gmres iter 150 linear residual 3.992e-06
res 1.409e-02 (F-block 1.470e-02 p-block 4.637e-02) alpha 0.125 eta 1.00e-02 iter times 151
gmres iter 10 linear residual 3.020e-04
gmres iter 20 linear residual 1.712e-04
gmres iter 30 linear residual 1.081e-04
gmres iter 40 linear residual 6.500e-05
gmres iter 50 linear residual 4.938e-05
gmres iter 60 linear residual 4.194e-05
gmres iter 70 linear residual 3.357e-05
gmres iter 80 linear residual 2.463e-05
gmres iter 90 linear residual 1.704e-05
gmres iter 100 linear residual 1.196e-05
gmres iter 110 linear residual 9.871e-06
gmres iter 120 linear residual 8.115e-06
gmres iter 130 linear residual 6.422e-06
gmres iter 140 linear residual 4.942e-06
gmres iter 150 linear residual 3.772e-06
res 1.266e-02 (F-block 1.286e-02 p-block 4.510e-02) alpha 0.125 eta 1.00e-02 iter times 151
gmres iter 10 linear residual 3.672e-04
gmres iter 20 linear residual 1.775e-04
gmres iter 30 linear residual 1.215e-04
gmres iter 40 linear residual 6.772e-05
gmres iter 50 linear residual 4.942e-05
gmres iter 60 linear residual 4.159e-05
gmres iter 70 linear residual 3.392e-05
gmres iter 80 linear residual 2.538e-05
gmres iter 90 linear residual 1.756e-05
gmres iter 100 linear residual 1.199e-05
gmres iter 110 linear residual 9.808e-06
gmres iter 120 linear residual 7.916e-06
gmres iter 130 linear residual 6.349e-06
gmres iter 140 linear residual 4.928e-06
gmres iter 150 linear residual 3.820e-06
res 1.133e-02 (F-block 1.126e-02 p-block 4.333e-02) alpha 0.125 eta 1.00e-02 iter times 150
gmres iter 10 linear residual 2.461e-04
gmres iter 20 linear residual 1.740e-04
gmres iter 30 linear residual 1.173e-04
gmres iter 40 linear residual 6.573e-05
gmres iter 50 linear residual 4.758e-05
gmres iter 60 linear residual 3.995e-05
gmres iter 70 linear residual 3.262e-05
gmres iter 80 linear residual 2.457e-05
gmres iter 90 linear residual 1.693e-05
gmres iter 100 linear residual 1.139e-05
gmres iter 110 linear residual 9.037e-06
gmres iter 120 linear residual 7.466e-06
gmres iter 130 linear residual 5.999e-06
gmres iter 140 linear residual 4.715e-06
gmres iter 150 linear residual 3.667e-06
res 1.011e-02 (F-block 9.853e-03 p-block 4.116e-02) alpha 0.125 eta 1.00e-02 iter times 150
gmres iter 10 linear residual 2.472e-04
gmres iter 20 linear residual 1.754e-04
gmres iter 30 linear residual 1.179e-04
gmres iter 40 linear residual 6.505e-05
gmres iter 50 linear residual 4.628e-05
gmres iter 60 linear residual 3.866e-05
gmres iter 70 linear residual 3.170e-05
gmres iter 80 linear residual 2.408e-05
gmres iter 90 linear residual 1.659e-05
gmres iter 100 linear residual 1.103e-05
gmres iter 110 linear residual 8.644e-06
gmres iter 120 linear residual 7.104e-06
gmres iter 130 linear residual 5.738e-06
gmres iter 140 linear residual 4.558e-06
gmres iter 150 linear residual 3.558e-06
res 8.989e-03 (F-block 8.624e-03 p-block 3.870e-02) alpha 0.125 eta 1.00e-02 iter times 150
gmres iter 10 linear residual 2.053e-04
gmres iter 20 linear residual 1.704e-04
gmres iter 30 linear residual 1.089e-04
gmres iter 40 linear residual 6.106e-05
gmres iter 50 linear residual 4.398e-05
gmres iter 60 linear residual 3.678e-05
gmres iter 70 linear residual 3.008e-05
gmres iter 80 linear residual 2.281e-05
gmres iter 90 linear residual 1.556e-05
gmres iter 100 linear residual 1.029e-05
gmres iter 110 linear residual 8.439e-06
gmres iter 120 linear residual 6.717e-06
gmres iter 130 linear residual 5.513e-06
gmres iter 140 linear residual 4.428e-06
gmres iter 150 linear residual 3.441e-06
gmres iter 160 linear residual 2.486e-06
gmres iter 170 linear residual 1.741e-06
gmres iter 180 linear residual 1.307e-06
gmres iter 190 linear residual 1.022e-06
gmres iter 200 linear residual 6.993e-07
res 1.599e-02 (F-block 6.474e-03 p-block 3.810e-02) alpha 0.25 eta 1.00e-02 iter times 201
gmres iter 10 linear residual 2.104e-04
gmres iter 20 linear residual 1.713e-04
gmres iter 30 linear residual 1.065e-04
gmres iter 40 linear residual 5.874e-05
gmres iter 50 linear residual 4.161e-05
gmres iter 60 linear residual 3.455e-05
gmres iter 70 linear residual 2.835e-05
gmres iter 80 linear residual 2.176e-05
gmres iter 90 linear residual 1.493e-05
gmres iter 100 linear residual 1.001e-05
gmres iter 110 linear residual 8.037e-06
gmres iter 120 linear residual 6.421e-06
gmres iter 130 linear residual 5.308e-06
gmres iter 140 linear residual 4.342e-06
gmres iter 150 linear residual 3.399e-06
gmres iter 160 linear residual 2.410e-06
gmres iter 170 linear residual 1.639e-06
gmres iter 180 linear residual 1.206e-06
gmres iter 190 linear residual 9.204e-07
res 1.227e-02 (F-block 4.858e-03 p-block 3.423e-02) alpha 0.25 eta 1.00e-02 iter times 199
gmres iter 10 linear residual 2.129e-04
gmres iter 20 linear residual 1.741e-04
gmres iter 30 linear residual 1.074e-04
gmres iter 40 linear residual 5.815e-05
gmres iter 50 linear residual 4.045e-05
gmres iter 60 linear residual 3.335e-05
gmres iter 70 linear residual 2.748e-05
gmres iter 80 linear residual 2.135e-05
gmres iter 90 linear residual 1.484e-05
gmres iter 100 linear residual 1.131e-05
gmres iter 110 linear residual 8.907e-06
gmres iter 120 linear residual 7.405e-06
gmres iter 130 linear residual 6.229e-06
gmres iter 140 linear residual 4.909e-06
gmres iter 150 linear residual 3.432e-06
gmres iter 160 linear residual 2.104e-06
gmres iter 170 linear residual 1.545e-06
gmres iter 180 linear residual 1.175e-06
gmres iter 190 linear residual 9.124e-07
res 1.870e-02 (F-block 2.437e-03 p-block 3.100e-02) alpha 0.5 eta 1.00e-02 iter times 192
gmres iter 10 linear residual 2.385e-04
gmres iter 20 linear residual 1.810e-04
gmres iter 30 linear residual 1.118e-04
gmres iter 40 linear residual 5.858e-05
gmres iter 50 linear residual 3.997e-05
gmres iter 60 linear residual 3.269e-05
gmres iter 70 linear residual 2.704e-05
gmres iter 80 linear residual 2.132e-05
gmres iter 90 linear residual 1.505e-05
gmres iter 100 linear residual 1.109e-05
gmres iter 110 linear residual 8.714e-06
gmres iter 120 linear residual 7.217e-06
gmres iter 130 linear residual 6.044e-06
gmres iter 140 linear residual 4.949e-06
gmres iter 150 linear residual 3.564e-06
gmres iter 160 linear residual 2.317e-06
gmres iter 170 linear residual 1.587e-06
gmres iter 180 linear residual 1.215e-06
gmres iter 190 linear residual 9.148e-07
res 1.926e-02 (F-block 4.025e-05 p-block 1.512e-02) alpha 1 eta 1.00e-02 iter times 194
gmres iter 10 linear residual 1.463e-03
gmres iter 20 linear residual 3.469e-04
gmres iter 30 linear residual 3.068e-04
gmres iter 40 linear residual 1.914e-04
gmres iter 50 linear residual 1.020e-04
gmres iter 60 linear residual 6.664e-05
gmres iter 70 linear residual 5.278e-05
gmres iter 80 linear residual 4.473e-05
gmres iter 90 linear residual 3.658e-05
gmres iter 100 linear residual 2.649e-05
gmres iter 110 linear residual 2.158e-05
gmres iter 120 linear residual 1.729e-05
gmres iter 130 linear residual 1.491e-05
gmres iter 140 linear residual 1.251e-05
gmres iter 150 linear residual 9.471e-06
res 6.696e-04 (F-block 4.171e-07 p-block 2.705e-05) alpha 1 eta 1.00e-02 iter times 156
gmres iter 10 linear residual 6.683e-04
gmres iter 20 linear residual 5.434e-04
gmres iter 30 linear residual 4.606e-04
gmres iter 40 linear residual 3.784e-04
gmres iter 50 linear residual 3.105e-04
gmres iter 60 linear residual 2.410e-04
gmres iter 70 linear residual 1.475e-04
gmres iter 80 linear residual 1.136e-04
gmres iter 90 linear residual 8.844e-05
gmres iter 100 linear residual 6.601e-05
gmres iter 110 linear residual 5.643e-05
gmres iter 120 linear residual 4.837e-05
gmres iter 130 linear residual 3.841e-05
gmres iter 140 linear residual 2.552e-05
gmres iter 150 linear residual 1.951e-05
gmres iter 160 linear residual 1.501e-05
gmres iter 170 linear residual 1.223e-05
gmres iter 180 linear residual 1.028e-05
gmres iter 190 linear residual 8.347e-06
gmres iter 200 linear residual 6.226e-06
gmres iter 210 linear residual 5.103e-06
gmres iter 220 linear residual 4.225e-06
gmres iter 230 linear residual 3.477e-06
gmres iter 240 linear residual 2.937e-06
gmres iter 250 linear residual 2.316e-06
gmres iter 260 linear residual 1.755e-06
gmres iter 270 linear residual 1.247e-06
gmres iter 280 linear residual 9.303e-07
gmres iter 290 linear residual 7.565e-07
gmres iter 300 linear residual 6.694e-07
gmres iter 310 linear residual 5.348e-07
gmres iter 320 linear residual 4.008e-07
gmres iter 330 linear residual 2.835e-07
gmres iter 340 linear residual 2.176e-07
res 1.243e-05 (F-block 1.057e-10 p-block 3.538e-09) alpha 1 eta 1.00e-03 iter times 347
time this step...278.9314634799957
now P is...
[[ 2.81960024e+00  2.45314729e-04 -1.87684380e-03]
 [ 4.29936907e-04 -1.90130662e-09  2.58381618e-02]
 [-1.83307957e-03  2.58774834e-02 -1.62123563e-09]]
now F is...
[[ 1.30000000e+00  3.95686751e-16  2.33697270e-15]
 [ 1.78279659e-15  8.89849089e-01 -1.23476954e-16]
 [-1.06524168e-16 -7.88697726e-16  8.89236072e-01]]
intermediate results saved (3 increments in output.csv)
finish!
solver stats are saved to solver_stats.json
F and P are saved to output.csv
