---------------------------------------------
-- mixed FFT based solver, by WANG Mingchuan
---------------------------------------------
gmres restart length: 100
Ghat4 is formed (fourier discretization)...
this increment is 0.1 (target 0.1) ------------------------
gmres iter 10 linear residual 7.087e-03
gmres iter 20 linear residual 2.864e-03
gmres iter 30 linear residual 2.415e-03
gmres iter 40 linear residual 2.092e-03
gmres iter 50 linear residual 1.920e-03
gmres iter 60 linear residual 1.810e-03
gmres iter 70 linear residual 1.782e-03
gmres iter 80 linear residual 1.733e-03
gmres iter 90 linear residual 1.711e-03
gmres iter 100 linear residual 1.669e-03
gmres iter 110 linear residual 1.573e-03
gmres iter 120 linear residual 1.465e-03
gmres iter 130 linear residual 1.349e-03
gmres iter 140 linear residual 1.210e-03
gmres iter 150 linear residual 1.135e-03
gmres iter 160 linear residual 1.069e-03
gmres iter 170 linear residual 1.063e-03
gmres iter 180 linear residual 1.043e-03
gmres iter 190 linear residual 1.031e-03
gmres iter 200 linear residual 1.021e-03
gmres iter 210 linear residual 1.010e-03
gmres iter 220 linear residual 1.003e-03
gmres iter 230 linear residual 9.954e-04
gmres iter 240 linear residual 9.879e-04
gmres iter 250 linear residual 9.781e-04
gmres iter 260 linear residual 9.569e-04
gmres iter 270 linear residual 9.567e-04
gmres iter 280 linear residual 9.498e-04
gmres iter 290 linear residual 9.468e-04
gmres iter 300 linear residual 9.445e-04
gmres iter 310 linear residual 9.395e-04
gmres iter 320 linear residual 9.323e-04
gmres iter 330 linear residual 9.234e-04
gmres iter 340 linear residual 9.095e-04
gmres iter 350 linear residual 8.705e-04
gmres iter 360 linear residual 8.150e-04
res 6.426e-02 (F-block 8.377e-02 p-block 5.795e-02) alpha 1 eta 1.00e-02 iter times 361
gmres iter 10 linear residual 3.059e-02
gmres iter 20 linear residual 1.524e-02
gmres iter 30 linear residual 1.011e-02
gmres iter 40 linear residual 6.663e-03
gmres iter 50 linear residual 4.539e-03
gmres iter 60 linear residual 3.223e-03
gmres iter 70 linear residual 2.430e-03
gmres iter 80 linear residual 1.881e-03
gmres iter 90 linear residual 1.477e-03
gmres iter 100 linear residual 1.185e-03
gmres iter 110 linear residual 1.088e-03
gmres iter 120 linear residual 1.006e-03
gmres iter 130 linear residual 9.721e-04
gmres iter 140 linear residual 9.682e-04
gmres iter 150 linear residual 9.448e-04
gmres iter 160 linear residual 8.692e-04
gmres iter 170 linear residual 7.701e-04
gmres iter 180 linear residual 6.794e-04
gmres iter 190 linear residual 6.235e-04
gmres iter 200 linear residual 5.969e-04
gmres iter 210 linear residual 5.927e-04
gmres iter 220 linear residual 5.920e-04
gmres iter 230 linear residual 5.815e-04
gmres iter 240 linear residual 5.563e-04
gmres iter 250 linear residual 5.317e-04
gmres iter 260 linear residual 5.151e-04
gmres iter 270 linear residual 5.081e-04
gmres iter 280 linear residual 5.072e-04
gmres iter 290 linear residual 4.999e-04
gmres iter 300 linear residual 4.815e-04
gmres iter 310 linear residual 4.690e-04
gmres iter 320 linear residual 4.626e-04
gmres iter 330 linear residual 4.616e-04
gmres iter 340 linear residual 4.595e-04
gmres iter 350 linear residual 4.502e-04
gmres iter 360 linear residual 4.396e-04
gmres iter 370 linear residual 4.284e-04
gmres iter 380 linear residual 4.227e-04
gmres iter 390 linear residual 4.215e-04
gmres iter 400 linear residual 4.202e-04
gmres iter 410 linear residual 4.197e-04
gmres iter 420 linear residual 4.191e-04
gmres iter 430 linear residual 4.154e-04
gmres iter 440 linear residual 4.076e-04
gmres iter 450 linear residual 3.988e-04
gmres iter 460 linear residual 3.945e-04
gmres iter 470 linear residual 3.931e-04
gmres iter 480 linear residual 3.927e-04
gmres iter 490 linear residual 3.898e-04
gmres iter 500 linear residual 3.845e-04
gmres iter 510 linear residual 3.802e-04
gmres iter 520 linear residual 3.769e-04
gmres iter 530 linear residual 3.761e-04
gmres iter 540 linear residual 3.759e-04
gmres iter 550 linear residual 3.741e-04
gmres iter 560 linear residual 3.694e-04
gmres iter 570 linear residual 3.640e-04
gmres iter 580 linear residual 3.603e-04
gmres iter 590 linear residual 3.594e-04
gmres iter 600 linear residual 3.587e-04
gmres iter 610 linear residual 3.585e-04
gmres iter 620 linear residual 3.583e-04
gmres iter 630 linear residual 3.571e-04
gmres iter 640 linear residual 3.536e-04
gmres iter 650 linear residual 3.493e-04
gmres iter 660 linear residual 3.457e-04
gmres iter 670 linear residual 3.447e-04
gmres iter 680 linear residual 3.446e-04
gmres iter 690 linear residual 3.431e-04
gmres iter 700 linear residual 3.400e-04
gmres iter 710 linear residual 3.371e-04
gmres iter 720 linear residual 3.358e-04
gmres iter 730 linear residual 3.357e-04
gmres iter 740 linear residual 3.350e-04
gmres iter 750 linear residual 3.339e-04
gmres iter 760 linear residual 3.324e-04
gmres iter 770 linear residual 3.308e-04
gmres iter 780 linear residual 3.283e-04
gmres iter 790 linear residual 3.278e-04
gmres iter 800 linear residual 3.270e-04
gmres iter 810 linear residual 3.268e-04
gmres iter 820 linear residual 3.268e-04
gmres iter 830 linear residual 3.264e-04
gmres iter 840 linear residual 3.248e-04
gmres iter 850 linear residual 3.224e-04
gmres iter 860 linear residual 3.202e-04
gmres iter 870 linear residual 3.191e-04
gmres iter 880 linear residual 3.189e-04
gmres iter 890 linear residual 3.186e-04
gmres iter 900 linear residual 3.163e-04
gmres iter 910 linear residual 3.149e-04
gmres iter 920 linear residual 3.137e-04
gmres iter 930 linear residual 3.135e-04
gmres iter 940 linear residual 3.129e-04
gmres iter 950 linear residual 3.111e-04
gmres iter 960 linear residual 3.092e-04
gmres iter 970 linear residual 3.076e-04
gmres iter 980 linear residual 3.071e-04
gmres iter 990 linear residual 3.070e-04
gmres iter 1000 linear residual 3.068e-04
linear solver hit the iteration cap (1000 iterations, flag 10)
increment failed (gmres_iteration_cap); cutting step to 0.05
this increment is 0.05 (target 0.1) ------------------------
gmres iter 10 linear residual 6.224e-03
gmres iter 20 linear residual 2.442e-03
gmres iter 30 linear residual 1.610e-03
gmres iter 40 linear residual 1.305e-03
gmres iter 50 linear residual 1.058e-03
gmres iter 60 linear residual 8.811e-04
gmres iter 70 linear residual 7.726e-04
gmres iter 80 linear residual 7.621e-04
gmres iter 90 linear residual 7.043e-04
gmres iter 100 linear residual 6.839e-04
gmres iter 110 linear residual 6.161e-04
gmres iter 120 linear residual 5.984e-04
res 3.294e-02 (F-block 4.314e-02 p-block 3.645e-02) alpha 1 eta 1.00e-02 iter times 126
gmres iter 10 linear residual 2.908e-02
gmres iter 20 linear residual 1.574e-02
gmres iter 30 linear residual 1.105e-02
gmres iter 40 linear residual 7.698e-03
gmres iter 50 linear residual 5.757e-03
gmres iter 60 linear residual 4.213e-03
gmres iter 70 linear residual 3.075e-03
gmres iter 80 linear residual 2.289e-03
gmres iter 90 linear residual 1.744e-03
gmres iter 100 linear residual 1.275e-03
gmres iter 110 linear residual 1.084e-03
gmres iter 120 linear residual 8.902e-04
gmres iter 130 linear residual 7.086e-04
gmres iter 140 linear residual 5.391e-04
gmres iter 150 linear residual 3.970e-04
gmres iter 160 linear residual 2.995e-04
gmres iter 170 linear residual 2.266e-04
gmres iter 180 linear residual 1.669e-04
gmres iter 190 linear residual 1.353e-04
gmres iter 200 linear residual 1.099e-04
gmres iter 210 linear residual 9.159e-05
gmres iter 220 linear residual 7.841e-05
gmres iter 230 linear residual 6.923e-05
gmres iter 240 linear residual 6.248e-05
gmres iter 250 linear residual 5.738e-05
gmres iter 260 linear residual 5.297e-05
gmres iter 270 linear residual 4.914e-05
gmres iter 280 linear residual 4.669e-05
gmres iter 290 linear residual 4.567e-05
gmres iter 300 linear residual 4.469e-05
gmres iter 310 linear residual 4.444e-05
gmres iter 320 linear residual 4.440e-05
gmres iter 330 linear residual 4.411e-05
gmres iter 340 linear residual 4.355e-05
gmres iter 350 linear residual 4.277e-05
gmres iter 360 linear residual 4.150e-05
gmres iter 370 linear residual 3.980e-05
gmres iter 380 linear residual 3.823e-05
gmres iter 390 linear residual 3.721e-05
gmres iter 400 linear residual 3.585e-05
gmres iter 410 linear residual 3.490e-05
gmres iter 420 linear residual 3.390e-05
gmres iter 430 linear residual 3.302e-05
gmres iter 440 linear residual 3.265e-05
gmres iter 450 linear residual 3.245e-05
gmres iter 460 linear residual 3.238e-05
gmres iter 470 linear residual 3.231e-05
gmres iter 480 linear residual 3.193e-05
gmres iter 490 linear residual 3.163e-05
gmres iter 500 linear residual 3.135e-05
gmres iter 510 linear residual 3.132e-05
gmres iter 520 linear residual 3.129e-05
gmres iter 530 linear residual 3.115e-05
gmres iter 540 linear residual 3.082e-05
gmres iter 550 linear residual 3.037e-05
gmres iter 560 linear residual 2.984e-05
gmres iter 570 linear residual 2.910e-05
gmres iter 580 linear residual 2.833e-05
gmres iter 590 linear residual 2.792e-05
res 1.132e-02 (F-block 6.045e-03 p-block 4.770e-03) alpha 1 eta 1.44e-03 iter times 599
gmres iter 10 linear residual 1.291e-02
gmres iter 20 linear residual 7.845e-03
gmres iter 30 linear residual 5.053e-03
gmres iter 40 linear residual 3.732e-03
gmres iter 50 linear residual 2.950e-03
gmres iter 60 linear residual 2.295e-03
gmres iter 70 linear residual 1.828e-03
gmres iter 80 linear residual 1.434e-03
gmres iter 90 linear residual 1.106e-03
gmres iter 100 linear residual 8.973e-04
gmres iter 110 linear residual 7.361e-04
gmres iter 120 linear residual 5.642e-04
gmres iter 130 linear residual 4.172e-04
gmres iter 140 linear residual 3.245e-04
gmres iter 150 linear residual 2.775e-04
gmres iter 160 linear residual 2.083e-04
gmres iter 170 linear residual 1.649e-04
gmres iter 180 linear residual 1.301e-04
gmres iter 190 linear residual 1.029e-04
gmres iter 200 linear residual 8.110e-05
gmres iter 210 linear residual 6.296e-05
gmres iter 220 linear residual 4.994e-05
gmres iter 230 linear residual 3.999e-05
gmres iter 240 linear residual 3.218e-05
res 2.741e-03 (F-block 6.780e-04 p-block 4.489e-04) alpha 1 eta 1.00e-02 iter times 245
gmres iter 10 linear residual 1.221e-02
gmres iter 20 linear residual 7.036e-03
gmres iter 30 linear residual 4.267e-03
gmres iter 40 linear residual 3.049e-03
gmres iter 50 linear residual 2.256e-03
gmres iter 60 linear residual 1.705e-03
gmres iter 70 linear residual 1.419e-03
gmres iter 80 linear residual 1.251e-03
gmres iter 90 linear residual 1.177e-03
gmres iter 100 linear residual 1.054e-03
gmres iter 110 linear residual 8.733e-04
gmres iter 120 linear residual 6.688e-04
gmres iter 130 linear residual 4.895e-04
gmres iter 140 linear residual 3.566e-04
gmres iter 150 linear residual 2.944e-04
gmres iter 160 linear residual 2.282e-04
gmres iter 170 linear residual 1.896e-04
gmres iter 180 linear residual 1.566e-04
gmres iter 190 linear residual 1.268e-04
gmres iter 200 linear residual 1.030e-04
gmres iter 210 linear residual 7.908e-05
gmres iter 220 linear residual 6.139e-05
gmres iter 230 linear residual 4.886e-05
gmres iter 240 linear residual 3.935e-05
res 3.002e-04 (F-block 1.617e-05 p-block 9.412e-06) alpha 1 eta 1.00e-02 iter times 243
gmres iter 10 linear residual 1.271e-02
gmres iter 20 linear residual 7.734e-03
gmres iter 30 linear residual 4.541e-03
gmres iter 40 linear residual 3.119e-03
gmres iter 50 linear residual 2.211e-03
gmres iter 60 linear residual 1.657e-03
gmres iter 70 linear residual 1.393e-03
gmres iter 80 linear residual 1.206e-03
gmres iter 90 linear residual 1.034e-03
gmres iter 100 linear residual 9.199e-04
gmres iter 110 linear residual 8.914e-04
gmres iter 120 linear residual 8.586e-04
gmres iter 130 linear residual 8.163e-04
gmres iter 140 linear residual 7.464e-04
gmres iter 150 linear residual 6.371e-04
gmres iter 160 linear residual 4.805e-04
gmres iter 170 linear residual 3.742e-04
gmres iter 180 linear residual 3.195e-04
gmres iter 190 linear residual 2.934e-04
gmres iter 200 linear residual 2.630e-04
gmres iter 210 linear residual 2.439e-04
gmres iter 220 linear residual 2.275e-04
gmres iter 230 linear residual 2.008e-04
gmres iter 240 linear residual 1.695e-04
gmres iter 250 linear residual 1.464e-04
gmres iter 260 linear residual 1.296e-04
gmres iter 270 linear residual 1.173e-04
gmres iter 280 linear residual 1.082e-04
gmres iter 290 linear residual 9.669e-05
gmres iter 300 linear residual 8.226e-05
gmres iter 310 linear residual 7.169e-05
gmres iter 320 linear residual 6.452e-05
gmres iter 330 linear residual 5.865e-05
gmres iter 340 linear residual 5.347e-05
gmres iter 350 linear residual 4.811e-05
gmres iter 360 linear residual 4.425e-05
gmres iter 370 linear residual 3.842e-05
gmres iter 380 linear residual 3.248e-05
res 2.574e-05 (F-block 1.346e-07 p-block 7.862e-08) alpha 1 eta 1.00e-03 iter times 387
time this step...241.82951855659485
this increment is 0.05 (target 0.1) ------------------------
gmres iter 10 linear residual 6.278e-03
gmres iter 20 linear residual 2.402e-03
gmres iter 30 linear residual 1.571e-03
gmres iter 40 linear residual 1.273e-03
gmres iter 50 linear residual 1.041e-03
gmres iter 60 linear residual 8.498e-04
gmres iter 70 linear residual 7.499e-04
gmres iter 80 linear residual 7.395e-04
gmres iter 90 linear residual 6.800e-04
gmres iter 100 linear residual 6.598e-04
gmres iter 110 linear residual 5.934e-04
gmres iter 120 linear residual 5.776e-04
res 3.167e-02 (F-block 4.285e-02 p-block 3.629e-02) alpha 1 eta 1.00e-02 iter times 126
gmres iter 10 linear residual 2.956e-02
gmres iter 20 linear residual 1.587e-02
gmres iter 30 linear residual 1.108e-02
gmres iter 40 linear residual 7.733e-03
gmres iter 50 linear residual 5.779e-03
gmres iter 60 linear residual 4.251e-03
gmres iter 70 linear residual 3.114e-03
gmres iter 80 linear residual 2.301e-03
gmres iter 90 linear residual 1.744e-03
gmres iter 100 linear residual 1.273e-03
gmres iter 110 linear residual 1.071e-03
gmres iter 120 linear residual 8.764e-04
gmres iter 130 linear residual 7.002e-04
gmres iter 140 linear residual 5.384e-04
gmres iter 150 linear residual 4.046e-04
gmres iter 160 linear residual 3.162e-04
gmres iter 170 linear residual 2.502e-04
gmres iter 180 linear residual 2.009e-04
gmres iter 190 linear residual 1.734e-04
gmres iter 200 linear residual 1.600e-04
gmres iter 210 linear residual 1.551e-04
gmres iter 220 linear residual 1.535e-04
gmres iter 230 linear residual 1.534e-04
gmres iter 240 linear residual 1.523e-04
gmres iter 250 linear residual 1.485e-04
gmres iter 260 linear residual 1.422e-04
gmres iter 270 linear residual 1.336e-04
gmres iter 280 linear residual 1.248e-04
gmres iter 290 linear residual 1.163e-04
gmres iter 300 linear residual 1.099e-04
gmres iter 310 linear residual 1.051e-04
gmres iter 320 linear residual 1.013e-04
gmres iter 330 linear residual 9.769e-05
gmres iter 340 linear residual 9.509e-05
gmres iter 350 linear residual 9.399e-05
gmres iter 360 linear residual 9.370e-05
gmres iter 370 linear residual 9.356e-05
gmres iter 380 linear residual 9.330e-05
gmres iter 390 linear residual 9.244e-05
gmres iter 400 linear residual 9.079e-05
gmres iter 410 linear residual 8.959e-05
gmres iter 420 linear residual 8.875e-05
gmres iter 430 linear residual 8.855e-05
gmres iter 440 linear residual 8.849e-05
gmres iter 450 linear residual 8.840e-05
gmres iter 460 linear residual 8.800e-05
gmres iter 470 linear residual 8.682e-05
gmres iter 480 linear residual 8.507e-05
gmres iter 490 linear residual 8.305e-05
gmres iter 500 linear residual 8.057e-05
gmres iter 510 linear residual 7.890e-05
gmres iter 520 linear residual 7.756e-05
gmres iter 530 linear residual 7.654e-05
gmres iter 540 linear residual 7.569e-05
gmres iter 550 linear residual 7.538e-05
gmres iter 560 linear residual 7.527e-05
gmres iter 570 linear residual 7.522e-05
gmres iter 580 linear residual 7.517e-05
gmres iter 590 linear residual 7.499e-05
gmres iter 600 linear residual 7.450e-05
gmres iter 610 linear residual 7.419e-05
gmres iter 620 linear residual 7.394e-05
gmres iter 630 linear residual 7.386e-05
gmres iter 640 linear residual 7.385e-05
gmres iter 650 linear residual 7.382e-05
gmres iter 660 linear residual 7.363e-05
gmres iter 670 linear residual 7.309e-05
gmres iter 680 linear residual 7.189e-05
gmres iter 690 linear residual 7.037e-05
gmres iter 700 linear residual 6.822e-05
gmres iter 710 linear residual 6.670e-05
gmres iter 720 linear residual 6.590e-05
gmres iter 730 linear residual 6.546e-05
gmres iter 740 linear residual 6.520e-05
gmres iter 750 linear residual 6.511e-05
gmres iter 760 linear residual 6.501e-05
gmres iter 770 linear residual 6.495e-05
gmres iter 780 linear residual 6.493e-05
gmres iter 790 linear residual 6.489e-05
gmres iter 800 linear residual 6.479e-05
gmres iter 810 linear residual 6.474e-05
gmres iter 820 linear residual 6.467e-05
gmres iter 830 linear residual 6.465e-05
gmres iter 840 linear residual 6.464e-05
gmres iter 850 linear residual 6.451e-05
gmres iter 860 linear residual 6.430e-05
gmres iter 870 linear residual 6.377e-05
gmres iter 880 linear residual 6.175e-05
gmres iter 890 linear residual 5.767e-05
gmres iter 900 linear residual 5.221e-05
gmres iter 910 linear residual 5.040e-05
gmres iter 920 linear residual 4.951e-05
gmres iter 930 linear residual 4.856e-05
gmres iter 940 linear residual 4.799e-05
gmres iter 950 linear residual 4.725e-05
gmres iter 960 linear residual 4.672e-05
linear solver hit the iteration cap (963 iterations, flag 10)
increment failed (gmres_iteration_cap); cutting step to 0.025
this increment is 0.025 (target 0.1) ------------------------
gmres iter 10 linear residual 5.874e-03
gmres iter 20 linear residual 2.316e-03
gmres iter 30 linear residual 1.565e-03
gmres iter 40 linear residual 1.108e-03
gmres iter 50 linear residual 5.361e-04
gmres iter 60 linear residual 4.027e-04
res 1.606e-02 (F-block 2.147e-02 p-block 2.168e-02) alpha 1 eta 1.00e-02 iter times 60
gmres iter 10 linear residual 3.399e-02
gmres iter 20 linear residual 2.132e-02
gmres iter 30 linear residual 1.615e-02
gmres iter 40 linear residual 1.147e-02
gmres iter 50 linear residual 8.269e-03
gmres iter 60 linear residual 5.668e-03
gmres iter 70 linear residual 4.280e-03
gmres iter 80 linear residual 3.327e-03
gmres iter 90 linear residual 2.583e-03
gmres iter 100 linear residual 1.867e-03
gmres iter 110 linear residual 1.663e-03
gmres iter 120 linear residual 1.415e-03
gmres iter 130 linear residual 1.156e-03
gmres iter 140 linear residual 8.968e-04
gmres iter 150 linear residual 6.626e-04
gmres iter 160 linear residual 4.954e-04
gmres iter 170 linear residual 3.623e-04
gmres iter 180 linear residual 2.584e-04
gmres iter 190 linear residual 1.904e-04
gmres iter 200 linear residual 1.533e-04
gmres iter 210 linear residual 1.266e-04
gmres iter 220 linear residual 1.037e-04
gmres iter 230 linear residual 8.436e-05
gmres iter 240 linear residual 7.209e-05
gmres iter 250 linear residual 6.415e-05
gmres iter 260 linear residual 5.856e-05
gmres iter 270 linear residual 5.372e-05
gmres iter 280 linear residual 5.013e-05
gmres iter 290 linear residual 4.772e-05
gmres iter 300 linear residual 4.565e-05
gmres iter 310 linear residual 4.457e-05
gmres iter 320 linear residual 4.376e-05
gmres iter 330 linear residual 4.318e-05
gmres iter 340 linear residual 4.274e-05
gmres iter 350 linear residual 4.219e-05
gmres iter 360 linear residual 4.166e-05
gmres iter 370 linear residual 4.102e-05
gmres iter 380 linear residual 4.056e-05
gmres iter 390 linear residual 4.020e-05
gmres iter 400 linear residual 3.989e-05
gmres iter 410 linear residual 3.980e-05
gmres iter 420 linear residual 3.972e-05
gmres iter 430 linear residual 3.969e-05
gmres iter 440 linear residual 3.966e-05
gmres iter 450 linear residual 3.960e-05
gmres iter 460 linear residual 3.956e-05
gmres iter 470 linear residual 3.948e-05
gmres iter 480 linear residual 3.937e-05
gmres iter 490 linear residual 3.925e-05
gmres iter 500 linear residual 3.910e-05
gmres iter 510 linear residual 3.906e-05
gmres iter 520 linear residual 3.905e-05
gmres iter 530 linear residual 3.904e-05
gmres iter 540 linear residual 3.903e-05
gmres iter 550 linear residual 3.902e-05
gmres iter 560 linear residual 3.902e-05
gmres iter 570 linear residual 3.901e-05
gmres iter 580 linear residual 3.900e-05
gmres iter 590 linear residual 3.898e-05
gmres iter 600 linear residual 3.893e-05
gmres iter 610 linear residual 3.892e-05
gmres iter 620 linear residual 3.892e-05
gmres iter 630 linear residual 3.891e-05
gmres iter 640 linear residual 3.891e-05
gmres iter 650 linear residual 3.890e-05
gmres iter 660 linear residual 3.890e-05
gmres iter 670 linear residual 3.889e-05
gmres iter 680 linear residual 3.888e-05
gmres iter 690 linear residual 3.887e-05
gmres iter 700 linear residual 3.887e-05
gmres iter 710 linear residual 3.887e-05
gmres iter 720 linear residual 3.887e-05
gmres iter 730 linear residual 3.887e-05
gmres iter 740 linear residual 3.887e-05
gmres iter 750 linear residual 3.887e-05
gmres iter 760 linear residual 3.887e-05
gmres iter 770 linear residual 3.886e-05
gmres iter 780 linear residual 3.886e-05
gmres iter 790 linear residual 3.886e-05
gmres iter 800 linear residual 3.886e-05
gmres iter 810 linear residual 3.886e-05
gmres iter 820 linear residual 3.886e-05
gmres iter 830 linear residual 3.885e-05
gmres iter 840 linear residual 3.885e-05
gmres iter 850 linear residual 3.885e-05
gmres iter 860 linear residual 3.885e-05
gmres iter 870 linear residual 3.885e-05
gmres iter 880 linear residual 3.885e-05
gmres iter 890 linear residual 3.885e-05
gmres iter 900 linear residual 3.884e-05
gmres iter 910 linear residual 3.884e-05
gmres iter 920 linear residual 3.884e-05
gmres iter 930 linear residual 3.884e-05
gmres iter 940 linear residual 3.884e-05
gmres iter 950 linear residual 3.884e-05
gmres iter 960 linear residual 3.884e-05
gmres iter 970 linear residual 3.884e-05
gmres iter 980 linear residual 3.884e-05
gmres iter 990 linear residual 3.883e-05
gmres iter 1000 linear residual 3.882e-05
linear solver hit the iteration cap (1000 iterations, flag 10)
increment failed (gmres_iteration_cap); cutting step to 0.0125
this increment is 0.0125 (target 0.1) ------------------------
gmres iter 10 linear residual 5.688e-03
gmres iter 20 linear residual 2.295e-03
gmres iter 30 linear residual 1.592e-03
gmres iter 40 linear residual 1.085e-03
gmres iter 50 linear residual 4.741e-04
res 7.866e-03 (F-block 1.082e-02 p-block 2.342e-02) alpha 1 eta 1.00e-02 iter times 54
gmres iter 10 linear residual 5.238e-02
gmres iter 20 linear residual 4.199e-02
gmres iter 30 linear residual 3.078e-02
gmres iter 40 linear residual 1.988e-02
gmres iter 50 linear residual 1.168e-02
gmres iter 60 linear residual 8.321e-03
gmres iter 70 linear residual 6.924e-03
gmres iter 80 linear residual 5.690e-03
gmres iter 90 linear residual 4.296e-03
gmres iter 100 linear residual 3.085e-03
gmres iter 110 linear residual 2.958e-03
gmres iter 120 linear residual 2.769e-03
gmres iter 130 linear residual 2.508e-03
gmres iter 140 linear residual 2.091e-03
gmres iter 150 linear residual 1.665e-03
gmres iter 160 linear residual 1.278e-03
gmres iter 170 linear residual 9.337e-04
gmres iter 180 linear residual 6.702e-04
gmres iter 190 linear residual 4.711e-04
gmres iter 200 linear residual 3.609e-04
gmres iter 210 linear residual 3.188e-04
gmres iter 220 linear residual 2.561e-04
gmres iter 230 linear residual 1.904e-04
gmres iter 240 linear residual 1.407e-04
gmres iter 250 linear residual 1.046e-04
gmres iter 260 linear residual 8.607e-05
gmres iter 270 linear residual 7.465e-05
gmres iter 280 linear residual 6.420e-05
gmres iter 290 linear residual 5.510e-05
gmres iter 300 linear residual 4.809e-05
gmres iter 310 linear residual 4.209e-05
gmres iter 320 linear residual 3.675e-05
gmres iter 330 linear residual 3.277e-05
gmres iter 340 linear residual 2.955e-05
gmres iter 350 linear residual 2.698e-05
res 2.045e-03 (F-block 2.583e-04 p-block 4.602e-04) alpha 1 eta 1.00e-03 iter times 358
gmres iter 10 linear residual 1.809e-02
gmres iter 20 linear residual 1.015e-02
gmres iter 30 linear residual 6.330e-03
gmres iter 40 linear residual 4.650e-03
gmres iter 50 linear residual 3.697e-03
gmres iter 60 linear residual 2.906e-03
gmres iter 70 linear residual 2.317e-03
gmres iter 80 linear residual 1.791e-03
gmres iter 90 linear residual 1.354e-03
gmres iter 100 linear residual 1.046e-03
gmres iter 110 linear residual 8.548e-04
gmres iter 120 linear residual 7.164e-04
gmres iter 130 linear residual 5.890e-04
gmres iter 140 linear residual 4.763e-04
gmres iter 150 linear residual 3.895e-04
gmres iter 160 linear residual 3.115e-04
gmres iter 170 linear residual 2.475e-04
gmres iter 180 linear residual 1.951e-04
gmres iter 190 linear residual 1.613e-04
gmres iter 200 linear residual 1.395e-04
gmres iter 210 linear residual 1.246e-04
gmres iter 220 linear residual 1.135e-04
gmres iter 230 linear residual 1.044e-04
gmres iter 240 linear residual 9.594e-05
gmres iter 250 linear residual 8.723e-05
gmres iter 260 linear residual 7.795e-05
gmres iter 270 linear residual 6.734e-05
gmres iter 280 linear residual 5.728e-05
gmres iter 290 linear residual 4.860e-05
gmres iter 300 linear residual 4.211e-05
gmres iter 310 linear residual 3.712e-05
gmres iter 320 linear residual 3.331e-05
gmres iter 330 linear residual 3.113e-05
gmres iter 340 linear residual 2.858e-05
gmres iter 350 linear residual 2.667e-05
gmres iter 360 linear residual 2.463e-05
gmres iter 370 linear residual 2.268e-05
gmres iter 380 linear residual 2.036e-05
gmres iter 390 linear residual 1.823e-05
gmres iter 400 linear residual 1.592e-05
gmres iter 410 linear residual 1.365e-05
gmres iter 420 linear residual 1.129e-05
res 3.442e-05 (F-block 4.161e-07 p-block 2.934e-07) alpha 1 eta 1.00e-03 iter times 422
time this step...80.90348839759827
this increment is 0.0125 (target 0.1) ------------------------
gmres iter 10 linear residual 5.702e-03
gmres iter 20 linear residual 2.287e-03
gmres iter 30 linear residual 1.586e-03
gmres iter 40 linear residual 1.078e-03
gmres iter 50 linear residual 4.712e-04
res 7.785e-03 (F-block 1.080e-02 p-block 2.351e-02) alpha 1 eta 1.00e-02 iter times 54
gmres iter 10 linear residual 5.268e-02
gmres iter 20 linear residual 4.198e-02
gmres iter 30 linear residual 3.078e-02
gmres iter 40 linear residual 1.985e-02
gmres iter 50 linear residual 1.170e-02
gmres iter 60 linear residual 8.374e-03
gmres iter 70 linear residual 6.965e-03
gmres iter 80 linear residual 5.706e-03
gmres iter 90 linear residual 4.322e-03
gmres iter 100 linear residual 3.104e-03
gmres iter 110 linear residual 2.976e-03
gmres iter 120 linear residual 2.785e-03
gmres iter 130 linear residual 2.522e-03
gmres iter 140 linear residual 2.105e-03
gmres iter 150 linear residual 1.675e-03
gmres iter 160 linear residual 1.285e-03
gmres iter 170 linear residual 9.432e-04
gmres iter 180 linear residual 6.767e-04
gmres iter 190 linear residual 4.793e-04
gmres iter 200 linear residual 3.695e-04
gmres iter 210 linear residual 3.285e-04
gmres iter 220 linear residual 2.669e-04
gmres iter 230 linear residual 2.040e-04
gmres iter 240 linear residual 1.581e-04
gmres iter 250 linear residual 1.272e-04
gmres iter 260 linear residual 1.110e-04
gmres iter 270 linear residual 9.990e-05
gmres iter 280 linear residual 9.234e-05
gmres iter 290 linear residual 8.713e-05
gmres iter 300 linear residual 8.231e-05
gmres iter 310 linear residual 7.923e-05
gmres iter 320 linear residual 7.679e-05
gmres iter 330 linear residual 7.444e-05
gmres iter 340 linear residual 7.196e-05
gmres iter 350 linear residual 6.981e-05
gmres iter 360 linear residual 6.733e-05
gmres iter 370 linear residual 6.458e-05
gmres iter 380 linear residual 6.222e-05
gmres iter 390 linear residual 5.984e-05
gmres iter 400 linear residual 5.772e-05
gmres iter 410 linear residual 5.641e-05
gmres iter 420 linear residual 5.530e-05
gmres iter 430 linear residual 5.420e-05
gmres iter 440 linear residual 5.314e-05
gmres iter 450 linear residual 5.226e-05
gmres iter 460 linear residual 5.124e-05
gmres iter 470 linear residual 5.006e-05
gmres iter 480 linear residual 4.866e-05
gmres iter 490 linear residual 4.719e-05
gmres iter 500 linear residual 4.499e-05
gmres iter 510 linear residual 4.392e-05
gmres iter 520 linear residual 4.288e-05
gmres iter 530 linear residual 4.198e-05
gmres iter 540 linear residual 4.107e-05
gmres iter 550 linear residual 4.012e-05
gmres iter 560 linear residual 3.925e-05
gmres iter 570 linear residual 3.833e-05
res 2.102e-03 (F-block 5.201e-04 p-block 5.677e-04) alpha 1 eta 1.00e-03 iter times 575
gmres iter 10 linear residual 2.066e-02
gmres iter 20 linear residual 1.294e-02
gmres iter 30 linear residual 7.971e-03
gmres iter 40 linear residual 5.525e-03
gmres iter 50 linear residual 4.163e-03
gmres iter 60 linear residual 3.229e-03
gmres iter 70 linear residual 2.620e-03
gmres iter 80 linear residual 2.209e-03
gmres iter 90 linear residual 1.911e-03
gmres iter 100 linear residual 1.626e-03
gmres iter 110 linear residual 1.495e-03
gmres iter 120 linear residual 1.434e-03
gmres iter 130 linear residual 1.355e-03
gmres iter 140 linear residual 1.168e-03
gmres iter 150 linear residual 9.890e-04
gmres iter 160 linear residual 8.311e-04
gmres iter 170 linear residual 7.001e-04
gmres iter 180 linear residual 6.080e-04
gmres iter 190 linear residual 5.406e-04
gmres iter 200 linear residual 4.978e-04
gmres iter 210 linear residual 4.752e-04
gmres iter 220 linear residual 4.591e-04
gmres iter 230 linear residual 4.481e-04
gmres iter 240 linear residual 4.415e-04
gmres iter 250 linear residual 4.383e-04
gmres iter 260 linear residual 4.343e-04
gmres iter 270 linear residual 4.261e-04
gmres iter 280 linear residual 4.112e-04
gmres iter 290 linear residual 3.837e-04
gmres iter 300 linear residual 3.510e-04
gmres iter 310 linear residual 3.255e-04
gmres iter 320 linear residual 3.060e-04
gmres iter 330 linear residual 2.915e-04
gmres iter 340 linear residual 2.817e-04
gmres iter 350 linear residual 2.746e-04
gmres iter 360 linear residual 2.676e-04
gmres iter 370 linear residual 2.611e-04
gmres iter 380 linear residual 2.501e-04
gmres iter 390 linear residual 2.301e-04
gmres iter 400 linear residual 2.001e-04
gmres iter 410 linear residual 1.768e-04
gmres iter 420 linear residual 1.611e-04
gmres iter 430 linear residual 1.453e-04
gmres iter 440 linear residual 1.331e-04
gmres iter 450 linear residual 1.256e-04
gmres iter 460 linear residual 1.195e-04
gmres iter 470 linear residual 1.133e-04
gmres iter 480 linear residual 1.057e-04
gmres iter 490 linear residual 9.947e-05
gmres iter 500 linear residual 9.052e-05
gmres iter 510 linear residual 8.452e-05
gmres iter 520 linear residual 8.076e-05
gmres iter 530 linear residual 7.816e-05
gmres iter 540 linear residual 7.532e-05
gmres iter 550 linear residual 7.322e-05
gmres iter 560 linear residual 7.026e-05
gmres iter 570 linear residual 6.576e-05
gmres iter 580 linear residual 6.002e-05
gmres iter 590 linear residual 5.314e-05
gmres iter 600 linear residual 4.369e-05
res 1.637e-04 (F-block 3.989e-05 p-block 2.634e-05) alpha 1 eta 1.00e-03 iter times 600
gmres iter 10 linear residual 2.029e-02
gmres iter 20 linear residual 1.211e-02
gmres iter 30 linear residual 7.625e-03
gmres iter 40 linear residual 4.948e-03
gmres iter 50 linear residual 3.475e-03
gmres iter 60 linear residual 2.489e-03
gmres iter 70 linear residual 1.873e-03
gmres iter 80 linear residual 1.520e-03
gmres iter 90 linear residual 1.321e-03
gmres iter 100 linear residual 1.150e-03
gmres iter 110 linear residual 1.114e-03
gmres iter 120 linear residual 1.103e-03
gmres iter 130 linear residual 1.072e-03
gmres iter 140 linear residual 1.010e-03
gmres iter 150 linear residual 9.425e-04
gmres iter 160 linear residual 8.708e-04
gmres iter 170 linear residual 8.065e-04
gmres iter 180 linear residual 7.390e-04
gmres iter 190 linear residual 6.832e-04
gmres iter 200 linear residual 6.265e-04
gmres iter 210 linear residual 5.966e-04
gmres iter 220 linear residual 5.814e-04
gmres iter 230 linear residual 5.691e-04
gmres iter 240 linear residual 5.594e-04
gmres iter 250 linear residual 5.525e-04
gmres iter 260 linear residual 5.392e-04
gmres iter 270 linear residual 5.150e-04
gmres iter 280 linear residual 4.713e-04
gmres iter 290 linear residual 4.074e-04
gmres iter 300 linear residual 3.345e-04
gmres iter 310 linear residual 2.799e-04
gmres iter 320 linear residual 2.382e-04
gmres iter 330 linear residual 2.150e-04
gmres iter 340 linear residual 1.907e-04
gmres iter 350 linear residual 1.743e-04
gmres iter 360 linear residual 1.609e-04
gmres iter 370 linear residual 1.515e-04
gmres iter 380 linear residual 1.431e-04
gmres iter 390 linear residual 1.348e-04
gmres iter 400 linear residual 1.258e-04
gmres iter 410 linear residual 1.156e-04
gmres iter 420 linear residual 1.047e-04
res 1.245e-05 (F-block 3.010e-07 p-block 1.893e-07) alpha 1 eta 3.47e-03 iter times 422
time this step...149.60687255859375
this increment is 0.018750000000000003 (target 0.1) ------------------------
gmres iter 10 linear residual 5.816e-03
gmres iter 20 linear residual 2.292e-03
gmres iter 30 linear residual 1.591e-03
gmres iter 40 linear residual 1.080e-03
gmres iter 50 linear residual 4.820e-04
res 1.159e-02 (F-block 1.568e-02 p-block 2.443e-02) alpha 1 eta 1.00e-02 iter times 55
gmres iter 10 linear residual 4.205e-02
gmres iter 20 linear residual 2.981e-02
gmres iter 30 linear residual 2.274e-02
gmres iter 40 linear residual 1.498e-02
gmres iter 50 linear residual 9.891e-03
gmres iter 60 linear residual 6.850e-03
gmres iter 70 linear residual 5.501e-03
gmres iter 80 linear residual 4.356e-03
gmres iter 90 linear residual 3.367e-03
gmres iter 100 linear residual 2.401e-03
gmres iter 110 linear residual 2.240e-03
gmres iter 120 linear residual 2.010e-03
gmres iter 130 linear residual 1.739e-03
gmres iter 140 linear residual 1.398e-03
gmres iter 150 linear residual 1.083e-03
gmres iter 160 linear residual 8.277e-04
gmres iter 170 linear residual 6.217e-04
gmres iter 180 linear residual 4.635e-04
gmres iter 190 linear residual 3.622e-04
gmres iter 200 linear residual 3.160e-04
gmres iter 210 linear residual 2.951e-04
gmres iter 220 linear residual 2.733e-04
gmres iter 230 linear residual 2.585e-04
gmres iter 240 linear residual 2.530e-04
gmres iter 250 linear residual 2.515e-04
gmres iter 260 linear residual 2.512e-04
gmres iter 270 linear residual 2.501e-04
gmres iter 280 linear residual 2.477e-04
gmres iter 290 linear residual 2.421e-04
gmres iter 300 linear residual 2.311e-04
gmres iter 310 linear residual 2.250e-04
gmres iter 320 linear residual 2.205e-04
gmres iter 330 linear residual 2.178e-04
gmres iter 340 linear residual 2.165e-04
gmres iter 350 linear residual 2.163e-04
gmres iter 360 linear residual 2.159e-04
gmres iter 370 linear residual 2.146e-04
gmres iter 380 linear residual 2.114e-04
gmres iter 390 linear residual 2.045e-04
gmres iter 400 linear residual 1.950e-04
gmres iter 410 linear residual 1.887e-04
gmres iter 420 linear residual 1.844e-04
gmres iter 430 linear residual 1.807e-04
gmres iter 440 linear residual 1.784e-04
gmres iter 450 linear residual 1.774e-04
gmres iter 460 linear residual 1.772e-04
gmres iter 470 linear residual 1.771e-04
gmres iter 480 linear residual 1.763e-04
gmres iter 490 linear residual 1.740e-04
gmres iter 500 linear residual 1.689e-04
gmres iter 510 linear residual 1.653e-04
gmres iter 520 linear residual 1.625e-04
gmres iter 530 linear residual 1.617e-04
gmres iter 540 linear residual 1.616e-04
gmres iter 550 linear residual 1.615e-04
gmres iter 560 linear residual 1.611e-04
gmres iter 570 linear residual 1.602e-04
gmres iter 580 linear residual 1.585e-04
gmres iter 590 linear residual 1.561e-04
gmres iter 600 linear residual 1.527e-04
gmres iter 610 linear residual 1.502e-04
gmres iter 620 linear residual 1.481e-04
gmres iter 630 linear residual 1.463e-04
gmres iter 640 linear residual 1.450e-04
gmres iter 650 linear residual 1.442e-04
gmres iter 660 linear residual 1.440e-04
gmres iter 670 linear residual 1.439e-04
gmres iter 680 linear residual 1.433e-04
gmres iter 690 linear residual 1.417e-04
gmres iter 700 linear residual 1.390e-04
gmres iter 710 linear residual 1.372e-04
gmres iter 720 linear residual 1.365e-04
gmres iter 730 linear residual 1.362e-04
gmres iter 740 linear residual 1.361e-04
gmres iter 750 linear residual 1.361e-04
gmres iter 760 linear residual 1.360e-04
gmres iter 770 linear residual 1.358e-04
gmres iter 780 linear residual 1.353e-04
gmres iter 790 linear residual 1.346e-04
gmres iter 800 linear residual 1.331e-04
gmres iter 810 linear residual 1.321e-04
gmres iter 820 linear residual 1.310e-04
gmres iter 830 linear residual 1.301e-04
gmres iter 840 linear residual 1.297e-04
gmres iter 850 linear residual 1.296e-04
gmres iter 860 linear residual 1.295e-04
gmres iter 870 linear residual 1.293e-04
gmres iter 880 linear residual 1.287e-04
gmres iter 890 linear residual 1.272e-04
gmres iter 900 linear residual 1.243e-04
gmres iter 910 linear residual 1.227e-04
gmres iter 920 linear residual 1.217e-04
gmres iter 930 linear residual 1.210e-04
gmres iter 940 linear residual 1.203e-04
gmres iter 950 linear residual 1.200e-04
gmres iter 960 linear residual 1.200e-04
gmres iter 970 linear residual 1.199e-04
gmres iter 980 linear residual 1.193e-04
gmres iter 990 linear residual 1.183e-04
gmres iter 1000 linear residual 1.174e-04
linear solver hit the iteration cap (1000 iterations, flag 10)
increment failed (gmres_iteration_cap); cutting step to 0.009375
this increment is 0.009375000000000001 (target 0.1) ------------------------
gmres iter 10 linear residual 5.673e-03
gmres iter 20 linear residual 2.277e-03
gmres iter 30 linear residual 1.576e-03
gmres iter 40 linear residual 1.070e-03
gmres iter 50 linear residual 4.646e-04
res 5.775e-03 (F-block 8.495e-03 p-block 2.254e-02) alpha 1 eta 1.00e-02 iter times 53
gmres iter 10 linear residual 6.438e-02
gmres iter 20 linear residual 5.289e-02
gmres iter 30 linear residual 3.630e-02
gmres iter 40 linear residual 2.351e-02
gmres iter 50 linear residual 1.332e-02
gmres iter 60 linear residual 9.986e-03
gmres iter 70 linear residual 8.379e-03
gmres iter 80 linear residual 6.879e-03
gmres iter 90 linear residual 5.152e-03
gmres iter 100 linear residual 3.742e-03
gmres iter 110 linear residual 3.631e-03
gmres iter 120 linear residual 3.452e-03
gmres iter 130 linear residual 3.195e-03
gmres iter 140 linear residual 2.752e-03
gmres iter 150 linear residual 2.263e-03
gmres iter 160 linear residual 1.766e-03
gmres iter 170 linear residual 1.322e-03
gmres iter 180 linear residual 9.677e-04
gmres iter 190 linear residual 7.066e-04
gmres iter 200 linear residual 5.470e-04
gmres iter 210 linear residual 5.056e-04
gmres iter 220 linear residual 4.349e-04
gmres iter 230 linear residual 3.613e-04
gmres iter 240 linear residual 3.064e-04
gmres iter 250 linear residual 2.754e-04
gmres iter 260 linear residual 2.613e-04
gmres iter 270 linear residual 2.534e-04
gmres iter 280 linear residual 2.493e-04
gmres iter 290 linear residual 2.465e-04
gmres iter 300 linear residual 2.445e-04
gmres iter 310 linear residual 2.438e-04
gmres iter 320 linear residual 2.432e-04
gmres iter 330 linear residual 2.426e-04
gmres iter 340 linear residual 2.421e-04
gmres iter 350 linear residual 2.417e-04
gmres iter 360 linear residual 2.412e-04
gmres iter 370 linear residual 2.409e-04
gmres iter 380 linear residual 2.407e-04
gmres iter 390 linear residual 2.406e-04
gmres iter 400 linear residual 2.403e-04
gmres iter 410 linear residual 2.402e-04
gmres iter 420 linear residual 2.402e-04
gmres iter 430 linear residual 2.401e-04
gmres iter 440 linear residual 2.399e-04
gmres iter 450 linear residual 2.397e-04
gmres iter 460 linear residual 2.394e-04
gmres iter 470 linear residual 2.390e-04
gmres iter 480 linear residual 2.385e-04
gmres iter 490 linear residual 2.377e-04
gmres iter 500 linear residual 2.365e-04
gmres iter 510 linear residual 2.359e-04
gmres iter 520 linear residual 2.352e-04
gmres iter 530 linear residual 2.346e-04
gmres iter 540 linear residual 2.341e-04
gmres iter 550 linear residual 2.334e-04
gmres iter 560 linear residual 2.328e-04
gmres iter 570 linear residual 2.326e-04
gmres iter 580 linear residual 2.325e-04
gmres iter 590 linear residual 2.324e-04
gmres iter 600 linear residual 2.320e-04
gmres iter 610 linear residual 2.319e-04
gmres iter 620 linear residual 2.318e-04
gmres iter 630 linear residual 2.318e-04
gmres iter 640 linear residual 2.317e-04
gmres iter 650 linear residual 2.317e-04
gmres iter 660 linear residual 2.316e-04
gmres iter 670 linear residual 2.313e-04
gmres iter 680 linear residual 2.309e-04
gmres iter 690 linear residual 2.303e-04
gmres iter 700 linear residual 2.298e-04
gmres iter 710 linear residual 2.295e-04
gmres iter 720 linear residual 2.292e-04
gmres iter 730 linear residual 2.289e-04
gmres iter 740 linear residual 2.287e-04
gmres iter 750 linear residual 2.282e-04
gmres iter 760 linear residual 2.279e-04
gmres iter 770 linear residual 2.278e-04
gmres iter 780 linear residual 2.278e-04
gmres iter 790 linear residual 2.276e-04
gmres iter 800 linear residual 2.273e-04
gmres iter 810 linear residual 2.272e-04
gmres iter 820 linear residual 2.271e-04
gmres iter 830 linear residual 2.270e-04
gmres iter 840 linear residual 2.270e-04
gmres iter 850 linear residual 2.269e-04
gmres iter 860 linear residual 2.268e-04
gmres iter 870 linear residual 2.265e-04
gmres iter 880 linear residual 2.262e-04
gmres iter 890 linear residual 2.259e-04
gmres iter 900 linear residual 2.256e-04
gmres iter 910 linear residual 2.256e-04
gmres iter 920 linear residual 2.254e-04
gmres iter 930 linear residual 2.250e-04
gmres iter 940 linear residual 2.243e-04
gmres iter 950 linear residual 2.238e-04
gmres iter 960 linear residual 2.236e-04
gmres iter 970 linear residual 2.235e-04
gmres iter 980 linear residual 2.235e-04
gmres iter 990 linear residual 2.233e-04
gmres iter 1000 linear residual 2.226e-04
linear solver hit the iteration cap (1000 iterations, flag 10)
increment failed (gmres_iteration_cap); cutting step to 0.004688
SOLVER FAILED: no convergence at load 0.075 even with the
minimum sub-step; results are only saved up to the last
converged increment boundary.
solver stats are saved to solver_stats.json
F and P are saved to output.csv
